running develop
Removing /home/kaisar/warehouse_robot/robot/install/ros2_http_client/lib/python3.12/site-packages/ros2-http-client.egg-link (link to .)
running egg_info
writing ../../../build/ros2_http_client/ros2_http_client.egg-info/PKG-INFO
writing dependency_links to ../../../build/ros2_http_client/ros2_http_client.egg-info/dependency_links.txt
writing requirements to ../../../build/ros2_http_client/ros2_http_client.egg-info/requires.txt
writing top-level names to ../../../build/ros2_http_client/ros2_http_client.egg-info/top_level.txt
reading manifest file '../../../build/ros2_http_client/ros2_http_client.egg-info/SOURCES.txt'
writing manifest file '../../../build/ros2_http_client/ros2_http_client.egg-info/SOURCES.txt'
running build
running build_py
creating /home/kaisar/warehouse_robot/robot/build/ros2_http_client/build
creating /home/kaisar/warehouse_robot/robot/build/ros2_http_client/build/lib
creating /home/kaisar/warehouse_robot/robot/build/ros2_http_client/build/lib/ros2_http_client
copying ros2_http_client/__init__.py -> /home/kaisar/warehouse_robot/robot/build/ros2_http_client/build/lib/ros2_http_client
copying ros2_http_client/client.py -> /home/kaisar/warehouse_robot/robot/build/ros2_http_client/build/lib/ros2_http_client
running install
running install_lib
creating /home/kaisar/warehouse_robot/robot/install/ros2_http_client/lib/python3.12/site-packages/ros2_http_client
copying /home/kaisar/warehouse_robot/robot/build/ros2_http_client/build/lib/ros2_http_client/__init__.py -> /home/kaisar/warehouse_robot/robot/install/ros2_http_client/lib/python3.12/site-packages/ros2_http_client
copying /home/kaisar/warehouse_robot/robot/build/ros2_http_client/build/lib/ros2_http_client/client.py -> /home/kaisar/warehouse_robot/robot/install/ros2_http_client/lib/python3.12/site-packages/ros2_http_client
byte-compiling /home/kaisar/warehouse_robot/robot/install/ros2_http_client/lib/python3.12/site-packages/ros2_http_client/__init__.py to __init__.cpython-312.pyc
byte-compiling /home/kaisar/warehouse_robot/robot/install/ros2_http_client/lib/python3.12/site-packages/ros2_http_client/client.py to client.cpython-312.pyc
running install_data
copying resource/ros2_http_client -> /home/kaisar/warehouse_robot/robot/install/ros2_http_client/share/ament_index/resource_index/packages
copying package.xml -> /home/kaisar/warehouse_robot/robot/install/ros2_http_client/share/ros2_http_client
running install_egg_info
Copying ../../../build/ros2_http_client/ros2_http_client.egg-info to /home/kaisar/warehouse_robot/robot/install/ros2_http_client/lib/python3.12/site-packages/ros2_http_client-0.0.0-py3.12.egg-info
running install_scripts
writing list of installed files to '/home/kaisar/warehouse_robot/robot/build/ros2_http_client/install.log'
