[1.770s] Invoking command in '/home/kaisar/warehouse_robot/robot/build/ros2_http_client': AMENT_PREFIX_PATH=/home/kaisar/warehouse_robot/robot/install/robot_planner:/home/kaisar/warehouse_robot/robot/install/robot_msgs:${AMENT_PREFIX_PATH} CMAKE_PREFIX_PATH=/home/kaisar/warehouse_robot/robot/install/robot_msgs:${CMAKE_PREFIX_PATH} DEBUGINFOD_URLS=https://debuginfod.ubuntu.com LD_LIBRARY_PATH=/home/kaisar/warehouse_robot/robot/install/robot_msgs/lib:${LD_LIBRARY_PATH} PYTHONPATH=/home/kaisar/warehouse_robot/robot/build/ros2_http_client/prefix_override:/usr/lib/python3/dist-packages/colcon_core/task/python/colcon_distutils_commands:/home/kaisar/warehouse_robot/robot/install/ros2_http_client/lib/python3.12/site-packages:/home/kaisar/warehouse_robot/robot/install/robot_planner/lib/python3.12/site-packages:/home/kaisar/warehouse_robot/robot/install/robot_msgs/lib/python3.12/site-packages:${PYTHONPATH} /usr/bin/python3 -W ignore:setup.py install is deprecated -W ignore:easy_install command is deprecated setup.py develop --uninstall --editable --build-directory /home/kaisar/warehouse_robot/robot/build/ros2_http_client/build
[2.280s] running develop
[2.681s] Removing /home/kaisar/warehouse_robot/robot/install/ros2_http_client/lib/python3.12/site-packages/ros2-http-client.egg-link (link to .)
[2.768s] Invoked command in '/home/kaisar/warehouse_robot/robot/build/ros2_http_client' returned '0': AMENT_PREFIX_PATH=/home/kaisar/warehouse_robot/robot/install/robot_planner:/home/kaisar/warehouse_robot/robot/install/robot_msgs:${AMENT_PREFIX_PATH} CMAKE_PREFIX_PATH=/home/kaisar/warehouse_robot/robot/install/robot_msgs:${CMAKE_PREFIX_PATH} DEBUGINFOD_URLS=https://debuginfod.ubuntu.com LD_LIBRARY_PATH=/home/kaisar/warehouse_robot/robot/install/robot_msgs/lib:${LD_LIBRARY_PATH} PYTHONPATH=/home/kaisar/warehouse_robot/robot/build/ros2_http_client/prefix_override:/usr/lib/python3/dist-packages/colcon_core/task/python/colcon_distutils_commands:/home/kaisar/warehouse_robot/robot/install/ros2_http_client/lib/python3.12/site-packages:/home/kaisar/warehouse_robot/robot/install/robot_planner/lib/python3.12/site-packages:/home/kaisar/warehouse_robot/robot/install/robot_msgs/lib/python3.12/site-packages:${PYTHONPATH} /usr/bin/python3 -W ignore:setup.py install is deprecated -W ignore:easy_install command is deprecated setup.py develop --uninstall --editable --build-directory /home/kaisar/warehouse_robot/robot/build/ros2_http_client/build
[2.770s] Invoking command in '/home/kaisar/warehouse_robot/robot/ws/src/ros2_http_client': AMENT_PREFIX_PATH=/home/kaisar/warehouse_robot/robot/install/robot_planner:/home/kaisar/warehouse_robot/robot/install/robot_msgs:${AMENT_PREFIX_PATH} CMAKE_PREFIX_PATH=/home/kaisar/warehouse_robot/robot/install/robot_msgs:${CMAKE_PREFIX_PATH} DEBUGINFOD_URLS=https://debuginfod.ubuntu.com LD_LIBRARY_PATH=/home/kaisar/warehouse_robot/robot/install/robot_msgs/lib:${LD_LIBRARY_PATH} PYTHONPATH=/home/kaisar/warehouse_robot/robot/build/ros2_http_client/prefix_override:/usr/lib/python3/dist-packages/colcon_core/task/python/colcon_distutils_commands:/home/kaisar/warehouse_robot/robot/install/ros2_http_client/lib/python3.12/site-packages:/home/kaisar/warehouse_robot/robot/install/robot_planner/lib/python3.12/site-packages:/home/kaisar/warehouse_robot/robot/install/robot_msgs/lib/python3.12/site-packages:${PYTHONPATH} /usr/bin/python3 -W ignore:setup.py install is deprecated -W ignore:easy_install command is deprecated setup.py egg_info --egg-base ../../../build/ros2_http_client build --build-base /home/kaisar/warehouse_robot/robot/build/ros2_http_client/build install --record /home/kaisar/warehouse_robot/robot/build/ros2_http_client/install.log --single-version-externally-managed install_data --force
[3.224s] running egg_info
[3.261s] writing ../../../build/ros2_http_client/ros2_http_client.egg-info/PKG-INFO
[3.261s] writing dependency_links to ../../../build/ros2_http_client/ros2_http_client.egg-info/dependency_links.txt
[3.262s] writing requirements to ../../../build/ros2_http_client/ros2_http_client.egg-info/requires.txt
[3.262s] writing top-level names to ../../../build/ros2_http_client/ros2_http_client.egg-info/top_level.txt
[3.333s] reading manifest file '../../../build/ros2_http_client/ros2_http_client.egg-info/SOURCES.txt'
[3.334s] writing manifest file '../../../build/ros2_http_client/ros2_http_client.egg-info/SOURCES.txt'
[3.334s] running build
[3.334s] running build_py
[3.334s] creating /home/kaisar/warehouse_robot/robot/build/ros2_http_client/build
[3.334s] creating /home/kaisar/warehouse_robot/robot/build/ros2_http_client/build/lib
[3.334s] creating /home/kaisar/warehouse_robot/robot/build/ros2_http_client/build/lib/ros2_http_client
[3.334s] copying ros2_http_client/__init__.py -> /home/kaisar/warehouse_robot/robot/build/ros2_http_client/build/lib/ros2_http_client
[3.335s] copying ros2_http_client/client.py -> /home/kaisar/warehouse_robot/robot/build/ros2_http_client/build/lib/ros2_http_client
[3.335s] running install
[3.342s] running install_lib
[3.381s] creating /home/kaisar/warehouse_robot/robot/install/ros2_http_client/lib/python3.12/site-packages/ros2_http_client
[3.382s] copying /home/kaisar/warehouse_robot/robot/build/ros2_http_client/build/lib/ros2_http_client/__init__.py -> /home/kaisar/warehouse_robot/robot/install/ros2_http_client/lib/python3.12/site-packages/ros2_http_client
[3.382s] copying /home/kaisar/warehouse_robot/robot/build/ros2_http_client/build/lib/ros2_http_client/client.py -> /home/kaisar/warehouse_robot/robot/install/ros2_http_client/lib/python3.12/site-packages/ros2_http_client
[3.382s] byte-compiling /home/kaisar/warehouse_robot/robot/install/ros2_http_client/lib/python3.12/site-packages/ros2_http_client/__init__.py to __init__.cpython-312.pyc
[3.383s] byte-compiling /home/kaisar/warehouse_robot/robot/install/ros2_http_client/lib/python3.12/site-packages/ros2_http_client/client.py to client.cpython-312.pyc
[3.386s] running install_data
[3.386s] copying resource/ros2_http_client -> /home/kaisar/warehouse_robot/robot/install/ros2_http_client/share/ament_index/resource_index/packages
[3.386s] copying package.xml -> /home/kaisar/warehouse_robot/robot/install/ros2_http_client/share/ros2_http_client
[3.386s] running install_egg_info
[3.427s] Copying ../../../build/ros2_http_client/ros2_http_client.egg-info to /home/kaisar/warehouse_robot/robot/install/ros2_http_client/lib/python3.12/site-packages/ros2_http_client-0.0.0-py3.12.egg-info
[3.428s] running install_scripts
[3.664s] writing list of installed files to '/home/kaisar/warehouse_robot/robot/build/ros2_http_client/install.log'
[3.722s] Invoked command in '/home/kaisar/warehouse_robot/robot/ws/src/ros2_http_client' returned '0': AMENT_PREFIX_PATH=/home/kaisar/warehouse_robot/robot/install/robot_planner:/home/kaisar/warehouse_robot/robot/install/robot_msgs:${AMENT_PREFIX_PATH} CMAKE_PREFIX_PATH=/home/kaisar/warehouse_robot/robot/install/robot_msgs:${CMAKE_PREFIX_PATH} DEBUGINFOD_URLS=https://debuginfod.ubuntu.com LD_LIBRARY_PATH=/home/kaisar/warehouse_robot/robot/install/robot_msgs/lib:${LD_LIBRARY_PATH} PYTHONPATH=/home/kaisar/warehouse_robot/robot/build/ros2_http_client/prefix_override:/usr/lib/python3/dist-packages/colcon_core/task/python/colcon_distutils_commands:/home/kaisar/warehouse_robot/robot/install/ros2_http_client/lib/python3.12/site-packages:/home/kaisar/warehouse_robot/robot/install/robot_planner/lib/python3.12/site-packages:/home/kaisar/warehouse_robot/robot/install/robot_msgs/lib/python3.12/site-packages:${PYTHONPATH} /usr/bin/python3 -W ignore:setup.py install is deprecated -W ignore:easy_install command is deprecated setup.py egg_info --egg-base ../../../build/ros2_http_client build --build-base /home/kaisar/warehouse_robot/robot/build/ros2_http_client/build install --record /home/kaisar/warehouse_robot/robot/build/ros2_http_client/install.log --single-version-externally-managed install_data --force
