[0.015s] Invoking command in '/home/kaisar/warehouse_robot/build/robot_msgs': CMAKE_PREFIX_PATH=/home/kaisar/warehouse_robot/robot/install/trp1_description:/home/kaisar/warehouse_robot/robot/install/stage_ros2:/opt/ros/jazzy:/home/kaisar/warehouse_robot/robot/install/stage:/home/kaisar/warehouse_robot/robot/install/robot_msgs:/home/kaisar/warehouse_robot/robot/install/nav2:/opt/ros/jazzy/opt/gz_sim_vendor:/opt/ros/jazzy/opt/gz_sensors_vendor:/opt/ros/jazzy/opt/gz_physics_vendor:/opt/ros/jazzy/opt/sdformat_vendor:/opt/ros/jazzy/opt/gz_gui_vendor:/opt/ros/jazzy/opt/gz_transport_vendor:/opt/ros/jazzy/opt/gz_rendering_vendor:/opt/ros/jazzy/opt/gz_plugin_vendor:/opt/ros/jazzy/opt/gz_fuel_tools_vendor:/opt/ros/jazzy/opt/gz_msgs_vendor:/opt/ros/jazzy/opt/gz_common_vendor:/opt/ros/jazzy/opt/gz_math_vendor:/opt/ros/jazzy/opt/gz_utils_vendor:/opt/ros/jazzy/opt/gz_tools_vendor:/opt/ros/jazzy/opt/gz_ogre_next_vendor:/opt/ros/jazzy/opt/gz_dartsim_vendor:/opt/ros/jazzy/opt/gz_cmake_vendor DEBUGINFOD_URLS=https://debuginfod.ubuntu.com /usr/bin/cmake /home/kaisar/warehouse_robot/robot/ws/src/robot_msgs -DAMENT_CMAKE_SYMLINK_INSTALL=1 -DCMAKE_INSTALL_PREFIX=/home/kaisar/warehouse_robot/install/robot_msgs
[0.105s] -- The C compiler identification is GNU 13.3.0
[0.173s] -- The CXX compiler identification is GNU 13.3.0
[0.194s] -- Detecting C compiler ABI info
[0.304s] -- Detecting C compiler ABI info - done
[0.314s] -- Check for working C compiler: /usr/bin/cc - skipped
[0.314s] -- Detecting C compile features
[0.314s] -- Detecting C compile features - done
[0.325s] -- Detecting CXX compiler ABI info
[0.452s] -- Detecting CXX compiler ABI info - done
[0.462s] -- Check for working CXX compiler: /usr/bin/c++ - skipped
[0.463s] -- Detecting CXX compile features
[0.463s] -- Detecting CXX compile features - done
[0.469s] -- Found ament_cmake: 2.5.6 (/opt/ros/jazzy/share/ament_cmake/cmake)
[0.640s] -- Found Python3: /usr/bin/python3 (found version "3.12.3") found components: Interpreter 
[0.723s] -- Override CMake install command with custom implementation using symlinks instead of copying resources
[0.768s] -- Found builtin_interfaces: 2.0.3 (/opt/ros/jazzy/share/builtin_interfaces/cmake)
[0.814s] -- Found rosidl_generator_c: 4.6.7 (/opt/ros/jazzy/share/rosidl_generator_c/cmake)
[0.833s] -- Found rosidl_generator_cpp: 4.6.7 (/opt/ros/jazzy/share/rosidl_generator_cpp/cmake)
[0.853s] -- Using all available rosidl_typesupport_c: rosidl_typesupport_fastrtps_c;rosidl_typesupport_introspection_c
[0.876s] -- Using all available rosidl_typesupport_cpp: rosidl_typesupport_fastrtps_cpp;rosidl_typesupport_introspection_cpp
[0.896s] -- Found geometry_msgs: 5.3.7 (/opt/ros/jazzy/share/geometry_msgs/cmake)
[0.937s] -- Found rosidl_default_generators: 1.6.0 (/opt/ros/jazzy/share/rosidl_default_generators/cmake)
[0.962s] -- Found rosidl_adapter: 4.6.7 (/opt/ros/jazzy/share/rosidl_adapter/cmake)
[1.676s] -- Found ament_cmake_ros: 0.12.0 (/opt/ros/jazzy/share/ament_cmake_ros/cmake)
[4.307s] -- Using all available rosidl_typesupport_c: rosidl_typesupport_fastrtps_c;rosidl_typesupport_introspection_c
[5.371s] -- Using all available rosidl_typesupport_cpp: rosidl_typesupport_fastrtps_cpp;rosidl_typesupport_introspection_cpp
[5.377s] -- Found python_cmake_module: 0.11.1 (/opt/ros/jazzy/share/python_cmake_module/cmake)
[5.759s] -- Found PythonExtra: /usr/bin/python3  
[6.797s] -- Found Python3: /usr/bin/python3 (found version "3.12.3") found components: Interpreter Development NumPy Development.Module Development.Embed 
[7.017s] -- Found Python3: /usr/bin/python3 (found version "3.12.3") found components: Interpreter 
[7.047s] -- Configuring done (7.0s)
[7.142s] -- Generating done (0.1s)
[7.166s] -- Build files have been written to: /home/kaisar/warehouse_robot/build/robot_msgs
[7.190s] Invoked command in '/home/kaisar/warehouse_robot/build/robot_msgs' returned '0': CMAKE_PREFIX_PATH=/home/kaisar/warehouse_robot/robot/install/trp1_description:/home/kaisar/warehouse_robot/robot/install/stage_ros2:/opt/ros/jazzy:/home/kaisar/warehouse_robot/robot/install/stage:/home/kaisar/warehouse_robot/robot/install/robot_msgs:/home/kaisar/warehouse_robot/robot/install/nav2:/opt/ros/jazzy/opt/gz_sim_vendor:/opt/ros/jazzy/opt/gz_sensors_vendor:/opt/ros/jazzy/opt/gz_physics_vendor:/opt/ros/jazzy/opt/sdformat_vendor:/opt/ros/jazzy/opt/gz_gui_vendor:/opt/ros/jazzy/opt/gz_transport_vendor:/opt/ros/jazzy/opt/gz_rendering_vendor:/opt/ros/jazzy/opt/gz_plugin_vendor:/opt/ros/jazzy/opt/gz_fuel_tools_vendor:/opt/ros/jazzy/opt/gz_msgs_vendor:/opt/ros/jazzy/opt/gz_common_vendor:/opt/ros/jazzy/opt/gz_math_vendor:/opt/ros/jazzy/opt/gz_utils_vendor:/opt/ros/jazzy/opt/gz_tools_vendor:/opt/ros/jazzy/opt/gz_ogre_next_vendor:/opt/ros/jazzy/opt/gz_dartsim_vendor:/opt/ros/jazzy/opt/gz_cmake_vendor DEBUGINFOD_URLS=https://debuginfod.ubuntu.com /usr/bin/cmake /home/kaisar/warehouse_robot/robot/ws/src/robot_msgs -DAMENT_CMAKE_SYMLINK_INSTALL=1 -DCMAKE_INSTALL_PREFIX=/home/kaisar/warehouse_robot/install/robot_msgs
[7.191s] Invoking command in '/home/kaisar/warehouse_robot/build/robot_msgs': CMAKE_PREFIX_PATH=/home/kaisar/warehouse_robot/robot/install/trp1_description:/home/kaisar/warehouse_robot/robot/install/stage_ros2:/opt/ros/jazzy:/home/kaisar/warehouse_robot/robot/install/stage:/home/kaisar/warehouse_robot/robot/install/robot_msgs:/home/kaisar/warehouse_robot/robot/install/nav2:/opt/ros/jazzy/opt/gz_sim_vendor:/opt/ros/jazzy/opt/gz_sensors_vendor:/opt/ros/jazzy/opt/gz_physics_vendor:/opt/ros/jazzy/opt/sdformat_vendor:/opt/ros/jazzy/opt/gz_gui_vendor:/opt/ros/jazzy/opt/gz_transport_vendor:/opt/ros/jazzy/opt/gz_rendering_vendor:/opt/ros/jazzy/opt/gz_plugin_vendor:/opt/ros/jazzy/opt/gz_fuel_tools_vendor:/opt/ros/jazzy/opt/gz_msgs_vendor:/opt/ros/jazzy/opt/gz_common_vendor:/opt/ros/jazzy/opt/gz_math_vendor:/opt/ros/jazzy/opt/gz_utils_vendor:/opt/ros/jazzy/opt/gz_tools_vendor:/opt/ros/jazzy/opt/gz_ogre_next_vendor:/opt/ros/jazzy/opt/gz_dartsim_vendor:/opt/ros/jazzy/opt/gz_cmake_vendor DEBUGINFOD_URLS=https://debuginfod.ubuntu.com /usr/bin/cmake --build /home/kaisar/warehouse_robot/build/robot_msgs -- -j12 -l12
[7.285s] [  4%] [34m[1mGenerating Rust code for ROS interfaces[0m
[7.286s] [  4%] [34m[1mGenerating type hashes for ROS interfaces[0m
[7.299s] [  4%] Built target ament_cmake_python_symlink_robot_msgs
[7.624s] [  4%] Built target robot_msgs__rosidl_generator_type_description
[7.641s] [  6%] [34m[1mGenerating C code for ROS interfaces[0m
[7.644s] running egg_info
[7.645s] creating robot_msgs.egg-info
[7.661s] [  8%] [34m[1mGenerating C++ code for ROS interfaces[0m
[7.680s] writing robot_msgs.egg-info/PKG-INFO
[7.680s] writing dependency_links to robot_msgs.egg-info/dependency_links.txt
[7.680s] writing top-level names to robot_msgs.egg-info/top_level.txt
[7.680s] writing manifest file 'robot_msgs.egg-info/SOURCES.txt'
[7.767s] [  8%] Built target robot_msgs__rs
[7.791s] reading manifest file 'robot_msgs.egg-info/SOURCES.txt'
[7.792s] writing manifest file 'robot_msgs.egg-info/SOURCES.txt'
[7.841s] [  8%] Built target ament_cmake_python_build_robot_msgs_egg
[8.062s] [  8%] Built target robot_msgs__cpp
[8.099s] [ 11%] [32mBuilding C object CMakeFiles/robot_msgs__rosidl_generator_c.dir/rosidl_generator_c/robot_msgs/msg/detail/robot_status__description.c.o[0m
[8.100s] [ 13%] [32mBuilding C object CMakeFiles/robot_msgs__rosidl_generator_c.dir/rosidl_generator_c/robot_msgs/msg/detail/robot_status__functions.c.o[0m
[8.100s] [ 22%] [32mBuilding C object CMakeFiles/robot_msgs__rosidl_generator_c.dir/rosidl_generator_c/robot_msgs/srv/detail/plan_route__type_support.c.o[0m
[8.100s] [ 22%] [32mBuilding C object CMakeFiles/robot_msgs__rosidl_generator_c.dir/rosidl_generator_c/robot_msgs/msg/detail/robot_status__type_support.c.o[0m
[8.100s] [ 22%] [32mBuilding C object CMakeFiles/robot_msgs__rosidl_generator_c.dir/rosidl_generator_c/robot_msgs/srv/detail/plan_route__functions.c.o[0m
[8.100s] [ 22%] [32mBuilding C object CMakeFiles/robot_msgs__rosidl_generator_c.dir/rosidl_generator_c/robot_msgs/srv/detail/plan_route__description.c.o[0m
[8.185s] [ 24%] [32m[1mLinking C shared library librobot_msgs__rosidl_generator_c.so[0m
[8.231s] [ 24%] Built target robot_msgs__rosidl_generator_c
[8.247s] [ 26%] [34m[1mGenerating C type support for eProsima Fast-RTPS[0m
[8.247s] [ 31%] [34m[1mGenerating C++ type support dispatch for ROS interfaces[0m
[8.247s] [ 31%] [34m[1mGenerating C introspection for ROS interfaces[0m
[8.247s] [ 37%] [34m[1mGenerating C++ type support for eProsima Fast-RTPS[0m
[8.248s] [ 37%] [34m[1mGenerating C type support dispatch for ROS interfaces[0m
[8.248s] [ 37%] [34m[1mGenerating C++ introspection for ROS interfaces[0m
[8.855s] [ 40%] [32mBuilding C object CMakeFiles/robot_msgs__rosidl_typesupport_introspection_c.dir/rosidl_typesupport_introspection_c/robot_msgs/srv/detail/plan_route__type_support.c.o[0m
[8.864s] [ 42%] [32mBuilding C object CMakeFiles/robot_msgs__rosidl_typesupport_introspection_c.dir/rosidl_typesupport_introspection_c/robot_msgs/msg/detail/robot_status__type_support.c.o[0m
[8.874s] [ 44%] [32mBuilding CXX object CMakeFiles/robot_msgs__rosidl_typesupport_c.dir/rosidl_typesupport_c/robot_msgs/srv/plan_route__type_support.cpp.o[0m
[8.877s] [ 46%] [32mBuilding CXX object CMakeFiles/robot_msgs__rosidl_typesupport_c.dir/rosidl_typesupport_c/robot_msgs/msg/robot_status__type_support.cpp.o[0m
[8.931s] [ 48%] [32mBuilding CXX object CMakeFiles/robot_msgs__rosidl_typesupport_fastrtps_cpp.dir/rosidl_typesupport_fastrtps_cpp/robot_msgs/srv/detail/dds_fastrtps/plan_route__type_support.cpp.o[0m
[8.937s] [ 51%] [32mBuilding CXX object CMakeFiles/robot_msgs__rosidl_typesupport_cpp.dir/rosidl_typesupport_cpp/robot_msgs/msg/robot_status__type_support.cpp.o[0m
[8.947s] [ 53%] [32mBuilding CXX object CMakeFiles/robot_msgs__rosidl_typesupport_fastrtps_cpp.dir/rosidl_typesupport_fastrtps_cpp/robot_msgs/msg/detail/dds_fastrtps/robot_status__type_support.cpp.o[0m
[8.954s] [ 55%] [32mBuilding CXX object CMakeFiles/robot_msgs__rosidl_typesupport_cpp.dir/rosidl_typesupport_cpp/robot_msgs/srv/plan_route__type_support.cpp.o[0m
[8.962s] [ 57%] [32mBuilding CXX object CMakeFiles/robot_msgs__rosidl_typesupport_introspection_cpp.dir/rosidl_typesupport_introspection_cpp/robot_msgs/msg/detail/robot_status__type_support.cpp.o[0m
[8.975s] [ 60%] [32mBuilding CXX object CMakeFiles/robot_msgs__rosidl_typesupport_introspection_cpp.dir/rosidl_typesupport_introspection_cpp/robot_msgs/srv/detail/plan_route__type_support.cpp.o[0m
[8.994s] [ 62%] [32mBuilding CXX object CMakeFiles/robot_msgs__rosidl_typesupport_fastrtps_c.dir/rosidl_typesupport_fastrtps_c/robot_msgs/srv/detail/plan_route__type_support_c.cpp.o[0m
[9.007s] [ 64%] [32mBuilding CXX object CMakeFiles/robot_msgs__rosidl_typesupport_fastrtps_c.dir/rosidl_typesupport_fastrtps_c/robot_msgs/msg/detail/robot_status__type_support_c.cpp.o[0m
[9.084s] [ 66%] [32m[1mLinking CXX shared library librobot_msgs__rosidl_typesupport_c.so[0m
[9.096s] [ 68%] [32m[1mLinking C shared library librobot_msgs__rosidl_typesupport_introspection_c.so[0m
[9.264s] [ 68%] Built target robot_msgs__rosidl_typesupport_c
[9.265s] [ 68%] Built target robot_msgs__rosidl_typesupport_introspection_c
[10.038s] [ 71%] [32m[1mLinking CXX shared library librobot_msgs__rosidl_typesupport_cpp.so[0m
[10.353s] [ 73%] [32m[1mLinking CXX shared library librobot_msgs__rosidl_typesupport_introspection_cpp.so[0m
[10.464s] [ 73%] Built target robot_msgs__rosidl_typesupport_cpp
[10.721s] [ 73%] Built target robot_msgs__rosidl_typesupport_introspection_cpp
[10.919s] [ 75%] [32m[1mLinking CXX shared library librobot_msgs__rosidl_typesupport_fastrtps_c.so[0m
[10.929s] [ 77%] [32m[1mLinking CXX shared library librobot_msgs__rosidl_typesupport_fastrtps_cpp.so[0m
[11.181s] [ 77%] Built target robot_msgs__rosidl_typesupport_fastrtps_cpp
[11.211s] [ 77%] Built target robot_msgs__rosidl_typesupport_fastrtps_c
[11.250s] [ 77%] Built target robot_msgs
[11.284s] [ 80%] [34m[1mGenerating Python code for ROS interfaces[0m
[11.780s] [ 80%] Built target robot_msgs__py
[11.807s] [ 84%] [32mBuilding C object CMakeFiles/robot_msgs__rosidl_generator_py.dir/rosidl_generator_py/robot_msgs/msg/_robot_status_s.c.o[0m
[11.808s] [ 84%] [32mBuilding C object CMakeFiles/robot_msgs__rosidl_generator_py.dir/rosidl_generator_py/robot_msgs/srv/_plan_route_s.c.o[0m
[11.978s] [ 86%] [32m[1mLinking C shared library librobot_msgs__rosidl_generator_py.so[0m
[12.034s] [ 86%] Built target robot_msgs__rosidl_generator_py
[12.061s] [ 93%] [32mBuilding C object CMakeFiles/robot_msgs_s__rosidl_typesupport_c.dir/rosidl_generator_py/robot_msgs/_robot_msgs_s.ep.rosidl_typesupport_c.c.o[0m
[12.061s] [ 93%] [32mBuilding C object CMakeFiles/robot_msgs_s__rosidl_typesupport_introspection_c.dir/rosidl_generator_py/robot_msgs/_robot_msgs_s.ep.rosidl_typesupport_introspection_c.c.o[0m
[12.061s] [ 93%] [32mBuilding C object CMakeFiles/robot_msgs_s__rosidl_typesupport_fastrtps_c.dir/rosidl_generator_py/robot_msgs/_robot_msgs_s.ep.rosidl_typesupport_fastrtps_c.c.o[0m
[12.180s] [ 95%] [32m[1mLinking C shared module rosidl_generator_py/robot_msgs/robot_msgs_s__rosidl_typesupport_c.so[0m
[12.186s] [ 97%] [32m[1mLinking C shared module rosidl_generator_py/robot_msgs/robot_msgs_s__rosidl_typesupport_fastrtps_c.so[0m
[12.187s] [100%] [32m[1mLinking C shared module rosidl_generator_py/robot_msgs/robot_msgs_s__rosidl_typesupport_introspection_c.so[0m
[12.229s] [100%] Built target robot_msgs_s__rosidl_typesupport_c
[12.231s] [100%] Built target robot_msgs_s__rosidl_typesupport_fastrtps_c
[12.231s] [100%] Built target robot_msgs_s__rosidl_typesupport_introspection_c
[12.248s] Invoked command in '/home/kaisar/warehouse_robot/build/robot_msgs' returned '0': CMAKE_PREFIX_PATH=/home/kaisar/warehouse_robot/robot/install/trp1_description:/home/kaisar/warehouse_robot/robot/install/stage_ros2:/opt/ros/jazzy:/home/kaisar/warehouse_robot/robot/install/stage:/home/kaisar/warehouse_robot/robot/install/robot_msgs:/home/kaisar/warehouse_robot/robot/install/nav2:/opt/ros/jazzy/opt/gz_sim_vendor:/opt/ros/jazzy/opt/gz_sensors_vendor:/opt/ros/jazzy/opt/gz_physics_vendor:/opt/ros/jazzy/opt/sdformat_vendor:/opt/ros/jazzy/opt/gz_gui_vendor:/opt/ros/jazzy/opt/gz_transport_vendor:/opt/ros/jazzy/opt/gz_rendering_vendor:/opt/ros/jazzy/opt/gz_plugin_vendor:/opt/ros/jazzy/opt/gz_fuel_tools_vendor:/opt/ros/jazzy/opt/gz_msgs_vendor:/opt/ros/jazzy/opt/gz_common_vendor:/opt/ros/jazzy/opt/gz_math_vendor:/opt/ros/jazzy/opt/gz_utils_vendor:/opt/ros/jazzy/opt/gz_tools_vendor:/opt/ros/jazzy/opt/gz_ogre_next_vendor:/opt/ros/jazzy/opt/gz_dartsim_vendor:/opt/ros/jazzy/opt/gz_cmake_vendor DEBUGINFOD_URLS=https://debuginfod.ubuntu.com /usr/bin/cmake --build /home/kaisar/warehouse_robot/build/robot_msgs -- -j12 -l12
[12.249s] Invoking command in '/home/kaisar/warehouse_robot/build/robot_msgs': CMAKE_PREFIX_PATH=/home/kaisar/warehouse_robot/robot/install/trp1_description:/home/kaisar/warehouse_robot/robot/install/stage_ros2:/opt/ros/jazzy:/home/kaisar/warehouse_robot/robot/install/stage:/home/kaisar/warehouse_robot/robot/install/robot_msgs:/home/kaisar/warehouse_robot/robot/install/nav2:/opt/ros/jazzy/opt/gz_sim_vendor:/opt/ros/jazzy/opt/gz_sensors_vendor:/opt/ros/jazzy/opt/gz_physics_vendor:/opt/ros/jazzy/opt/sdformat_vendor:/opt/ros/jazzy/opt/gz_gui_vendor:/opt/ros/jazzy/opt/gz_transport_vendor:/opt/ros/jazzy/opt/gz_rendering_vendor:/opt/ros/jazzy/opt/gz_plugin_vendor:/opt/ros/jazzy/opt/gz_fuel_tools_vendor:/opt/ros/jazzy/opt/gz_msgs_vendor:/opt/ros/jazzy/opt/gz_common_vendor:/opt/ros/jazzy/opt/gz_math_vendor:/opt/ros/jazzy/opt/gz_utils_vendor:/opt/ros/jazzy/opt/gz_tools_vendor:/opt/ros/jazzy/opt/gz_ogre_next_vendor:/opt/ros/jazzy/opt/gz_dartsim_vendor:/opt/ros/jazzy/opt/gz_cmake_vendor DEBUGINFOD_URLS=https://debuginfod.ubuntu.com /usr/bin/cmake --install /home/kaisar/warehouse_robot/build/robot_msgs
[12.259s] -- Install configuration: ""
[12.260s] -- Execute custom install script
[12.260s] -- Symlinking: /home/kaisar/warehouse_robot/install/robot_msgs/share/ament_index/resource_index/rosidl_interfaces/robot_msgs
[12.272s] -- Symlinking: /home/kaisar/warehouse_robot/install/robot_msgs/share/robot_msgs/msg/RobotStatus.json
[12.283s] -- Symlinking: /home/kaisar/warehouse_robot/install/robot_msgs/share/robot_msgs/srv/PlanRoute.json
[12.294s] -- Symlinking: /home/kaisar/warehouse_robot/install/robot_msgs/include/robot_msgs/robot_msgs/msg/detail/robot_status__functions.h
[12.305s] -- Symlinking: /home/kaisar/warehouse_robot/install/robot_msgs/include/robot_msgs/robot_msgs/msg/detail/robot_status__struct.h
[12.317s] -- Symlinking: /home/kaisar/warehouse_robot/install/robot_msgs/include/robot_msgs/robot_msgs/msg/detail/robot_status__type_support.h
[12.328s] -- Symlinking: /home/kaisar/warehouse_robot/install/robot_msgs/include/robot_msgs/robot_msgs/msg/robot_status.h
[12.339s] -- Symlinking: /home/kaisar/warehouse_robot/install/robot_msgs/include/robot_msgs/robot_msgs/msg/rosidl_generator_c__visibility_control.h
[12.350s] -- Symlinking: /home/kaisar/warehouse_robot/install/robot_msgs/include/robot_msgs/robot_msgs/srv/detail/plan_route__functions.h
[12.361s] -- Symlinking: /home/kaisar/warehouse_robot/install/robot_msgs/include/robot_msgs/robot_msgs/srv/detail/plan_route__struct.h
[12.372s] -- Symlinking: /home/kaisar/warehouse_robot/install/robot_msgs/include/robot_msgs/robot_msgs/srv/detail/plan_route__type_support.h
[12.383s] -- Symlinking: /home/kaisar/warehouse_robot/install/robot_msgs/include/robot_msgs/robot_msgs/srv/plan_route.h
[12.395s] -- Symlinking: /home/kaisar/warehouse_robot/install/robot_msgs/share/robot_msgs/environment/library_path.sh
[12.406s] -- Symlinking: /home/kaisar/warehouse_robot/install/robot_msgs/share/robot_msgs/environment/library_path.dsv
[12.418s] -- Symlinking: /home/kaisar/warehouse_robot/install/robot_msgs/include/robot_msgs/robot_msgs/msg/detail/robot_status__rosidl_typesupport_fastrtps_c.h
[12.429s] -- Symlinking: /home/kaisar/warehouse_robot/install/robot_msgs/include/robot_msgs/robot_msgs/msg/rosidl_typesupport_fastrtps_c__visibility_control.h
[12.440s] -- Symlinking: /home/kaisar/warehouse_robot/install/robot_msgs/include/robot_msgs/robot_msgs/srv/detail/plan_route__rosidl_typesupport_fastrtps_c.h
[12.452s] -- Symlinking: /home/kaisar/warehouse_robot/install/robot_msgs/include/robot_msgs/robot_msgs/msg/detail/robot_status__builder.hpp
[12.463s] -- Symlinking: /home/kaisar/warehouse_robot/install/robot_msgs/include/robot_msgs/robot_msgs/msg/detail/robot_status__struct.hpp
[12.474s] -- Symlinking: /home/kaisar/warehouse_robot/install/robot_msgs/include/robot_msgs/robot_msgs/msg/detail/robot_status__traits.hpp
[12.485s] -- Symlinking: /home/kaisar/warehouse_robot/install/robot_msgs/include/robot_msgs/robot_msgs/msg/detail/robot_status__type_support.hpp
[12.497s] -- Symlinking: /home/kaisar/warehouse_robot/install/robot_msgs/include/robot_msgs/robot_msgs/msg/robot_status.hpp
[12.515s] -- Symlinking: /home/kaisar/warehouse_robot/install/robot_msgs/include/robot_msgs/robot_msgs/msg/rosidl_generator_cpp__visibility_control.hpp
[12.526s] -- Symlinking: /home/kaisar/warehouse_robot/install/robot_msgs/include/robot_msgs/robot_msgs/srv/detail/plan_route__builder.hpp
[12.538s] -- Symlinking: /home/kaisar/warehouse_robot/install/robot_msgs/include/robot_msgs/robot_msgs/srv/detail/plan_route__struct.hpp
[12.549s] -- Symlinking: /home/kaisar/warehouse_robot/install/robot_msgs/include/robot_msgs/robot_msgs/srv/detail/plan_route__traits.hpp
[12.559s] -- Symlinking: /home/kaisar/warehouse_robot/install/robot_msgs/include/robot_msgs/robot_msgs/srv/detail/plan_route__type_support.hpp
[12.571s] -- Symlinking: /home/kaisar/warehouse_robot/install/robot_msgs/include/robot_msgs/robot_msgs/srv/plan_route.hpp
[12.582s] -- Symlinking: /home/kaisar/warehouse_robot/install/robot_msgs/include/robot_msgs/robot_msgs/msg/detail/robot_status__rosidl_typesupport_fastrtps_cpp.hpp
[12.593s] -- Symlinking: /home/kaisar/warehouse_robot/install/robot_msgs/include/robot_msgs/robot_msgs/msg/rosidl_typesupport_fastrtps_cpp__visibility_control.h
[12.604s] -- Symlinking: /home/kaisar/warehouse_robot/install/robot_msgs/include/robot_msgs/robot_msgs/srv/detail/plan_route__rosidl_typesupport_fastrtps_cpp.hpp
[12.616s] -- Symlinking: /home/kaisar/warehouse_robot/install/robot_msgs/include/robot_msgs/robot_msgs/msg/detail/robot_status__rosidl_typesupport_introspection_c.h
[12.626s] -- Symlinking: /home/kaisar/warehouse_robot/install/robot_msgs/include/robot_msgs/robot_msgs/msg/rosidl_typesupport_introspection_c__visibility_control.h
[12.638s] -- Symlinking: /home/kaisar/warehouse_robot/install/robot_msgs/include/robot_msgs/robot_msgs/srv/detail/plan_route__rosidl_typesupport_introspection_c.h
[12.649s] -- Symlinking: /home/kaisar/warehouse_robot/install/robot_msgs/include/robot_msgs/robot_msgs/msg/detail/robot_status__rosidl_typesupport_introspection_cpp.hpp
[12.660s] -- Symlinking: /home/kaisar/warehouse_robot/install/robot_msgs/include/robot_msgs/robot_msgs/srv/detail/plan_route__rosidl_typesupport_introspection_cpp.hpp
[12.671s] -- Symlinking: /home/kaisar/warehouse_robot/install/robot_msgs/share/robot_msgs/environment/pythonpath.sh
[12.682s] -- Symlinking: /home/kaisar/warehouse_robot/install/robot_msgs/share/robot_msgs/environment/pythonpath.dsv
[12.694s] -- Symlinking: /home/kaisar/warehouse_robot/install/robot_msgs/lib/python3.12/site-packages/robot_msgs-0.0.0-py3.12.egg-info/PKG-INFO
[12.704s] -- Symlinking: /home/kaisar/warehouse_robot/install/robot_msgs/lib/python3.12/site-packages/robot_msgs-0.0.0-py3.12.egg-info/SOURCES.txt
[12.716s] -- Symlinking: /home/kaisar/warehouse_robot/install/robot_msgs/lib/python3.12/site-packages/robot_msgs-0.0.0-py3.12.egg-info/dependency_links.txt
[12.728s] -- Symlinking: /home/kaisar/warehouse_robot/install/robot_msgs/lib/python3.12/site-packages/robot_msgs-0.0.0-py3.12.egg-info/top_level.txt
[12.739s] -- Symlinking: /home/kaisar/warehouse_robot/install/robot_msgs/lib/python3.12/site-packages/robot_msgs/__init__.py
[12.750s] -- Symlinking: /home/kaisar/warehouse_robot/install/robot_msgs/lib/python3.12/site-packages/robot_msgs/_robot_msgs_s.ep.rosidl_typesupport_c.c
[12.761s] -- Symlinking: /home/kaisar/warehouse_robot/install/robot_msgs/lib/python3.12/site-packages/robot_msgs/_robot_msgs_s.ep.rosidl_typesupport_fastrtps_c.c
[12.773s] -- Symlinking: /home/kaisar/warehouse_robot/install/robot_msgs/lib/python3.12/site-packages/robot_msgs/_robot_msgs_s.ep.rosidl_typesupport_introspection_c.c
[12.784s] -- Symlinking: /home/kaisar/warehouse_robot/install/robot_msgs/lib/python3.12/site-packages/robot_msgs/msg/__init__.py
[12.795s] -- Symlinking: /home/kaisar/warehouse_robot/install/robot_msgs/lib/python3.12/site-packages/robot_msgs/msg/_robot_status.py
[12.806s] -- Symlinking: /home/kaisar/warehouse_robot/install/robot_msgs/lib/python3.12/site-packages/robot_msgs/msg/_robot_status_s.c
[12.819s] -- Symlinking: /home/kaisar/warehouse_robot/install/robot_msgs/lib/python3.12/site-packages/robot_msgs/robot_msgs_s__rosidl_typesupport_c.so
[12.830s] -- Symlinking: /home/kaisar/warehouse_robot/install/robot_msgs/lib/python3.12/site-packages/robot_msgs/robot_msgs_s__rosidl_typesupport_fastrtps_c.so
[12.841s] -- Symlinking: /home/kaisar/warehouse_robot/install/robot_msgs/lib/python3.12/site-packages/robot_msgs/robot_msgs_s__rosidl_typesupport_introspection_c.so
[12.853s] -- Symlinking: /home/kaisar/warehouse_robot/install/robot_msgs/lib/python3.12/site-packages/robot_msgs/srv/__init__.py
[12.864s] -- Symlinking: /home/kaisar/warehouse_robot/install/robot_msgs/lib/python3.12/site-packages/robot_msgs/srv/_plan_route.py
[12.875s] -- Symlinking: /home/kaisar/warehouse_robot/install/robot_msgs/lib/python3.12/site-packages/robot_msgs/srv/_plan_route_s.c
[12.887s] -- Up-to-date symlink: /home/kaisar/warehouse_robot/install/robot_msgs/lib/python3.12/site-packages/robot_msgs/robot_msgs_s__rosidl_typesupport_fastrtps_c.so
[12.887s] -- Up-to-date symlink: /home/kaisar/warehouse_robot/install/robot_msgs/lib/python3.12/site-packages/robot_msgs/robot_msgs_s__rosidl_typesupport_introspection_c.so
[12.888s] -- Up-to-date symlink: /home/kaisar/warehouse_robot/install/robot_msgs/lib/python3.12/site-packages/robot_msgs/robot_msgs_s__rosidl_typesupport_c.so
[12.888s] -- Symlinking: /home/kaisar/warehouse_robot/install/robot_msgs/share/ament_index/resource_index/rust_packages/robot_msgs
[12.900s] -- Symlinking: /home/kaisar/warehouse_robot/install/robot_msgs/share/robot_msgs/rust/Cargo.toml
[12.911s] -- Symlinking: /home/kaisar/warehouse_robot/install/robot_msgs/share/robot_msgs/rust/build.rs
[12.922s] -- Symlinking: /home/kaisar/warehouse_robot/install/robot_msgs/share/robot_msgs/rust/src/lib.rs
[12.933s] -- Symlinking: /home/kaisar/warehouse_robot/install/robot_msgs/share/robot_msgs/rust/src/msg.rs
[12.943s] -- Symlinking: /home/kaisar/warehouse_robot/install/robot_msgs/share/robot_msgs/rust/src/msg/rmw.rs
[12.957s] -- Symlinking: /home/kaisar/warehouse_robot/install/robot_msgs/share/robot_msgs/rust/src/srv.rs
[12.972s] -- Symlinking: /home/kaisar/warehouse_robot/install/robot_msgs/share/robot_msgs/rust/src/srv/rmw.rs
[12.984s] -- Symlinking: /home/kaisar/warehouse_robot/install/robot_msgs/share/robot_msgs/msg/RobotStatus.idl
[12.995s] -- Symlinking: /home/kaisar/warehouse_robot/install/robot_msgs/share/robot_msgs/srv/PlanRoute.idl
[13.007s] -- Symlinking: /home/kaisar/warehouse_robot/install/robot_msgs/share/robot_msgs/msg/RobotStatus.msg
[13.018s] -- Symlinking: /home/kaisar/warehouse_robot/install/robot_msgs/share/robot_msgs/srv/PlanRoute.srv
[13.031s] -- Symlinking: /home/kaisar/warehouse_robot/install/robot_msgs/share/ament_index/resource_index/package_run_dependencies/robot_msgs
[13.042s] -- Symlinking: /home/kaisar/warehouse_robot/install/robot_msgs/share/ament_index/resource_index/parent_prefix_path/robot_msgs
[13.054s] -- Symlinking: /home/kaisar/warehouse_robot/install/robot_msgs/share/robot_msgs/environment/ament_prefix_path.sh
[13.065s] -- Symlinking: /home/kaisar/warehouse_robot/install/robot_msgs/share/robot_msgs/environment/ament_prefix_path.dsv
[13.077s] -- Symlinking: /home/kaisar/warehouse_robot/install/robot_msgs/share/robot_msgs/environment/path.sh
[13.089s] -- Symlinking: /home/kaisar/warehouse_robot/install/robot_msgs/share/robot_msgs/environment/path.dsv
[13.100s] -- Symlinking: /home/kaisar/warehouse_robot/install/robot_msgs/share/robot_msgs/local_setup.bash
[13.111s] -- Symlinking: /home/kaisar/warehouse_robot/install/robot_msgs/share/robot_msgs/local_setup.sh
[13.123s] -- Symlinking: /home/kaisar/warehouse_robot/install/robot_msgs/share/robot_msgs/local_setup.zsh
[13.134s] -- Symlinking: /home/kaisar/warehouse_robot/install/robot_msgs/share/robot_msgs/local_setup.dsv
[13.145s] -- Symlinking: /home/kaisar/warehouse_robot/install/robot_msgs/share/robot_msgs/package.dsv
[13.157s] -- Symlinking: /home/kaisar/warehouse_robot/install/robot_msgs/share/ament_index/resource_index/packages/robot_msgs
[13.168s] -- Symlinking: /home/kaisar/warehouse_robot/install/robot_msgs/share/robot_msgs/cmake/rosidl_cmake-extras.cmake
[13.180s] -- Symlinking: /home/kaisar/warehouse_robot/install/robot_msgs/share/robot_msgs/cmake/ament_cmake_export_dependencies-extras.cmake
[13.191s] -- Symlinking: /home/kaisar/warehouse_robot/install/robot_msgs/share/robot_msgs/cmake/ament_cmake_export_include_directories-extras.cmake
[13.202s] -- Symlinking: /home/kaisar/warehouse_robot/install/robot_msgs/share/robot_msgs/cmake/ament_cmake_export_libraries-extras.cmake
[13.214s] -- Symlinking: /home/kaisar/warehouse_robot/install/robot_msgs/share/robot_msgs/cmake/ament_cmake_export_targets-extras.cmake
[13.226s] -- Symlinking: /home/kaisar/warehouse_robot/install/robot_msgs/share/robot_msgs/cmake/rosidl_cmake_export_typesupport_targets-extras.cmake
[13.237s] -- Symlinking: /home/kaisar/warehouse_robot/install/robot_msgs/share/robot_msgs/cmake/rosidl_cmake_export_typesupport_libraries-extras.cmake
[13.248s] -- Symlinking: /home/kaisar/warehouse_robot/install/robot_msgs/share/robot_msgs/cmake/robot_msgsConfig.cmake
[13.259s] -- Symlinking: /home/kaisar/warehouse_robot/install/robot_msgs/share/robot_msgs/cmake/robot_msgsConfig-version.cmake
[13.271s] -- Symlinking: /home/kaisar/warehouse_robot/install/robot_msgs/share/robot_msgs/package.xml
[13.282s] -- Installing: /home/kaisar/warehouse_robot/install/robot_msgs/lib/librobot_msgs__rosidl_generator_c.so
[13.283s] -- Set non-toolchain portion of runtime path of "/home/kaisar/warehouse_robot/install/robot_msgs/lib/librobot_msgs__rosidl_generator_c.so" to ""
[13.283s] -- Installing: /home/kaisar/warehouse_robot/install/robot_msgs/lib/librobot_msgs__rosidl_typesupport_fastrtps_c.so
[13.283s] -- Set non-toolchain portion of runtime path of "/home/kaisar/warehouse_robot/install/robot_msgs/lib/librobot_msgs__rosidl_typesupport_fastrtps_c.so" to ""
[13.283s] -- Installing: /home/kaisar/warehouse_robot/install/robot_msgs/lib/librobot_msgs__rosidl_typesupport_fastrtps_cpp.so
[13.284s] -- Set non-toolchain portion of runtime path of "/home/kaisar/warehouse_robot/install/robot_msgs/lib/librobot_msgs__rosidl_typesupport_fastrtps_cpp.so" to ""
[13.284s] -- Installing: /home/kaisar/warehouse_robot/install/robot_msgs/lib/librobot_msgs__rosidl_typesupport_introspection_c.so
[13.284s] -- Set non-toolchain portion of runtime path of "/home/kaisar/warehouse_robot/install/robot_msgs/lib/librobot_msgs__rosidl_typesupport_introspection_c.so" to ""
[13.284s] -- Installing: /home/kaisar/warehouse_robot/install/robot_msgs/lib/librobot_msgs__rosidl_typesupport_c.so
[13.285s] -- Set non-toolchain portion of runtime path of "/home/kaisar/warehouse_robot/install/robot_msgs/lib/librobot_msgs__rosidl_typesupport_c.so" to ""
[13.285s] -- Installing: /home/kaisar/warehouse_robot/install/robot_msgs/lib/librobot_msgs__rosidl_typesupport_introspection_cpp.so
[13.285s] -- Set non-toolchain portion of runtime path of "/home/kaisar/warehouse_robot/install/robot_msgs/lib/librobot_msgs__rosidl_typesupport_introspection_cpp.so" to ""
[13.286s] -- Installing: /home/kaisar/warehouse_robot/install/robot_msgs/lib/librobot_msgs__rosidl_typesupport_cpp.so
[13.286s] -- Set non-toolchain portion of runtime path of "/home/kaisar/warehouse_robot/install/robot_msgs/lib/librobot_msgs__rosidl_typesupport_cpp.so" to ""
[13.329s] Listing '/home/kaisar/warehouse_robot/install/robot_msgs/lib/python3.12/site-packages/robot_msgs'...
[13.329s] Compiling '/home/kaisar/warehouse_robot/install/robot_msgs/lib/python3.12/site-packages/robot_msgs/__init__.py'...
[13.329s] Listing '/home/kaisar/warehouse_robot/install/robot_msgs/lib/python3.12/site-packages/robot_msgs/msg'...
[13.329s] Compiling '/home/kaisar/warehouse_robot/install/robot_msgs/lib/python3.12/site-packages/robot_msgs/msg/__init__.py'...
[13.330s] Compiling '/home/kaisar/warehouse_robot/install/robot_msgs/lib/python3.12/site-packages/robot_msgs/msg/_robot_status.py'...
[13.330s] Listing '/home/kaisar/warehouse_robot/install/robot_msgs/lib/python3.12/site-packages/robot_msgs/srv'...
[13.330s] Compiling '/home/kaisar/warehouse_robot/install/robot_msgs/lib/python3.12/site-packages/robot_msgs/srv/__init__.py'...
[13.330s] Compiling '/home/kaisar/warehouse_robot/install/robot_msgs/lib/python3.12/site-packages/robot_msgs/srv/_plan_route.py'...
[13.336s] -- Installing: /home/kaisar/warehouse_robot/install/robot_msgs/lib/librobot_msgs__rosidl_generator_py.so
[13.337s] -- Set non-toolchain portion of runtime path of "/home/kaisar/warehouse_robot/install/robot_msgs/lib/librobot_msgs__rosidl_generator_py.so" to ""
[13.337s] -- Installing: /home/kaisar/warehouse_robot/install/robot_msgs/share/robot_msgs/cmake/export_robot_msgs__rosidl_generator_cExport.cmake
[13.337s] -- Installing: /home/kaisar/warehouse_robot/install/robot_msgs/share/robot_msgs/cmake/export_robot_msgs__rosidl_generator_cExport-noconfig.cmake
[13.337s] -- Installing: /home/kaisar/warehouse_robot/install/robot_msgs/share/robot_msgs/cmake/export_robot_msgs__rosidl_typesupport_fastrtps_cExport.cmake
[13.338s] -- Installing: /home/kaisar/warehouse_robot/install/robot_msgs/share/robot_msgs/cmake/export_robot_msgs__rosidl_typesupport_fastrtps_cExport-noconfig.cmake
[13.338s] -- Installing: /home/kaisar/warehouse_robot/install/robot_msgs/share/robot_msgs/cmake/export_robot_msgs__rosidl_generator_cppExport.cmake
[13.338s] -- Installing: /home/kaisar/warehouse_robot/install/robot_msgs/share/robot_msgs/cmake/export_robot_msgs__rosidl_typesupport_fastrtps_cppExport.cmake
[13.338s] -- Installing: /home/kaisar/warehouse_robot/install/robot_msgs/share/robot_msgs/cmake/export_robot_msgs__rosidl_typesupport_fastrtps_cppExport-noconfig.cmake
[13.338s] -- Installing: /home/kaisar/warehouse_robot/install/robot_msgs/share/robot_msgs/cmake/robot_msgs__rosidl_typesupport_introspection_cExport.cmake
[13.339s] -- Installing: /home/kaisar/warehouse_robot/install/robot_msgs/share/robot_msgs/cmake/robot_msgs__rosidl_typesupport_introspection_cExport-noconfig.cmake
[13.339s] -- Installing: /home/kaisar/warehouse_robot/install/robot_msgs/share/robot_msgs/cmake/robot_msgs__rosidl_typesupport_cExport.cmake
[13.339s] -- Installing: /home/kaisar/warehouse_robot/install/robot_msgs/share/robot_msgs/cmake/robot_msgs__rosidl_typesupport_cExport-noconfig.cmake
[13.339s] -- Installing: /home/kaisar/warehouse_robot/install/robot_msgs/share/robot_msgs/cmake/robot_msgs__rosidl_typesupport_introspection_cppExport.cmake
[13.339s] -- Installing: /home/kaisar/warehouse_robot/install/robot_msgs/share/robot_msgs/cmake/robot_msgs__rosidl_typesupport_introspection_cppExport-noconfig.cmake
[13.340s] -- Installing: /home/kaisar/warehouse_robot/install/robot_msgs/share/robot_msgs/cmake/robot_msgs__rosidl_typesupport_cppExport.cmake
[13.340s] -- Installing: /home/kaisar/warehouse_robot/install/robot_msgs/share/robot_msgs/cmake/robot_msgs__rosidl_typesupport_cppExport-noconfig.cmake
[13.340s] -- Installing: /home/kaisar/warehouse_robot/install/robot_msgs/share/robot_msgs/cmake/export_robot_msgs__rosidl_generator_pyExport.cmake
[13.340s] -- Installing: /home/kaisar/warehouse_robot/install/robot_msgs/share/robot_msgs/cmake/export_robot_msgs__rosidl_generator_pyExport-noconfig.cmake
[13.344s] Invoked command in '/home/kaisar/warehouse_robot/build/robot_msgs' returned '0': CMAKE_PREFIX_PATH=/home/kaisar/warehouse_robot/robot/install/trp1_description:/home/kaisar/warehouse_robot/robot/install/stage_ros2:/opt/ros/jazzy:/home/kaisar/warehouse_robot/robot/install/stage:/home/kaisar/warehouse_robot/robot/install/robot_msgs:/home/kaisar/warehouse_robot/robot/install/nav2:/opt/ros/jazzy/opt/gz_sim_vendor:/opt/ros/jazzy/opt/gz_sensors_vendor:/opt/ros/jazzy/opt/gz_physics_vendor:/opt/ros/jazzy/opt/sdformat_vendor:/opt/ros/jazzy/opt/gz_gui_vendor:/opt/ros/jazzy/opt/gz_transport_vendor:/opt/ros/jazzy/opt/gz_rendering_vendor:/opt/ros/jazzy/opt/gz_plugin_vendor:/opt/ros/jazzy/opt/gz_fuel_tools_vendor:/opt/ros/jazzy/opt/gz_msgs_vendor:/opt/ros/jazzy/opt/gz_common_vendor:/opt/ros/jazzy/opt/gz_math_vendor:/opt/ros/jazzy/opt/gz_utils_vendor:/opt/ros/jazzy/opt/gz_tools_vendor:/opt/ros/jazzy/opt/gz_ogre_next_vendor:/opt/ros/jazzy/opt/gz_dartsim_vendor:/opt/ros/jazzy/opt/gz_cmake_vendor DEBUGINFOD_URLS=https://debuginfod.ubuntu.com /usr/bin/cmake --install /home/kaisar/warehouse_robot/build/robot_msgs
