[0.018s] Invoking command in '/home/kaisar/warehouse_robot/robot/build/stage': DEBUGINFOD_URLS=https://debuginfod.ubuntu.com /usr/bin/cmake /home/kaisar/warehouse_robot/robot/ws/src/Stage -DCATKIN_INSTALL_INTO_PREFIX_ROOT=0 -DCATKIN_SYMLINK_INSTALL=ON -DCMAKE_INSTALL_PREFIX=/home/kaisar/warehouse_robot/robot/install/stage
[0.083s] -- The C compiler identification is GNU 13.3.0
[0.149s] -- The CXX compiler identification is GNU 13.3.0
[0.169s] -- Detecting C compiler ABI info
[0.281s] -- Detecting C compiler ABI info - done
[0.294s] -- Check for working C compiler: /usr/bin/cc - skipped
[0.294s] -- Detecting C compile features
[0.295s] -- Detecting C compile features - done
[0.305s] -- Detecting CXX compiler ABI info
[0.426s] -- Detecting CXX compiler ABI info - done
[0.436s] -- Check for working CXX compiler: /usr/bin/c++ - skipped
[0.436s] -- Detecting CXX compile features
[0.437s] -- Detecting CXX compile features - done
[0.438s] -- Stage version 4.3.0
[0.438s] -- Operating system is Linux
[0.438s] -- Installing Libraries to /home/kaisar/warehouse_robot/robot/install/stage/lib
[0.438s] -- Installing Plugins to /home/kaisar/warehouse_robot/robot/install/stage/lib/Stage-4.3
[0.439s] -- Build type RELEASE
[0.439s] -- Checking for libtool
[0.449s] -- Checking for required libraries...
[0.471s] -- Found JPEG: /usr/lib/x86_64-linux-gnu/libjpeg.so (found version "80") 
[0.493s] -- Found ZLIB: /usr/lib/x86_64-linux-gnu/libz.so (found version "1.3")  
[0.525s] -- Found PNG: /usr/lib/x86_64-linux-gnu/libpng.so (found version "1.6.43") 
[0.540s] -- Found OpenGL: /usr/lib/x86_64-linux-gnu/libOpenGL.so   
[0.774s] -- Found X11: /usr/include   
[0.774s] -- Looking for XOpenDisplay in /usr/lib/x86_64-linux-gnu/libX11.so;/usr/lib/x86_64-linux-gnu/libXext.so
[0.879s] -- Looking for XOpenDisplay in /usr/lib/x86_64-linux-gnu/libX11.so;/usr/lib/x86_64-linux-gnu/libXext.so - found
[0.879s] -- Looking for gethostbyname
[0.976s] -- Looking for gethostbyname - found
[0.976s] -- Looking for connect
[1.076s] -- Looking for connect - found
[1.076s] -- Looking for remove
[1.172s] -- Looking for remove - found
[1.173s] -- Looking for shmat
[1.270s] -- Looking for shmat - found
[1.270s] -- Looking for IceConnectionNumber in ICE
[1.369s] -- Looking for IceConnectionNumber in ICE - found
[1.406s] -- Found FLTK: fltk_images;fltk_forms;fltk_gl;fltk  
[1.410s] -- Checking for optional libraries...
[1.410s] -- Installation path CMAKE_INSTALL_PREFIX=/home/kaisar/warehouse_robot/robot/install/stage
[1.411s] -- Configuring libstage
[1.424s] -- Found PkgConfig: /usr/bin/pkg-config (found version "1.8.1") 
[1.424s] -- Checking for one of the modules 'playercore>=2.1.0'
[1.443s] --   * Player not detected. If Player is installed but not detected, check your PKG_CONFIG_PATH.
[1.456s] -- Configuring done (1.4s)
[1.516s] -- Generating done (0.1s)
[1.518s] [33mCMake Warning:
[1.518s]   Manually-specified variables were not used by the project:
[1.518s] 
[1.518s]     CATKIN_INSTALL_INTO_PREFIX_ROOT
[1.518s]     CATKIN_SYMLINK_INSTALL
[1.518s] 
[1.519s] [0m
[1.524s] -- Build files have been written to: /home/kaisar/warehouse_robot/robot/build/stage
[1.535s] Invoked command in '/home/kaisar/warehouse_robot/robot/build/stage' returned '0': DEBUGINFOD_URLS=https://debuginfod.ubuntu.com /usr/bin/cmake /home/kaisar/warehouse_robot/robot/ws/src/Stage -DCATKIN_INSTALL_INTO_PREFIX_ROOT=0 -DCATKIN_SYMLINK_INSTALL=ON -DCMAKE_INSTALL_PREFIX=/home/kaisar/warehouse_robot/robot/install/stage
[1.536s] Invoking command in '/home/kaisar/warehouse_robot/robot/build/stage': DEBUGINFOD_URLS=https://debuginfod.ubuntu.com /usr/bin/cmake --build /home/kaisar/warehouse_robot/robot/build/stage -- -j12 -l12
[1.604s] [  1%] [32mBuilding CXX object libstage/CMakeFiles/stage.dir/camera.cc.o[0m
[1.604s] [  6%] [32mBuilding CXX object libstage/CMakeFiles/stage.dir/logentry.cc.o[0m
[1.604s] [  8%] [32mBuilding CXX object libstage/CMakeFiles/stage.dir/model_actuator.cc.o[0m
[1.604s] [ 10%] [32mBuilding CXX object libstage/CMakeFiles/stage.dir/block.cc.o[0m
[1.605s] [ 10%] [32mBuilding CXX object libstage/CMakeFiles/stage.dir/model.cc.o[0m
[1.605s] [ 10%] [32mBuilding CXX object libstage/CMakeFiles/stage.dir/gl.cc.o[0m
[1.605s] [ 11%] [32mBuilding CXX object libstage/CMakeFiles/stage.dir/file_manager.cc.o[0m
[1.605s] [ 13%] [32mBuilding CXX object libstage/CMakeFiles/stage.dir/blockgroup.cc.o[0m
[1.606s] [ 15%] [32mBuilding CXX object libstage/CMakeFiles/stage.dir/color.cc.o[0m
[1.612s] [ 18%] [32mBuilding CXX object libstage/CMakeFiles/stage.dir/model_blinkenlight.cc.o[0m
[1.612s] [ 18%] [32mBuilding CXX object libstage/CMakeFiles/stage.dir/model_blobfinder.cc.o[0m
[1.620s] [ 20%] [32mBuilding CXX object libstage/CMakeFiles/stage.dir/model_bumper.cc.o[0m
[3.074s] [ 22%] [32mBuilding CXX object libstage/CMakeFiles/stage.dir/model_callbacks.cc.o[0m
[3.154s] [ 23%] [32mBuilding CXX object libstage/CMakeFiles/stage.dir/model_camera.cc.o[0m
[3.183s] [ 25%] [32mBuilding CXX object libstage/CMakeFiles/stage.dir/model_draw.cc.o[0m
[3.211s] [ 27%] [32mBuilding CXX object libstage/CMakeFiles/stage.dir/model_fiducial.cc.o[0m
[3.320s] [ 28%] [32mBuilding CXX object libstage/CMakeFiles/stage.dir/model_gripper.cc.o[0m
[3.399s] [ 30%] [32mBuilding CXX object libstage/CMakeFiles/stage.dir/model_lightindicator.cc.o[0m
[3.521s] [ 32%] [32mBuilding CXX object libstage/CMakeFiles/stage.dir/model_position.cc.o[0m
[3.524s] [ 33%] [32mBuilding CXX object libstage/CMakeFiles/stage.dir/model_ranger.cc.o[0m
[3.535s] [ 35%] [32mBuilding CXX object libstage/CMakeFiles/stage.dir/option.cc.o[0m
[3.676s] [ 37%] [32mBuilding CXX object libstage/CMakeFiles/stage.dir/powerpack.cc.o[0m
[3.976s] [ 38%] [32mBuilding CXX object libstage/CMakeFiles/stage.dir/region.cc.o[0m
[4.819s] [ 40%] [32mBuilding CXX object libstage/CMakeFiles/stage.dir/stage.cc.o[0m
[4.922s] [ 42%] [32mBuilding CXX object libstage/CMakeFiles/stage.dir/texture_manager.cc.o[0m
[5.091s] [ 44%] [32mBuilding CXX object libstage/CMakeFiles/stage.dir/typetable.cc.o[0m
[5.102s] [ 45%] [32mBuilding CXX object libstage/CMakeFiles/stage.dir/world.cc.o[0m
[5.118s] [ 47%] [32mBuilding CXX object libstage/CMakeFiles/stage.dir/worldfile.cc.o[0m
[5.121s] [ 49%] [32mBuilding CXX object libstage/CMakeFiles/stage.dir/canvas.cc.o[0m
[5.333s] [ 50%] [32mBuilding CXX object libstage/CMakeFiles/stage.dir/options_dlg.cc.o[0m
[5.362s] [ 52%] [32mBuilding CXX object libstage/CMakeFiles/stage.dir/vis_strip.cc.o[0m
[5.424s] [ 54%] [32mBuilding CXX object libstage/CMakeFiles/stage.dir/worldgui.cc.o[0m
[5.975s] [ 55%] [32mBuilding CXX object libstage/CMakeFiles/stage.dir/ancestor.cc.o[0m
[8.282s] [ 57%] [32m[1mLinking CXX shared library libstage.so[0m
[8.459s] [ 57%] Built target stage
[8.503s] [ 59%] [32mBuilding CXX object examples/ctrl/CMakeFiles/source.dir/source.cc.o[0m
[8.504s] [ 61%] [32mBuilding CXX object examples/ctrl/CMakeFiles/lasernoise.dir/lasernoise.cc.o[0m
[8.510s] [ 62%] [32mBuilding CXX object worlds/benchmark/CMakeFiles/expand_swarm.dir/expand_swarm.cc.o[0m
[8.513s] [ 64%] [32mBuilding CXX object libstage/CMakeFiles/stagebinary.dir/main.cc.o[0m
[8.520s] [ 66%] [32mBuilding CXX object examples/ctrl/CMakeFiles/dynamic.dir/dynamic.cc.o[0m
[8.521s] [ 67%] [32mBuilding CXX object examples/ctrl/CMakeFiles/pioneer_flocking.dir/pioneer_flocking.cc.o[0m
[8.525s] [ 69%] [32mBuilding CXX object examples/ctrl/CMakeFiles/wander.dir/wander.cc.o[0m
[8.530s] [ 71%] [32mBuilding CXX object examples/ctrl/CMakeFiles/rasterize.dir/rasterize.cc.o[0m
[8.530s] [ 72%] [32mBuilding CXX object worlds/benchmark/CMakeFiles/expand_pioneer.dir/expand_pioneer.cc.o[0m
[8.534s] [ 74%] [32mBuilding CXX object examples/ctrl/CMakeFiles/sink.dir/sink.cc.o[0m
[8.578s] [ 76%] [32mBuilding CXX object examples/ctrl/CMakeFiles/fasr.dir/fasr.cc.o[0m
[8.617s] [ 77%] [32mBuilding CXX object examples/ctrl/CMakeFiles/fasr2.dir/fasr2.cc.o[0m
[10.258s] [ 79%] [32m[1mLinking CXX shared module lasernoise.so[0m
[10.286s] [ 81%] [32m[1mLinking CXX shared module dynamic.so[0m
[10.324s] [ 83%] [32m[1mLinking CXX shared module expand_swarm.so[0m
[10.348s] [ 84%] [32m[1mLinking CXX shared module sink.so[0m
[10.415s] [ 86%] [32m[1mLinking CXX shared module source.so[0m
[10.463s] [ 88%] [32m[1mLinking CXX shared module pioneer_flocking.so[0m
[10.572s] [ 89%] [32m[1mLinking CXX shared module wander.so[0m
[10.590s] [ 89%] Built target lasernoise
[10.595s] [ 91%] [32m[1mLinking CXX shared module rasterize.so[0m
[10.595s] [ 93%] [32m[1mLinking CXX executable stage[0m
[10.596s] [ 93%] Built target dynamic
[10.603s] [ 94%] [32m[1mLinking CXX shared module expand_pioneer.so[0m
[10.622s] [ 96%] [32mBuilding CXX object examples/ctrl/CMakeFiles/fasr2.dir/astar/findpath.cpp.o[0m
[10.705s] [ 96%] Built target sink
[10.708s] [ 96%] Built target expand_swarm
[10.810s] [ 98%] [32m[1mLinking CXX shared module fasr.so[0m
[10.828s] [ 98%] Built target source
[10.830s] [ 98%] Built target pioneer_flocking
[10.872s] [ 98%] Built target wander
[10.905s] [ 98%] Built target rasterize
[10.997s] [ 98%] Built target expand_pioneer
[11.017s] [ 98%] Built target stagebinary
[11.086s] [ 98%] Built target fasr
[12.089s] [100%] [32m[1mLinking CXX shared module fasr2.so[0m
[12.491s] [100%] Built target fasr2
[12.524s] Invoked command in '/home/kaisar/warehouse_robot/robot/build/stage' returned '0': DEBUGINFOD_URLS=https://debuginfod.ubuntu.com /usr/bin/cmake --build /home/kaisar/warehouse_robot/robot/build/stage -- -j12 -l12
[12.526s] Invoking command in '/home/kaisar/warehouse_robot/robot/build/stage': DEBUGINFOD_URLS=https://debuginfod.ubuntu.com /usr/bin/cmake --install /home/kaisar/warehouse_robot/robot/build/stage
[12.545s] -- Install configuration: "RELEASE"
[12.545s] -- Installing: /home/kaisar/warehouse_robot/robot/install/stage/lib/pkgconfig/stage.pc
[12.545s] -- Installing: /home/kaisar/warehouse_robot/robot/install/stage/lib/cmake/Stage/stage-config.cmake
[12.545s] -- Installing: /home/kaisar/warehouse_robot/robot/install/stage/lib/cmake/Stage/stage-config-version.cmake
[12.552s] -- Installing: /home/kaisar/warehouse_robot/robot/install/stage/bin/stage
[12.553s] -- Set non-toolchain portion of runtime path of "/home/kaisar/warehouse_robot/robot/install/stage/bin/stage" to ""
[12.553s] -- Installing: /home/kaisar/warehouse_robot/robot/install/stage/lib/libstage.so.4.3.0
[12.554s] -- Installing: /home/kaisar/warehouse_robot/robot/install/stage/lib/libstage.so
[12.556s] -- Installing: /home/kaisar/warehouse_robot/robot/install/stage/include/Stage-4.3/stage.hh
[12.556s] -- Installing: /home/kaisar/warehouse_robot/robot/install/stage/lib/Stage-4.3/fasr.so
[12.556s] -- Set non-toolchain portion of runtime path of "/home/kaisar/warehouse_robot/robot/install/stage/lib/Stage-4.3/fasr.so" to ""
[12.556s] -- Installing: /home/kaisar/warehouse_robot/robot/install/stage/lib/Stage-4.3/sink.so
[12.558s] -- Set non-toolchain portion of runtime path of "/home/kaisar/warehouse_robot/robot/install/stage/lib/Stage-4.3/sink.so" to ""
[12.559s] -- Installing: /home/kaisar/warehouse_robot/robot/install/stage/lib/Stage-4.3/source.so
[12.559s] -- Set non-toolchain portion of runtime path of "/home/kaisar/warehouse_robot/robot/install/stage/lib/Stage-4.3/source.so" to ""
[12.559s] -- Installing: /home/kaisar/warehouse_robot/robot/install/stage/lib/Stage-4.3/wander.so
[12.559s] -- Set non-toolchain portion of runtime path of "/home/kaisar/warehouse_robot/robot/install/stage/lib/Stage-4.3/wander.so" to ""
[12.560s] -- Installing: /home/kaisar/warehouse_robot/robot/install/stage/lib/Stage-4.3/pioneer_flocking.so
[12.561s] -- Set non-toolchain portion of runtime path of "/home/kaisar/warehouse_robot/robot/install/stage/lib/Stage-4.3/pioneer_flocking.so" to ""
[12.561s] -- Installing: /home/kaisar/warehouse_robot/robot/install/stage/lib/Stage-4.3/rasterize.so
[12.561s] -- Set non-toolchain portion of runtime path of "/home/kaisar/warehouse_robot/robot/install/stage/lib/Stage-4.3/rasterize.so" to ""
[12.561s] -- Installing: /home/kaisar/warehouse_robot/robot/install/stage/lib/Stage-4.3/lasernoise.so
[12.562s] -- Set non-toolchain portion of runtime path of "/home/kaisar/warehouse_robot/robot/install/stage/lib/Stage-4.3/lasernoise.so" to ""
[12.562s] -- Installing: /home/kaisar/warehouse_robot/robot/install/stage/lib/Stage-4.3/dynamic.so
[12.563s] -- Set non-toolchain portion of runtime path of "/home/kaisar/warehouse_robot/robot/install/stage/lib/Stage-4.3/dynamic.so" to ""
[12.563s] -- Installing: /home/kaisar/warehouse_robot/robot/install/stage/lib/Stage-4.3/fasr2.so
[12.563s] -- Set non-toolchain portion of runtime path of "/home/kaisar/warehouse_robot/robot/install/stage/lib/Stage-4.3/fasr2.so" to ""
[12.564s] -- Installing: /home/kaisar/warehouse_robot/robot/install/stage/share/stage/assets/blue.png
[12.565s] -- Installing: /home/kaisar/warehouse_robot/robot/install/stage/share/stage/assets/death.png
[12.566s] -- Installing: /home/kaisar/warehouse_robot/robot/install/stage/share/stage/assets/green.png
[12.566s] -- Installing: /home/kaisar/warehouse_robot/robot/install/stage/share/stage/assets/logo.png
[12.567s] -- Installing: /home/kaisar/warehouse_robot/robot/install/stage/share/stage/assets/mains.png
[12.567s] -- Installing: /home/kaisar/warehouse_robot/robot/install/stage/share/stage/assets/mainspower.png
[12.567s] -- Installing: /home/kaisar/warehouse_robot/robot/install/stage/share/stage/assets/question_mark.png
[12.567s] -- Installing: /home/kaisar/warehouse_robot/robot/install/stage/share/stage/assets/red.png
[12.568s] -- Installing: /home/kaisar/warehouse_robot/robot/install/stage/share/stage/assets/stagelogo.png
[12.568s] -- Installing: /home/kaisar/warehouse_robot/robot/install/stage/share/stage/assets/stall-old.png
[12.568s] -- Installing: /home/kaisar/warehouse_robot/robot/install/stage/share/stage/assets/stall.png
[12.568s] -- Installing: /home/kaisar/warehouse_robot/robot/install/stage/share/stage/assets/rgb.txt
[12.568s] -- Installing: /home/kaisar/warehouse_robot/robot/install/stage/share/stage/rgb.txt
[12.569s] -- Installing: /home/kaisar/warehouse_robot/robot/install/stage/share/stage/worlds/amcl-sonar.cfg
[12.570s] -- Installing: /home/kaisar/warehouse_robot/robot/install/stage/share/stage/worlds/autolab.cfg
[12.571s] -- Installing: /home/kaisar/warehouse_robot/robot/install/stage/share/stage/worlds/camera.cfg
[12.575s] -- Installing: /home/kaisar/warehouse_robot/robot/install/stage/share/stage/worlds/everything.cfg
[12.575s] -- Installing: /home/kaisar/warehouse_robot/robot/install/stage/share/stage/worlds/lsp_test.cfg
[12.575s] -- Installing: /home/kaisar/warehouse_robot/robot/install/stage/share/stage/worlds/mbicp.cfg
[12.575s] -- Installing: /home/kaisar/warehouse_robot/robot/install/stage/share/stage/worlds/nd.cfg
[12.575s] -- Installing: /home/kaisar/warehouse_robot/robot/install/stage/share/stage/worlds/roomba.cfg
[12.575s] -- Installing: /home/kaisar/warehouse_robot/robot/install/stage/share/stage/worlds/simple.cfg
[12.576s] -- Installing: /home/kaisar/warehouse_robot/robot/install/stage/share/stage/worlds/test.cfg
[12.576s] -- Installing: /home/kaisar/warehouse_robot/robot/install/stage/share/stage/worlds/uoa_robotics_lab.cfg
[12.576s] -- Installing: /home/kaisar/warehouse_robot/robot/install/stage/share/stage/worlds/vfh.cfg
[12.576s] -- Installing: /home/kaisar/warehouse_robot/robot/install/stage/share/stage/worlds/wavefront-remote.cfg
[12.576s] -- Installing: /home/kaisar/warehouse_robot/robot/install/stage/share/stage/worlds/wavefront.cfg
[12.576s] -- Installing: /home/kaisar/warehouse_robot/robot/install/stage/share/stage/worlds/wifi.cfg
[12.576s] -- Installing: /home/kaisar/warehouse_robot/robot/install/stage/share/stage/worlds/SFU.world
[12.576s] -- Installing: /home/kaisar/warehouse_robot/robot/install/stage/share/stage/worlds/autolab.world
[12.576s] -- Installing: /home/kaisar/warehouse_robot/robot/install/stage/share/stage/worlds/camera.world
[12.576s] -- Installing: /home/kaisar/warehouse_robot/robot/install/stage/share/stage/worlds/circuit.world
[12.576s] -- Installing: /home/kaisar/warehouse_robot/robot/install/stage/share/stage/worlds/everything.world
[12.577s] -- Installing: /home/kaisar/warehouse_robot/robot/install/stage/share/stage/worlds/fasr.world
[12.577s] -- Installing: /home/kaisar/warehouse_robot/robot/install/stage/share/stage/worlds/fasr2.world
[12.577s] -- Installing: /home/kaisar/warehouse_robot/robot/install/stage/share/stage/worlds/fasr_plan.world
[12.577s] -- Installing: /home/kaisar/warehouse_robot/robot/install/stage/share/stage/worlds/large.world
[12.577s] -- Installing: /home/kaisar/warehouse_robot/robot/install/stage/share/stage/worlds/lsp_test.world
[12.577s] -- Installing: /home/kaisar/warehouse_robot/robot/install/stage/share/stage/worlds/mbicp.world
[12.577s] -- Installing: /home/kaisar/warehouse_robot/robot/install/stage/share/stage/worlds/pioneer_flocking.world
[12.577s] -- Installing: /home/kaisar/warehouse_robot/robot/install/stage/share/stage/worlds/pioneer_follow.world
[12.577s] -- Installing: /home/kaisar/warehouse_robot/robot/install/stage/share/stage/worlds/pioneer_walle.world
[12.577s] -- Installing: /home/kaisar/warehouse_robot/robot/install/stage/share/stage/worlds/roomba.world
[12.577s] -- Installing: /home/kaisar/warehouse_robot/robot/install/stage/share/stage/worlds/sensor_noise_demo.world
[12.578s] -- Installing: /home/kaisar/warehouse_robot/robot/install/stage/share/stage/worlds/sensor_noise_module_demo.world
[12.578s] -- Installing: /home/kaisar/warehouse_robot/robot/install/stage/share/stage/worlds/simple.world
[12.578s] -- Installing: /home/kaisar/warehouse_robot/robot/install/stage/share/stage/worlds/uoa_robotics_lab.world
[12.578s] -- Installing: /home/kaisar/warehouse_robot/robot/install/stage/share/stage/worlds/wifi.world
[12.578s] -- Installing: /home/kaisar/warehouse_robot/robot/install/stage/share/stage/worlds/beacons.inc
[12.578s] -- Installing: /home/kaisar/warehouse_robot/robot/install/stage/share/stage/worlds/chatterbox.inc
[12.578s] -- Installing: /home/kaisar/warehouse_robot/robot/install/stage/share/stage/worlds/hokuyo.inc
[12.578s] -- Installing: /home/kaisar/warehouse_robot/robot/install/stage/share/stage/worlds/irobot.inc
[12.578s] -- Installing: /home/kaisar/warehouse_robot/robot/install/stage/share/stage/worlds/map.inc
[12.578s] -- Installing: /home/kaisar/warehouse_robot/robot/install/stage/share/stage/worlds/objects.inc
[12.582s] -- Installing: /home/kaisar/warehouse_robot/robot/install/stage/share/stage/worlds/pantilt.inc
[12.582s] -- Installing: /home/kaisar/warehouse_robot/robot/install/stage/share/stage/worlds/pioneer.inc
[12.582s] -- Installing: /home/kaisar/warehouse_robot/robot/install/stage/share/stage/worlds/sick.inc
[12.582s] -- Installing: /home/kaisar/warehouse_robot/robot/install/stage/share/stage/worlds/ubot.inc
[12.582s] -- Installing: /home/kaisar/warehouse_robot/robot/install/stage/share/stage/worlds/uoa_robotics_lab_models.inc
[12.582s] -- Installing: /home/kaisar/warehouse_robot/robot/install/stage/share/stage/worlds/walle.inc
[12.582s] -- Installing: /home/kaisar/warehouse_robot/robot/install/stage/share/stage/worlds/cfggen.sh
[12.582s] -- Installing: /home/kaisar/warehouse_robot/robot/install/stage/share/stage/worlds/test.sh
[12.582s] -- Installing: /home/kaisar/warehouse_robot/robot/install/stage/share/stage/worlds/worldgen.sh
[12.583s] -- Installing: /home/kaisar/warehouse_robot/robot/install/stage/lib/Stage-4.3/expand_swarm.so
[12.583s] -- Set non-toolchain portion of runtime path of "/home/kaisar/warehouse_robot/robot/install/stage/lib/Stage-4.3/expand_swarm.so" to ""
[12.583s] -- Installing: /home/kaisar/warehouse_robot/robot/install/stage/lib/Stage-4.3/expand_pioneer.so
[12.583s] -- Set non-toolchain portion of runtime path of "/home/kaisar/warehouse_robot/robot/install/stage/lib/Stage-4.3/expand_pioneer.so" to ""
[12.583s] -- Installing: /home/kaisar/warehouse_robot/robot/install/stage/share/stage/worlds/bitmaps/889_05.png
[12.583s] -- Installing: /home/kaisar/warehouse_robot/robot/install/stage/share/stage/worlds/bitmaps/SFU_1200x615.png
[12.583s] -- Installing: /home/kaisar/warehouse_robot/robot/install/stage/share/stage/worlds/bitmaps/SRI-AIC-kwing.png
[12.583s] -- Installing: /home/kaisar/warehouse_robot/robot/install/stage/share/stage/worlds/bitmaps/autolab.png
[12.583s] -- Installing: /home/kaisar/warehouse_robot/robot/install/stage/share/stage/worlds/bitmaps/cave.png
[12.583s] -- Installing: /home/kaisar/warehouse_robot/robot/install/stage/share/stage/worlds/bitmaps/cave_compact.png
[12.583s] -- Installing: /home/kaisar/warehouse_robot/robot/install/stage/share/stage/worlds/bitmaps/cave_filled.png
[12.584s] -- Installing: /home/kaisar/warehouse_robot/robot/install/stage/share/stage/worlds/bitmaps/frieburg.png
[12.584s] -- Installing: /home/kaisar/warehouse_robot/robot/install/stage/share/stage/worlds/bitmaps/ghost.png
[12.584s] -- Installing: /home/kaisar/warehouse_robot/robot/install/stage/share/stage/worlds/bitmaps/hospital.png
[12.587s] -- Installing: /home/kaisar/warehouse_robot/robot/install/stage/share/stage/worlds/bitmaps/hospital_section.png
[12.587s] -- Installing: /home/kaisar/warehouse_robot/robot/install/stage/share/stage/worlds/bitmaps/human_outline.png
[12.587s] -- Installing: /home/kaisar/warehouse_robot/robot/install/stage/share/stage/worlds/bitmaps/mbicp.png
[12.587s] -- Installing: /home/kaisar/warehouse_robot/robot/install/stage/share/stage/worlds/bitmaps/rink.png
[12.587s] -- Installing: /home/kaisar/warehouse_robot/robot/install/stage/share/stage/worlds/bitmaps/sal2.png
[12.587s] -- Installing: /home/kaisar/warehouse_robot/robot/install/stage/share/stage/worlds/bitmaps/simple_rooms.png
[12.588s] -- Installing: /home/kaisar/warehouse_robot/robot/install/stage/share/stage/worlds/bitmaps/space_invader.png
[12.588s] -- Installing: /home/kaisar/warehouse_robot/robot/install/stage/share/stage/worlds/bitmaps/submarine.png
[12.588s] -- Installing: /home/kaisar/warehouse_robot/robot/install/stage/share/stage/worlds/bitmaps/submarine_small.png
[12.588s] -- Installing: /home/kaisar/warehouse_robot/robot/install/stage/share/stage/worlds/bitmaps/table.png
[12.588s] -- Installing: /home/kaisar/warehouse_robot/robot/install/stage/share/stage/worlds/bitmaps/uoa_robotics_lab.png
[12.588s] -- Installing: /home/kaisar/warehouse_robot/robot/install/stage/share/stage/worlds/wifi/commando.world
[12.588s] -- Installing: /home/kaisar/warehouse_robot/robot/install/stage/share/stage/worlds/wifi/hosp_wifi.world
[12.588s] -- Installing: /home/kaisar/warehouse_robot/robot/install/stage/share/stage/worlds/wifi/hosp_wifi_5.world
[12.588s] -- Installing: /home/kaisar/warehouse_robot/robot/install/stage/share/stage/worlds/wifi/wifi.world
[12.589s] -- Installing: /home/kaisar/warehouse_robot/robot/install/stage/share/stage/worlds/wifi/wifi_itu.world
[12.589s] -- Installing: /home/kaisar/warehouse_robot/robot/install/stage/share/stage/worlds/wifi/wifi_logdistance.world
[12.589s] -- Installing: /home/kaisar/warehouse_robot/robot/install/stage/share/stage/worlds/wifi/wifi_ray.world
[12.589s] -- Installing: /home/kaisar/warehouse_robot/robot/install/stage/share/stage/worlds/wifi/wifi_simple.world
[12.589s] -- Installing: /home/kaisar/warehouse_robot/robot/install/stage/share/stage/worlds/wifi/map.inc
[12.592s] Invoked command in '/home/kaisar/warehouse_robot/robot/build/stage' returned '0': DEBUGINFOD_URLS=https://debuginfod.ubuntu.com /usr/bin/cmake --install /home/kaisar/warehouse_robot/robot/build/stage
