[0.023s] Invoking command in '/home/kaisar/warehouse_robot/build/stage': DEBUGINFOD_URLS=https://debuginfod.ubuntu.com /usr/bin/cmake /home/kaisar/warehouse_robot/robot/ws/src/Stage -DCATKIN_INSTALL_INTO_PREFIX_ROOT=0 -DCATKIN_SYMLINK_INSTALL=ON -DCMAKE_INSTALL_PREFIX=/home/kaisar/warehouse_robot/install/stage
[0.112s] -- The C compiler identification is GNU 13.3.0
[0.179s] -- The CXX compiler identification is GNU 13.3.0
[0.200s] -- Detecting C compiler ABI info
[0.314s] -- Detecting C compiler ABI info - done
[0.328s] -- Check for working C compiler: /usr/bin/cc - skipped
[0.328s] -- Detecting C compile features
[0.329s] -- Detecting C compile features - done
[0.341s] -- Detecting CXX compiler ABI info
[0.466s] -- Detecting CXX compiler ABI info - done
[0.476s] -- Check for working CXX compiler: /usr/bin/c++ - skipped
[0.477s] -- Detecting CXX compile features
[0.477s] -- Detecting CXX compile features - done
[0.478s] -- Stage version 4.3.0
[0.478s] -- Operating system is Linux
[0.478s] -- Installing Libraries to /home/kaisar/warehouse_robot/install/stage/lib
[0.478s] -- Installing Plugins to /home/kaisar/warehouse_robot/install/stage/lib/Stage-4.3
[0.478s] -- Build type RELEASE
[0.478s] -- Checking for libtool
[0.488s] -- Checking for required libraries...
[0.510s] -- Found JPEG: /usr/lib/x86_64-linux-gnu/libjpeg.so (found version "80") 
[0.532s] -- Found ZLIB: /usr/lib/x86_64-linux-gnu/libz.so (found version "1.3")  
[0.563s] -- Found PNG: /usr/lib/x86_64-linux-gnu/libpng.so (found version "1.6.43") 
[0.578s] -- Found OpenGL: /usr/lib/x86_64-linux-gnu/libOpenGL.so   
[0.822s] -- Found X11: /usr/include   
[0.822s] -- Looking for XOpenDisplay in /usr/lib/x86_64-linux-gnu/libX11.so;/usr/lib/x86_64-linux-gnu/libXext.so
[0.932s] -- Looking for XOpenDisplay in /usr/lib/x86_64-linux-gnu/libX11.so;/usr/lib/x86_64-linux-gnu/libXext.so - found
[0.932s] -- Looking for gethostbyname
[1.039s] -- Looking for gethostbyname - found
[1.039s] -- Looking for connect
[1.147s] -- Looking for connect - found
[1.147s] -- Looking for remove
[1.248s] -- Looking for remove - found
[1.248s] -- Looking for shmat
[1.350s] -- Looking for shmat - found
[1.350s] -- Looking for IceConnectionNumber in ICE
[1.451s] -- Looking for IceConnectionNumber in ICE - found
[1.488s] -- Found FLTK: fltk_images;fltk_forms;fltk_gl;fltk  
[1.491s] -- Checking for optional libraries...
[1.492s] -- Installation path CMAKE_INSTALL_PREFIX=/home/kaisar/warehouse_robot/install/stage
[1.492s] -- Configuring libstage
[1.501s] -- Found PkgConfig: /usr/bin/pkg-config (found version "1.8.1") 
[1.501s] -- Checking for one of the modules 'playercore>=2.1.0'
[1.520s] --   * Player not detected. If Player is installed but not detected, check your PKG_CONFIG_PATH.
[1.539s] -- Configuring done (1.5s)
[1.603s] -- Generating done (0.1s)
[1.606s] [33mCMake Warning:
[1.606s]   Manually-specified variables were not used by the project:
[1.606s] 
[1.606s]     CATKIN_INSTALL_INTO_PREFIX_ROOT
[1.606s]     CATKIN_SYMLINK_INSTALL
[1.606s] 
[1.606s] [0m
[1.614s] -- Build files have been written to: /home/kaisar/warehouse_robot/build/stage
[1.628s] Invoked command in '/home/kaisar/warehouse_robot/build/stage' returned '0': DEBUGINFOD_URLS=https://debuginfod.ubuntu.com /usr/bin/cmake /home/kaisar/warehouse_robot/robot/ws/src/Stage -DCATKIN_INSTALL_INTO_PREFIX_ROOT=0 -DCATKIN_SYMLINK_INSTALL=ON -DCMAKE_INSTALL_PREFIX=/home/kaisar/warehouse_robot/install/stage
[1.629s] Invoking command in '/home/kaisar/warehouse_robot/build/stage': DEBUGINFOD_URLS=https://debuginfod.ubuntu.com /usr/bin/cmake --build /home/kaisar/warehouse_robot/build/stage -- -j12 -l12
[1.697s] [  3%] [32mBuilding CXX object libstage/CMakeFiles/stage.dir/color.cc.o[0m
[1.698s] [  5%] [32mBuilding CXX object libstage/CMakeFiles/stage.dir/file_manager.cc.o[0m
[1.698s] [  6%] [32mBuilding CXX object libstage/CMakeFiles/stage.dir/logentry.cc.o[0m
[1.699s] [ 10%] [32mBuilding CXX object libstage/CMakeFiles/stage.dir/camera.cc.o[0m
[1.699s] [ 11%] [32mBuilding CXX object libstage/CMakeFiles/stage.dir/blockgroup.cc.o[0m
[1.699s] [ 11%] [32mBuilding CXX object libstage/CMakeFiles/stage.dir/model.cc.o[0m
[1.700s] [ 13%] [32mBuilding CXX object libstage/CMakeFiles/stage.dir/model_actuator.cc.o[0m
[1.700s] [ 11%] [32mBuilding CXX object libstage/CMakeFiles/stage.dir/block.cc.o[0m
[1.703s] [ 15%] [32mBuilding CXX object libstage/CMakeFiles/stage.dir/model_blobfinder.cc.o[0m
[1.707s] [ 16%] [32mBuilding CXX object libstage/CMakeFiles/stage.dir/model_blinkenlight.cc.o[0m
[1.716s] [ 18%] [32mBuilding CXX object libstage/CMakeFiles/stage.dir/gl.cc.o[0m
[1.721s] [ 20%] [32mBuilding CXX object libstage/CMakeFiles/stage.dir/model_bumper.cc.o[0m
[3.254s] [ 22%] [32mBuilding CXX object libstage/CMakeFiles/stage.dir/model_callbacks.cc.o[0m
[3.266s] [ 23%] [32mBuilding CXX object libstage/CMakeFiles/stage.dir/model_camera.cc.o[0m
[3.354s] [ 25%] [32mBuilding CXX object libstage/CMakeFiles/stage.dir/model_draw.cc.o[0m
[3.407s] [ 27%] [32mBuilding CXX object libstage/CMakeFiles/stage.dir/model_fiducial.cc.o[0m
[3.453s] [ 28%] [32mBuilding CXX object libstage/CMakeFiles/stage.dir/model_gripper.cc.o[0m
[3.479s] [ 30%] [32mBuilding CXX object libstage/CMakeFiles/stage.dir/model_lightindicator.cc.o[0m
[3.558s] [ 32%] [32mBuilding CXX object libstage/CMakeFiles/stage.dir/model_position.cc.o[0m
[3.650s] [ 33%] [32mBuilding CXX object libstage/CMakeFiles/stage.dir/model_ranger.cc.o[0m
[3.664s] [ 35%] [32mBuilding CXX object libstage/CMakeFiles/stage.dir/option.cc.o[0m
[3.736s] [ 37%] [32mBuilding CXX object libstage/CMakeFiles/stage.dir/powerpack.cc.o[0m
[3.742s] [ 38%] [32mBuilding CXX object libstage/CMakeFiles/stage.dir/region.cc.o[0m
[4.783s] [ 40%] [32mBuilding CXX object libstage/CMakeFiles/stage.dir/stage.cc.o[0m
[5.059s] [ 42%] [32mBuilding CXX object libstage/CMakeFiles/stage.dir/texture_manager.cc.o[0m
[5.161s] [ 44%] [32mBuilding CXX object libstage/CMakeFiles/stage.dir/typetable.cc.o[0m
[5.204s] [ 45%] [32mBuilding CXX object libstage/CMakeFiles/stage.dir/world.cc.o[0m
[5.327s] [ 47%] [32mBuilding CXX object libstage/CMakeFiles/stage.dir/worldfile.cc.o[0m
[5.429s] [ 49%] [32mBuilding CXX object libstage/CMakeFiles/stage.dir/canvas.cc.o[0m
[5.598s] [ 50%] [32mBuilding CXX object libstage/CMakeFiles/stage.dir/options_dlg.cc.o[0m
[5.724s] [ 52%] [32mBuilding CXX object libstage/CMakeFiles/stage.dir/vis_strip.cc.o[0m
[5.745s] [ 54%] [32mBuilding CXX object libstage/CMakeFiles/stage.dir/worldgui.cc.o[0m
[5.878s] [ 55%] [32mBuilding CXX object libstage/CMakeFiles/stage.dir/ancestor.cc.o[0m
[8.258s] [ 57%] [32m[1mLinking CXX shared library libstage.so[0m
[8.485s] [ 57%] Built target stage
[8.535s] [ 59%] [32mBuilding CXX object examples/ctrl/CMakeFiles/source.dir/source.cc.o[0m
[8.543s] [ 61%] [32mBuilding CXX object examples/ctrl/CMakeFiles/sink.dir/sink.cc.o[0m
[8.546s] [ 62%] [32mBuilding CXX object examples/ctrl/CMakeFiles/fasr.dir/fasr.cc.o[0m
[8.550s] [ 64%] [32mBuilding CXX object examples/ctrl/CMakeFiles/pioneer_flocking.dir/pioneer_flocking.cc.o[0m
[8.552s] [ 66%] [32mBuilding CXX object libstage/CMakeFiles/stagebinary.dir/main.cc.o[0m
[8.555s] [ 67%] [32mBuilding CXX object examples/ctrl/CMakeFiles/lasernoise.dir/lasernoise.cc.o[0m
[8.563s] [ 69%] [32mBuilding CXX object examples/ctrl/CMakeFiles/wander.dir/wander.cc.o[0m
[8.565s] [ 71%] [32mBuilding CXX object examples/ctrl/CMakeFiles/fasr2.dir/fasr2.cc.o[0m
[8.566s] [ 72%] [32mBuilding CXX object examples/ctrl/CMakeFiles/rasterize.dir/rasterize.cc.o[0m
[8.566s] [ 74%] [32mBuilding CXX object worlds/benchmark/CMakeFiles/expand_swarm.dir/expand_swarm.cc.o[0m
[8.575s] [ 76%] [32mBuilding CXX object examples/ctrl/CMakeFiles/dynamic.dir/dynamic.cc.o[0m
[8.579s] [ 77%] [32mBuilding CXX object worlds/benchmark/CMakeFiles/expand_pioneer.dir/expand_pioneer.cc.o[0m
[10.167s] [ 79%] [32m[1mLinking CXX shared module sink.so[0m
[10.472s] [ 81%] [32m[1mLinking CXX shared module wander.so[0m
[10.511s] [ 81%] Built target sink
[10.542s] [ 83%] [32mBuilding CXX object examples/ctrl/CMakeFiles/fasr2.dir/astar/findpath.cpp.o[0m
[10.564s] [ 84%] [32m[1mLinking CXX executable stage[0m
[10.751s] [ 86%] [32m[1mLinking CXX shared module expand_swarm.so[0m
[10.816s] [ 86%] Built target wander
[10.826s] [ 88%] [32m[1mLinking CXX shared module expand_pioneer.so[0m
[10.893s] [ 89%] [32m[1mLinking CXX shared module fasr.so[0m
[10.934s] [ 89%] Built target stagebinary
[11.006s] [ 91%] [32m[1mLinking CXX shared module lasernoise.so[0m
[11.025s] [ 93%] [32m[1mLinking CXX shared module source.so[0m
[11.027s] [ 93%] Built target expand_swarm
[11.060s] [ 94%] [32m[1mLinking CXX shared module rasterize.so[0m
[11.071s] [ 96%] [32m[1mLinking CXX shared module dynamic.so[0m
[11.116s] [ 96%] Built target expand_pioneer
[11.150s] [ 98%] [32m[1mLinking CXX shared module pioneer_flocking.so[0m
[11.227s] [ 98%] Built target fasr
[11.257s] [ 98%] Built target lasernoise
[11.264s] [ 98%] Built target source
[11.286s] [ 98%] Built target dynamic
[11.290s] [ 98%] Built target rasterize
[11.353s] [ 98%] Built target pioneer_flocking
[11.579s] [100%] [32m[1mLinking CXX shared module fasr2.so[0m
[11.702s] [100%] Built target fasr2
[11.720s] Invoked command in '/home/kaisar/warehouse_robot/build/stage' returned '0': DEBUGINFOD_URLS=https://debuginfod.ubuntu.com /usr/bin/cmake --build /home/kaisar/warehouse_robot/build/stage -- -j12 -l12
[11.721s] Invoking command in '/home/kaisar/warehouse_robot/build/stage': DEBUGINFOD_URLS=https://debuginfod.ubuntu.com /usr/bin/cmake --install /home/kaisar/warehouse_robot/build/stage
[11.731s] -- Install configuration: "RELEASE"
[11.731s] -- Installing: /home/kaisar/warehouse_robot/install/stage/lib/pkgconfig/stage.pc
[11.731s] -- Installing: /home/kaisar/warehouse_robot/install/stage/lib/cmake/Stage/stage-config.cmake
[11.731s] -- Installing: /home/kaisar/warehouse_robot/install/stage/lib/cmake/Stage/stage-config-version.cmake
[11.732s] -- Installing: /home/kaisar/warehouse_robot/install/stage/bin/stage
[11.732s] -- Set non-toolchain portion of runtime path of "/home/kaisar/warehouse_robot/install/stage/bin/stage" to ""
[11.732s] -- Installing: /home/kaisar/warehouse_robot/install/stage/lib/libstage.so.4.3.0
[11.733s] -- Installing: /home/kaisar/warehouse_robot/install/stage/lib/libstage.so
[11.733s] -- Installing: /home/kaisar/warehouse_robot/install/stage/include/Stage-4.3/stage.hh
[11.734s] -- Installing: /home/kaisar/warehouse_robot/install/stage/lib/Stage-4.3/fasr.so
[11.734s] -- Set non-toolchain portion of runtime path of "/home/kaisar/warehouse_robot/install/stage/lib/Stage-4.3/fasr.so" to ""
[11.734s] -- Installing: /home/kaisar/warehouse_robot/install/stage/lib/Stage-4.3/sink.so
[11.735s] -- Set non-toolchain portion of runtime path of "/home/kaisar/warehouse_robot/install/stage/lib/Stage-4.3/sink.so" to ""
[11.735s] -- Installing: /home/kaisar/warehouse_robot/install/stage/lib/Stage-4.3/source.so
[11.735s] -- Set non-toolchain portion of runtime path of "/home/kaisar/warehouse_robot/install/stage/lib/Stage-4.3/source.so" to ""
[11.735s] -- Installing: /home/kaisar/warehouse_robot/install/stage/lib/Stage-4.3/wander.so
[11.736s] -- Set non-toolchain portion of runtime path of "/home/kaisar/warehouse_robot/install/stage/lib/Stage-4.3/wander.so" to ""
[11.736s] -- Installing: /home/kaisar/warehouse_robot/install/stage/lib/Stage-4.3/pioneer_flocking.so
[11.736s] -- Set non-toolchain portion of runtime path of "/home/kaisar/warehouse_robot/install/stage/lib/Stage-4.3/pioneer_flocking.so" to ""
[11.736s] -- Installing: /home/kaisar/warehouse_robot/install/stage/lib/Stage-4.3/rasterize.so
[11.737s] -- Set non-toolchain portion of runtime path of "/home/kaisar/warehouse_robot/install/stage/lib/Stage-4.3/rasterize.so" to ""
[11.737s] -- Installing: /home/kaisar/warehouse_robot/install/stage/lib/Stage-4.3/lasernoise.so
[11.737s] -- Set non-toolchain portion of runtime path of "/home/kaisar/warehouse_robot/install/stage/lib/Stage-4.3/lasernoise.so" to ""
[11.737s] -- Installing: /home/kaisar/warehouse_robot/install/stage/lib/Stage-4.3/dynamic.so
[11.737s] -- Set non-toolchain portion of runtime path of "/home/kaisar/warehouse_robot/install/stage/lib/Stage-4.3/dynamic.so" to ""
[11.738s] -- Installing: /home/kaisar/warehouse_robot/install/stage/lib/Stage-4.3/fasr2.so
[11.738s] -- Set non-toolchain portion of runtime path of "/home/kaisar/warehouse_robot/install/stage/lib/Stage-4.3/fasr2.so" to ""
[11.738s] -- Installing: /home/kaisar/warehouse_robot/install/stage/share/stage/assets/blue.png
[11.739s] -- Installing: /home/kaisar/warehouse_robot/install/stage/share/stage/assets/death.png
[11.739s] -- Installing: /home/kaisar/warehouse_robot/install/stage/share/stage/assets/green.png
[11.739s] -- Installing: /home/kaisar/warehouse_robot/install/stage/share/stage/assets/logo.png
[11.740s] -- Installing: /home/kaisar/warehouse_robot/install/stage/share/stage/assets/mains.png
[11.740s] -- Installing: /home/kaisar/warehouse_robot/install/stage/share/stage/assets/mainspower.png
[11.741s] -- Installing: /home/kaisar/warehouse_robot/install/stage/share/stage/assets/question_mark.png
[11.741s] -- Installing: /home/kaisar/warehouse_robot/install/stage/share/stage/assets/red.png
[11.742s] -- Installing: /home/kaisar/warehouse_robot/install/stage/share/stage/assets/stagelogo.png
[11.742s] -- Installing: /home/kaisar/warehouse_robot/install/stage/share/stage/assets/stall-old.png
[11.742s] -- Installing: /home/kaisar/warehouse_robot/install/stage/share/stage/assets/stall.png
[11.743s] -- Installing: /home/kaisar/warehouse_robot/install/stage/share/stage/assets/rgb.txt
[11.743s] -- Installing: /home/kaisar/warehouse_robot/install/stage/share/stage/rgb.txt
[11.744s] -- Installing: /home/kaisar/warehouse_robot/install/stage/share/stage/worlds/amcl-sonar.cfg
[11.744s] -- Installing: /home/kaisar/warehouse_robot/install/stage/share/stage/worlds/autolab.cfg
[11.744s] -- Installing: /home/kaisar/warehouse_robot/install/stage/share/stage/worlds/camera.cfg
[11.744s] -- Installing: /home/kaisar/warehouse_robot/install/stage/share/stage/worlds/everything.cfg
[11.745s] -- Installing: /home/kaisar/warehouse_robot/install/stage/share/stage/worlds/lsp_test.cfg
[11.745s] -- Installing: /home/kaisar/warehouse_robot/install/stage/share/stage/worlds/mbicp.cfg
[11.745s] -- Installing: /home/kaisar/warehouse_robot/install/stage/share/stage/worlds/nd.cfg
[11.746s] -- Installing: /home/kaisar/warehouse_robot/install/stage/share/stage/worlds/roomba.cfg
[11.746s] -- Installing: /home/kaisar/warehouse_robot/install/stage/share/stage/worlds/simple.cfg
[11.746s] -- Installing: /home/kaisar/warehouse_robot/install/stage/share/stage/worlds/test.cfg
[11.747s] -- Installing: /home/kaisar/warehouse_robot/install/stage/share/stage/worlds/uoa_robotics_lab.cfg
[11.747s] -- Installing: /home/kaisar/warehouse_robot/install/stage/share/stage/worlds/vfh.cfg
[11.747s] -- Installing: /home/kaisar/warehouse_robot/install/stage/share/stage/worlds/wavefront-remote.cfg
[11.747s] -- Installing: /home/kaisar/warehouse_robot/install/stage/share/stage/worlds/wavefront.cfg
[11.748s] -- Installing: /home/kaisar/warehouse_robot/install/stage/share/stage/worlds/wifi.cfg
[11.748s] -- Installing: /home/kaisar/warehouse_robot/install/stage/share/stage/worlds/SFU.world
[11.748s] -- Installing: /home/kaisar/warehouse_robot/install/stage/share/stage/worlds/autolab.world
[11.749s] -- Installing: /home/kaisar/warehouse_robot/install/stage/share/stage/worlds/camera.world
[11.749s] -- Installing: /home/kaisar/warehouse_robot/install/stage/share/stage/worlds/circuit.world
[11.749s] -- Installing: /home/kaisar/warehouse_robot/install/stage/share/stage/worlds/everything.world
[11.749s] -- Installing: /home/kaisar/warehouse_robot/install/stage/share/stage/worlds/fasr.world
[11.750s] -- Installing: /home/kaisar/warehouse_robot/install/stage/share/stage/worlds/fasr2.world
[11.750s] -- Installing: /home/kaisar/warehouse_robot/install/stage/share/stage/worlds/fasr_plan.world
[11.750s] -- Installing: /home/kaisar/warehouse_robot/install/stage/share/stage/worlds/large.world
[11.751s] -- Installing: /home/kaisar/warehouse_robot/install/stage/share/stage/worlds/lsp_test.world
[11.751s] -- Installing: /home/kaisar/warehouse_robot/install/stage/share/stage/worlds/mbicp.world
[11.751s] -- Installing: /home/kaisar/warehouse_robot/install/stage/share/stage/worlds/pioneer_flocking.world
[11.751s] -- Installing: /home/kaisar/warehouse_robot/install/stage/share/stage/worlds/pioneer_follow.world
[11.752s] -- Installing: /home/kaisar/warehouse_robot/install/stage/share/stage/worlds/pioneer_walle.world
[11.752s] -- Installing: /home/kaisar/warehouse_robot/install/stage/share/stage/worlds/roomba.world
[11.752s] -- Installing: /home/kaisar/warehouse_robot/install/stage/share/stage/worlds/sensor_noise_demo.world
[11.752s] -- Installing: /home/kaisar/warehouse_robot/install/stage/share/stage/worlds/sensor_noise_module_demo.world
[11.753s] -- Installing: /home/kaisar/warehouse_robot/install/stage/share/stage/worlds/simple.world
[11.753s] -- Installing: /home/kaisar/warehouse_robot/install/stage/share/stage/worlds/uoa_robotics_lab.world
[11.753s] -- Installing: /home/kaisar/warehouse_robot/install/stage/share/stage/worlds/wifi.world
[11.754s] -- Installing: /home/kaisar/warehouse_robot/install/stage/share/stage/worlds/beacons.inc
[11.754s] -- Installing: /home/kaisar/warehouse_robot/install/stage/share/stage/worlds/chatterbox.inc
[11.754s] -- Installing: /home/kaisar/warehouse_robot/install/stage/share/stage/worlds/hokuyo.inc
[11.754s] -- Installing: /home/kaisar/warehouse_robot/install/stage/share/stage/worlds/irobot.inc
[11.755s] -- Installing: /home/kaisar/warehouse_robot/install/stage/share/stage/worlds/map.inc
[11.755s] -- Installing: /home/kaisar/warehouse_robot/install/stage/share/stage/worlds/objects.inc
[11.755s] -- Installing: /home/kaisar/warehouse_robot/install/stage/share/stage/worlds/pantilt.inc
[11.756s] -- Installing: /home/kaisar/warehouse_robot/install/stage/share/stage/worlds/pioneer.inc
[11.756s] -- Installing: /home/kaisar/warehouse_robot/install/stage/share/stage/worlds/sick.inc
[11.756s] -- Installing: /home/kaisar/warehouse_robot/install/stage/share/stage/worlds/ubot.inc
[11.756s] -- Installing: /home/kaisar/warehouse_robot/install/stage/share/stage/worlds/uoa_robotics_lab_models.inc
[11.757s] -- Installing: /home/kaisar/warehouse_robot/install/stage/share/stage/worlds/walle.inc
[11.757s] -- Installing: /home/kaisar/warehouse_robot/install/stage/share/stage/worlds/cfggen.sh
[11.757s] -- Installing: /home/kaisar/warehouse_robot/install/stage/share/stage/worlds/test.sh
[11.758s] -- Installing: /home/kaisar/warehouse_robot/install/stage/share/stage/worlds/worldgen.sh
[11.758s] -- Installing: /home/kaisar/warehouse_robot/install/stage/lib/Stage-4.3/expand_swarm.so
[11.759s] -- Set non-toolchain portion of runtime path of "/home/kaisar/warehouse_robot/install/stage/lib/Stage-4.3/expand_swarm.so" to ""
[11.759s] -- Installing: /home/kaisar/warehouse_robot/install/stage/lib/Stage-4.3/expand_pioneer.so
[11.759s] -- Set non-toolchain portion of runtime path of "/home/kaisar/warehouse_robot/install/stage/lib/Stage-4.3/expand_pioneer.so" to ""
[11.759s] -- Installing: /home/kaisar/warehouse_robot/install/stage/share/stage/worlds/bitmaps/889_05.png
[11.760s] -- Installing: /home/kaisar/warehouse_robot/install/stage/share/stage/worlds/bitmaps/SFU_1200x615.png
[11.761s] -- Installing: /home/kaisar/warehouse_robot/install/stage/share/stage/worlds/bitmaps/SRI-AIC-kwing.png
[11.761s] -- Installing: /home/kaisar/warehouse_robot/install/stage/share/stage/worlds/bitmaps/autolab.png
[11.762s] -- Installing: /home/kaisar/warehouse_robot/install/stage/share/stage/worlds/bitmaps/cave.png
[11.762s] -- Installing: /home/kaisar/warehouse_robot/install/stage/share/stage/worlds/bitmaps/cave_compact.png
[11.762s] -- Installing: /home/kaisar/warehouse_robot/install/stage/share/stage/worlds/bitmaps/cave_filled.png
[11.762s] -- Installing: /home/kaisar/warehouse_robot/install/stage/share/stage/worlds/bitmaps/frieburg.png
[11.763s] -- Installing: /home/kaisar/warehouse_robot/install/stage/share/stage/worlds/bitmaps/ghost.png
[11.763s] -- Installing: /home/kaisar/warehouse_robot/install/stage/share/stage/worlds/bitmaps/hospital.png
[11.764s] -- Installing: /home/kaisar/warehouse_robot/install/stage/share/stage/worlds/bitmaps/hospital_section.png
[11.764s] -- Installing: /home/kaisar/warehouse_robot/install/stage/share/stage/worlds/bitmaps/human_outline.png
[11.764s] -- Installing: /home/kaisar/warehouse_robot/install/stage/share/stage/worlds/bitmaps/mbicp.png
[11.764s] -- Installing: /home/kaisar/warehouse_robot/install/stage/share/stage/worlds/bitmaps/rink.png
[11.764s] -- Installing: /home/kaisar/warehouse_robot/install/stage/share/stage/worlds/bitmaps/sal2.png
[11.765s] -- Installing: /home/kaisar/warehouse_robot/install/stage/share/stage/worlds/bitmaps/simple_rooms.png
[11.765s] -- Installing: /home/kaisar/warehouse_robot/install/stage/share/stage/worlds/bitmaps/space_invader.png
[11.765s] -- Installing: /home/kaisar/warehouse_robot/install/stage/share/stage/worlds/bitmaps/submarine.png
[11.766s] -- Installing: /home/kaisar/warehouse_robot/install/stage/share/stage/worlds/bitmaps/submarine_small.png
[11.766s] -- Installing: /home/kaisar/warehouse_robot/install/stage/share/stage/worlds/bitmaps/table.png
[11.766s] -- Installing: /home/kaisar/warehouse_robot/install/stage/share/stage/worlds/bitmaps/uoa_robotics_lab.png
[11.767s] -- Installing: /home/kaisar/warehouse_robot/install/stage/share/stage/worlds/wifi/commando.world
[11.767s] -- Installing: /home/kaisar/warehouse_robot/install/stage/share/stage/worlds/wifi/hosp_wifi.world
[11.767s] -- Installing: /home/kaisar/warehouse_robot/install/stage/share/stage/worlds/wifi/hosp_wifi_5.world
[11.768s] -- Installing: /home/kaisar/warehouse_robot/install/stage/share/stage/worlds/wifi/wifi.world
[11.768s] -- Installing: /home/kaisar/warehouse_robot/install/stage/share/stage/worlds/wifi/wifi_itu.world
[11.768s] -- Installing: /home/kaisar/warehouse_robot/install/stage/share/stage/worlds/wifi/wifi_logdistance.world
[11.768s] -- Installing: /home/kaisar/warehouse_robot/install/stage/share/stage/worlds/wifi/wifi_ray.world
[11.769s] -- Installing: /home/kaisar/warehouse_robot/install/stage/share/stage/worlds/wifi/wifi_simple.world
[11.769s] -- Installing: /home/kaisar/warehouse_robot/install/stage/share/stage/worlds/wifi/map.inc
[11.773s] Invoked command in '/home/kaisar/warehouse_robot/build/stage' returned '0': DEBUGINFOD_URLS=https://debuginfod.ubuntu.com /usr/bin/cmake --install /home/kaisar/warehouse_robot/build/stage
