[0.027s] Invoking command in '/home/kaisar/warehouse_robot/robot/build/stage': DEBUGINFOD_URLS=https://debuginfod.ubuntu.com /usr/bin/cmake --build /home/kaisar/warehouse_robot/robot/build/stage -- -j12 -l12
[0.121s] [ 57%] Built target stage
[0.179s] [ 61%] Built target stagebinary
[0.179s] [ 64%] Built target fasr
[0.194s] [ 67%] Built target wander
[0.195s] [ 71%] Built target source
[0.195s] [ 74%] Built target rasterize
[0.202s] [ 77%] Built target lasernoise
[0.209s] [ 81%] Built target pioneer_flocking
[0.213s] [ 88%] Built target expand_swarm
[0.214s] [ 93%] Built target fasr2
[0.215s] [ 84%] Built target sink
[0.220s] [ 96%] Built target dynamic
[0.228s] [100%] Built target expand_pioneer
[0.250s] Invoked command in '/home/kaisar/warehouse_robot/robot/build/stage' returned '0': DEBUGINFOD_URLS=https://debuginfod.ubuntu.com /usr/bin/cmake --build /home/kaisar/warehouse_robot/robot/build/stage -- -j12 -l12
[0.253s] Invoking command in '/home/kaisar/warehouse_robot/robot/build/stage': DEBUGINFOD_URLS=https://debuginfod.ubuntu.com /usr/bin/cmake --install /home/kaisar/warehouse_robot/robot/build/stage
[0.268s] -- Install configuration: "RELEASE"
[0.268s] -- Up-to-date: /home/kaisar/warehouse_robot/robot/install/stage/lib/pkgconfig/stage.pc
[0.268s] -- Up-to-date: /home/kaisar/warehouse_robot/robot/install/stage/lib/cmake/Stage/stage-config.cmake
[0.268s] -- Up-to-date: /home/kaisar/warehouse_robot/robot/install/stage/lib/cmake/Stage/stage-config-version.cmake
[0.269s] -- Up-to-date: /home/kaisar/warehouse_robot/robot/install/stage/bin/stage
[0.270s] -- Up-to-date: /home/kaisar/warehouse_robot/robot/install/stage/lib/libstage.so.4.3.0
[0.270s] -- Up-to-date: /home/kaisar/warehouse_robot/robot/install/stage/lib/libstage.so
[0.270s] -- Up-to-date: /home/kaisar/warehouse_robot/robot/install/stage/include/Stage-4.3/stage.hh
[0.271s] -- Up-to-date: /home/kaisar/warehouse_robot/robot/install/stage/lib/Stage-4.3/fasr.so
[0.272s] -- Up-to-date: /home/kaisar/warehouse_robot/robot/install/stage/lib/Stage-4.3/sink.so
[0.272s] -- Up-to-date: /home/kaisar/warehouse_robot/robot/install/stage/lib/Stage-4.3/source.so
[0.273s] -- Up-to-date: /home/kaisar/warehouse_robot/robot/install/stage/lib/Stage-4.3/wander.so
[0.273s] -- Up-to-date: /home/kaisar/warehouse_robot/robot/install/stage/lib/Stage-4.3/pioneer_flocking.so
[0.274s] -- Up-to-date: /home/kaisar/warehouse_robot/robot/install/stage/lib/Stage-4.3/rasterize.so
[0.275s] -- Up-to-date: /home/kaisar/warehouse_robot/robot/install/stage/lib/Stage-4.3/lasernoise.so
[0.275s] -- Up-to-date: /home/kaisar/warehouse_robot/robot/install/stage/lib/Stage-4.3/dynamic.so
[0.276s] -- Up-to-date: /home/kaisar/warehouse_robot/robot/install/stage/lib/Stage-4.3/fasr2.so
[0.277s] -- Up-to-date: /home/kaisar/warehouse_robot/robot/install/stage/share/stage/assets/blue.png
[0.277s] -- Up-to-date: /home/kaisar/warehouse_robot/robot/install/stage/share/stage/assets/death.png
[0.277s] -- Up-to-date: /home/kaisar/warehouse_robot/robot/install/stage/share/stage/assets/green.png
[0.277s] -- Up-to-date: /home/kaisar/warehouse_robot/robot/install/stage/share/stage/assets/logo.png
[0.278s] -- Up-to-date: /home/kaisar/warehouse_robot/robot/install/stage/share/stage/assets/mains.png
[0.278s] -- Up-to-date: /home/kaisar/warehouse_robot/robot/install/stage/share/stage/assets/mainspower.png
[0.278s] -- Up-to-date: /home/kaisar/warehouse_robot/robot/install/stage/share/stage/assets/question_mark.png
[0.278s] -- Up-to-date: /home/kaisar/warehouse_robot/robot/install/stage/share/stage/assets/red.png
[0.278s] -- Up-to-date: /home/kaisar/warehouse_robot/robot/install/stage/share/stage/assets/stagelogo.png
[0.279s] -- Up-to-date: /home/kaisar/warehouse_robot/robot/install/stage/share/stage/assets/stall-old.png
[0.279s] -- Up-to-date: /home/kaisar/warehouse_robot/robot/install/stage/share/stage/assets/stall.png
[0.279s] -- Up-to-date: /home/kaisar/warehouse_robot/robot/install/stage/share/stage/assets/rgb.txt
[0.279s] -- Up-to-date: /home/kaisar/warehouse_robot/robot/install/stage/share/stage/rgb.txt
[0.280s] -- Up-to-date: /home/kaisar/warehouse_robot/robot/install/stage/share/stage/worlds/amcl-sonar.cfg
[0.280s] -- Up-to-date: /home/kaisar/warehouse_robot/robot/install/stage/share/stage/worlds/autolab.cfg
[0.280s] -- Up-to-date: /home/kaisar/warehouse_robot/robot/install/stage/share/stage/worlds/camera.cfg
[0.280s] -- Up-to-date: /home/kaisar/warehouse_robot/robot/install/stage/share/stage/worlds/everything.cfg
[0.280s] -- Up-to-date: /home/kaisar/warehouse_robot/robot/install/stage/share/stage/worlds/lsp_test.cfg
[0.280s] -- Up-to-date: /home/kaisar/warehouse_robot/robot/install/stage/share/stage/worlds/mbicp.cfg
[0.280s] -- Up-to-date: /home/kaisar/warehouse_robot/robot/install/stage/share/stage/worlds/nd.cfg
[0.280s] -- Up-to-date: /home/kaisar/warehouse_robot/robot/install/stage/share/stage/worlds/roomba.cfg
[0.280s] -- Up-to-date: /home/kaisar/warehouse_robot/robot/install/stage/share/stage/worlds/simple.cfg
[0.280s] -- Up-to-date: /home/kaisar/warehouse_robot/robot/install/stage/share/stage/worlds/test.cfg
[0.281s] -- Up-to-date: /home/kaisar/warehouse_robot/robot/install/stage/share/stage/worlds/uoa_robotics_lab.cfg
[0.281s] -- Up-to-date: /home/kaisar/warehouse_robot/robot/install/stage/share/stage/worlds/vfh.cfg
[0.281s] -- Up-to-date: /home/kaisar/warehouse_robot/robot/install/stage/share/stage/worlds/wavefront-remote.cfg
[0.281s] -- Up-to-date: /home/kaisar/warehouse_robot/robot/install/stage/share/stage/worlds/wavefront.cfg
[0.281s] -- Up-to-date: /home/kaisar/warehouse_robot/robot/install/stage/share/stage/worlds/wifi.cfg
[0.282s] -- Up-to-date: /home/kaisar/warehouse_robot/robot/install/stage/share/stage/worlds/SFU.world
[0.282s] -- Up-to-date: /home/kaisar/warehouse_robot/robot/install/stage/share/stage/worlds/autolab.world
[0.283s] -- Up-to-date: /home/kaisar/warehouse_robot/robot/install/stage/share/stage/worlds/camera.world
[0.283s] -- Up-to-date: /home/kaisar/warehouse_robot/robot/install/stage/share/stage/worlds/circuit.world
[0.283s] -- Up-to-date: /home/kaisar/warehouse_robot/robot/install/stage/share/stage/worlds/everything.world
[0.283s] -- Up-to-date: /home/kaisar/warehouse_robot/robot/install/stage/share/stage/worlds/fasr.world
[0.284s] -- Up-to-date: /home/kaisar/warehouse_robot/robot/install/stage/share/stage/worlds/fasr2.world
[0.284s] -- Up-to-date: /home/kaisar/warehouse_robot/robot/install/stage/share/stage/worlds/fasr_plan.world
[0.285s] -- Up-to-date: /home/kaisar/warehouse_robot/robot/install/stage/share/stage/worlds/large.world
[0.285s] -- Up-to-date: /home/kaisar/warehouse_robot/robot/install/stage/share/stage/worlds/lsp_test.world
[0.286s] -- Up-to-date: /home/kaisar/warehouse_robot/robot/install/stage/share/stage/worlds/mbicp.world
[0.288s] -- Up-to-date: /home/kaisar/warehouse_robot/robot/install/stage/share/stage/worlds/pioneer_flocking.world
[0.288s] -- Up-to-date: /home/kaisar/warehouse_robot/robot/install/stage/share/stage/worlds/pioneer_follow.world
[0.288s] -- Up-to-date: /home/kaisar/warehouse_robot/robot/install/stage/share/stage/worlds/pioneer_walle.world
[0.289s] -- Up-to-date: /home/kaisar/warehouse_robot/robot/install/stage/share/stage/worlds/roomba.world
[0.289s] -- Up-to-date: /home/kaisar/warehouse_robot/robot/install/stage/share/stage/worlds/sensor_noise_demo.world
[0.290s] -- Up-to-date: /home/kaisar/warehouse_robot/robot/install/stage/share/stage/worlds/sensor_noise_module_demo.world
[0.291s] -- Up-to-date: /home/kaisar/warehouse_robot/robot/install/stage/share/stage/worlds/simple.world
[0.291s] -- Up-to-date: /home/kaisar/warehouse_robot/robot/install/stage/share/stage/worlds/uoa_robotics_lab.world
[0.291s] -- Up-to-date: /home/kaisar/warehouse_robot/robot/install/stage/share/stage/worlds/wifi.world
[0.291s] -- Up-to-date: /home/kaisar/warehouse_robot/robot/install/stage/share/stage/worlds/beacons.inc
[0.292s] -- Up-to-date: /home/kaisar/warehouse_robot/robot/install/stage/share/stage/worlds/chatterbox.inc
[0.292s] -- Up-to-date: /home/kaisar/warehouse_robot/robot/install/stage/share/stage/worlds/hokuyo.inc
[0.293s] -- Up-to-date: /home/kaisar/warehouse_robot/robot/install/stage/share/stage/worlds/irobot.inc
[0.293s] -- Up-to-date: /home/kaisar/warehouse_robot/robot/install/stage/share/stage/worlds/map.inc
[0.293s] -- Up-to-date: /home/kaisar/warehouse_robot/robot/install/stage/share/stage/worlds/objects.inc
[0.293s] -- Up-to-date: /home/kaisar/warehouse_robot/robot/install/stage/share/stage/worlds/pantilt.inc
[0.294s] -- Up-to-date: /home/kaisar/warehouse_robot/robot/install/stage/share/stage/worlds/pioneer.inc
[0.294s] -- Up-to-date: /home/kaisar/warehouse_robot/robot/install/stage/share/stage/worlds/sick.inc
[0.294s] -- Up-to-date: /home/kaisar/warehouse_robot/robot/install/stage/share/stage/worlds/ubot.inc
[0.294s] -- Up-to-date: /home/kaisar/warehouse_robot/robot/install/stage/share/stage/worlds/uoa_robotics_lab_models.inc
[0.294s] -- Up-to-date: /home/kaisar/warehouse_robot/robot/install/stage/share/stage/worlds/walle.inc
[0.295s] -- Up-to-date: /home/kaisar/warehouse_robot/robot/install/stage/share/stage/worlds/cfggen.sh
[0.295s] -- Up-to-date: /home/kaisar/warehouse_robot/robot/install/stage/share/stage/worlds/test.sh
[0.295s] -- Up-to-date: /home/kaisar/warehouse_robot/robot/install/stage/share/stage/worlds/worldgen.sh
[0.296s] -- Up-to-date: /home/kaisar/warehouse_robot/robot/install/stage/lib/Stage-4.3/expand_swarm.so
[0.296s] -- Up-to-date: /home/kaisar/warehouse_robot/robot/install/stage/lib/Stage-4.3/expand_pioneer.so
[0.298s] -- Up-to-date: /home/kaisar/warehouse_robot/robot/install/stage/share/stage/worlds/bitmaps/889_05.png
[0.298s] -- Up-to-date: /home/kaisar/warehouse_robot/robot/install/stage/share/stage/worlds/bitmaps/SFU_1200x615.png
[0.299s] -- Up-to-date: /home/kaisar/warehouse_robot/robot/install/stage/share/stage/worlds/bitmaps/SRI-AIC-kwing.png
[0.299s] -- Up-to-date: /home/kaisar/warehouse_robot/robot/install/stage/share/stage/worlds/bitmaps/autolab.png
[0.299s] -- Up-to-date: /home/kaisar/warehouse_robot/robot/install/stage/share/stage/worlds/bitmaps/cave.png
[0.300s] -- Up-to-date: /home/kaisar/warehouse_robot/robot/install/stage/share/stage/worlds/bitmaps/cave_compact.png
[0.300s] -- Up-to-date: /home/kaisar/warehouse_robot/robot/install/stage/share/stage/worlds/bitmaps/cave_filled.png
[0.301s] -- Up-to-date: /home/kaisar/warehouse_robot/robot/install/stage/share/stage/worlds/bitmaps/frieburg.png
[0.302s] -- Up-to-date: /home/kaisar/warehouse_robot/robot/install/stage/share/stage/worlds/bitmaps/ghost.png
[0.303s] -- Up-to-date: /home/kaisar/warehouse_robot/robot/install/stage/share/stage/worlds/bitmaps/hospital.png
[0.304s] -- Up-to-date: /home/kaisar/warehouse_robot/robot/install/stage/share/stage/worlds/bitmaps/hospital_section.png
[0.305s] -- Up-to-date: /home/kaisar/warehouse_robot/robot/install/stage/share/stage/worlds/bitmaps/human_outline.png
[0.306s] -- Up-to-date: /home/kaisar/warehouse_robot/robot/install/stage/share/stage/worlds/bitmaps/mbicp.png
[0.306s] -- Up-to-date: /home/kaisar/warehouse_robot/robot/install/stage/share/stage/worlds/bitmaps/rink.png
[0.306s] -- Up-to-date: /home/kaisar/warehouse_robot/robot/install/stage/share/stage/worlds/bitmaps/sal2.png
[0.307s] -- Up-to-date: /home/kaisar/warehouse_robot/robot/install/stage/share/stage/worlds/bitmaps/simple_rooms.png
[0.307s] -- Up-to-date: /home/kaisar/warehouse_robot/robot/install/stage/share/stage/worlds/bitmaps/space_invader.png
[0.307s] -- Up-to-date: /home/kaisar/warehouse_robot/robot/install/stage/share/stage/worlds/bitmaps/submarine.png
[0.307s] -- Up-to-date: /home/kaisar/warehouse_robot/robot/install/stage/share/stage/worlds/bitmaps/submarine_small.png
[0.308s] -- Up-to-date: /home/kaisar/warehouse_robot/robot/install/stage/share/stage/worlds/bitmaps/table.png
[0.308s] -- Up-to-date: /home/kaisar/warehouse_robot/robot/install/stage/share/stage/worlds/bitmaps/uoa_robotics_lab.png
[0.308s] -- Up-to-date: /home/kaisar/warehouse_robot/robot/install/stage/share/stage/worlds/wifi/commando.world
[0.309s] -- Up-to-date: /home/kaisar/warehouse_robot/robot/install/stage/share/stage/worlds/wifi/hosp_wifi.world
[0.309s] -- Up-to-date: /home/kaisar/warehouse_robot/robot/install/stage/share/stage/worlds/wifi/hosp_wifi_5.world
[0.309s] -- Up-to-date: /home/kaisar/warehouse_robot/robot/install/stage/share/stage/worlds/wifi/wifi.world
[0.309s] -- Up-to-date: /home/kaisar/warehouse_robot/robot/install/stage/share/stage/worlds/wifi/wifi_itu.world
[0.309s] -- Up-to-date: /home/kaisar/warehouse_robot/robot/install/stage/share/stage/worlds/wifi/wifi_logdistance.world
[0.310s] -- Up-to-date: /home/kaisar/warehouse_robot/robot/install/stage/share/stage/worlds/wifi/wifi_ray.world
[0.310s] -- Up-to-date: /home/kaisar/warehouse_robot/robot/install/stage/share/stage/worlds/wifi/wifi_simple.world
[0.310s] -- Up-to-date: /home/kaisar/warehouse_robot/robot/install/stage/share/stage/worlds/wifi/map.inc
[0.317s] Invoked command in '/home/kaisar/warehouse_robot/robot/build/stage' returned '0': DEBUGINFOD_URLS=https://debuginfod.ubuntu.com /usr/bin/cmake --install /home/kaisar/warehouse_robot/robot/build/stage
