running develop
Removing /home/kaisar/warehouse_robot/robot/install/robot_map_manager/lib/python3.12/site-packages/robot-map-manager.egg-link (link to .)
running egg_info
writing ../../../build/robot_map_manager/robot_map_manager.egg-info/PKG-INFO
writing dependency_links to ../../../build/robot_map_manager/robot_map_manager.egg-info/dependency_links.txt
writing entry points to ../../../build/robot_map_manager/robot_map_manager.egg-info/entry_points.txt
writing requirements to ../../../build/robot_map_manager/robot_map_manager.egg-info/requires.txt
writing top-level names to ../../../build/robot_map_manager/robot_map_manager.egg-info/top_level.txt
reading manifest file '../../../build/robot_map_manager/robot_map_manager.egg-info/SOURCES.txt'
writing manifest file '../../../build/robot_map_manager/robot_map_manager.egg-info/SOURCES.txt'
running build
running build_py
running install
running install_lib
creating /home/kaisar/warehouse_robot/robot/install/robot_map_manager/lib/python3.12/site-packages/robot_map_manager
copying /home/kaisar/warehouse_robot/robot/build/robot_map_manager/build/lib/robot_map_manager/node.py -> /home/kaisar/warehouse_robot/robot/install/robot_map_manager/lib/python3.12/site-packages/robot_map_manager
copying /home/kaisar/warehouse_robot/robot/build/robot_map_manager/build/lib/robot_map_manager/__init__.py -> /home/kaisar/warehouse_robot/robot/install/robot_map_manager/lib/python3.12/site-packages/robot_map_manager
byte-compiling /home/kaisar/warehouse_robot/robot/install/robot_map_manager/lib/python3.12/site-packages/robot_map_manager/node.py to node.cpython-312.pyc
byte-compiling /home/kaisar/warehouse_robot/robot/install/robot_map_manager/lib/python3.12/site-packages/robot_map_manager/__init__.py to __init__.cpython-312.pyc
running install_data
copying resource/robot_map_manager -> /home/kaisar/warehouse_robot/robot/install/robot_map_manager/share/ament_index/resource_index/packages
copying package.xml -> /home/kaisar/warehouse_robot/robot/install/robot_map_manager/share/robot_map_manager
running install_egg_info
Copying ../../../build/robot_map_manager/robot_map_manager.egg-info to /home/kaisar/warehouse_robot/robot/install/robot_map_manager/lib/python3.12/site-packages/robot_map_manager-0.0.0-py3.12.egg-info
running install_scripts
Installing map_manager_node script to /home/kaisar/warehouse_robot/robot/install/robot_map_manager/lib/robot_map_manager
writing list of installed files to '/home/kaisar/warehouse_robot/robot/build/robot_map_manager/install.log'
