[2.029s] Invoking command in '/home/kaisar/warehouse_robot/robot/build/robot_map_manager': AMENT_PREFIX_PATH=/home/kaisar/warehouse_robot/robot/install/robot_planner:/home/kaisar/warehouse_robot/robot/install/robot_msgs:${AMENT_PREFIX_PATH} CMAKE_PREFIX_PATH=/home/kaisar/warehouse_robot/robot/install/robot_msgs:${CMAKE_PREFIX_PATH} DEBUGINFOD_URLS=https://debuginfod.ubuntu.com LD_LIBRARY_PATH=/home/kaisar/warehouse_robot/robot/install/robot_msgs/lib:${LD_LIBRARY_PATH} PYTHONPATH=/home/kaisar/warehouse_robot/robot/build/robot_map_manager/prefix_override:/usr/lib/python3/dist-packages/colcon_core/task/python/colcon_distutils_commands:/home/kaisar/warehouse_robot/robot/install/robot_map_manager/lib/python3.12/site-packages:/home/kaisar/warehouse_robot/robot/build/robot_planner:/home/kaisar/warehouse_robot/robot/install/robot_planner/lib/python3.12/site-packages:/home/kaisar/warehouse_robot/robot/install/robot_msgs/lib/python3.12/site-packages:${PYTHONPATH} /usr/bin/python3 -W ignore:setup.py install is deprecated -W ignore:easy_install command is deprecated setup.py develop --uninstall --editable --build-directory /home/kaisar/warehouse_robot/robot/build/robot_map_manager/build
[2.500s] running develop
[2.886s] Removing /home/kaisar/warehouse_robot/robot/install/robot_map_manager/lib/python3.12/site-packages/robot-map-manager.egg-link (link to .)
[2.969s] Invoked command in '/home/kaisar/warehouse_robot/robot/build/robot_map_manager' returned '0': AMENT_PREFIX_PATH=/home/kaisar/warehouse_robot/robot/install/robot_planner:/home/kaisar/warehouse_robot/robot/install/robot_msgs:${AMENT_PREFIX_PATH} CMAKE_PREFIX_PATH=/home/kaisar/warehouse_robot/robot/install/robot_msgs:${CMAKE_PREFIX_PATH} DEBUGINFOD_URLS=https://debuginfod.ubuntu.com LD_LIBRARY_PATH=/home/kaisar/warehouse_robot/robot/install/robot_msgs/lib:${LD_LIBRARY_PATH} PYTHONPATH=/home/kaisar/warehouse_robot/robot/build/robot_map_manager/prefix_override:/usr/lib/python3/dist-packages/colcon_core/task/python/colcon_distutils_commands:/home/kaisar/warehouse_robot/robot/install/robot_map_manager/lib/python3.12/site-packages:/home/kaisar/warehouse_robot/robot/build/robot_planner:/home/kaisar/warehouse_robot/robot/install/robot_planner/lib/python3.12/site-packages:/home/kaisar/warehouse_robot/robot/install/robot_msgs/lib/python3.12/site-packages:${PYTHONPATH} /usr/bin/python3 -W ignore:setup.py install is deprecated -W ignore:easy_install command is deprecated setup.py develop --uninstall --editable --build-directory /home/kaisar/warehouse_robot/robot/build/robot_map_manager/build
[2.971s] Invoking command in '/home/kaisar/warehouse_robot/robot/ws/src/robot_map_manager': AMENT_PREFIX_PATH=/home/kaisar/warehouse_robot/robot/install/robot_planner:/home/kaisar/warehouse_robot/robot/install/robot_msgs:${AMENT_PREFIX_PATH} CMAKE_PREFIX_PATH=/home/kaisar/warehouse_robot/robot/install/robot_msgs:${CMAKE_PREFIX_PATH} DEBUGINFOD_URLS=https://debuginfod.ubuntu.com LD_LIBRARY_PATH=/home/kaisar/warehouse_robot/robot/install/robot_msgs/lib:${LD_LIBRARY_PATH} PYTHONPATH=/home/kaisar/warehouse_robot/robot/build/robot_map_manager/prefix_override:/usr/lib/python3/dist-packages/colcon_core/task/python/colcon_distutils_commands:/home/kaisar/warehouse_robot/robot/install/robot_map_manager/lib/python3.12/site-packages:/home/kaisar/warehouse_robot/robot/build/robot_planner:/home/kaisar/warehouse_robot/robot/install/robot_planner/lib/python3.12/site-packages:/home/kaisar/warehouse_robot/robot/install/robot_msgs/lib/python3.12/site-packages:${PYTHONPATH} /usr/bin/python3 -W ignore:setup.py install is deprecated -W ignore:easy_install command is deprecated setup.py egg_info --egg-base ../../../build/robot_map_manager build --build-base /home/kaisar/warehouse_robot/robot/build/robot_map_manager/build install --record /home/kaisar/warehouse_robot/robot/build/robot_map_manager/install.log --single-version-externally-managed install_data --force
[3.386s] running egg_info
[3.419s] writing ../../../build/robot_map_manager/robot_map_manager.egg-info/PKG-INFO
[3.419s] writing dependency_links to ../../../build/robot_map_manager/robot_map_manager.egg-info/dependency_links.txt
[3.419s] writing entry points to ../../../build/robot_map_manager/robot_map_manager.egg-info/entry_points.txt
[3.419s] writing requirements to ../../../build/robot_map_manager/robot_map_manager.egg-info/requires.txt
[3.419s] writing top-level names to ../../../build/robot_map_manager/robot_map_manager.egg-info/top_level.txt
[3.487s] reading manifest file '../../../build/robot_map_manager/robot_map_manager.egg-info/SOURCES.txt'
[3.489s] writing manifest file '../../../build/robot_map_manager/robot_map_manager.egg-info/SOURCES.txt'
[3.489s] running build
[3.489s] running build_py
[3.489s] running install
[3.496s] running install_lib
[3.529s] creating /home/kaisar/warehouse_robot/robot/install/robot_map_manager/lib/python3.12/site-packages/robot_map_manager
[3.529s] copying /home/kaisar/warehouse_robot/robot/build/robot_map_manager/build/lib/robot_map_manager/node.py -> /home/kaisar/warehouse_robot/robot/install/robot_map_manager/lib/python3.12/site-packages/robot_map_manager
[3.530s] copying /home/kaisar/warehouse_robot/robot/build/robot_map_manager/build/lib/robot_map_manager/__init__.py -> /home/kaisar/warehouse_robot/robot/install/robot_map_manager/lib/python3.12/site-packages/robot_map_manager
[3.531s] byte-compiling /home/kaisar/warehouse_robot/robot/install/robot_map_manager/lib/python3.12/site-packages/robot_map_manager/node.py to node.cpython-312.pyc
[3.532s] byte-compiling /home/kaisar/warehouse_robot/robot/install/robot_map_manager/lib/python3.12/site-packages/robot_map_manager/__init__.py to __init__.cpython-312.pyc
[3.533s] running install_data
[3.533s] copying resource/robot_map_manager -> /home/kaisar/warehouse_robot/robot/install/robot_map_manager/share/ament_index/resource_index/packages
[3.533s] copying package.xml -> /home/kaisar/warehouse_robot/robot/install/robot_map_manager/share/robot_map_manager
[3.533s] running install_egg_info
[3.568s] Copying ../../../build/robot_map_manager/robot_map_manager.egg-info to /home/kaisar/warehouse_robot/robot/install/robot_map_manager/lib/python3.12/site-packages/robot_map_manager-0.0.0-py3.12.egg-info
[3.570s] running install_scripts
[3.799s] Installing map_manager_node script to /home/kaisar/warehouse_robot/robot/install/robot_map_manager/lib/robot_map_manager
[3.799s] writing list of installed files to '/home/kaisar/warehouse_robot/robot/build/robot_map_manager/install.log'
[3.846s] Invoked command in '/home/kaisar/warehouse_robot/robot/ws/src/robot_map_manager' returned '0': AMENT_PREFIX_PATH=/home/kaisar/warehouse_robot/robot/install/robot_planner:/home/kaisar/warehouse_robot/robot/install/robot_msgs:${AMENT_PREFIX_PATH} CMAKE_PREFIX_PATH=/home/kaisar/warehouse_robot/robot/install/robot_msgs:${CMAKE_PREFIX_PATH} DEBUGINFOD_URLS=https://debuginfod.ubuntu.com LD_LIBRARY_PATH=/home/kaisar/warehouse_robot/robot/install/robot_msgs/lib:${LD_LIBRARY_PATH} PYTHONPATH=/home/kaisar/warehouse_robot/robot/build/robot_map_manager/prefix_override:/usr/lib/python3/dist-packages/colcon_core/task/python/colcon_distutils_commands:/home/kaisar/warehouse_robot/robot/install/robot_map_manager/lib/python3.12/site-packages:/home/kaisar/warehouse_robot/robot/build/robot_planner:/home/kaisar/warehouse_robot/robot/install/robot_planner/lib/python3.12/site-packages:/home/kaisar/warehouse_robot/robot/install/robot_msgs/lib/python3.12/site-packages:${PYTHONPATH} /usr/bin/python3 -W ignore:setup.py install is deprecated -W ignore:easy_install command is deprecated setup.py egg_info --egg-base ../../../build/robot_map_manager build --build-base /home/kaisar/warehouse_robot/robot/build/robot_map_manager/build install --record /home/kaisar/warehouse_robot/robot/build/robot_map_manager/install.log --single-version-externally-managed install_data --force
