[0.017s] Invoking command in '/home/kaisar/warehouse_robot/robot/build/robot_msgs': CMAKE_PREFIX_PATH=${CMAKE_PREFIX_PATH}:/opt/ros/jazzy DEBUGINFOD_URLS=https://debuginfod.ubuntu.com /usr/bin/cmake --build /home/kaisar/warehouse_robot/robot/build/robot_msgs -- -j12 -l12
[0.097s] [  2%] Built target robot_msgs__rosidl_generator_type_description
[0.097s] [  2%] Built target robot_msgs__rs
[0.111s] [  2%] Built target ament_cmake_python_symlink_robot_msgs
[0.135s] [  3%] Built target robot_msgs__cpp
[0.152s] [ 27%] Built target robot_msgs__rosidl_generator_c
[0.207s] [ 46%] Built target robot_msgs__rosidl_typesupport_cpp
[0.207s] [ 46%] Built target robot_msgs__rosidl_typesupport_introspection_c
[0.210s] [ 55%] Built target robot_msgs__rosidl_typesupport_c
[0.222s] [ 74%] Built target robot_msgs__rosidl_typesupport_fastrtps_c
[0.222s] [ 74%] Built target robot_msgs__rosidl_typesupport_fastrtps_cpp
[0.223s] [ 84%] Built target robot_msgs__rosidl_typesupport_introspection_cpp
[0.261s] [ 84%] Built target robot_msgs
[0.293s] [ 85%] Built target robot_msgs__py
[0.349s] [ 93%] Built target robot_msgs__rosidl_generator_py
[0.395s] [ 95%] Built target robot_msgs_s__rosidl_typesupport_c
[0.395s] [ 97%] Built target robot_msgs_s__rosidl_typesupport_introspection_c
[0.401s] [100%] Built target robot_msgs_s__rosidl_typesupport_fastrtps_c
[0.490s] running egg_info
[0.530s] writing robot_msgs.egg-info/PKG-INFO
[0.531s] writing dependency_links to robot_msgs.egg-info/dependency_links.txt
[0.531s] writing top-level names to robot_msgs.egg-info/top_level.txt
[0.643s] reading manifest file 'robot_msgs.egg-info/SOURCES.txt'
[0.644s] writing manifest file 'robot_msgs.egg-info/SOURCES.txt'
[0.704s] [100%] Built target ament_cmake_python_build_robot_msgs_egg
[0.724s] Invoked command in '/home/kaisar/warehouse_robot/robot/build/robot_msgs' returned '0': CMAKE_PREFIX_PATH=${CMAKE_PREFIX_PATH}:/opt/ros/jazzy DEBUGINFOD_URLS=https://debuginfod.ubuntu.com /usr/bin/cmake --build /home/kaisar/warehouse_robot/robot/build/robot_msgs -- -j12 -l12
[0.737s] Invoking command in '/home/kaisar/warehouse_robot/robot/build/robot_msgs': CMAKE_PREFIX_PATH=${CMAKE_PREFIX_PATH}:/opt/ros/jazzy DEBUGINFOD_URLS=https://debuginfod.ubuntu.com /usr/bin/cmake --install /home/kaisar/warehouse_robot/robot/build/robot_msgs
[0.750s] -- Install configuration: ""
[0.751s] -- Execute custom install script
[0.752s] -- Up-to-date symlink: /home/kaisar/warehouse_robot/robot/install/robot_msgs/share/ament_index/resource_index/rosidl_interfaces/robot_msgs
[0.752s] -- Up-to-date symlink: /home/kaisar/warehouse_robot/robot/install/robot_msgs/share/robot_msgs/msg/RobotStatus.json
[0.752s] -- Up-to-date symlink: /home/kaisar/warehouse_robot/robot/install/robot_msgs/share/robot_msgs/srv/PlanRoute.json
[0.752s] -- Up-to-date symlink: /home/kaisar/warehouse_robot/robot/install/robot_msgs/share/robot_msgs/srv/ExecuteRoute.json
[0.753s] -- Up-to-date symlink: /home/kaisar/warehouse_robot/robot/install/robot_msgs/share/robot_msgs/srv/CancelRoute.json
[0.753s] -- Up-to-date symlink: /home/kaisar/warehouse_robot/robot/install/robot_msgs/share/robot_msgs/srv/SetTeleop.json
[0.753s] -- Up-to-date symlink: /home/kaisar/warehouse_robot/robot/install/robot_msgs/share/robot_msgs/srv/ReleaseManual.json
[0.753s] -- Up-to-date symlink: /home/kaisar/warehouse_robot/robot/install/robot_msgs/share/robot_msgs/srv/StopRobot.json
[0.755s] -- Up-to-date symlink: /home/kaisar/warehouse_robot/robot/install/robot_msgs/include/robot_msgs/robot_msgs/msg/detail/robot_status__functions.h
[0.755s] -- Up-to-date symlink: /home/kaisar/warehouse_robot/robot/install/robot_msgs/include/robot_msgs/robot_msgs/msg/detail/robot_status__struct.h
[0.755s] -- Up-to-date symlink: /home/kaisar/warehouse_robot/robot/install/robot_msgs/include/robot_msgs/robot_msgs/msg/detail/robot_status__type_support.h
[0.756s] -- Up-to-date symlink: /home/kaisar/warehouse_robot/robot/install/robot_msgs/include/robot_msgs/robot_msgs/msg/robot_status.h
[0.756s] -- Up-to-date symlink: /home/kaisar/warehouse_robot/robot/install/robot_msgs/include/robot_msgs/robot_msgs/msg/rosidl_generator_c__visibility_control.h
[0.756s] -- Up-to-date symlink: /home/kaisar/warehouse_robot/robot/install/robot_msgs/include/robot_msgs/robot_msgs/srv/cancel_route.h
[0.756s] -- Up-to-date symlink: /home/kaisar/warehouse_robot/robot/install/robot_msgs/include/robot_msgs/robot_msgs/srv/detail/cancel_route__functions.h
[0.757s] -- Up-to-date symlink: /home/kaisar/warehouse_robot/robot/install/robot_msgs/include/robot_msgs/robot_msgs/srv/detail/cancel_route__struct.h
[0.757s] -- Up-to-date symlink: /home/kaisar/warehouse_robot/robot/install/robot_msgs/include/robot_msgs/robot_msgs/srv/detail/cancel_route__type_support.h
[0.757s] -- Up-to-date symlink: /home/kaisar/warehouse_robot/robot/install/robot_msgs/include/robot_msgs/robot_msgs/srv/detail/execute_route__functions.h
[0.757s] -- Up-to-date symlink: /home/kaisar/warehouse_robot/robot/install/robot_msgs/include/robot_msgs/robot_msgs/srv/detail/execute_route__struct.h
[0.757s] -- Up-to-date symlink: /home/kaisar/warehouse_robot/robot/install/robot_msgs/include/robot_msgs/robot_msgs/srv/detail/execute_route__type_support.h
[0.758s] -- Up-to-date symlink: /home/kaisar/warehouse_robot/robot/install/robot_msgs/include/robot_msgs/robot_msgs/srv/detail/plan_route__functions.h
[0.758s] -- Up-to-date symlink: /home/kaisar/warehouse_robot/robot/install/robot_msgs/include/robot_msgs/robot_msgs/srv/detail/plan_route__struct.h
[0.758s] -- Up-to-date symlink: /home/kaisar/warehouse_robot/robot/install/robot_msgs/include/robot_msgs/robot_msgs/srv/detail/plan_route__type_support.h
[0.758s] -- Up-to-date symlink: /home/kaisar/warehouse_robot/robot/install/robot_msgs/include/robot_msgs/robot_msgs/srv/detail/release_manual__functions.h
[0.758s] -- Up-to-date symlink: /home/kaisar/warehouse_robot/robot/install/robot_msgs/include/robot_msgs/robot_msgs/srv/detail/release_manual__struct.h
[0.758s] -- Up-to-date symlink: /home/kaisar/warehouse_robot/robot/install/robot_msgs/include/robot_msgs/robot_msgs/srv/detail/release_manual__type_support.h
[0.758s] -- Up-to-date symlink: /home/kaisar/warehouse_robot/robot/install/robot_msgs/include/robot_msgs/robot_msgs/srv/detail/set_teleop__functions.h
[0.759s] -- Up-to-date symlink: /home/kaisar/warehouse_robot/robot/install/robot_msgs/include/robot_msgs/robot_msgs/srv/detail/set_teleop__struct.h
[0.759s] -- Up-to-date symlink: /home/kaisar/warehouse_robot/robot/install/robot_msgs/include/robot_msgs/robot_msgs/srv/detail/set_teleop__type_support.h
[0.759s] -- Up-to-date symlink: /home/kaisar/warehouse_robot/robot/install/robot_msgs/include/robot_msgs/robot_msgs/srv/detail/stop_robot__functions.h
[0.759s] -- Up-to-date symlink: /home/kaisar/warehouse_robot/robot/install/robot_msgs/include/robot_msgs/robot_msgs/srv/detail/stop_robot__struct.h
[0.760s] -- Up-to-date symlink: /home/kaisar/warehouse_robot/robot/install/robot_msgs/include/robot_msgs/robot_msgs/srv/detail/stop_robot__type_support.h
[0.760s] -- Up-to-date symlink: /home/kaisar/warehouse_robot/robot/install/robot_msgs/include/robot_msgs/robot_msgs/srv/execute_route.h
[0.760s] -- Up-to-date symlink: /home/kaisar/warehouse_robot/robot/install/robot_msgs/include/robot_msgs/robot_msgs/srv/plan_route.h
[0.760s] -- Up-to-date symlink: /home/kaisar/warehouse_robot/robot/install/robot_msgs/include/robot_msgs/robot_msgs/srv/release_manual.h
[0.760s] -- Up-to-date symlink: /home/kaisar/warehouse_robot/robot/install/robot_msgs/include/robot_msgs/robot_msgs/srv/set_teleop.h
[0.760s] -- Up-to-date symlink: /home/kaisar/warehouse_robot/robot/install/robot_msgs/include/robot_msgs/robot_msgs/srv/stop_robot.h
[0.760s] -- Up-to-date symlink: /home/kaisar/warehouse_robot/robot/install/robot_msgs/share/robot_msgs/environment/library_path.sh
[0.761s] -- Up-to-date symlink: /home/kaisar/warehouse_robot/robot/install/robot_msgs/share/robot_msgs/environment/library_path.dsv
[0.762s] -- Up-to-date symlink: /home/kaisar/warehouse_robot/robot/install/robot_msgs/include/robot_msgs/robot_msgs/msg/detail/robot_status__rosidl_typesupport_fastrtps_c.h
[0.762s] -- Up-to-date symlink: /home/kaisar/warehouse_robot/robot/install/robot_msgs/include/robot_msgs/robot_msgs/msg/rosidl_typesupport_fastrtps_c__visibility_control.h
[0.762s] -- Up-to-date symlink: /home/kaisar/warehouse_robot/robot/install/robot_msgs/include/robot_msgs/robot_msgs/srv/detail/cancel_route__rosidl_typesupport_fastrtps_c.h
[0.763s] -- Up-to-date symlink: /home/kaisar/warehouse_robot/robot/install/robot_msgs/include/robot_msgs/robot_msgs/srv/detail/execute_route__rosidl_typesupport_fastrtps_c.h
[0.763s] -- Up-to-date symlink: /home/kaisar/warehouse_robot/robot/install/robot_msgs/include/robot_msgs/robot_msgs/srv/detail/plan_route__rosidl_typesupport_fastrtps_c.h
[0.763s] -- Up-to-date symlink: /home/kaisar/warehouse_robot/robot/install/robot_msgs/include/robot_msgs/robot_msgs/srv/detail/release_manual__rosidl_typesupport_fastrtps_c.h
[0.763s] -- Up-to-date symlink: /home/kaisar/warehouse_robot/robot/install/robot_msgs/include/robot_msgs/robot_msgs/srv/detail/set_teleop__rosidl_typesupport_fastrtps_c.h
[0.763s] -- Up-to-date symlink: /home/kaisar/warehouse_robot/robot/install/robot_msgs/include/robot_msgs/robot_msgs/srv/detail/stop_robot__rosidl_typesupport_fastrtps_c.h
[0.765s] -- Up-to-date symlink: /home/kaisar/warehouse_robot/robot/install/robot_msgs/include/robot_msgs/robot_msgs/msg/detail/robot_status__builder.hpp
[0.765s] -- Up-to-date symlink: /home/kaisar/warehouse_robot/robot/install/robot_msgs/include/robot_msgs/robot_msgs/msg/detail/robot_status__struct.hpp
[0.765s] -- Up-to-date symlink: /home/kaisar/warehouse_robot/robot/install/robot_msgs/include/robot_msgs/robot_msgs/msg/detail/robot_status__traits.hpp
[0.765s] -- Up-to-date symlink: /home/kaisar/warehouse_robot/robot/install/robot_msgs/include/robot_msgs/robot_msgs/msg/detail/robot_status__type_support.hpp
[0.765s] -- Up-to-date symlink: /home/kaisar/warehouse_robot/robot/install/robot_msgs/include/robot_msgs/robot_msgs/msg/robot_status.hpp
[0.765s] -- Up-to-date symlink: /home/kaisar/warehouse_robot/robot/install/robot_msgs/include/robot_msgs/robot_msgs/msg/rosidl_generator_cpp__visibility_control.hpp
[0.765s] -- Up-to-date symlink: /home/kaisar/warehouse_robot/robot/install/robot_msgs/include/robot_msgs/robot_msgs/srv/cancel_route.hpp
[0.765s] -- Up-to-date symlink: /home/kaisar/warehouse_robot/robot/install/robot_msgs/include/robot_msgs/robot_msgs/srv/detail/cancel_route__builder.hpp
[0.766s] -- Up-to-date symlink: /home/kaisar/warehouse_robot/robot/install/robot_msgs/include/robot_msgs/robot_msgs/srv/detail/cancel_route__struct.hpp
[0.766s] -- Up-to-date symlink: /home/kaisar/warehouse_robot/robot/install/robot_msgs/include/robot_msgs/robot_msgs/srv/detail/cancel_route__traits.hpp
[0.766s] -- Up-to-date symlink: /home/kaisar/warehouse_robot/robot/install/robot_msgs/include/robot_msgs/robot_msgs/srv/detail/cancel_route__type_support.hpp
[0.766s] -- Up-to-date symlink: /home/kaisar/warehouse_robot/robot/install/robot_msgs/include/robot_msgs/robot_msgs/srv/detail/execute_route__builder.hpp
[0.766s] -- Up-to-date symlink: /home/kaisar/warehouse_robot/robot/install/robot_msgs/include/robot_msgs/robot_msgs/srv/detail/execute_route__struct.hpp
[0.766s] -- Up-to-date symlink: /home/kaisar/warehouse_robot/robot/install/robot_msgs/include/robot_msgs/robot_msgs/srv/detail/execute_route__traits.hpp
[0.767s] -- Up-to-date symlink: /home/kaisar/warehouse_robot/robot/install/robot_msgs/include/robot_msgs/robot_msgs/srv/detail/execute_route__type_support.hpp
[0.767s] -- Up-to-date symlink: /home/kaisar/warehouse_robot/robot/install/robot_msgs/include/robot_msgs/robot_msgs/srv/detail/plan_route__builder.hpp
[0.767s] -- Up-to-date symlink: /home/kaisar/warehouse_robot/robot/install/robot_msgs/include/robot_msgs/robot_msgs/srv/detail/plan_route__struct.hpp
[0.767s] -- Up-to-date symlink: /home/kaisar/warehouse_robot/robot/install/robot_msgs/include/robot_msgs/robot_msgs/srv/detail/plan_route__traits.hpp
[0.767s] -- Up-to-date symlink: /home/kaisar/warehouse_robot/robot/install/robot_msgs/include/robot_msgs/robot_msgs/srv/detail/plan_route__type_support.hpp
[0.768s] -- Up-to-date symlink: /home/kaisar/warehouse_robot/robot/install/robot_msgs/include/robot_msgs/robot_msgs/srv/detail/release_manual__builder.hpp
[0.768s] -- Up-to-date symlink: /home/kaisar/warehouse_robot/robot/install/robot_msgs/include/robot_msgs/robot_msgs/srv/detail/release_manual__struct.hpp
[0.769s] -- Up-to-date symlink: /home/kaisar/warehouse_robot/robot/install/robot_msgs/include/robot_msgs/robot_msgs/srv/detail/release_manual__traits.hpp
[0.769s] -- Up-to-date symlink: /home/kaisar/warehouse_robot/robot/install/robot_msgs/include/robot_msgs/robot_msgs/srv/detail/release_manual__type_support.hpp
[0.769s] -- Up-to-date symlink: /home/kaisar/warehouse_robot/robot/install/robot_msgs/include/robot_msgs/robot_msgs/srv/detail/set_teleop__builder.hpp
[0.769s] -- Up-to-date symlink: /home/kaisar/warehouse_robot/robot/install/robot_msgs/include/robot_msgs/robot_msgs/srv/detail/set_teleop__struct.hpp
[0.769s] -- Up-to-date symlink: /home/kaisar/warehouse_robot/robot/install/robot_msgs/include/robot_msgs/robot_msgs/srv/detail/set_teleop__traits.hpp
[0.769s] -- Up-to-date symlink: /home/kaisar/warehouse_robot/robot/install/robot_msgs/include/robot_msgs/robot_msgs/srv/detail/set_teleop__type_support.hpp
[0.769s] -- Up-to-date symlink: /home/kaisar/warehouse_robot/robot/install/robot_msgs/include/robot_msgs/robot_msgs/srv/detail/stop_robot__builder.hpp
[0.769s] -- Up-to-date symlink: /home/kaisar/warehouse_robot/robot/install/robot_msgs/include/robot_msgs/robot_msgs/srv/detail/stop_robot__struct.hpp
[0.770s] -- Up-to-date symlink: /home/kaisar/warehouse_robot/robot/install/robot_msgs/include/robot_msgs/robot_msgs/srv/detail/stop_robot__traits.hpp
[0.770s] -- Up-to-date symlink: /home/kaisar/warehouse_robot/robot/install/robot_msgs/include/robot_msgs/robot_msgs/srv/detail/stop_robot__type_support.hpp
[0.770s] -- Up-to-date symlink: /home/kaisar/warehouse_robot/robot/install/robot_msgs/include/robot_msgs/robot_msgs/srv/execute_route.hpp
[0.771s] -- Up-to-date symlink: /home/kaisar/warehouse_robot/robot/install/robot_msgs/include/robot_msgs/robot_msgs/srv/plan_route.hpp
[0.771s] -- Up-to-date symlink: /home/kaisar/warehouse_robot/robot/install/robot_msgs/include/robot_msgs/robot_msgs/srv/release_manual.hpp
[0.771s] -- Up-to-date symlink: /home/kaisar/warehouse_robot/robot/install/robot_msgs/include/robot_msgs/robot_msgs/srv/set_teleop.hpp
[0.771s] -- Up-to-date symlink: /home/kaisar/warehouse_robot/robot/install/robot_msgs/include/robot_msgs/robot_msgs/srv/stop_robot.hpp
[0.773s] -- Up-to-date symlink: /home/kaisar/warehouse_robot/robot/install/robot_msgs/include/robot_msgs/robot_msgs/msg/detail/robot_status__rosidl_typesupport_fastrtps_cpp.hpp
[0.773s] -- Up-to-date symlink: /home/kaisar/warehouse_robot/robot/install/robot_msgs/include/robot_msgs/robot_msgs/msg/rosidl_typesupport_fastrtps_cpp__visibility_control.h
[0.773s] -- Up-to-date symlink: /home/kaisar/warehouse_robot/robot/install/robot_msgs/include/robot_msgs/robot_msgs/srv/detail/cancel_route__rosidl_typesupport_fastrtps_cpp.hpp
[0.773s] -- Up-to-date symlink: /home/kaisar/warehouse_robot/robot/install/robot_msgs/include/robot_msgs/robot_msgs/srv/detail/execute_route__rosidl_typesupport_fastrtps_cpp.hpp
[0.773s] -- Up-to-date symlink: /home/kaisar/warehouse_robot/robot/install/robot_msgs/include/robot_msgs/robot_msgs/srv/detail/plan_route__rosidl_typesupport_fastrtps_cpp.hpp
[0.773s] -- Up-to-date symlink: /home/kaisar/warehouse_robot/robot/install/robot_msgs/include/robot_msgs/robot_msgs/srv/detail/release_manual__rosidl_typesupport_fastrtps_cpp.hpp
[0.774s] -- Up-to-date symlink: /home/kaisar/warehouse_robot/robot/install/robot_msgs/include/robot_msgs/robot_msgs/srv/detail/set_teleop__rosidl_typesupport_fastrtps_cpp.hpp
[0.774s] -- Up-to-date symlink: /home/kaisar/warehouse_robot/robot/install/robot_msgs/include/robot_msgs/robot_msgs/srv/detail/stop_robot__rosidl_typesupport_fastrtps_cpp.hpp
[0.774s] -- Up-to-date symlink: /home/kaisar/warehouse_robot/robot/install/robot_msgs/include/robot_msgs/robot_msgs/msg/detail/robot_status__rosidl_typesupport_introspection_c.h
[0.774s] -- Up-to-date symlink: /home/kaisar/warehouse_robot/robot/install/robot_msgs/include/robot_msgs/robot_msgs/msg/rosidl_typesupport_introspection_c__visibility_control.h
[0.775s] -- Up-to-date symlink: /home/kaisar/warehouse_robot/robot/install/robot_msgs/include/robot_msgs/robot_msgs/srv/detail/cancel_route__rosidl_typesupport_introspection_c.h
[0.775s] -- Up-to-date symlink: /home/kaisar/warehouse_robot/robot/install/robot_msgs/include/robot_msgs/robot_msgs/srv/detail/execute_route__rosidl_typesupport_introspection_c.h
[0.775s] -- Up-to-date symlink: /home/kaisar/warehouse_robot/robot/install/robot_msgs/include/robot_msgs/robot_msgs/srv/detail/plan_route__rosidl_typesupport_introspection_c.h
[0.775s] -- Up-to-date symlink: /home/kaisar/warehouse_robot/robot/install/robot_msgs/include/robot_msgs/robot_msgs/srv/detail/release_manual__rosidl_typesupport_introspection_c.h
[0.776s] -- Up-to-date symlink: /home/kaisar/warehouse_robot/robot/install/robot_msgs/include/robot_msgs/robot_msgs/srv/detail/set_teleop__rosidl_typesupport_introspection_c.h
[0.776s] -- Up-to-date symlink: /home/kaisar/warehouse_robot/robot/install/robot_msgs/include/robot_msgs/robot_msgs/srv/detail/stop_robot__rosidl_typesupport_introspection_c.h
[0.776s] -- Up-to-date symlink: /home/kaisar/warehouse_robot/robot/install/robot_msgs/include/robot_msgs/robot_msgs/msg/detail/robot_status__rosidl_typesupport_introspection_cpp.hpp
[0.777s] -- Up-to-date symlink: /home/kaisar/warehouse_robot/robot/install/robot_msgs/include/robot_msgs/robot_msgs/srv/detail/cancel_route__rosidl_typesupport_introspection_cpp.hpp
[0.777s] -- Up-to-date symlink: /home/kaisar/warehouse_robot/robot/install/robot_msgs/include/robot_msgs/robot_msgs/srv/detail/execute_route__rosidl_typesupport_introspection_cpp.hpp
[0.777s] -- Up-to-date symlink: /home/kaisar/warehouse_robot/robot/install/robot_msgs/include/robot_msgs/robot_msgs/srv/detail/plan_route__rosidl_typesupport_introspection_cpp.hpp
[0.777s] -- Up-to-date symlink: /home/kaisar/warehouse_robot/robot/install/robot_msgs/include/robot_msgs/robot_msgs/srv/detail/release_manual__rosidl_typesupport_introspection_cpp.hpp
[0.777s] -- Up-to-date symlink: /home/kaisar/warehouse_robot/robot/install/robot_msgs/include/robot_msgs/robot_msgs/srv/detail/set_teleop__rosidl_typesupport_introspection_cpp.hpp
[0.777s] -- Up-to-date symlink: /home/kaisar/warehouse_robot/robot/install/robot_msgs/include/robot_msgs/robot_msgs/srv/detail/stop_robot__rosidl_typesupport_introspection_cpp.hpp
[0.778s] -- Up-to-date symlink: /home/kaisar/warehouse_robot/robot/install/robot_msgs/share/robot_msgs/environment/pythonpath.sh
[0.778s] -- Up-to-date symlink: /home/kaisar/warehouse_robot/robot/install/robot_msgs/share/robot_msgs/environment/pythonpath.dsv
[0.778s] -- Up-to-date symlink: /home/kaisar/warehouse_robot/robot/install/robot_msgs/lib/python3.12/site-packages/robot_msgs-0.0.0-py3.12.egg-info/PKG-INFO
[0.778s] -- Up-to-date symlink: /home/kaisar/warehouse_robot/robot/install/robot_msgs/lib/python3.12/site-packages/robot_msgs-0.0.0-py3.12.egg-info/SOURCES.txt
[0.779s] -- Up-to-date symlink: /home/kaisar/warehouse_robot/robot/install/robot_msgs/lib/python3.12/site-packages/robot_msgs-0.0.0-py3.12.egg-info/dependency_links.txt
[0.779s] -- Up-to-date symlink: /home/kaisar/warehouse_robot/robot/install/robot_msgs/lib/python3.12/site-packages/robot_msgs-0.0.0-py3.12.egg-info/top_level.txt
[0.781s] -- Up-to-date symlink: /home/kaisar/warehouse_robot/robot/install/robot_msgs/lib/python3.12/site-packages/robot_msgs/__init__.py
[0.781s] -- Up-to-date symlink: /home/kaisar/warehouse_robot/robot/install/robot_msgs/lib/python3.12/site-packages/robot_msgs/_robot_msgs_s.ep.rosidl_typesupport_c.c
[0.781s] -- Up-to-date symlink: /home/kaisar/warehouse_robot/robot/install/robot_msgs/lib/python3.12/site-packages/robot_msgs/_robot_msgs_s.ep.rosidl_typesupport_fastrtps_c.c
[0.781s] -- Up-to-date symlink: /home/kaisar/warehouse_robot/robot/install/robot_msgs/lib/python3.12/site-packages/robot_msgs/_robot_msgs_s.ep.rosidl_typesupport_introspection_c.c
[0.781s] -- Up-to-date symlink: /home/kaisar/warehouse_robot/robot/install/robot_msgs/lib/python3.12/site-packages/robot_msgs/msg/__init__.py
[0.782s] -- Up-to-date symlink: /home/kaisar/warehouse_robot/robot/install/robot_msgs/lib/python3.12/site-packages/robot_msgs/msg/_robot_status.py
[0.782s] -- Up-to-date symlink: /home/kaisar/warehouse_robot/robot/install/robot_msgs/lib/python3.12/site-packages/robot_msgs/msg/_robot_status_s.c
[0.782s] -- Up-to-date symlink: /home/kaisar/warehouse_robot/robot/install/robot_msgs/lib/python3.12/site-packages/robot_msgs/robot_msgs_s__rosidl_typesupport_c.so
[0.782s] -- Up-to-date symlink: /home/kaisar/warehouse_robot/robot/install/robot_msgs/lib/python3.12/site-packages/robot_msgs/robot_msgs_s__rosidl_typesupport_fastrtps_c.so
[0.782s] -- Up-to-date symlink: /home/kaisar/warehouse_robot/robot/install/robot_msgs/lib/python3.12/site-packages/robot_msgs/robot_msgs_s__rosidl_typesupport_introspection_c.so
[0.782s] -- Up-to-date symlink: /home/kaisar/warehouse_robot/robot/install/robot_msgs/lib/python3.12/site-packages/robot_msgs/srv/__init__.py
[0.783s] -- Up-to-date symlink: /home/kaisar/warehouse_robot/robot/install/robot_msgs/lib/python3.12/site-packages/robot_msgs/srv/_cancel_route.py
[0.783s] -- Up-to-date symlink: /home/kaisar/warehouse_robot/robot/install/robot_msgs/lib/python3.12/site-packages/robot_msgs/srv/_cancel_route_s.c
[0.783s] -- Up-to-date symlink: /home/kaisar/warehouse_robot/robot/install/robot_msgs/lib/python3.12/site-packages/robot_msgs/srv/_execute_route.py
[0.783s] -- Up-to-date symlink: /home/kaisar/warehouse_robot/robot/install/robot_msgs/lib/python3.12/site-packages/robot_msgs/srv/_execute_route_s.c
[0.783s] -- Up-to-date symlink: /home/kaisar/warehouse_robot/robot/install/robot_msgs/lib/python3.12/site-packages/robot_msgs/srv/_plan_route.py
[0.784s] -- Up-to-date symlink: /home/kaisar/warehouse_robot/robot/install/robot_msgs/lib/python3.12/site-packages/robot_msgs/srv/_plan_route_s.c
[0.784s] -- Up-to-date symlink: /home/kaisar/warehouse_robot/robot/install/robot_msgs/lib/python3.12/site-packages/robot_msgs/srv/_release_manual.py
[0.784s] -- Up-to-date symlink: /home/kaisar/warehouse_robot/robot/install/robot_msgs/lib/python3.12/site-packages/robot_msgs/srv/_release_manual_s.c
[0.784s] -- Up-to-date symlink: /home/kaisar/warehouse_robot/robot/install/robot_msgs/lib/python3.12/site-packages/robot_msgs/srv/_set_teleop.py
[0.784s] -- Up-to-date symlink: /home/kaisar/warehouse_robot/robot/install/robot_msgs/lib/python3.12/site-packages/robot_msgs/srv/_set_teleop_s.c
[0.784s] -- Up-to-date symlink: /home/kaisar/warehouse_robot/robot/install/robot_msgs/lib/python3.12/site-packages/robot_msgs/srv/_stop_robot.py
[0.785s] -- Up-to-date symlink: /home/kaisar/warehouse_robot/robot/install/robot_msgs/lib/python3.12/site-packages/robot_msgs/srv/_stop_robot_s.c
[0.785s] -- Up-to-date symlink: /home/kaisar/warehouse_robot/robot/install/robot_msgs/lib/python3.12/site-packages/robot_msgs/robot_msgs_s__rosidl_typesupport_fastrtps_c.so
[0.785s] -- Up-to-date symlink: /home/kaisar/warehouse_robot/robot/install/robot_msgs/lib/python3.12/site-packages/robot_msgs/robot_msgs_s__rosidl_typesupport_introspection_c.so
[0.785s] -- Up-to-date symlink: /home/kaisar/warehouse_robot/robot/install/robot_msgs/lib/python3.12/site-packages/robot_msgs/robot_msgs_s__rosidl_typesupport_c.so
[0.786s] -- Up-to-date symlink: /home/kaisar/warehouse_robot/robot/install/robot_msgs/share/ament_index/resource_index/rust_packages/robot_msgs
[0.786s] -- Up-to-date symlink: /home/kaisar/warehouse_robot/robot/install/robot_msgs/share/robot_msgs/rust/Cargo.toml
[0.786s] -- Up-to-date symlink: /home/kaisar/warehouse_robot/robot/install/robot_msgs/share/robot_msgs/rust/build.rs
[0.786s] -- Up-to-date symlink: /home/kaisar/warehouse_robot/robot/install/robot_msgs/share/robot_msgs/rust/src/lib.rs
[0.787s] -- Up-to-date symlink: /home/kaisar/warehouse_robot/robot/install/robot_msgs/share/robot_msgs/rust/src/msg.rs
[0.787s] -- Up-to-date symlink: /home/kaisar/warehouse_robot/robot/install/robot_msgs/share/robot_msgs/rust/src/msg/rmw.rs
[0.787s] -- Up-to-date symlink: /home/kaisar/warehouse_robot/robot/install/robot_msgs/share/robot_msgs/rust/src/srv.rs
[0.787s] -- Up-to-date symlink: /home/kaisar/warehouse_robot/robot/install/robot_msgs/share/robot_msgs/rust/src/srv/rmw.rs
[0.787s] -- Up-to-date symlink: /home/kaisar/warehouse_robot/robot/install/robot_msgs/share/robot_msgs/msg/RobotStatus.idl
[0.788s] -- Up-to-date symlink: /home/kaisar/warehouse_robot/robot/install/robot_msgs/share/robot_msgs/srv/PlanRoute.idl
[0.788s] -- Up-to-date symlink: /home/kaisar/warehouse_robot/robot/install/robot_msgs/share/robot_msgs/srv/ExecuteRoute.idl
[0.788s] -- Up-to-date symlink: /home/kaisar/warehouse_robot/robot/install/robot_msgs/share/robot_msgs/srv/CancelRoute.idl
[0.788s] -- Up-to-date symlink: /home/kaisar/warehouse_robot/robot/install/robot_msgs/share/robot_msgs/srv/SetTeleop.idl
[0.789s] -- Up-to-date symlink: /home/kaisar/warehouse_robot/robot/install/robot_msgs/share/robot_msgs/srv/ReleaseManual.idl
[0.789s] -- Up-to-date symlink: /home/kaisar/warehouse_robot/robot/install/robot_msgs/share/robot_msgs/srv/StopRobot.idl
[0.789s] -- Up-to-date symlink: /home/kaisar/warehouse_robot/robot/install/robot_msgs/share/robot_msgs/msg/RobotStatus.msg
[0.789s] -- Up-to-date symlink: /home/kaisar/warehouse_robot/robot/install/robot_msgs/share/robot_msgs/srv/PlanRoute.srv
[0.789s] -- Up-to-date symlink: /home/kaisar/warehouse_robot/robot/install/robot_msgs/share/robot_msgs/srv/ExecuteRoute.srv
[0.790s] -- Up-to-date symlink: /home/kaisar/warehouse_robot/robot/install/robot_msgs/share/robot_msgs/srv/CancelRoute.srv
[0.790s] -- Up-to-date symlink: /home/kaisar/warehouse_robot/robot/install/robot_msgs/share/robot_msgs/srv/SetTeleop.srv
[0.790s] -- Up-to-date symlink: /home/kaisar/warehouse_robot/robot/install/robot_msgs/share/robot_msgs/srv/ReleaseManual.srv
[0.790s] -- Up-to-date symlink: /home/kaisar/warehouse_robot/robot/install/robot_msgs/share/robot_msgs/srv/StopRobot.srv
[0.791s] -- Up-to-date symlink: /home/kaisar/warehouse_robot/robot/install/robot_msgs/share/ament_index/resource_index/package_run_dependencies/robot_msgs
[0.791s] -- Up-to-date symlink: /home/kaisar/warehouse_robot/robot/install/robot_msgs/share/ament_index/resource_index/parent_prefix_path/robot_msgs
[0.791s] -- Up-to-date symlink: /home/kaisar/warehouse_robot/robot/install/robot_msgs/share/robot_msgs/environment/ament_prefix_path.sh
[0.791s] -- Up-to-date symlink: /home/kaisar/warehouse_robot/robot/install/robot_msgs/share/robot_msgs/environment/ament_prefix_path.dsv
[0.792s] -- Up-to-date symlink: /home/kaisar/warehouse_robot/robot/install/robot_msgs/share/robot_msgs/environment/path.sh
[0.792s] -- Up-to-date symlink: /home/kaisar/warehouse_robot/robot/install/robot_msgs/share/robot_msgs/environment/path.dsv
[0.792s] -- Up-to-date symlink: /home/kaisar/warehouse_robot/robot/install/robot_msgs/share/robot_msgs/local_setup.bash
[0.792s] -- Up-to-date symlink: /home/kaisar/warehouse_robot/robot/install/robot_msgs/share/robot_msgs/local_setup.sh
[0.792s] -- Up-to-date symlink: /home/kaisar/warehouse_robot/robot/install/robot_msgs/share/robot_msgs/local_setup.zsh
[0.793s] -- Up-to-date symlink: /home/kaisar/warehouse_robot/robot/install/robot_msgs/share/robot_msgs/local_setup.dsv
[0.793s] -- Symlinking: /home/kaisar/warehouse_robot/robot/install/robot_msgs/share/robot_msgs/package.dsv
[0.808s] -- Up-to-date symlink: /home/kaisar/warehouse_robot/robot/install/robot_msgs/share/ament_index/resource_index/packages/robot_msgs
[0.808s] -- Up-to-date symlink: /home/kaisar/warehouse_robot/robot/install/robot_msgs/share/robot_msgs/cmake/rosidl_cmake-extras.cmake
[0.809s] -- Up-to-date symlink: /home/kaisar/warehouse_robot/robot/install/robot_msgs/share/robot_msgs/cmake/ament_cmake_export_dependencies-extras.cmake
[0.809s] -- Up-to-date symlink: /home/kaisar/warehouse_robot/robot/install/robot_msgs/share/robot_msgs/cmake/ament_cmake_export_include_directories-extras.cmake
[0.810s] -- Up-to-date symlink: /home/kaisar/warehouse_robot/robot/install/robot_msgs/share/robot_msgs/cmake/ament_cmake_export_libraries-extras.cmake
[0.810s] -- Up-to-date symlink: /home/kaisar/warehouse_robot/robot/install/robot_msgs/share/robot_msgs/cmake/ament_cmake_export_targets-extras.cmake
[0.810s] -- Up-to-date symlink: /home/kaisar/warehouse_robot/robot/install/robot_msgs/share/robot_msgs/cmake/rosidl_cmake_export_typesupport_targets-extras.cmake
[0.810s] -- Up-to-date symlink: /home/kaisar/warehouse_robot/robot/install/robot_msgs/share/robot_msgs/cmake/rosidl_cmake_export_typesupport_libraries-extras.cmake
[0.810s] -- Up-to-date symlink: /home/kaisar/warehouse_robot/robot/install/robot_msgs/share/robot_msgs/cmake/robot_msgsConfig.cmake
[0.811s] -- Up-to-date symlink: /home/kaisar/warehouse_robot/robot/install/robot_msgs/share/robot_msgs/cmake/robot_msgsConfig-version.cmake
[0.811s] -- Up-to-date symlink: /home/kaisar/warehouse_robot/robot/install/robot_msgs/share/robot_msgs/package.xml
[0.811s] -- Up-to-date: /home/kaisar/warehouse_robot/robot/install/robot_msgs/lib/librobot_msgs__rosidl_generator_c.so
[0.812s] -- Up-to-date: /home/kaisar/warehouse_robot/robot/install/robot_msgs/lib/librobot_msgs__rosidl_typesupport_fastrtps_c.so
[0.813s] -- Up-to-date: /home/kaisar/warehouse_robot/robot/install/robot_msgs/lib/librobot_msgs__rosidl_typesupport_fastrtps_cpp.so
[0.813s] -- Up-to-date: /home/kaisar/warehouse_robot/robot/install/robot_msgs/lib/librobot_msgs__rosidl_typesupport_introspection_c.so
[0.813s] -- Up-to-date: /home/kaisar/warehouse_robot/robot/install/robot_msgs/lib/librobot_msgs__rosidl_typesupport_c.so
[0.813s] -- Up-to-date: /home/kaisar/warehouse_robot/robot/install/robot_msgs/lib/librobot_msgs__rosidl_typesupport_introspection_cpp.so
[0.814s] -- Up-to-date: /home/kaisar/warehouse_robot/robot/install/robot_msgs/lib/librobot_msgs__rosidl_typesupport_cpp.so
[0.870s] Listing '/home/kaisar/warehouse_robot/robot/install/robot_msgs/lib/python3.12/site-packages/robot_msgs'...
[0.870s] Listing '/home/kaisar/warehouse_robot/robot/install/robot_msgs/lib/python3.12/site-packages/robot_msgs/msg'...
[0.871s] Listing '/home/kaisar/warehouse_robot/robot/install/robot_msgs/lib/python3.12/site-packages/robot_msgs/srv'...
[0.882s] -- Up-to-date: /home/kaisar/warehouse_robot/robot/install/robot_msgs/lib/librobot_msgs__rosidl_generator_py.so
[0.882s] -- Up-to-date: /home/kaisar/warehouse_robot/robot/install/robot_msgs/share/robot_msgs/cmake/export_robot_msgs__rosidl_generator_cExport.cmake
[0.883s] -- Up-to-date: /home/kaisar/warehouse_robot/robot/install/robot_msgs/share/robot_msgs/cmake/export_robot_msgs__rosidl_generator_cExport-noconfig.cmake
[0.883s] -- Up-to-date: /home/kaisar/warehouse_robot/robot/install/robot_msgs/share/robot_msgs/cmake/export_robot_msgs__rosidl_typesupport_fastrtps_cExport.cmake
[0.883s] -- Up-to-date: /home/kaisar/warehouse_robot/robot/install/robot_msgs/share/robot_msgs/cmake/export_robot_msgs__rosidl_typesupport_fastrtps_cExport-noconfig.cmake
[0.883s] -- Up-to-date: /home/kaisar/warehouse_robot/robot/install/robot_msgs/share/robot_msgs/cmake/export_robot_msgs__rosidl_generator_cppExport.cmake
[0.884s] -- Up-to-date: /home/kaisar/warehouse_robot/robot/install/robot_msgs/share/robot_msgs/cmake/export_robot_msgs__rosidl_typesupport_fastrtps_cppExport.cmake
[0.884s] -- Up-to-date: /home/kaisar/warehouse_robot/robot/install/robot_msgs/share/robot_msgs/cmake/export_robot_msgs__rosidl_typesupport_fastrtps_cppExport-noconfig.cmake
[0.884s] -- Up-to-date: /home/kaisar/warehouse_robot/robot/install/robot_msgs/share/robot_msgs/cmake/robot_msgs__rosidl_typesupport_introspection_cExport.cmake
[0.884s] -- Up-to-date: /home/kaisar/warehouse_robot/robot/install/robot_msgs/share/robot_msgs/cmake/robot_msgs__rosidl_typesupport_introspection_cExport-noconfig.cmake
[0.884s] -- Up-to-date: /home/kaisar/warehouse_robot/robot/install/robot_msgs/share/robot_msgs/cmake/robot_msgs__rosidl_typesupport_cExport.cmake
[0.884s] -- Up-to-date: /home/kaisar/warehouse_robot/robot/install/robot_msgs/share/robot_msgs/cmake/robot_msgs__rosidl_typesupport_cExport-noconfig.cmake
[0.884s] -- Up-to-date: /home/kaisar/warehouse_robot/robot/install/robot_msgs/share/robot_msgs/cmake/robot_msgs__rosidl_typesupport_introspection_cppExport.cmake
[0.885s] -- Up-to-date: /home/kaisar/warehouse_robot/robot/install/robot_msgs/share/robot_msgs/cmake/robot_msgs__rosidl_typesupport_introspection_cppExport-noconfig.cmake
[0.885s] -- Up-to-date: /home/kaisar/warehouse_robot/robot/install/robot_msgs/share/robot_msgs/cmake/robot_msgs__rosidl_typesupport_cppExport.cmake
[0.885s] -- Up-to-date: /home/kaisar/warehouse_robot/robot/install/robot_msgs/share/robot_msgs/cmake/robot_msgs__rosidl_typesupport_cppExport-noconfig.cmake
[0.885s] -- Up-to-date: /home/kaisar/warehouse_robot/robot/install/robot_msgs/share/robot_msgs/cmake/export_robot_msgs__rosidl_generator_pyExport.cmake
[0.885s] -- Up-to-date: /home/kaisar/warehouse_robot/robot/install/robot_msgs/share/robot_msgs/cmake/export_robot_msgs__rosidl_generator_pyExport-noconfig.cmake
[0.888s] Invoked command in '/home/kaisar/warehouse_robot/robot/build/robot_msgs' returned '0': CMAKE_PREFIX_PATH=${CMAKE_PREFIX_PATH}:/opt/ros/jazzy DEBUGINFOD_URLS=https://debuginfod.ubuntu.com /usr/bin/cmake --install /home/kaisar/warehouse_robot/robot/build/robot_msgs
