running develop
Removing /home/kaisar/warehouse_robot/robot/install/robot_status/lib/python3.12/site-packages/robot-status.egg-link (link to .)
running egg_info
writing ../../../build/robot_status/robot_status.egg-info/PKG-INFO
writing dependency_links to ../../../build/robot_status/robot_status.egg-info/dependency_links.txt
writing entry points to ../../../build/robot_status/robot_status.egg-info/entry_points.txt
writing requirements to ../../../build/robot_status/robot_status.egg-info/requires.txt
writing top-level names to ../../../build/robot_status/robot_status.egg-info/top_level.txt
reading manifest file '../../../build/robot_status/robot_status.egg-info/SOURCES.txt'
writing manifest file '../../../build/robot_status/robot_status.egg-info/SOURCES.txt'
running build
running build_py
copying robot_status/node.py -> /home/kaisar/warehouse_robot/robot/build/robot_status/build/lib/robot_status
copying robot_status/main.py -> /home/kaisar/warehouse_robot/robot/build/robot_status/build/lib/robot_status
running install
running install_lib
creating /home/kaisar/warehouse_robot/robot/install/robot_status/lib/python3.12/site-packages/robot_status
copying /home/kaisar/warehouse_robot/robot/build/robot_status/build/lib/robot_status/node.py -> /home/kaisar/warehouse_robot/robot/install/robot_status/lib/python3.12/site-packages/robot_status
copying /home/kaisar/warehouse_robot/robot/build/robot_status/build/lib/robot_status/__init__.py -> /home/kaisar/warehouse_robot/robot/install/robot_status/lib/python3.12/site-packages/robot_status
copying /home/kaisar/warehouse_robot/robot/build/robot_status/build/lib/robot_status/main.py -> /home/kaisar/warehouse_robot/robot/install/robot_status/lib/python3.12/site-packages/robot_status
byte-compiling /home/kaisar/warehouse_robot/robot/install/robot_status/lib/python3.12/site-packages/robot_status/node.py to node.cpython-312.pyc
byte-compiling /home/kaisar/warehouse_robot/robot/install/robot_status/lib/python3.12/site-packages/robot_status/__init__.py to __init__.cpython-312.pyc
byte-compiling /home/kaisar/warehouse_robot/robot/install/robot_status/lib/python3.12/site-packages/robot_status/main.py to main.cpython-312.pyc
running install_data
copying resource/robot_status -> /home/kaisar/warehouse_robot/robot/install/robot_status/share/ament_index/resource_index/packages
copying package.xml -> /home/kaisar/warehouse_robot/robot/install/robot_status/share/robot_status
running install_egg_info
Copying ../../../build/robot_status/robot_status.egg-info to /home/kaisar/warehouse_robot/robot/install/robot_status/lib/python3.12/site-packages/robot_status-0.0.0-py3.12.egg-info
running install_scripts
Installing status_node script to /home/kaisar/warehouse_robot/robot/install/robot_status/lib/robot_status
writing list of installed files to '/home/kaisar/warehouse_robot/robot/build/robot_status/install.log'
