[1.822s] Invoking command in '/home/kaisar/warehouse_robot/robot/build/robot_status': AMENT_PREFIX_PATH=/home/kaisar/warehouse_robot/robot/install/robot_planner:/home/kaisar/warehouse_robot/robot/install/robot_msgs:${AMENT_PREFIX_PATH} CMAKE_PREFIX_PATH=/home/kaisar/warehouse_robot/robot/install/robot_msgs:${CMAKE_PREFIX_PATH} DEBUGINFOD_URLS=https://debuginfod.ubuntu.com LD_LIBRARY_PATH=/home/kaisar/warehouse_robot/robot/install/robot_msgs/lib:${LD_LIBRARY_PATH} PYTHONPATH=/home/kaisar/warehouse_robot/robot/build/robot_status/prefix_override:/usr/lib/python3/dist-packages/colcon_core/task/python/colcon_distutils_commands:/home/kaisar/warehouse_robot/robot/install/robot_status/lib/python3.12/site-packages:/home/kaisar/warehouse_robot/robot/install/robot_planner/lib/python3.12/site-packages:/home/kaisar/warehouse_robot/robot/install/robot_msgs/lib/python3.12/site-packages:${PYTHONPATH} /usr/bin/python3 -W ignore:setup.py install is deprecated -W ignore:easy_install command is deprecated setup.py develop --uninstall --editable --build-directory /home/kaisar/warehouse_robot/robot/build/robot_status/build
[2.268s] running develop
[2.613s] Removing /home/kaisar/warehouse_robot/robot/install/robot_status/lib/python3.12/site-packages/robot-status.egg-link (link to .)
[2.690s] Invoked command in '/home/kaisar/warehouse_robot/robot/build/robot_status' returned '0': AMENT_PREFIX_PATH=/home/kaisar/warehouse_robot/robot/install/robot_planner:/home/kaisar/warehouse_robot/robot/install/robot_msgs:${AMENT_PREFIX_PATH} CMAKE_PREFIX_PATH=/home/kaisar/warehouse_robot/robot/install/robot_msgs:${CMAKE_PREFIX_PATH} DEBUGINFOD_URLS=https://debuginfod.ubuntu.com LD_LIBRARY_PATH=/home/kaisar/warehouse_robot/robot/install/robot_msgs/lib:${LD_LIBRARY_PATH} PYTHONPATH=/home/kaisar/warehouse_robot/robot/build/robot_status/prefix_override:/usr/lib/python3/dist-packages/colcon_core/task/python/colcon_distutils_commands:/home/kaisar/warehouse_robot/robot/install/robot_status/lib/python3.12/site-packages:/home/kaisar/warehouse_robot/robot/install/robot_planner/lib/python3.12/site-packages:/home/kaisar/warehouse_robot/robot/install/robot_msgs/lib/python3.12/site-packages:${PYTHONPATH} /usr/bin/python3 -W ignore:setup.py install is deprecated -W ignore:easy_install command is deprecated setup.py develop --uninstall --editable --build-directory /home/kaisar/warehouse_robot/robot/build/robot_status/build
[2.691s] Invoking command in '/home/kaisar/warehouse_robot/robot/ws/src/robot_status': AMENT_PREFIX_PATH=/home/kaisar/warehouse_robot/robot/install/robot_planner:/home/kaisar/warehouse_robot/robot/install/robot_msgs:${AMENT_PREFIX_PATH} CMAKE_PREFIX_PATH=/home/kaisar/warehouse_robot/robot/install/robot_msgs:${CMAKE_PREFIX_PATH} DEBUGINFOD_URLS=https://debuginfod.ubuntu.com LD_LIBRARY_PATH=/home/kaisar/warehouse_robot/robot/install/robot_msgs/lib:${LD_LIBRARY_PATH} PYTHONPATH=/home/kaisar/warehouse_robot/robot/build/robot_status/prefix_override:/usr/lib/python3/dist-packages/colcon_core/task/python/colcon_distutils_commands:/home/kaisar/warehouse_robot/robot/install/robot_status/lib/python3.12/site-packages:/home/kaisar/warehouse_robot/robot/install/robot_planner/lib/python3.12/site-packages:/home/kaisar/warehouse_robot/robot/install/robot_msgs/lib/python3.12/site-packages:${PYTHONPATH} /usr/bin/python3 -W ignore:setup.py install is deprecated -W ignore:easy_install command is deprecated setup.py egg_info --egg-base ../../../build/robot_status build --build-base /home/kaisar/warehouse_robot/robot/build/robot_status/build install --record /home/kaisar/warehouse_robot/robot/build/robot_status/install.log --single-version-externally-managed install_data --force
[3.081s] running egg_info
[3.117s] writing ../../../build/robot_status/robot_status.egg-info/PKG-INFO
[3.117s] writing dependency_links to ../../../build/robot_status/robot_status.egg-info/dependency_links.txt
[3.118s] writing entry points to ../../../build/robot_status/robot_status.egg-info/entry_points.txt
[3.118s] writing requirements to ../../../build/robot_status/robot_status.egg-info/requires.txt
[3.118s] writing top-level names to ../../../build/robot_status/robot_status.egg-info/top_level.txt
[3.186s] reading manifest file '../../../build/robot_status/robot_status.egg-info/SOURCES.txt'
[3.187s] writing manifest file '../../../build/robot_status/robot_status.egg-info/SOURCES.txt'
[3.187s] running build
[3.188s] running build_py
[3.188s] copying robot_status/node.py -> /home/kaisar/warehouse_robot/robot/build/robot_status/build/lib/robot_status
[3.188s] copying robot_status/main.py -> /home/kaisar/warehouse_robot/robot/build/robot_status/build/lib/robot_status
[3.189s] running install
[3.195s] running install_lib
[3.230s] creating /home/kaisar/warehouse_robot/robot/install/robot_status/lib/python3.12/site-packages/robot_status
[3.230s] copying /home/kaisar/warehouse_robot/robot/build/robot_status/build/lib/robot_status/node.py -> /home/kaisar/warehouse_robot/robot/install/robot_status/lib/python3.12/site-packages/robot_status
[3.230s] copying /home/kaisar/warehouse_robot/robot/build/robot_status/build/lib/robot_status/__init__.py -> /home/kaisar/warehouse_robot/robot/install/robot_status/lib/python3.12/site-packages/robot_status
[3.231s] copying /home/kaisar/warehouse_robot/robot/build/robot_status/build/lib/robot_status/main.py -> /home/kaisar/warehouse_robot/robot/install/robot_status/lib/python3.12/site-packages/robot_status
[3.231s] byte-compiling /home/kaisar/warehouse_robot/robot/install/robot_status/lib/python3.12/site-packages/robot_status/node.py to node.cpython-312.pyc
[3.234s] byte-compiling /home/kaisar/warehouse_robot/robot/install/robot_status/lib/python3.12/site-packages/robot_status/__init__.py to __init__.cpython-312.pyc
[3.235s] byte-compiling /home/kaisar/warehouse_robot/robot/install/robot_status/lib/python3.12/site-packages/robot_status/main.py to main.cpython-312.pyc
[3.235s] running install_data
[3.235s] copying resource/robot_status -> /home/kaisar/warehouse_robot/robot/install/robot_status/share/ament_index/resource_index/packages
[3.236s] copying package.xml -> /home/kaisar/warehouse_robot/robot/install/robot_status/share/robot_status
[3.236s] running install_egg_info
[3.272s] Copying ../../../build/robot_status/robot_status.egg-info to /home/kaisar/warehouse_robot/robot/install/robot_status/lib/python3.12/site-packages/robot_status-0.0.0-py3.12.egg-info
[3.273s] running install_scripts
[3.500s] Installing status_node script to /home/kaisar/warehouse_robot/robot/install/robot_status/lib/robot_status
[3.501s] writing list of installed files to '/home/kaisar/warehouse_robot/robot/build/robot_status/install.log'
[3.546s] Invoked command in '/home/kaisar/warehouse_robot/robot/ws/src/robot_status' returned '0': AMENT_PREFIX_PATH=/home/kaisar/warehouse_robot/robot/install/robot_planner:/home/kaisar/warehouse_robot/robot/install/robot_msgs:${AMENT_PREFIX_PATH} CMAKE_PREFIX_PATH=/home/kaisar/warehouse_robot/robot/install/robot_msgs:${CMAKE_PREFIX_PATH} DEBUGINFOD_URLS=https://debuginfod.ubuntu.com LD_LIBRARY_PATH=/home/kaisar/warehouse_robot/robot/install/robot_msgs/lib:${LD_LIBRARY_PATH} PYTHONPATH=/home/kaisar/warehouse_robot/robot/build/robot_status/prefix_override:/usr/lib/python3/dist-packages/colcon_core/task/python/colcon_distutils_commands:/home/kaisar/warehouse_robot/robot/install/robot_status/lib/python3.12/site-packages:/home/kaisar/warehouse_robot/robot/install/robot_planner/lib/python3.12/site-packages:/home/kaisar/warehouse_robot/robot/install/robot_msgs/lib/python3.12/site-packages:${PYTHONPATH} /usr/bin/python3 -W ignore:setup.py install is deprecated -W ignore:easy_install command is deprecated setup.py egg_info --egg-base ../../../build/robot_status build --build-base /home/kaisar/warehouse_robot/robot/build/robot_status/build install --record /home/kaisar/warehouse_robot/robot/build/robot_status/install.log --single-version-externally-managed install_data --force
