[0.028s] Invoking command in '/home/kaisar/warehouse_robot/robot/build/stage_ros2': CMAKE_PREFIX_PATH=/opt/ros/jazzy:/home/kaisar/warehouse_robot/robot/install/stage:${CMAKE_PREFIX_PATH} DEBUGINFOD_URLS=https://debuginfod.ubuntu.com LD_LIBRARY_PATH=/home/kaisar/warehouse_robot/robot/install/stage/lib:${LD_LIBRARY_PATH} PATH=/home/kaisar/warehouse_robot/robot/install/stage/bin:${PATH} PKG_CONFIG_PATH=/home/kaisar/warehouse_robot/robot/install/stage/lib/x86_64-linux-gnu/pkgconfig:/home/kaisar/warehouse_robot/robot/install/stage/lib/pkgconfig ROS_PACKAGE_PATH=/home/kaisar/warehouse_robot/robot/install/stage/share /usr/bin/cmake /home/kaisar/warehouse_robot/robot/ws/src/stage_ros2 -DCMAKE_INSTALL_PREFIX=/home/kaisar/warehouse_robot/robot/install/stage_ros2
[0.052s] -- Found ament_cmake: 2.5.6 (/opt/ros/jazzy/share/ament_cmake/cmake)
[0.527s] -- Override CMake install command with custom implementation using symlinks instead of copying resources
[0.539s] -- Found rclcpp: 28.1.18 (/opt/ros/jazzy/share/rclcpp/cmake)
[0.588s] -- Found rosidl_generator_c: 4.6.7 (/opt/ros/jazzy/share/rosidl_generator_c/cmake)
[0.604s] -- Found rosidl_generator_cpp: 4.6.7 (/opt/ros/jazzy/share/rosidl_generator_cpp/cmake)
[0.623s] -- Using all available rosidl_typesupport_c: rosidl_typesupport_fastrtps_c;rosidl_typesupport_introspection_c
[0.647s] -- Using all available rosidl_typesupport_cpp: rosidl_typesupport_fastrtps_cpp;rosidl_typesupport_introspection_cpp
[0.758s] -- Found rmw_implementation_cmake: 7.3.3 (/opt/ros/jazzy/share/rmw_implementation_cmake/cmake)
[0.759s] -- Found rmw_fastrtps_cpp: 8.4.3 (/opt/ros/jazzy/share/rmw_fastrtps_cpp/cmake)
[0.882s] -- Using RMW implementation 'rmw_fastrtps_cpp' as default
[0.991s] -- Found rclcpp_components: 28.1.18 (/opt/ros/jazzy/share/rclcpp_components/cmake)
[1.037s] -- Found sensor_msgs: 5.3.7 (/opt/ros/jazzy/share/sensor_msgs/cmake)
[1.132s] -- Found nav_msgs: 5.3.7 (/opt/ros/jazzy/share/nav_msgs/cmake)
[1.180s] -- Found tf2_ros: 0.36.20 (/opt/ros/jazzy/share/tf2_ros/cmake)
[1.321s] -- Found tf2_geometry_msgs: 0.36.20 (/opt/ros/jazzy/share/tf2_geometry_msgs/cmake)
[1.327s] -- Found eigen3_cmake_module: 0.3.0 (/opt/ros/jazzy/share/eigen3_cmake_module/cmake)
[1.331s] -- Ensuring Eigen3 include directory is part of orocos-kdl CMake target
[1.335s] -- Found std_srvs: 5.3.7 (/opt/ros/jazzy/share/std_srvs/cmake)
[1.372s] -- Found ament_lint_auto: 0.17.5 (/opt/ros/jazzy/share/ament_lint_auto/cmake)
[1.572s] -- Added test 'cppcheck' to perform static code analysis on C / C++ code
[1.573s] -- Configured cppcheck include dirs: /home/kaisar/warehouse_robot/robot/ws/src/stage_ros2/./include;$<BUILD_INTERFACE:/home/kaisar/warehouse_robot/robot/ws/src/stage_ros2/include>
[1.573s] -- Configured cppcheck exclude dirs and/or files: 
[1.575s] -- Added test 'flake8' to check Python code syntax and style conventions
[1.575s] -- Configured 'flake8' exclude dirs and/or files: 
[1.577s] -- Added test 'lint_cmake' to check CMake code style
[1.580s] -- Added test 'pep257' to check Python code against some of the docstring style conventions in PEP 257
[1.588s] -- Added test 'uncrustify' to check C / C++ code style
[1.588s] -- Configured uncrustify additional arguments: 
[1.590s] -- Added test 'xmllint' to check XML markup files
[1.599s] -- Added test 'clang_format' to check C / C++ code style
[1.601s] -- Added test 'pycodestyle' to check Python code against some of the style conventions in PEP 8
[1.603s] -- Configuring done (1.6s)
[1.653s] -- Generating done (0.0s)
[1.666s] -- Build files have been written to: /home/kaisar/warehouse_robot/robot/build/stage_ros2
[1.689s] Invoked command in '/home/kaisar/warehouse_robot/robot/build/stage_ros2' returned '0': CMAKE_PREFIX_PATH=/opt/ros/jazzy:/home/kaisar/warehouse_robot/robot/install/stage:${CMAKE_PREFIX_PATH} DEBUGINFOD_URLS=https://debuginfod.ubuntu.com LD_LIBRARY_PATH=/home/kaisar/warehouse_robot/robot/install/stage/lib:${LD_LIBRARY_PATH} PATH=/home/kaisar/warehouse_robot/robot/install/stage/bin:${PATH} PKG_CONFIG_PATH=/home/kaisar/warehouse_robot/robot/install/stage/lib/x86_64-linux-gnu/pkgconfig:/home/kaisar/warehouse_robot/robot/install/stage/lib/pkgconfig ROS_PACKAGE_PATH=/home/kaisar/warehouse_robot/robot/install/stage/share /usr/bin/cmake /home/kaisar/warehouse_robot/robot/ws/src/stage_ros2 -DCMAKE_INSTALL_PREFIX=/home/kaisar/warehouse_robot/robot/install/stage_ros2
[1.692s] Invoking command in '/home/kaisar/warehouse_robot/robot/build/stage_ros2': CMAKE_PREFIX_PATH=/opt/ros/jazzy:/home/kaisar/warehouse_robot/robot/install/stage:${CMAKE_PREFIX_PATH} DEBUGINFOD_URLS=https://debuginfod.ubuntu.com LD_LIBRARY_PATH=/home/kaisar/warehouse_robot/robot/install/stage/lib:${LD_LIBRARY_PATH} PATH=/home/kaisar/warehouse_robot/robot/install/stage/bin:${PATH} PKG_CONFIG_PATH=/home/kaisar/warehouse_robot/robot/install/stage/lib/x86_64-linux-gnu/pkgconfig:/home/kaisar/warehouse_robot/robot/install/stage/lib/pkgconfig ROS_PACKAGE_PATH=/home/kaisar/warehouse_robot/robot/install/stage/share /usr/bin/cmake --build /home/kaisar/warehouse_robot/robot/build/stage_ros2 -- -j12 -l12
[1.847s] [ 14%] Building CXX object CMakeFiles/stage_node.dir/src/stage_node.cpp.o
[17.613s] [ 28%] Building CXX object CMakeFiles/stage_node.dir/src/camera.cpp.o
[32.685s] [ 42%] Building CXX object CMakeFiles/stage_node.dir/src/ranger.cpp.o
[47.640s] [ 57%] Building CXX object CMakeFiles/stage_node.dir/src/vehicle.cpp.o
[72.811s] [ 71%] Linking CXX shared library libstage_node.so
[74.788s] [ 71%] Built target stage_node
[74.856s] [ 85%] Building CXX object CMakeFiles/stage_ros2.dir/src/main.cpp.o
[85.736s] [100%] Linking CXX executable stage_ros2
[87.338s] [100%] Built target stage_ros2
[87.362s] Invoked command in '/home/kaisar/warehouse_robot/robot/build/stage_ros2' returned '0': CMAKE_PREFIX_PATH=/opt/ros/jazzy:/home/kaisar/warehouse_robot/robot/install/stage:${CMAKE_PREFIX_PATH} DEBUGINFOD_URLS=https://debuginfod.ubuntu.com LD_LIBRARY_PATH=/home/kaisar/warehouse_robot/robot/install/stage/lib:${LD_LIBRARY_PATH} PATH=/home/kaisar/warehouse_robot/robot/install/stage/bin:${PATH} PKG_CONFIG_PATH=/home/kaisar/warehouse_robot/robot/install/stage/lib/x86_64-linux-gnu/pkgconfig:/home/kaisar/warehouse_robot/robot/install/stage/lib/pkgconfig ROS_PACKAGE_PATH=/home/kaisar/warehouse_robot/robot/install/stage/share /usr/bin/cmake --build /home/kaisar/warehouse_robot/robot/build/stage_ros2 -- -j12 -l12
[87.382s] Invoking command in '/home/kaisar/warehouse_robot/robot/build/stage_ros2': CMAKE_PREFIX_PATH=/opt/ros/jazzy:/home/kaisar/warehouse_robot/robot/install/stage:${CMAKE_PREFIX_PATH} DEBUGINFOD_URLS=https://debuginfod.ubuntu.com LD_LIBRARY_PATH=/home/kaisar/warehouse_robot/robot/install/stage/lib:${LD_LIBRARY_PATH} PATH=/home/kaisar/warehouse_robot/robot/install/stage/bin:${PATH} PKG_CONFIG_PATH=/home/kaisar/warehouse_robot/robot/install/stage/lib/x86_64-linux-gnu/pkgconfig:/home/kaisar/warehouse_robot/robot/install/stage/lib/pkgconfig ROS_PACKAGE_PATH=/home/kaisar/warehouse_robot/robot/install/stage/share /usr/bin/cmake --install /home/kaisar/warehouse_robot/robot/build/stage_ros2
[87.397s] -- Install configuration: ""
[87.399s] -- Execute custom install script
[87.399s] -- Up-to-date symlink: /home/kaisar/warehouse_robot/robot/install/stage_ros2/share/stage_ros2/environment/library_path.sh
[87.401s] -- Up-to-date symlink: /home/kaisar/warehouse_robot/robot/install/stage_ros2/share/stage_ros2/environment/library_path.dsv
[87.401s] -- Symlinking: /home/kaisar/warehouse_robot/robot/install/stage_ros2/share/stage_ros2//launch/__pycache__/stage.launch.cpython-312.pyc
[87.424s] -- Up-to-date symlink: /home/kaisar/warehouse_robot/robot/install/stage_ros2/share/stage_ros2//launch/demo.launch.py
[87.425s] -- Up-to-date symlink: /home/kaisar/warehouse_robot/robot/install/stage_ros2/share/stage_ros2//launch/f710.launch.py
[87.425s] -- Up-to-date symlink: /home/kaisar/warehouse_robot/robot/install/stage_ros2/share/stage_ros2//launch/rviz.launch.py
[87.426s] -- Up-to-date symlink: /home/kaisar/warehouse_robot/robot/install/stage_ros2/share/stage_ros2//launch/rviz_ns.launch.py
[87.426s] -- Up-to-date symlink: /home/kaisar/warehouse_robot/robot/install/stage_ros2/share/stage_ros2//launch/stage.launch.py
[87.428s] -- Up-to-date symlink: /home/kaisar/warehouse_robot/robot/install/stage_ros2/share/stage_ros2//world/22.05.26_smap.world
[87.428s] -- Up-to-date symlink: /home/kaisar/warehouse_robot/robot/install/stage_ros2/share/stage_ros2//world/bitmaps/22.05.26_smap.pgm
[87.428s] -- Up-to-date symlink: /home/kaisar/warehouse_robot/robot/install/stage_ros2/share/stage_ros2//world/bitmaps/cave.png
[87.428s] -- Up-to-date symlink: /home/kaisar/warehouse_robot/robot/install/stage_ros2/share/stage_ros2//world/bitmaps/hallway.pgm
[87.429s] -- Up-to-date symlink: /home/kaisar/warehouse_robot/robot/install/stage_ros2/share/stage_ros2//world/bitmaps/hallway.png
[87.429s] -- Up-to-date symlink: /home/kaisar/warehouse_robot/robot/install/stage_ros2/share/stage_ros2//world/bitmaps/id19_map.pgm
[87.429s] -- Up-to-date symlink: /home/kaisar/warehouse_robot/robot/install/stage_ros2/share/stage_ros2//world/bitmaps/line.png
[87.430s] -- Up-to-date symlink: /home/kaisar/warehouse_robot/robot/install/stage_ros2/share/stage_ros2//world/bitmaps/straden.png
[87.432s] -- Up-to-date symlink: /home/kaisar/warehouse_robot/robot/install/stage_ros2/share/stage_ros2//world/bitmaps/us_office.pgm
[87.432s] -- Up-to-date symlink: /home/kaisar/warehouse_robot/robot/install/stage_ros2/share/stage_ros2//world/bitmaps/warehouse008.pgm
[87.433s] -- Up-to-date symlink: /home/kaisar/warehouse_robot/robot/install/stage_ros2/share/stage_ros2//world/bitmaps/warehouse032.pgm
[87.433s] -- Up-to-date symlink: /home/kaisar/warehouse_robot/robot/install/stage_ros2/share/stage_ros2//world/bitmaps/warehouse200.pgm
[87.434s] -- Up-to-date symlink: /home/kaisar/warehouse_robot/robot/install/stage_ros2/share/stage_ros2//world/bitmaps/willow-full.pgm
[87.434s] -- Up-to-date symlink: /home/kaisar/warehouse_robot/robot/install/stage_ros2/share/stage_ros2//world/cave.world
[87.434s] -- Up-to-date symlink: /home/kaisar/warehouse_robot/robot/install/stage_ros2/share/stage_ros2//world/cave_multi.world
[87.434s] -- Up-to-date symlink: /home/kaisar/warehouse_robot/robot/install/stage_ros2/share/stage_ros2//world/cave_seven_robots.world
[87.435s] -- Up-to-date symlink: /home/kaisar/warehouse_robot/robot/install/stage_ros2/share/stage_ros2//world/cave_three_robots.world
[87.435s] -- Up-to-date symlink: /home/kaisar/warehouse_robot/robot/install/stage_ros2/share/stage_ros2//world/hallway.world
[87.435s] -- Up-to-date symlink: /home/kaisar/warehouse_robot/robot/install/stage_ros2/share/stage_ros2//world/id19_map.world
[87.435s] -- Up-to-date symlink: /home/kaisar/warehouse_robot/robot/install/stage_ros2/share/stage_ros2//world/include/pioneer2dx.inc
[87.435s] -- Up-to-date symlink: /home/kaisar/warehouse_robot/robot/install/stage_ros2/share/stage_ros2//world/include/robots.inc
[87.435s] -- Up-to-date symlink: /home/kaisar/warehouse_robot/robot/install/stage_ros2/share/stage_ros2//world/include/trp1.inc
[87.435s] -- Up-to-date symlink: /home/kaisar/warehouse_robot/robot/install/stage_ros2/share/stage_ros2//world/lines.world
[87.435s] -- Up-to-date symlink: /home/kaisar/warehouse_robot/robot/install/stage_ros2/share/stage_ros2//world/straden.world
[87.436s] -- Up-to-date symlink: /home/kaisar/warehouse_robot/robot/install/stage_ros2/share/stage_ros2//world/trp1.inc
[87.436s] -- Up-to-date symlink: /home/kaisar/warehouse_robot/robot/install/stage_ros2/share/stage_ros2//world/us_office.world
[87.436s] -- Up-to-date symlink: /home/kaisar/warehouse_robot/robot/install/stage_ros2/share/stage_ros2//world/willow-four-erratics-multisensor.world
[87.436s] -- Up-to-date symlink: /home/kaisar/warehouse_robot/robot/install/stage_ros2/share/stage_ros2//config/rviz/cave.rviz
[87.436s] -- Up-to-date symlink: /home/kaisar/warehouse_robot/robot/install/stage_ros2/share/stage_ros2//config/rviz/cave_seven_robots.rviz
[87.436s] -- Up-to-date symlink: /home/kaisar/warehouse_robot/robot/install/stage_ros2/share/stage_ros2//config/rviz/cave_three_robots.rviz
[87.436s] -- Up-to-date symlink: /home/kaisar/warehouse_robot/robot/install/stage_ros2/share/stage_ros2//config/rviz/lines.rviz
[87.437s] -- Up-to-date symlink: /home/kaisar/warehouse_robot/robot/install/stage_ros2/share/stage_ros2//config/rviz/robot0.rviz
[87.438s] -- Up-to-date symlink: /home/kaisar/warehouse_robot/robot/install/stage_ros2/share/stage_ros2//config/rviz/robot_ns.rviz
[87.440s] -- Up-to-date symlink: /home/kaisar/warehouse_robot/robot/install/stage_ros2/share/stage_ros2//config/rviz/robot_ns_depth.rviz
[87.441s] -- Up-to-date symlink: /home/kaisar/warehouse_robot/robot/install/stage_ros2/share/stage_ros2//config/teleop_twist_joy/f710.config.yaml
[87.441s] -- Up-to-date symlink: /home/kaisar/warehouse_robot/robot/install/stage_ros2/lib/libstage_node.so
[87.441s] -- Up-to-date symlink: /home/kaisar/warehouse_robot/robot/install/stage_ros2/lib/stage_ros2/stage_ros2
[87.441s] -- Up-to-date symlink: /home/kaisar/warehouse_robot/robot/install/stage_ros2/share/ament_index/resource_index/package_run_dependencies/stage_ros2
[87.442s] -- Up-to-date symlink: /home/kaisar/warehouse_robot/robot/install/stage_ros2/share/ament_index/resource_index/parent_prefix_path/stage_ros2
[87.442s] -- Up-to-date symlink: /home/kaisar/warehouse_robot/robot/install/stage_ros2/share/stage_ros2/environment/ament_prefix_path.sh
[87.442s] -- Up-to-date symlink: /home/kaisar/warehouse_robot/robot/install/stage_ros2/share/stage_ros2/environment/ament_prefix_path.dsv
[87.442s] -- Up-to-date symlink: /home/kaisar/warehouse_robot/robot/install/stage_ros2/share/stage_ros2/environment/path.sh
[87.442s] -- Up-to-date symlink: /home/kaisar/warehouse_robot/robot/install/stage_ros2/share/stage_ros2/environment/path.dsv
[87.442s] -- Up-to-date symlink: /home/kaisar/warehouse_robot/robot/install/stage_ros2/share/stage_ros2/local_setup.bash
[87.442s] -- Up-to-date symlink: /home/kaisar/warehouse_robot/robot/install/stage_ros2/share/stage_ros2/local_setup.sh
[87.442s] -- Up-to-date symlink: /home/kaisar/warehouse_robot/robot/install/stage_ros2/share/stage_ros2/local_setup.zsh
[87.442s] -- Up-to-date symlink: /home/kaisar/warehouse_robot/robot/install/stage_ros2/share/stage_ros2/local_setup.dsv
[87.443s] -- Symlinking: /home/kaisar/warehouse_robot/robot/install/stage_ros2/share/stage_ros2/package.dsv
[87.459s] -- Up-to-date symlink: /home/kaisar/warehouse_robot/robot/install/stage_ros2/share/ament_index/resource_index/packages/stage_ros2
[87.461s] -- Up-to-date symlink: /home/kaisar/warehouse_robot/robot/install/stage_ros2/share/stage_ros2/cmake/stage_ros2Config.cmake
[87.461s] -- Up-to-date symlink: /home/kaisar/warehouse_robot/robot/install/stage_ros2/share/stage_ros2/cmake/stage_ros2Config-version.cmake
[87.461s] -- Up-to-date symlink: /home/kaisar/warehouse_robot/robot/install/stage_ros2/share/stage_ros2/package.xml
[87.464s] Invoked command in '/home/kaisar/warehouse_robot/robot/build/stage_ros2' returned '0': CMAKE_PREFIX_PATH=/opt/ros/jazzy:/home/kaisar/warehouse_robot/robot/install/stage:${CMAKE_PREFIX_PATH} DEBUGINFOD_URLS=https://debuginfod.ubuntu.com LD_LIBRARY_PATH=/home/kaisar/warehouse_robot/robot/install/stage/lib:${LD_LIBRARY_PATH} PATH=/home/kaisar/warehouse_robot/robot/install/stage/bin:${PATH} PKG_CONFIG_PATH=/home/kaisar/warehouse_robot/robot/install/stage/lib/x86_64-linux-gnu/pkgconfig:/home/kaisar/warehouse_robot/robot/install/stage/lib/pkgconfig ROS_PACKAGE_PATH=/home/kaisar/warehouse_robot/robot/install/stage/share /usr/bin/cmake --install /home/kaisar/warehouse_robot/robot/build/stage_ros2
