[0.018s] Invoking command in '/home/kaisar/warehouse_robot/robot/build/nav2': CMAKE_PREFIX_PATH=${CMAKE_PREFIX_PATH}:/opt/ros/jazzy DEBUGINFOD_URLS=https://debuginfod.ubuntu.com /usr/bin/cmake /home/kaisar/warehouse_robot/robot/ws/src/nav2 -DAMENT_CMAKE_SYMLINK_INSTALL=1 -DCMAKE_INSTALL_PREFIX=/home/kaisar/warehouse_robot/robot/install/nav2
[0.083s] -- The C compiler identification is GNU 13.3.0
[0.150s] -- The CXX compiler identification is GNU 13.3.0
[0.169s] -- Detecting C compiler ABI info
[0.278s] -- Detecting C compiler ABI info - done
[0.289s] -- Check for working C compiler: /usr/bin/cc - skipped
[0.289s] -- Detecting C compile features
[0.290s] -- Detecting C compile features - done
[0.302s] -- Detecting CXX compiler ABI info
[0.419s] -- Detecting CXX compiler ABI info - done
[0.429s] -- Check for working CXX compiler: /usr/bin/c++ - skipped
[0.430s] -- Detecting CXX compile features
[0.430s] -- Detecting CXX compile features - done
[0.435s] -- Found ament_cmake: 2.5.6 (/opt/ros/jazzy/share/ament_cmake/cmake)
[0.614s] -- Found Python3: /usr/bin/python3 (found version "3.12.3") found components: Interpreter 
[0.697s] -- Override CMake install command with custom implementation using symlinks instead of copying resources
[0.767s] -- Found rclcpp: 28.1.18 (/opt/ros/jazzy/share/rclcpp/cmake)
[0.836s] -- Found rosidl_generator_c: 4.6.7 (/opt/ros/jazzy/share/rosidl_generator_c/cmake)
[0.859s] -- Found rosidl_generator_cpp: 4.6.7 (/opt/ros/jazzy/share/rosidl_generator_cpp/cmake)
[0.884s] -- Using all available rosidl_typesupport_c: rosidl_typesupport_fastrtps_c;rosidl_typesupport_introspection_c
[0.911s] -- Using all available rosidl_typesupport_cpp: rosidl_typesupport_fastrtps_cpp;rosidl_typesupport_introspection_cpp
[1.025s] -- Found rmw_implementation_cmake: 7.3.3 (/opt/ros/jazzy/share/rmw_implementation_cmake/cmake)
[1.031s] -- Found rmw_fastrtps_cpp: 8.4.3 (/opt/ros/jazzy/share/rmw_fastrtps_cpp/cmake)
[1.159s] -- Found OpenSSL: /usr/lib/x86_64-linux-gnu/libcrypto.so (found version "3.0.13")  
[1.188s] -- Found FastRTPS: /opt/ros/jazzy/include (Required is at least version "2.13") 
[1.216s] -- Using RMW implementation 'rmw_fastrtps_cpp' as default
[1.321s] -- Found urdf: 2.10.0 (/opt/ros/jazzy/share/urdf/cmake)
[1.371s] -- Found xacro: 2.1.1 (/opt/ros/jazzy/share/xacro/cmake)
[1.375s] -- Found std_msgs: 5.3.7 (/opt/ros/jazzy/share/std_msgs/cmake)
[1.493s] -- Configuring done (1.5s)
[1.499s] -- Generating done (0.0s)
[1.502s] -- Build files have been written to: /home/kaisar/warehouse_robot/robot/build/nav2
[1.516s] Invoked command in '/home/kaisar/warehouse_robot/robot/build/nav2' returned '0': CMAKE_PREFIX_PATH=${CMAKE_PREFIX_PATH}:/opt/ros/jazzy DEBUGINFOD_URLS=https://debuginfod.ubuntu.com /usr/bin/cmake /home/kaisar/warehouse_robot/robot/ws/src/nav2 -DAMENT_CMAKE_SYMLINK_INSTALL=1 -DCMAKE_INSTALL_PREFIX=/home/kaisar/warehouse_robot/robot/install/nav2
[1.517s] Invoking command in '/home/kaisar/warehouse_robot/robot/build/nav2': CMAKE_PREFIX_PATH=${CMAKE_PREFIX_PATH}:/opt/ros/jazzy DEBUGINFOD_URLS=https://debuginfod.ubuntu.com /usr/bin/cmake --build /home/kaisar/warehouse_robot/robot/build/nav2 -- -j12 -l12
[1.547s] -- Found ament_cmake: 2.5.6 (/opt/ros/jazzy/share/ament_cmake/cmake)
[1.769s] -- Override CMake install command with custom implementation using symlinks instead of copying resources
[1.776s] -- Found rclcpp: 28.1.18 (/opt/ros/jazzy/share/rclcpp/cmake)
[1.805s] -- Found rosidl_generator_c: 4.6.7 (/opt/ros/jazzy/share/rosidl_generator_c/cmake)
[1.814s] -- Found rosidl_generator_cpp: 4.6.7 (/opt/ros/jazzy/share/rosidl_generator_cpp/cmake)
[1.826s] -- Using all available rosidl_typesupport_c: rosidl_typesupport_fastrtps_c;rosidl_typesupport_introspection_c
[1.840s] -- Using all available rosidl_typesupport_cpp: rosidl_typesupport_fastrtps_cpp;rosidl_typesupport_introspection_cpp
[1.918s] -- Found rmw_implementation_cmake: 7.3.3 (/opt/ros/jazzy/share/rmw_implementation_cmake/cmake)
[1.922s] -- Found rmw_fastrtps_cpp: 8.4.3 (/opt/ros/jazzy/share/rmw_fastrtps_cpp/cmake)
[2.041s] -- Using RMW implementation 'rmw_fastrtps_cpp' as default
[2.177s] -- Found urdf: 2.10.0 (/opt/ros/jazzy/share/urdf/cmake)
[2.202s] -- Found xacro: 2.1.1 (/opt/ros/jazzy/share/xacro/cmake)
[2.202s] -- Found std_msgs: 5.3.7 (/opt/ros/jazzy/share/std_msgs/cmake)
[2.562s] -- Configuring done (1.0s)
[2.587s] -- Generating done (0.0s)
[2.602s] -- Build files have been written to: /home/kaisar/warehouse_robot/robot/build/nav2
[2.739s] Invoked command in '/home/kaisar/warehouse_robot/robot/build/nav2' returned '0': CMAKE_PREFIX_PATH=${CMAKE_PREFIX_PATH}:/opt/ros/jazzy DEBUGINFOD_URLS=https://debuginfod.ubuntu.com /usr/bin/cmake --build /home/kaisar/warehouse_robot/robot/build/nav2 -- -j12 -l12
[2.740s] Invoking command in '/home/kaisar/warehouse_robot/robot/build/nav2': CMAKE_PREFIX_PATH=${CMAKE_PREFIX_PATH}:/opt/ros/jazzy DEBUGINFOD_URLS=https://debuginfod.ubuntu.com /usr/bin/cmake --install /home/kaisar/warehouse_robot/robot/build/nav2
[2.774s] -- Install configuration: ""
[2.774s] -- Execute custom install script
[2.775s] -- Symlinking: /home/kaisar/warehouse_robot/robot/install/nav2/share/nav2//config/apriltags_36h11.yaml
[2.815s] -- Symlinking: /home/kaisar/warehouse_robot/robot/install/nav2/share/nav2//config/ekf.yaml
[2.852s] -- Symlinking: /home/kaisar/warehouse_robot/robot/install/nav2/share/nav2//config/nav2_params.yaml
[2.894s] -- Symlinking: /home/kaisar/warehouse_robot/robot/install/nav2/share/nav2//config/navigate_to_pose_w_replanning_and_recovery.xml
[2.936s] -- Symlinking: /home/kaisar/warehouse_robot/robot/install/nav2/share/nav2//launch/__pycache__/gazebo_multi_nav2_world.launch.cpython-312.pyc
[2.974s] -- Symlinking: /home/kaisar/warehouse_robot/robot/install/nav2/share/nav2//launch/__pycache__/launch.cpython-312.pyc
[3.011s] -- Symlinking: /home/kaisar/warehouse_robot/robot/install/nav2/share/nav2//launch/__pycache__/nav2_launch.cpython-312.pyc
[3.053s] -- Symlinking: /home/kaisar/warehouse_robot/robot/install/nav2/share/nav2//launch/__pycache__/rviz_launch.cpython-312.pyc
[3.078s] -- Symlinking: /home/kaisar/warehouse_robot/robot/install/nav2/share/nav2//launch/nav2/__pycache__/localization_launch.cpython-312.pyc
[3.098s] -- Symlinking: /home/kaisar/warehouse_robot/robot/install/nav2/share/nav2//launch/nav2/__pycache__/navigation_launch.cpython-312.pyc
[3.121s] -- Symlinking: /home/kaisar/warehouse_robot/robot/install/nav2/share/nav2//launch/nav2/bringup_launch.py
[3.161s] -- Symlinking: /home/kaisar/warehouse_robot/robot/install/nav2/share/nav2//launch/nav2/localization_launch.py
[3.211s] -- Symlinking: /home/kaisar/warehouse_robot/robot/install/nav2/share/nav2//launch/nav2/navigation_launch.py
[3.253s] -- Symlinking: /home/kaisar/warehouse_robot/robot/install/nav2/share/nav2//launch/nav2_launch.py
[3.292s] -- Symlinking: /home/kaisar/warehouse_robot/robot/install/nav2/share/nav2//launch/rviz_launch.py
[3.338s] -- Symlinking: /home/kaisar/warehouse_robot/robot/install/nav2/share/nav2//world/cafe.world
[3.375s] -- Symlinking: /home/kaisar/warehouse_robot/robot/install/nav2/share/nav2//world/empty_world.world
[3.414s] -- Symlinking: /home/kaisar/warehouse_robot/robot/install/nav2/share/nav2//maps/22.05.26_smap.pgm
[3.452s] -- Symlinking: /home/kaisar/warehouse_robot/robot/install/nav2/share/nav2//maps/22.05.26_smap.yaml
[3.479s] -- Symlinking: /home/kaisar/warehouse_robot/robot/install/nav2/share/nav2//maps/LMs.yaml
[3.525s] -- Symlinking: /home/kaisar/warehouse_robot/robot/install/nav2/share/nav2//maps/cafe_world_map.pgm
[3.563s] -- Symlinking: /home/kaisar/warehouse_robot/robot/install/nav2/share/nav2//maps/cafe_world_map.yaml
[3.587s] -- Symlinking: /home/kaisar/warehouse_robot/robot/install/nav2/share/nav2//maps/graph_edges_lengths.yaml
[3.633s] -- Symlinking: /home/kaisar/warehouse_robot/robot/install/nav2/share/nav2//maps/graphs.yaml
[3.667s] -- Symlinking: /home/kaisar/warehouse_robot/robot/install/nav2/share/nav2//rviz/check_joint.rviz
[3.703s] -- Symlinking: /home/kaisar/warehouse_robot/robot/install/nav2/share/nav2//rviz/multi_nav2_default_view.rviz
[3.734s] -- Symlinking: /home/kaisar/warehouse_robot/robot/install/nav2/share/nav2//rviz/nav2_default_view.rviz
[3.755s] -- Symlinking: /home/kaisar/warehouse_robot/robot/install/nav2/share/nav2//rviz/rviz_ns.rviz
[3.826s] -- Symlinking: /home/kaisar/warehouse_robot/robot/install/nav2/share/nav2//models/Apriltag36_11_00000/materials/textures/tag36_11_00000.png
[3.867s] -- Symlinking: /home/kaisar/warehouse_robot/robot/install/nav2/share/nav2//models/Apriltag36_11_00000/meshes/tag36_11_00000.dae
[3.906s] -- Symlinking: /home/kaisar/warehouse_robot/robot/install/nav2/share/nav2//models/Apriltag36_11_00000/model.config
[3.951s] -- Symlinking: /home/kaisar/warehouse_robot/robot/install/nav2/share/nav2//models/Apriltag36_11_00000/model.sdf
[3.992s] -- Symlinking: /home/kaisar/warehouse_robot/robot/install/nav2/share/nav2//models/aws_robomaker_residential_AirconditionerA_01/materials/textures/aws_AirconditionerA_01.png
[4.013s] -- Symlinking: /home/kaisar/warehouse_robot/robot/install/nav2/share/nav2//models/aws_robomaker_residential_AirconditionerA_01/meshes/aws_AirconditionerA_01_collision.DAE
[4.056s] -- Symlinking: /home/kaisar/warehouse_robot/robot/install/nav2/share/nav2//models/aws_robomaker_residential_AirconditionerA_01/meshes/aws_AirconditionerA_01_visual.DAE
[4.096s] -- Symlinking: /home/kaisar/warehouse_robot/robot/install/nav2/share/nav2//models/aws_robomaker_residential_AirconditionerA_01/model.config
[4.136s] -- Symlinking: /home/kaisar/warehouse_robot/robot/install/nav2/share/nav2//models/aws_robomaker_residential_AirconditionerA_01/model.sdf
[4.173s] -- Symlinking: /home/kaisar/warehouse_robot/robot/install/nav2/share/nav2//models/aws_robomaker_residential_AirconditionerB_01/materials/textures/aws_AirconditionerB_01.png
[4.218s] -- Symlinking: /home/kaisar/warehouse_robot/robot/install/nav2/share/nav2//models/aws_robomaker_residential_AirconditionerB_01/meshes/aws_AirconditionerB_01_collision.DAE
[4.255s] -- Symlinking: /home/kaisar/warehouse_robot/robot/install/nav2/share/nav2//models/aws_robomaker_residential_AirconditionerB_01/meshes/aws_AirconditionerB_01_visual.DAE
[4.295s] -- Symlinking: /home/kaisar/warehouse_robot/robot/install/nav2/share/nav2//models/aws_robomaker_residential_AirconditionerB_01/model.config
[4.337s] -- Symlinking: /home/kaisar/warehouse_robot/robot/install/nav2/share/nav2//models/aws_robomaker_residential_AirconditionerB_01/model.sdf
[4.380s] -- Symlinking: /home/kaisar/warehouse_robot/robot/install/nav2/share/nav2//models/aws_robomaker_residential_BalconyTable_01/materials/textures/aws_BalconyTable_01.png
[4.424s] -- Symlinking: /home/kaisar/warehouse_robot/robot/install/nav2/share/nav2//models/aws_robomaker_residential_BalconyTable_01/meshes/aws_BalconyTable_01_collision.DAE
[4.464s] -- Symlinking: /home/kaisar/warehouse_robot/robot/install/nav2/share/nav2//models/aws_robomaker_residential_BalconyTable_01/meshes/aws_BalconyTable_01_visual.DAE
[4.503s] -- Symlinking: /home/kaisar/warehouse_robot/robot/install/nav2/share/nav2//models/aws_robomaker_residential_BalconyTable_01/model.config
[4.543s] -- Symlinking: /home/kaisar/warehouse_robot/robot/install/nav2/share/nav2//models/aws_robomaker_residential_BalconyTable_01/model.sdf
[4.582s] -- Symlinking: /home/kaisar/warehouse_robot/robot/install/nav2/share/nav2//models/aws_robomaker_residential_Ball_01/materials/textures/aws_Ball_01.png
[4.620s] -- Symlinking: /home/kaisar/warehouse_robot/robot/install/nav2/share/nav2//models/aws_robomaker_residential_Ball_01/meshes/aws_Ball_01_collision.DAE
[4.658s] -- Symlinking: /home/kaisar/warehouse_robot/robot/install/nav2/share/nav2//models/aws_robomaker_residential_Ball_01/meshes/aws_Ball_01_visual.DAE
[4.697s] -- Symlinking: /home/kaisar/warehouse_robot/robot/install/nav2/share/nav2//models/aws_robomaker_residential_Ball_01/model.config
[4.738s] -- Symlinking: /home/kaisar/warehouse_robot/robot/install/nav2/share/nav2//models/aws_robomaker_residential_Ball_01/model.sdf
[4.784s] -- Symlinking: /home/kaisar/warehouse_robot/robot/install/nav2/share/nav2//models/aws_robomaker_residential_Bed_01/materials/textures/aws_BedA_01.png
[4.801s] -- Symlinking: /home/kaisar/warehouse_robot/robot/install/nav2/share/nav2//models/aws_robomaker_residential_Bed_01/materials/textures/aws_BedB_01.png
[4.844s] -- Symlinking: /home/kaisar/warehouse_robot/robot/install/nav2/share/nav2//models/aws_robomaker_residential_Bed_01/materials/textures/aws_BedC_01.png
[4.882s] -- Symlinking: /home/kaisar/warehouse_robot/robot/install/nav2/share/nav2//models/aws_robomaker_residential_Bed_01/materials/textures/aws_Bed_01.png
[4.917s] -- Symlinking: /home/kaisar/warehouse_robot/robot/install/nav2/share/nav2//models/aws_robomaker_residential_Bed_01/meshes/aws_Bed_01_collision.DAE
[4.940s] -- Symlinking: /home/kaisar/warehouse_robot/robot/install/nav2/share/nav2//models/aws_robomaker_residential_Bed_01/meshes/aws_Bed_01_visual.DAE
[4.960s] -- Symlinking: /home/kaisar/warehouse_robot/robot/install/nav2/share/nav2//models/aws_robomaker_residential_Bed_01/model.config
[4.980s] -- Symlinking: /home/kaisar/warehouse_robot/robot/install/nav2/share/nav2//models/aws_robomaker_residential_Bed_01/model.sdf
[5.001s] -- Symlinking: /home/kaisar/warehouse_robot/robot/install/nav2/share/nav2//models/aws_robomaker_residential_Board_01/materials/textures/aws_Board_01.png
[5.021s] -- Symlinking: /home/kaisar/warehouse_robot/robot/install/nav2/share/nav2//models/aws_robomaker_residential_Board_01/meshes/aws_Board_01_collision.DAE
[5.044s] -- Symlinking: /home/kaisar/warehouse_robot/robot/install/nav2/share/nav2//models/aws_robomaker_residential_Board_01/meshes/aws_Board_01_visual.DAE
[5.083s] -- Symlinking: /home/kaisar/warehouse_robot/robot/install/nav2/share/nav2//models/aws_robomaker_residential_Board_01/model.config
[5.123s] -- Symlinking: /home/kaisar/warehouse_robot/robot/install/nav2/share/nav2//models/aws_robomaker_residential_Board_01/model.sdf
[5.169s] -- Symlinking: /home/kaisar/warehouse_robot/robot/install/nav2/share/nav2//models/aws_robomaker_residential_Carpet_01/materials/textures/aws_Carpet_01.png
[5.209s] -- Symlinking: /home/kaisar/warehouse_robot/robot/install/nav2/share/nav2//models/aws_robomaker_residential_Carpet_01/meshes/aws_Carpet_01_collision.DAE
[5.253s] -- Symlinking: /home/kaisar/warehouse_robot/robot/install/nav2/share/nav2//models/aws_robomaker_residential_Carpet_01/meshes/aws_Carpet_01_visual.DAE
[5.293s] -- Symlinking: /home/kaisar/warehouse_robot/robot/install/nav2/share/nav2//models/aws_robomaker_residential_Carpet_01/model.config
[5.335s] -- Symlinking: /home/kaisar/warehouse_robot/robot/install/nav2/share/nav2//models/aws_robomaker_residential_Carpet_01/model.sdf
[5.358s] -- Symlinking: /home/kaisar/warehouse_robot/robot/install/nav2/share/nav2//models/aws_robomaker_residential_ChairA_01/materials/textures/aws_ChairA_01.png
[5.379s] -- Symlinking: /home/kaisar/warehouse_robot/robot/install/nav2/share/nav2//models/aws_robomaker_residential_ChairA_01/meshes/aws_ChairA_01_collision.DAE
[5.400s] -- Symlinking: /home/kaisar/warehouse_robot/robot/install/nav2/share/nav2//models/aws_robomaker_residential_ChairA_01/meshes/aws_ChairA_01_visual.DAE
[5.421s] -- Symlinking: /home/kaisar/warehouse_robot/robot/install/nav2/share/nav2//models/aws_robomaker_residential_ChairA_01/model.config
[5.443s] -- Symlinking: /home/kaisar/warehouse_robot/robot/install/nav2/share/nav2//models/aws_robomaker_residential_ChairA_01/model.sdf
[5.463s] -- Symlinking: /home/kaisar/warehouse_robot/robot/install/nav2/share/nav2//models/aws_robomaker_residential_ChairD_01/materials/textures/aws_ChairD_01.png
[5.483s] -- Symlinking: /home/kaisar/warehouse_robot/robot/install/nav2/share/nav2//models/aws_robomaker_residential_ChairD_01/meshes/aws_ChairD_01_collision.DAE
[5.505s] -- Symlinking: /home/kaisar/warehouse_robot/robot/install/nav2/share/nav2//models/aws_robomaker_residential_ChairD_01/meshes/aws_ChairD_01_visual.DAE
[5.527s] -- Symlinking: /home/kaisar/warehouse_robot/robot/install/nav2/share/nav2//models/aws_robomaker_residential_ChairD_01/model.config
[5.553s] -- Symlinking: /home/kaisar/warehouse_robot/robot/install/nav2/share/nav2//models/aws_robomaker_residential_ChairD_01/model.sdf
[5.570s] -- Symlinking: /home/kaisar/warehouse_robot/robot/install/nav2/share/nav2//models/aws_robomaker_residential_Chandelier_01/materials/textures/aws_Chandelier_01.png
[5.590s] -- Symlinking: /home/kaisar/warehouse_robot/robot/install/nav2/share/nav2//models/aws_robomaker_residential_Chandelier_01/meshes/aws_Chandelier_01.DAE
[5.609s] -- Symlinking: /home/kaisar/warehouse_robot/robot/install/nav2/share/nav2//models/aws_robomaker_residential_Chandelier_01/meshes/aws_Chandelier_01_collision.DAE
[5.628s] -- Symlinking: /home/kaisar/warehouse_robot/robot/install/nav2/share/nav2//models/aws_robomaker_residential_Chandelier_01/meshes/aws_Chandelier_01_visual.DAE
[5.650s] -- Symlinking: /home/kaisar/warehouse_robot/robot/install/nav2/share/nav2//models/aws_robomaker_residential_Chandelier_01/model.config
[5.677s] -- Symlinking: /home/kaisar/warehouse_robot/robot/install/nav2/share/nav2//models/aws_robomaker_residential_Chandelier_01/model.sdf
[5.709s] -- Symlinking: /home/kaisar/warehouse_robot/robot/install/nav2/share/nav2//models/aws_robomaker_residential_CoffeeTable_01/materials/textures/aws_CoffeeTable_01.png
[5.740s] -- Symlinking: /home/kaisar/warehouse_robot/robot/install/nav2/share/nav2//models/aws_robomaker_residential_CoffeeTable_01/meshes/aws_CoffeeTable_01_collision.DAE
[5.764s] -- Symlinking: /home/kaisar/warehouse_robot/robot/install/nav2/share/nav2//models/aws_robomaker_residential_CoffeeTable_01/meshes/aws_CoffeeTable_01_visual.DAE
[5.790s] -- Symlinking: /home/kaisar/warehouse_robot/robot/install/nav2/share/nav2//models/aws_robomaker_residential_CoffeeTable_01/model.config
[5.806s] -- Symlinking: /home/kaisar/warehouse_robot/robot/install/nav2/share/nav2//models/aws_robomaker_residential_CoffeeTable_01/model.sdf
[5.828s] -- Symlinking: /home/kaisar/warehouse_robot/robot/install/nav2/share/nav2//models/aws_robomaker_residential_CookingBench_01/materials/textures/aws_CookingBench_01.png
[5.848s] -- Symlinking: /home/kaisar/warehouse_robot/robot/install/nav2/share/nav2//models/aws_robomaker_residential_CookingBench_01/meshes/aws_CookingBench_01.DAE
[5.867s] -- Symlinking: /home/kaisar/warehouse_robot/robot/install/nav2/share/nav2//models/aws_robomaker_residential_CookingBench_01/meshes/aws_CookingBench_01_collision.DAE
[5.892s] -- Symlinking: /home/kaisar/warehouse_robot/robot/install/nav2/share/nav2//models/aws_robomaker_residential_CookingBench_01/meshes/aws_CookingBench_01_visual.DAE
[5.925s] -- Symlinking: /home/kaisar/warehouse_robot/robot/install/nav2/share/nav2//models/aws_robomaker_residential_CookingBench_01/model.config
[5.942s] -- Symlinking: /home/kaisar/warehouse_robot/robot/install/nav2/share/nav2//models/aws_robomaker_residential_CookingBench_01/model.sdf
[5.966s] -- Symlinking: /home/kaisar/warehouse_robot/robot/install/nav2/share/nav2//models/aws_robomaker_residential_Curtain_01/materials/textures/aws_Curtain_01.png
[5.985s] -- Symlinking: /home/kaisar/warehouse_robot/robot/install/nav2/share/nav2//models/aws_robomaker_residential_Curtain_01/meshes/aws_Curtain_01_collision.DAE
[6.004s] -- Symlinking: /home/kaisar/warehouse_robot/robot/install/nav2/share/nav2//models/aws_robomaker_residential_Curtain_01/meshes/aws_Curtain_01_visual.DAE
[6.023s] -- Symlinking: /home/kaisar/warehouse_robot/robot/install/nav2/share/nav2//models/aws_robomaker_residential_Curtain_01/model.config
[6.044s] -- Symlinking: /home/kaisar/warehouse_robot/robot/install/nav2/share/nav2//models/aws_robomaker_residential_Curtain_01/model.sdf
[6.064s] -- Symlinking: /home/kaisar/warehouse_robot/robot/install/nav2/share/nav2//models/aws_robomaker_residential_DeskPortraitA_01/materials/textures/DeskPortraitA_01.jpg
[6.086s] -- Symlinking: /home/kaisar/warehouse_robot/robot/install/nav2/share/nav2//models/aws_robomaker_residential_DeskPortraitA_01/materials/textures/aws_DeskPortraitA_01.png
[6.106s] -- Symlinking: /home/kaisar/warehouse_robot/robot/install/nav2/share/nav2//models/aws_robomaker_residential_DeskPortraitA_01/materials/textures/aws_DeskPortraitA_02.png
[6.124s] -- Symlinking: /home/kaisar/warehouse_robot/robot/install/nav2/share/nav2//models/aws_robomaker_residential_DeskPortraitA_01/meshes/aws_DeskPortraitA_01_collision.DAE
[6.146s] -- Symlinking: /home/kaisar/warehouse_robot/robot/install/nav2/share/nav2//models/aws_robomaker_residential_DeskPortraitA_01/meshes/aws_DeskPortraitA_01_visual.DAE
[6.169s] -- Symlinking: /home/kaisar/warehouse_robot/robot/install/nav2/share/nav2//models/aws_robomaker_residential_DeskPortraitA_01/model.config
[6.187s] -- Symlinking: /home/kaisar/warehouse_robot/robot/install/nav2/share/nav2//models/aws_robomaker_residential_DeskPortraitA_01/model.sdf
[6.207s] -- Symlinking: /home/kaisar/warehouse_robot/robot/install/nav2/share/nav2//models/aws_robomaker_residential_DeskPortraitA_02/materials/textures/DeskPortraitA_02.jpg
[6.227s] -- Symlinking: /home/kaisar/warehouse_robot/robot/install/nav2/share/nav2//models/aws_robomaker_residential_DeskPortraitA_02/materials/textures/aws_DeskPortraitA_01.png
[6.249s] -- Symlinking: /home/kaisar/warehouse_robot/robot/install/nav2/share/nav2//models/aws_robomaker_residential_DeskPortraitA_02/materials/textures/aws_DeskPortraitA_02.png
[6.270s] -- Symlinking: /home/kaisar/warehouse_robot/robot/install/nav2/share/nav2//models/aws_robomaker_residential_DeskPortraitA_02/meshes/aws_DeskPortraitA_01_collision.DAE
[6.292s] -- Symlinking: /home/kaisar/warehouse_robot/robot/install/nav2/share/nav2//models/aws_robomaker_residential_DeskPortraitA_02/meshes/aws_DeskPortraitA_01_visual.DAE
[6.309s] -- Symlinking: /home/kaisar/warehouse_robot/robot/install/nav2/share/nav2//models/aws_robomaker_residential_DeskPortraitA_02/model.config
[6.330s] -- Symlinking: /home/kaisar/warehouse_robot/robot/install/nav2/share/nav2//models/aws_robomaker_residential_DeskPortraitA_02/model.sdf
[6.351s] -- Symlinking: /home/kaisar/warehouse_robot/robot/install/nav2/share/nav2//models/aws_robomaker_residential_DeskPortraitB_01/materials/textures/DeskPortraitB_01.jpg
[6.371s] -- Symlinking: /home/kaisar/warehouse_robot/robot/install/nav2/share/nav2//models/aws_robomaker_residential_DeskPortraitB_01/materials/textures/aws_DeskPortraitB_01.png
[6.391s] -- Symlinking: /home/kaisar/warehouse_robot/robot/install/nav2/share/nav2//models/aws_robomaker_residential_DeskPortraitB_01/materials/textures/aws_DeskPortraitB_02.png
[6.415s] -- Symlinking: /home/kaisar/warehouse_robot/robot/install/nav2/share/nav2//models/aws_robomaker_residential_DeskPortraitB_01/meshes/aws_DeskPortraitB_01_collision.DAE
[6.433s] -- Symlinking: /home/kaisar/warehouse_robot/robot/install/nav2/share/nav2//models/aws_robomaker_residential_DeskPortraitB_01/meshes/aws_DeskPortraitB_01_visual.DAE
[6.453s] -- Symlinking: /home/kaisar/warehouse_robot/robot/install/nav2/share/nav2//models/aws_robomaker_residential_DeskPortraitB_01/model.config
[6.474s] -- Symlinking: /home/kaisar/warehouse_robot/robot/install/nav2/share/nav2//models/aws_robomaker_residential_DeskPortraitB_01/model.sdf
[6.495s] -- Symlinking: /home/kaisar/warehouse_robot/robot/install/nav2/share/nav2//models/aws_robomaker_residential_DeskPortraitB_02/materials/textures/DeskPortraitB_02.jpg
[6.516s] -- Symlinking: /home/kaisar/warehouse_robot/robot/install/nav2/share/nav2//models/aws_robomaker_residential_DeskPortraitB_02/materials/textures/aws_DeskPortraitB_01.png
[6.538s] -- Symlinking: /home/kaisar/warehouse_robot/robot/install/nav2/share/nav2//models/aws_robomaker_residential_DeskPortraitB_02/materials/textures/aws_DeskPortraitB_02.png
[6.557s] -- Symlinking: /home/kaisar/warehouse_robot/robot/install/nav2/share/nav2//models/aws_robomaker_residential_DeskPortraitB_02/meshes/aws_DeskPortraitB_01_collision.DAE
[6.577s] -- Symlinking: /home/kaisar/warehouse_robot/robot/install/nav2/share/nav2//models/aws_robomaker_residential_DeskPortraitB_02/meshes/aws_DeskPortraitB_01_visual.DAE
[6.595s] -- Symlinking: /home/kaisar/warehouse_robot/robot/install/nav2/share/nav2//models/aws_robomaker_residential_DeskPortraitB_02/model.config
[6.616s] -- Symlinking: /home/kaisar/warehouse_robot/robot/install/nav2/share/nav2//models/aws_robomaker_residential_DeskPortraitB_02/model.sdf
[6.638s] -- Symlinking: /home/kaisar/warehouse_robot/robot/install/nav2/share/nav2//models/aws_robomaker_residential_DeskPortraitC_01/materials/textures/DeskPortraitC_01.jpg
[6.660s] -- Symlinking: /home/kaisar/warehouse_robot/robot/install/nav2/share/nav2//models/aws_robomaker_residential_DeskPortraitC_01/materials/textures/aws_DeskPortraitC_01.png
[6.680s] -- Symlinking: /home/kaisar/warehouse_robot/robot/install/nav2/share/nav2//models/aws_robomaker_residential_DeskPortraitC_01/materials/textures/aws_DeskPortraitC_02.png
[6.699s] -- Symlinking: /home/kaisar/warehouse_robot/robot/install/nav2/share/nav2//models/aws_robomaker_residential_DeskPortraitC_01/meshes/aws_DeskPortraitC_01_collision.DAE
[6.718s] -- Symlinking: /home/kaisar/warehouse_robot/robot/install/nav2/share/nav2//models/aws_robomaker_residential_DeskPortraitC_01/meshes/aws_DeskPortraitC_01_visual.DAE
[6.738s] -- Symlinking: /home/kaisar/warehouse_robot/robot/install/nav2/share/nav2//models/aws_robomaker_residential_DeskPortraitC_01/model.config
[6.757s] -- Symlinking: /home/kaisar/warehouse_robot/robot/install/nav2/share/nav2//models/aws_robomaker_residential_DeskPortraitC_01/model.sdf
[6.774s] -- Symlinking: /home/kaisar/warehouse_robot/robot/install/nav2/share/nav2//models/aws_robomaker_residential_DeskPortraitC_02/materials/textures/DeskPortraitC_02.jpg
[6.794s] -- Symlinking: /home/kaisar/warehouse_robot/robot/install/nav2/share/nav2//models/aws_robomaker_residential_DeskPortraitC_02/materials/textures/aws_DeskPortraitC_01.png
[6.811s] -- Symlinking: /home/kaisar/warehouse_robot/robot/install/nav2/share/nav2//models/aws_robomaker_residential_DeskPortraitC_02/materials/textures/aws_DeskPortraitC_02.png
[6.830s] -- Symlinking: /home/kaisar/warehouse_robot/robot/install/nav2/share/nav2//models/aws_robomaker_residential_DeskPortraitC_02/meshes/aws_DeskPortraitC_01_collision.DAE
[6.849s] -- Symlinking: /home/kaisar/warehouse_robot/robot/install/nav2/share/nav2//models/aws_robomaker_residential_DeskPortraitC_02/meshes/aws_DeskPortraitC_01_visual.DAE
[6.868s] -- Symlinking: /home/kaisar/warehouse_robot/robot/install/nav2/share/nav2//models/aws_robomaker_residential_DeskPortraitC_02/model.config
[6.890s] -- Symlinking: /home/kaisar/warehouse_robot/robot/install/nav2/share/nav2//models/aws_robomaker_residential_DeskPortraitC_02/model.sdf
[6.907s] -- Symlinking: /home/kaisar/warehouse_robot/robot/install/nav2/share/nav2//models/aws_robomaker_residential_DeskPortraitD_01/materials/textures/DeskPortraitD_01.jpg
[6.924s] -- Symlinking: /home/kaisar/warehouse_robot/robot/install/nav2/share/nav2//models/aws_robomaker_residential_DeskPortraitD_01/materials/textures/aws_DeskPortraitD_01.png
[6.941s] -- Symlinking: /home/kaisar/warehouse_robot/robot/install/nav2/share/nav2//models/aws_robomaker_residential_DeskPortraitD_01/materials/textures/aws_DeskPortraitD_02.png
[6.955s] -- Symlinking: /home/kaisar/warehouse_robot/robot/install/nav2/share/nav2//models/aws_robomaker_residential_DeskPortraitD_01/meshes/aws_DeskPortraitD_01_collision.DAE
[6.969s] -- Symlinking: /home/kaisar/warehouse_robot/robot/install/nav2/share/nav2//models/aws_robomaker_residential_DeskPortraitD_01/meshes/aws_DeskPortraitD_01_visual.DAE
[6.983s] -- Symlinking: /home/kaisar/warehouse_robot/robot/install/nav2/share/nav2//models/aws_robomaker_residential_DeskPortraitD_01/model.config
[6.997s] -- Symlinking: /home/kaisar/warehouse_robot/robot/install/nav2/share/nav2//models/aws_robomaker_residential_DeskPortraitD_01/model.sdf
[7.012s] -- Symlinking: /home/kaisar/warehouse_robot/robot/install/nav2/share/nav2//models/aws_robomaker_residential_DeskPortraitD_02/materials/textures/DeskPortraitD_02.jpg
[7.029s] -- Symlinking: /home/kaisar/warehouse_robot/robot/install/nav2/share/nav2//models/aws_robomaker_residential_DeskPortraitD_02/materials/textures/aws_DeskPortraitD_01.png
[7.046s] -- Symlinking: /home/kaisar/warehouse_robot/robot/install/nav2/share/nav2//models/aws_robomaker_residential_DeskPortraitD_02/materials/textures/aws_DeskPortraitD_02.png
[7.060s] -- Symlinking: /home/kaisar/warehouse_robot/robot/install/nav2/share/nav2//models/aws_robomaker_residential_DeskPortraitD_02/meshes/aws_DeskPortraitD_01_collision.DAE
[7.074s] -- Symlinking: /home/kaisar/warehouse_robot/robot/install/nav2/share/nav2//models/aws_robomaker_residential_DeskPortraitD_02/meshes/aws_DeskPortraitD_01_visual.DAE
[7.088s] -- Symlinking: /home/kaisar/warehouse_robot/robot/install/nav2/share/nav2//models/aws_robomaker_residential_DeskPortraitD_02/model.config
[7.102s] -- Symlinking: /home/kaisar/warehouse_robot/robot/install/nav2/share/nav2//models/aws_robomaker_residential_DeskPortraitD_02/model.sdf
[7.116s] -- Symlinking: /home/kaisar/warehouse_robot/robot/install/nav2/share/nav2//models/aws_robomaker_residential_DeskPortraitD_03/materials/textures/DeskPortraitD_03.jpg
[7.130s] -- Symlinking: /home/kaisar/warehouse_robot/robot/install/nav2/share/nav2//models/aws_robomaker_residential_DeskPortraitD_03/materials/textures/aws_DeskPortraitD_01.png
[7.156s] -- Symlinking: /home/kaisar/warehouse_robot/robot/install/nav2/share/nav2//models/aws_robomaker_residential_DeskPortraitD_03/materials/textures/aws_DeskPortraitD_02.png
[7.181s] -- Symlinking: /home/kaisar/warehouse_robot/robot/install/nav2/share/nav2//models/aws_robomaker_residential_DeskPortraitD_03/meshes/aws_DeskPortraitD_01_collision.DAE
[7.214s] -- Symlinking: /home/kaisar/warehouse_robot/robot/install/nav2/share/nav2//models/aws_robomaker_residential_DeskPortraitD_03/meshes/aws_DeskPortraitD_01_visual.DAE
[7.238s] -- Symlinking: /home/kaisar/warehouse_robot/robot/install/nav2/share/nav2//models/aws_robomaker_residential_DeskPortraitD_03/model.config
[7.257s] -- Symlinking: /home/kaisar/warehouse_robot/robot/install/nav2/share/nav2//models/aws_robomaker_residential_DeskPortraitD_03/model.sdf
[7.276s] -- Symlinking: /home/kaisar/warehouse_robot/robot/install/nav2/share/nav2//models/aws_robomaker_residential_DeskPortraitD_04/materials/textures/DeskPortraitD_04.jpg
[7.295s] -- Symlinking: /home/kaisar/warehouse_robot/robot/install/nav2/share/nav2//models/aws_robomaker_residential_DeskPortraitD_04/materials/textures/aws_DeskPortraitD_01.png
[7.314s] -- Symlinking: /home/kaisar/warehouse_robot/robot/install/nav2/share/nav2//models/aws_robomaker_residential_DeskPortraitD_04/materials/textures/aws_DeskPortraitD_02.png
[7.331s] -- Symlinking: /home/kaisar/warehouse_robot/robot/install/nav2/share/nav2//models/aws_robomaker_residential_DeskPortraitD_04/meshes/aws_DeskPortraitD_01_collision.DAE
[7.350s] -- Symlinking: /home/kaisar/warehouse_robot/robot/install/nav2/share/nav2//models/aws_robomaker_residential_DeskPortraitD_04/meshes/aws_DeskPortraitD_01_visual.DAE
[7.367s] -- Symlinking: /home/kaisar/warehouse_robot/robot/install/nav2/share/nav2//models/aws_robomaker_residential_DeskPortraitD_04/model.config
[7.384s] -- Symlinking: /home/kaisar/warehouse_robot/robot/install/nav2/share/nav2//models/aws_robomaker_residential_DeskPortraitD_04/model.sdf
[7.401s] -- Symlinking: /home/kaisar/warehouse_robot/robot/install/nav2/share/nav2//models/aws_robomaker_residential_Door_01/materials/textures/aws_Door_01.png
[7.417s] -- Symlinking: /home/kaisar/warehouse_robot/robot/install/nav2/share/nav2//models/aws_robomaker_residential_Door_01/meshes/aws_Door_01_collision.DAE
[7.438s] -- Symlinking: /home/kaisar/warehouse_robot/robot/install/nav2/share/nav2//models/aws_robomaker_residential_Door_01/meshes/aws_Door_01_visual.DAE
[7.456s] -- Symlinking: /home/kaisar/warehouse_robot/robot/install/nav2/share/nav2//models/aws_robomaker_residential_Door_01/model.config
[7.472s] -- Symlinking: /home/kaisar/warehouse_robot/robot/install/nav2/share/nav2//models/aws_robomaker_residential_Door_01/model.sdf
[7.490s] -- Symlinking: /home/kaisar/warehouse_robot/robot/install/nav2/share/nav2//models/aws_robomaker_residential_Dumbbell_01/materials/textures/aws_Dumbbell_01.png
[7.508s] -- Symlinking: /home/kaisar/warehouse_robot/robot/install/nav2/share/nav2//models/aws_robomaker_residential_Dumbbell_01/meshes/aws_Dumbbell_01_collision.DAE
[7.526s] -- Symlinking: /home/kaisar/warehouse_robot/robot/install/nav2/share/nav2//models/aws_robomaker_residential_Dumbbell_01/meshes/aws_Dumbbell_01_visual.DAE
[7.547s] -- Symlinking: /home/kaisar/warehouse_robot/robot/install/nav2/share/nav2//models/aws_robomaker_residential_Dumbbell_01/model.config
[7.564s] -- Symlinking: /home/kaisar/warehouse_robot/robot/install/nav2/share/nav2//models/aws_robomaker_residential_Dumbbell_01/model.sdf
[7.580s] -- Symlinking: /home/kaisar/warehouse_robot/robot/install/nav2/share/nav2//models/aws_robomaker_residential_FitnessEquipment_01/materials/textures/aws_FitnessEquipment_01.png
[7.597s] -- Symlinking: /home/kaisar/warehouse_robot/robot/install/nav2/share/nav2//models/aws_robomaker_residential_FitnessEquipment_01/meshes/aws_FitnessEquipment_01_collision.DAE
[7.614s] -- Symlinking: /home/kaisar/warehouse_robot/robot/install/nav2/share/nav2//models/aws_robomaker_residential_FitnessEquipment_01/meshes/aws_FitnessEquipment_01_visual.DAE
[7.631s] -- Symlinking: /home/kaisar/warehouse_robot/robot/install/nav2/share/nav2//models/aws_robomaker_residential_FitnessEquipment_01/model.config
[7.649s] -- Symlinking: /home/kaisar/warehouse_robot/robot/install/nav2/share/nav2//models/aws_robomaker_residential_FitnessEquipment_01/model.sdf
[7.666s] -- Symlinking: /home/kaisar/warehouse_robot/robot/install/nav2/share/nav2//models/aws_robomaker_residential_FloorB_01/materials/textures/aws_FloorB_01.png
[7.683s] -- Symlinking: /home/kaisar/warehouse_robot/robot/install/nav2/share/nav2//models/aws_robomaker_residential_FloorB_01/meshes/aws_FloorB_01_collision.DAE
[7.700s] -- Symlinking: /home/kaisar/warehouse_robot/robot/install/nav2/share/nav2//models/aws_robomaker_residential_FloorB_01/meshes/aws_FloorB_01_visual.DAE
[7.717s] -- Symlinking: /home/kaisar/warehouse_robot/robot/install/nav2/share/nav2//models/aws_robomaker_residential_FloorB_01/model.config
[7.734s] -- Symlinking: /home/kaisar/warehouse_robot/robot/install/nav2/share/nav2//models/aws_robomaker_residential_FloorB_01/model.sdf
[7.751s] -- Symlinking: /home/kaisar/warehouse_robot/robot/install/nav2/share/nav2//models/aws_robomaker_residential_FoldingDoor_01/materials/textures/aws_FoldingDoor_01.png
[7.768s] -- Symlinking: /home/kaisar/warehouse_robot/robot/install/nav2/share/nav2//models/aws_robomaker_residential_FoldingDoor_01/meshes/aws_FoldingDoor_01_collision.DAE
[7.785s] -- Symlinking: /home/kaisar/warehouse_robot/robot/install/nav2/share/nav2//models/aws_robomaker_residential_FoldingDoor_01/meshes/aws_FoldingDoor_01_visual.DAE
[7.802s] -- Symlinking: /home/kaisar/warehouse_robot/robot/install/nav2/share/nav2//models/aws_robomaker_residential_FoldingDoor_01/model.config
[7.819s] -- Symlinking: /home/kaisar/warehouse_robot/robot/install/nav2/share/nav2//models/aws_robomaker_residential_FoldingDoor_01/model.sdf
[7.836s] -- Symlinking: /home/kaisar/warehouse_robot/robot/install/nav2/share/nav2//models/aws_robomaker_residential_FoldingDoor_02/materials/textures/aws_FoldingDoor_02.png
[7.854s] -- Symlinking: /home/kaisar/warehouse_robot/robot/install/nav2/share/nav2//models/aws_robomaker_residential_FoldingDoor_02/meshes/aws_FoldingDoor_02_collision.DAE
[7.873s] -- Symlinking: /home/kaisar/warehouse_robot/robot/install/nav2/share/nav2//models/aws_robomaker_residential_FoldingDoor_02/meshes/aws_FoldingDoor_02_visual.DAE
[7.889s] -- Symlinking: /home/kaisar/warehouse_robot/robot/install/nav2/share/nav2//models/aws_robomaker_residential_FoldingDoor_02/model.config
[7.905s] -- Symlinking: /home/kaisar/warehouse_robot/robot/install/nav2/share/nav2//models/aws_robomaker_residential_FoldingDoor_02/model.sdf
[7.921s] -- Symlinking: /home/kaisar/warehouse_robot/robot/install/nav2/share/nav2//models/aws_robomaker_residential_Handle_01/materials/textures/aws_Handle_01.png
[7.933s] -- Symlinking: /home/kaisar/warehouse_robot/robot/install/nav2/share/nav2//models/aws_robomaker_residential_Handle_01/meshes/aws_Handle_01_collision.DAE
[7.947s] -- Symlinking: /home/kaisar/warehouse_robot/robot/install/nav2/share/nav2//models/aws_robomaker_residential_Handle_01/meshes/aws_Handle_01_visual.DAE
[7.961s] -- Symlinking: /home/kaisar/warehouse_robot/robot/install/nav2/share/nav2//models/aws_robomaker_residential_Handle_01/model.config
[7.973s] -- Symlinking: /home/kaisar/warehouse_robot/robot/install/nav2/share/nav2//models/aws_robomaker_residential_Handle_01/model.sdf
[7.986s] -- Symlinking: /home/kaisar/warehouse_robot/robot/install/nav2/share/nav2//models/aws_robomaker_residential_HouseWallB_01/materials/textures/aws_HouseWallB_01.png
[7.999s] -- Symlinking: /home/kaisar/warehouse_robot/robot/install/nav2/share/nav2//models/aws_robomaker_residential_HouseWallB_01/meshes/aws_HouseWallB_01_collision.DAE
[8.010s] -- Symlinking: /home/kaisar/warehouse_robot/robot/install/nav2/share/nav2//models/aws_robomaker_residential_HouseWallB_01/meshes/aws_HouseWallB_01_visual.DAE
[8.022s] -- Symlinking: /home/kaisar/warehouse_robot/robot/install/nav2/share/nav2//models/aws_robomaker_residential_HouseWallB_01/model.config
[8.034s] -- Symlinking: /home/kaisar/warehouse_robot/robot/install/nav2/share/nav2//models/aws_robomaker_residential_HouseWallB_01/model.sdf
[8.047s] -- Symlinking: /home/kaisar/warehouse_robot/robot/install/nav2/share/nav2//models/aws_robomaker_residential_KitchenCabinet_01/materials/textures/aws_KitchenCabinet_01.png
[8.060s] -- Symlinking: /home/kaisar/warehouse_robot/robot/install/nav2/share/nav2//models/aws_robomaker_residential_KitchenCabinet_01/meshes/aws_KitchenCabinet_01_collision.DAE
[8.072s] -- Symlinking: /home/kaisar/warehouse_robot/robot/install/nav2/share/nav2//models/aws_robomaker_residential_KitchenCabinet_01/meshes/aws_KitchenCabinet_01_visual.DAE
[8.086s] -- Symlinking: /home/kaisar/warehouse_robot/robot/install/nav2/share/nav2//models/aws_robomaker_residential_KitchenCabinet_01/model.config
[8.101s] -- Symlinking: /home/kaisar/warehouse_robot/robot/install/nav2/share/nav2//models/aws_robomaker_residential_KitchenCabinet_01/model.sdf
[8.117s] -- Symlinking: /home/kaisar/warehouse_robot/robot/install/nav2/share/nav2//models/aws_robomaker_residential_KitchenTable_01/materials/textures/aws_KitchenTable_01.png
[8.135s] -- Symlinking: /home/kaisar/warehouse_robot/robot/install/nav2/share/nav2//models/aws_robomaker_residential_KitchenTable_01/meshes/aws_KitchenTable_01_collision.DAE
[8.152s] -- Symlinking: /home/kaisar/warehouse_robot/robot/install/nav2/share/nav2//models/aws_robomaker_residential_KitchenTable_01/meshes/aws_KitchenTable_01_visual.DAE
[8.169s] -- Symlinking: /home/kaisar/warehouse_robot/robot/install/nav2/share/nav2//models/aws_robomaker_residential_KitchenTable_01/model.config
[8.186s] -- Symlinking: /home/kaisar/warehouse_robot/robot/install/nav2/share/nav2//models/aws_robomaker_residential_KitchenTable_01/model.sdf
[8.200s] -- Symlinking: /home/kaisar/warehouse_robot/robot/install/nav2/share/nav2//models/aws_robomaker_residential_KitchenUtensils_01/materials/textures/aws_KitchenUtensils_01.png
[8.213s] -- Symlinking: /home/kaisar/warehouse_robot/robot/install/nav2/share/nav2//models/aws_robomaker_residential_KitchenUtensils_01/meshes/aws_KitchenUtensils_01_collision.DAE
[8.225s] -- Symlinking: /home/kaisar/warehouse_robot/robot/install/nav2/share/nav2//models/aws_robomaker_residential_KitchenUtensils_01/meshes/aws_KitchenUtensils_01_visual.DAE
[8.237s] -- Symlinking: /home/kaisar/warehouse_robot/robot/install/nav2/share/nav2//models/aws_robomaker_residential_KitchenUtensils_01/model.config
[8.249s] -- Symlinking: /home/kaisar/warehouse_robot/robot/install/nav2/share/nav2//models/aws_robomaker_residential_KitchenUtensils_01/model.sdf
[8.261s] -- Symlinking: /home/kaisar/warehouse_robot/robot/install/nav2/share/nav2//models/aws_robomaker_residential_LightC_01/materials/textures/aws_LightC_01.png
[8.273s] -- Symlinking: /home/kaisar/warehouse_robot/robot/install/nav2/share/nav2//models/aws_robomaker_residential_LightC_01/meshes/aws_LightC_01_collision.DAE
[8.287s] -- Symlinking: /home/kaisar/warehouse_robot/robot/install/nav2/share/nav2//models/aws_robomaker_residential_LightC_01/meshes/aws_LightC_01_visual.DAE
[8.303s] -- Symlinking: /home/kaisar/warehouse_robot/robot/install/nav2/share/nav2//models/aws_robomaker_residential_LightC_01/model.config
[8.315s] -- Symlinking: /home/kaisar/warehouse_robot/robot/install/nav2/share/nav2//models/aws_robomaker_residential_LightC_01/model.sdf
[8.327s] -- Symlinking: /home/kaisar/warehouse_robot/robot/install/nav2/share/nav2//models/aws_robomaker_residential_NightStand_01/materials/textures/aws_NightStand_01.png
[8.340s] -- Symlinking: /home/kaisar/warehouse_robot/robot/install/nav2/share/nav2//models/aws_robomaker_residential_NightStand_01/meshes/aws_NightStand_01_collision.DAE
[8.354s] -- Symlinking: /home/kaisar/warehouse_robot/robot/install/nav2/share/nav2//models/aws_robomaker_residential_NightStand_01/meshes/aws_NightStand_01_visual.DAE
[8.366s] -- Symlinking: /home/kaisar/warehouse_robot/robot/install/nav2/share/nav2//models/aws_robomaker_residential_NightStand_01/model.config
[8.378s] -- Symlinking: /home/kaisar/warehouse_robot/robot/install/nav2/share/nav2//models/aws_robomaker_residential_NightStand_01/model.sdf
[8.390s] -- Symlinking: /home/kaisar/warehouse_robot/robot/install/nav2/share/nav2//models/aws_robomaker_residential_Pillow_01/materials/textures/aws_Pillow_01.png
[8.402s] -- Symlinking: /home/kaisar/warehouse_robot/robot/install/nav2/share/nav2//models/aws_robomaker_residential_Pillow_01/meshes/aws_Pillow_01_collision.DAE
[8.414s] -- Symlinking: /home/kaisar/warehouse_robot/robot/install/nav2/share/nav2//models/aws_robomaker_residential_Pillow_01/meshes/aws_Pillow_01_visual.DAE
[8.427s] -- Symlinking: /home/kaisar/warehouse_robot/robot/install/nav2/share/nav2//models/aws_robomaker_residential_Pillow_01/model.config
[8.440s] -- Symlinking: /home/kaisar/warehouse_robot/robot/install/nav2/share/nav2//models/aws_robomaker_residential_Pillow_01/model.sdf
[8.453s] -- Symlinking: /home/kaisar/warehouse_robot/robot/install/nav2/share/nav2//models/aws_robomaker_residential_PortraitA_01/materials/textures/PortraitA_01.jpg
[8.466s] -- Symlinking: /home/kaisar/warehouse_robot/robot/install/nav2/share/nav2//models/aws_robomaker_residential_PortraitA_01/materials/textures/aws_PortraitA_01.png
[8.482s] -- Symlinking: /home/kaisar/warehouse_robot/robot/install/nav2/share/nav2//models/aws_robomaker_residential_PortraitA_01/materials/textures/aws_PortraitA_02.png
[8.502s] -- Symlinking: /home/kaisar/warehouse_robot/robot/install/nav2/share/nav2//models/aws_robomaker_residential_PortraitA_01/meshes/aws_PortraitA_01_collision.DAE
[8.517s] -- Symlinking: /home/kaisar/warehouse_robot/robot/install/nav2/share/nav2//models/aws_robomaker_residential_PortraitA_01/meshes/aws_PortraitA_01_visual.DAE
[8.530s] -- Symlinking: /home/kaisar/warehouse_robot/robot/install/nav2/share/nav2//models/aws_robomaker_residential_PortraitA_01/model.config
[8.547s] -- Symlinking: /home/kaisar/warehouse_robot/robot/install/nav2/share/nav2//models/aws_robomaker_residential_PortraitA_01/model.sdf
[8.561s] -- Symlinking: /home/kaisar/warehouse_robot/robot/install/nav2/share/nav2//models/aws_robomaker_residential_PortraitA_02/materials/textures/PortraitA_02.jpg
[8.576s] -- Symlinking: /home/kaisar/warehouse_robot/robot/install/nav2/share/nav2//models/aws_robomaker_residential_PortraitA_02/materials/textures/aws_PortraitA_01.png
[8.591s] -- Symlinking: /home/kaisar/warehouse_robot/robot/install/nav2/share/nav2//models/aws_robomaker_residential_PortraitA_02/materials/textures/aws_PortraitA_02.png
[8.604s] -- Symlinking: /home/kaisar/warehouse_robot/robot/install/nav2/share/nav2//models/aws_robomaker_residential_PortraitA_02/meshes/aws_PortraitA_01_collision.DAE
[8.617s] -- Symlinking: /home/kaisar/warehouse_robot/robot/install/nav2/share/nav2//models/aws_robomaker_residential_PortraitA_02/meshes/aws_PortraitA_01_visual.DAE
[8.631s] -- Symlinking: /home/kaisar/warehouse_robot/robot/install/nav2/share/nav2//models/aws_robomaker_residential_PortraitA_02/model.config
[8.650s] -- Symlinking: /home/kaisar/warehouse_robot/robot/install/nav2/share/nav2//models/aws_robomaker_residential_PortraitA_02/model.sdf
[8.662s] -- Symlinking: /home/kaisar/warehouse_robot/robot/install/nav2/share/nav2//models/aws_robomaker_residential_PortraitB_01/materials/textures/PortraitB_01.jpg
[8.677s] -- Symlinking: /home/kaisar/warehouse_robot/robot/install/nav2/share/nav2//models/aws_robomaker_residential_PortraitB_01/materials/textures/aws_PortraitB_01.png
[8.690s] -- Symlinking: /home/kaisar/warehouse_robot/robot/install/nav2/share/nav2//models/aws_robomaker_residential_PortraitB_01/materials/textures/aws_PortraitB_02.png
[8.704s] -- Symlinking: /home/kaisar/warehouse_robot/robot/install/nav2/share/nav2//models/aws_robomaker_residential_PortraitB_01/meshes/aws_PortraitB_01_collision.DAE
[8.721s] -- Symlinking: /home/kaisar/warehouse_robot/robot/install/nav2/share/nav2//models/aws_robomaker_residential_PortraitB_01/meshes/aws_PortraitB_01_visual.DAE
[8.734s] -- Symlinking: /home/kaisar/warehouse_robot/robot/install/nav2/share/nav2//models/aws_robomaker_residential_PortraitB_01/model.config
[8.749s] -- Symlinking: /home/kaisar/warehouse_robot/robot/install/nav2/share/nav2//models/aws_robomaker_residential_PortraitB_01/model.sdf
[8.761s] -- Symlinking: /home/kaisar/warehouse_robot/robot/install/nav2/share/nav2//models/aws_robomaker_residential_PortraitB_02/materials/textures/PortraitB_02.jpg
[8.774s] -- Symlinking: /home/kaisar/warehouse_robot/robot/install/nav2/share/nav2//models/aws_robomaker_residential_PortraitB_02/materials/textures/aws_PortraitB_01.png
[8.786s] -- Symlinking: /home/kaisar/warehouse_robot/robot/install/nav2/share/nav2//models/aws_robomaker_residential_PortraitB_02/materials/textures/aws_PortraitB_02.png
[8.799s] -- Symlinking: /home/kaisar/warehouse_robot/robot/install/nav2/share/nav2//models/aws_robomaker_residential_PortraitB_02/meshes/aws_PortraitB_01_collision.DAE
[8.812s] -- Symlinking: /home/kaisar/warehouse_robot/robot/install/nav2/share/nav2//models/aws_robomaker_residential_PortraitB_02/meshes/aws_PortraitB_01_visual.DAE
[8.826s] -- Symlinking: /home/kaisar/warehouse_robot/robot/install/nav2/share/nav2//models/aws_robomaker_residential_PortraitB_02/model.config
[8.845s] -- Symlinking: /home/kaisar/warehouse_robot/robot/install/nav2/share/nav2//models/aws_robomaker_residential_PortraitB_02/model.sdf
[8.870s] -- Symlinking: /home/kaisar/warehouse_robot/robot/install/nav2/share/nav2//models/aws_robomaker_residential_PortraitB_03/materials/textures/PortraitB_03.jpg
[8.895s] -- Symlinking: /home/kaisar/warehouse_robot/robot/install/nav2/share/nav2//models/aws_robomaker_residential_PortraitB_03/materials/textures/aws_PortraitB_01.png
[8.930s] -- Symlinking: /home/kaisar/warehouse_robot/robot/install/nav2/share/nav2//models/aws_robomaker_residential_PortraitB_03/materials/textures/aws_PortraitB_02.png
[8.968s] -- Symlinking: /home/kaisar/warehouse_robot/robot/install/nav2/share/nav2//models/aws_robomaker_residential_PortraitB_03/meshes/aws_PortraitB_01_collision.DAE
[9.004s] -- Symlinking: /home/kaisar/warehouse_robot/robot/install/nav2/share/nav2//models/aws_robomaker_residential_PortraitB_03/meshes/aws_PortraitB_01_visual.DAE
[9.038s] -- Symlinking: /home/kaisar/warehouse_robot/robot/install/nav2/share/nav2//models/aws_robomaker_residential_PortraitB_03/model.config
[9.073s] -- Symlinking: /home/kaisar/warehouse_robot/robot/install/nav2/share/nav2//models/aws_robomaker_residential_PortraitB_03/model.sdf
[9.106s] -- Symlinking: /home/kaisar/warehouse_robot/robot/install/nav2/share/nav2//models/aws_robomaker_residential_PortraitC_01/materials/textures/PortraitC_01.jpg
[9.147s] -- Symlinking: /home/kaisar/warehouse_robot/robot/install/nav2/share/nav2//models/aws_robomaker_residential_PortraitC_01/materials/textures/aws_PortraitC_01.png
[9.188s] -- Symlinking: /home/kaisar/warehouse_robot/robot/install/nav2/share/nav2//models/aws_robomaker_residential_PortraitC_01/materials/textures/aws_PortraitC_02.png
[9.229s] -- Symlinking: /home/kaisar/warehouse_robot/robot/install/nav2/share/nav2//models/aws_robomaker_residential_PortraitC_01/meshes/aws_PortraitC_01_collision.DAE
[9.273s] -- Symlinking: /home/kaisar/warehouse_robot/robot/install/nav2/share/nav2//models/aws_robomaker_residential_PortraitC_01/meshes/aws_PortraitC_01_visual.DAE
[9.314s] -- Symlinking: /home/kaisar/warehouse_robot/robot/install/nav2/share/nav2//models/aws_robomaker_residential_PortraitC_01/model.config
[9.334s] -- Symlinking: /home/kaisar/warehouse_robot/robot/install/nav2/share/nav2//models/aws_robomaker_residential_PortraitC_01/model.sdf
[9.356s] -- Symlinking: /home/kaisar/warehouse_robot/robot/install/nav2/share/nav2//models/aws_robomaker_residential_PortraitD_01/materials/textures/PortraitD_01.jpg
[9.399s] -- Symlinking: /home/kaisar/warehouse_robot/robot/install/nav2/share/nav2//models/aws_robomaker_residential_PortraitD_01/materials/textures/aws_PortraitD_01.png
[9.437s] -- Symlinking: /home/kaisar/warehouse_robot/robot/install/nav2/share/nav2//models/aws_robomaker_residential_PortraitD_01/materials/textures/aws_PortraitD_02.png
[9.482s] -- Symlinking: /home/kaisar/warehouse_robot/robot/install/nav2/share/nav2//models/aws_robomaker_residential_PortraitD_01/meshes/aws_PortraitD_01_collision.DAE
[9.524s] -- Symlinking: /home/kaisar/warehouse_robot/robot/install/nav2/share/nav2//models/aws_robomaker_residential_PortraitD_01/meshes/aws_PortraitD_01_visual.DAE
[9.562s] -- Symlinking: /home/kaisar/warehouse_robot/robot/install/nav2/share/nav2//models/aws_robomaker_residential_PortraitD_01/model.config
[9.603s] -- Symlinking: /home/kaisar/warehouse_robot/robot/install/nav2/share/nav2//models/aws_robomaker_residential_PortraitD_01/model.sdf
[9.651s] -- Symlinking: /home/kaisar/warehouse_robot/robot/install/nav2/share/nav2//models/aws_robomaker_residential_PortraitD_02/materials/textures/PortraitD_02.jpg
[9.682s] -- Symlinking: /home/kaisar/warehouse_robot/robot/install/nav2/share/nav2//models/aws_robomaker_residential_PortraitD_02/materials/textures/aws_PortraitD_01.png
[9.721s] -- Symlinking: /home/kaisar/warehouse_robot/robot/install/nav2/share/nav2//models/aws_robomaker_residential_PortraitD_02/materials/textures/aws_PortraitD_02.png
[9.765s] -- Symlinking: /home/kaisar/warehouse_robot/robot/install/nav2/share/nav2//models/aws_robomaker_residential_PortraitD_02/meshes/aws_PortraitD_01_collision.DAE
[9.804s] -- Symlinking: /home/kaisar/warehouse_robot/robot/install/nav2/share/nav2//models/aws_robomaker_residential_PortraitD_02/meshes/aws_PortraitD_01_visual.DAE
[9.845s] -- Symlinking: /home/kaisar/warehouse_robot/robot/install/nav2/share/nav2//models/aws_robomaker_residential_PortraitD_02/model.config
[9.879s] -- Symlinking: /home/kaisar/warehouse_robot/robot/install/nav2/share/nav2//models/aws_robomaker_residential_PortraitD_02/model.sdf
[9.918s] -- Symlinking: /home/kaisar/warehouse_robot/robot/install/nav2/share/nav2//models/aws_robomaker_residential_PortraitE_01/materials/textures/PortraitE_01.jpg
[9.958s] -- Symlinking: /home/kaisar/warehouse_robot/robot/install/nav2/share/nav2//models/aws_robomaker_residential_PortraitE_01/materials/textures/aws_PortraitE_01.png
[10.004s] -- Symlinking: /home/kaisar/warehouse_robot/robot/install/nav2/share/nav2//models/aws_robomaker_residential_PortraitE_01/materials/textures/aws_PortraitE_02.png
[10.042s] -- Symlinking: /home/kaisar/warehouse_robot/robot/install/nav2/share/nav2//models/aws_robomaker_residential_PortraitE_01/meshes/aws_PortraitE_01_collision.DAE
[10.086s] -- Symlinking: /home/kaisar/warehouse_robot/robot/install/nav2/share/nav2//models/aws_robomaker_residential_PortraitE_01/meshes/aws_PortraitE_01_visual.DAE
[10.115s] -- Symlinking: /home/kaisar/warehouse_robot/robot/install/nav2/share/nav2//models/aws_robomaker_residential_PortraitE_01/model.config
[10.154s] -- Symlinking: /home/kaisar/warehouse_robot/robot/install/nav2/share/nav2//models/aws_robomaker_residential_PortraitE_01/model.sdf
[10.198s] -- Symlinking: /home/kaisar/warehouse_robot/robot/install/nav2/share/nav2//models/aws_robomaker_residential_PortraitE_02/materials/textures/PortraitE_02.jpg
[10.220s] -- Symlinking: /home/kaisar/warehouse_robot/robot/install/nav2/share/nav2//models/aws_robomaker_residential_PortraitE_02/materials/textures/aws_PortraitE_01.png
[10.240s] -- Symlinking: /home/kaisar/warehouse_robot/robot/install/nav2/share/nav2//models/aws_robomaker_residential_PortraitE_02/materials/textures/aws_PortraitE_02.png
[10.260s] -- Symlinking: /home/kaisar/warehouse_robot/robot/install/nav2/share/nav2//models/aws_robomaker_residential_PortraitE_02/meshes/aws_PortraitE_01_collision.DAE
[10.299s] -- Symlinking: /home/kaisar/warehouse_robot/robot/install/nav2/share/nav2//models/aws_robomaker_residential_PortraitE_02/meshes/aws_PortraitE_01_visual.DAE
[10.336s] -- Symlinking: /home/kaisar/warehouse_robot/robot/install/nav2/share/nav2//models/aws_robomaker_residential_PortraitE_02/model.config
[10.377s] -- Symlinking: /home/kaisar/warehouse_robot/robot/install/nav2/share/nav2//models/aws_robomaker_residential_PortraitE_02/model.sdf
[10.407s] -- Symlinking: /home/kaisar/warehouse_robot/robot/install/nav2/share/nav2//models/aws_robomaker_residential_Quilt_01/materials/textures/aws_Quilt_01.png
[10.454s] -- Symlinking: /home/kaisar/warehouse_robot/robot/install/nav2/share/nav2//models/aws_robomaker_residential_Quilt_01/meshes/aws_Quilt_01_collision.DAE
[10.477s] -- Symlinking: /home/kaisar/warehouse_robot/robot/install/nav2/share/nav2//models/aws_robomaker_residential_Quilt_01/meshes/aws_Quilt_01_visual.DAE
[10.500s] -- Symlinking: /home/kaisar/warehouse_robot/robot/install/nav2/share/nav2//models/aws_robomaker_residential_Quilt_01/model.config
[10.524s] -- Symlinking: /home/kaisar/warehouse_robot/robot/install/nav2/share/nav2//models/aws_robomaker_residential_Quilt_01/model.sdf
[10.557s] -- Symlinking: /home/kaisar/warehouse_robot/robot/install/nav2/share/nav2//models/aws_robomaker_residential_Rangehood_01/materials/textures/aws_Rangehood_01.png
[10.601s] -- Symlinking: /home/kaisar/warehouse_robot/robot/install/nav2/share/nav2//models/aws_robomaker_residential_Rangehood_01/meshes/aws_Rangehood_01_collision.DAE
[10.626s] -- Symlinking: /home/kaisar/warehouse_robot/robot/install/nav2/share/nav2//models/aws_robomaker_residential_Rangehood_01/meshes/aws_Rangehood_01_visual.DAE
[10.647s] -- Symlinking: /home/kaisar/warehouse_robot/robot/install/nav2/share/nav2//models/aws_robomaker_residential_Rangehood_01/model.config
[10.672s] -- Symlinking: /home/kaisar/warehouse_robot/robot/install/nav2/share/nav2//models/aws_robomaker_residential_Rangehood_01/model.sdf
[10.699s] -- Symlinking: /home/kaisar/warehouse_robot/robot/install/nav2/share/nav2//models/aws_robomaker_residential_ReadingDesk_01/materials/textures/aws_ReadingDesk_01.png
[10.732s] -- Symlinking: /home/kaisar/warehouse_robot/robot/install/nav2/share/nav2//models/aws_robomaker_residential_ReadingDesk_01/meshes/aws_ReadingDesk_01_collision.DAE
[10.751s] -- Symlinking: /home/kaisar/warehouse_robot/robot/install/nav2/share/nav2//models/aws_robomaker_residential_ReadingDesk_01/meshes/aws_ReadingDesk_01_visual.DAE
[10.770s] -- Symlinking: /home/kaisar/warehouse_robot/robot/install/nav2/share/nav2//models/aws_robomaker_residential_ReadingDesk_01/model.config
[10.788s] -- Symlinking: /home/kaisar/warehouse_robot/robot/install/nav2/share/nav2//models/aws_robomaker_residential_ReadingDesk_01/model.sdf
[10.807s] -- Symlinking: /home/kaisar/warehouse_robot/robot/install/nav2/share/nav2//models/aws_robomaker_residential_Refrigerator_01/materials/textures/aws_Refrigerator_01.png
[10.821s] -- Symlinking: /home/kaisar/warehouse_robot/robot/install/nav2/share/nav2//models/aws_robomaker_residential_Refrigerator_01/materials/textures/aws_Refrigerator_02.png
[10.835s] -- Symlinking: /home/kaisar/warehouse_robot/robot/install/nav2/share/nav2//models/aws_robomaker_residential_Refrigerator_01/meshes/aws_Refrigerator_01.DAE
[10.849s] -- Symlinking: /home/kaisar/warehouse_robot/robot/install/nav2/share/nav2//models/aws_robomaker_residential_Refrigerator_01/meshes/aws_Refrigerator_01_collision.DAE
[10.860s] -- Symlinking: /home/kaisar/warehouse_robot/robot/install/nav2/share/nav2//models/aws_robomaker_residential_Refrigerator_01/meshes/aws_Refrigerator_01_visual.DAE
[10.872s] -- Symlinking: /home/kaisar/warehouse_robot/robot/install/nav2/share/nav2//models/aws_robomaker_residential_Refrigerator_01/model.config
[10.885s] -- Symlinking: /home/kaisar/warehouse_robot/robot/install/nav2/share/nav2//models/aws_robomaker_residential_Refrigerator_01/model.sdf
[10.897s] -- Symlinking: /home/kaisar/warehouse_robot/robot/install/nav2/share/nav2//models/aws_robomaker_residential_RoomCeiling_01/materials/textures/aws_RoomCeiling_01.png
[10.908s] -- Symlinking: /home/kaisar/warehouse_robot/robot/install/nav2/share/nav2//models/aws_robomaker_residential_RoomCeiling_01/meshes/aws_RoomCeiling_01_collision.DAE
[10.920s] -- Symlinking: /home/kaisar/warehouse_robot/robot/install/nav2/share/nav2//models/aws_robomaker_residential_RoomCeiling_01/meshes/aws_RoomCeiling_01_visual.DAE
[10.932s] -- Symlinking: /home/kaisar/warehouse_robot/robot/install/nav2/share/nav2//models/aws_robomaker_residential_RoomCeiling_01/model.config
[10.944s] -- Symlinking: /home/kaisar/warehouse_robot/robot/install/nav2/share/nav2//models/aws_robomaker_residential_RoomCeiling_01/model.sdf
[10.957s] -- Symlinking: /home/kaisar/warehouse_robot/robot/install/nav2/share/nav2//models/aws_robomaker_residential_RoomWall_01/materials/textures/aws_RoomWall_01.png
[10.968s] -- Symlinking: /home/kaisar/warehouse_robot/robot/install/nav2/share/nav2//models/aws_robomaker_residential_RoomWall_01/meshes/aws_RoomWall_01_collision.DAE
[10.980s] -- Symlinking: /home/kaisar/warehouse_robot/robot/install/nav2/share/nav2//models/aws_robomaker_residential_RoomWall_01/meshes/aws_RoomWall_01_visual.DAE
[10.991s] -- Symlinking: /home/kaisar/warehouse_robot/robot/install/nav2/share/nav2//models/aws_robomaker_residential_RoomWall_01/model.config
[11.003s] -- Symlinking: /home/kaisar/warehouse_robot/robot/install/nav2/share/nav2//models/aws_robomaker_residential_RoomWall_01/model.sdf
[11.015s] -- Symlinking: /home/kaisar/warehouse_robot/robot/install/nav2/share/nav2//models/aws_robomaker_residential_RoomWindow_01/materials/textures/aws_RoomWindow_01.png
[11.027s] -- Symlinking: /home/kaisar/warehouse_robot/robot/install/nav2/share/nav2//models/aws_robomaker_residential_RoomWindow_01/meshes/aws_RoomWindow_01_collision.DAE
[11.039s] -- Symlinking: /home/kaisar/warehouse_robot/robot/install/nav2/share/nav2//models/aws_robomaker_residential_RoomWindow_01/meshes/aws_RoomWindow_01_visual.DAE
[11.052s] -- Symlinking: /home/kaisar/warehouse_robot/robot/install/nav2/share/nav2//models/aws_robomaker_residential_RoomWindow_01/model.config
[11.064s] -- Symlinking: /home/kaisar/warehouse_robot/robot/install/nav2/share/nav2//models/aws_robomaker_residential_RoomWindow_01/model.sdf
[11.076s] -- Symlinking: /home/kaisar/warehouse_robot/robot/install/nav2/share/nav2//models/aws_robomaker_residential_SeasoningBox_01/materials/textures/aws_SeasoningBox_01.png
[11.088s] -- Symlinking: /home/kaisar/warehouse_robot/robot/install/nav2/share/nav2//models/aws_robomaker_residential_SeasoningBox_01/meshes/aws_SeasoningBox_01_collision.DAE
[11.100s] -- Symlinking: /home/kaisar/warehouse_robot/robot/install/nav2/share/nav2//models/aws_robomaker_residential_SeasoningBox_01/meshes/aws_SeasoningBox_01_visual.DAE
[11.112s] -- Symlinking: /home/kaisar/warehouse_robot/robot/install/nav2/share/nav2//models/aws_robomaker_residential_SeasoningBox_01/model.config
[11.124s] -- Symlinking: /home/kaisar/warehouse_robot/robot/install/nav2/share/nav2//models/aws_robomaker_residential_SeasoningBox_01/model.sdf
[11.136s] -- Symlinking: /home/kaisar/warehouse_robot/robot/install/nav2/share/nav2//models/aws_robomaker_residential_SecurityCamera_01/materials/textures/aws_SecurityCamera_01.png
[11.149s] -- Symlinking: /home/kaisar/warehouse_robot/robot/install/nav2/share/nav2//models/aws_robomaker_residential_SecurityCamera_01/meshes/aws_SecurityCamera_01_collision.DAE
[11.162s] -- Symlinking: /home/kaisar/warehouse_robot/robot/install/nav2/share/nav2//models/aws_robomaker_residential_SecurityCamera_01/meshes/aws_SecurityCamera_01_visual.DAE
[11.174s] -- Symlinking: /home/kaisar/warehouse_robot/robot/install/nav2/share/nav2//models/aws_robomaker_residential_SecurityCamera_01/model.config
[11.187s] -- Symlinking: /home/kaisar/warehouse_robot/robot/install/nav2/share/nav2//models/aws_robomaker_residential_SecurityCamera_01/model.sdf
[11.202s] -- Symlinking: /home/kaisar/warehouse_robot/robot/install/nav2/share/nav2//models/aws_robomaker_residential_ShoeRack_01/materials/textures/aws_ShoeRack_01.png
[11.214s] -- Symlinking: /home/kaisar/warehouse_robot/robot/install/nav2/share/nav2//models/aws_robomaker_residential_ShoeRack_01/meshes/aws_ShoeRack_01_collision.DAE
[11.226s] -- Symlinking: /home/kaisar/warehouse_robot/robot/install/nav2/share/nav2//models/aws_robomaker_residential_ShoeRack_01/meshes/aws_ShoeRack_01_visual.DAE
[11.236s] -- Symlinking: /home/kaisar/warehouse_robot/robot/install/nav2/share/nav2//models/aws_robomaker_residential_ShoeRack_01/model.config
[11.249s] -- Symlinking: /home/kaisar/warehouse_robot/robot/install/nav2/share/nav2//models/aws_robomaker_residential_ShoeRack_01/model.sdf
[11.260s] -- Symlinking: /home/kaisar/warehouse_robot/robot/install/nav2/share/nav2//models/aws_robomaker_residential_SofaB_01/materials/textures/aws_SofaB_01.png
[11.273s] -- Symlinking: /home/kaisar/warehouse_robot/robot/install/nav2/share/nav2//models/aws_robomaker_residential_SofaB_01/meshes/aws_SofaB_01_collision.DAE
[11.284s] -- Symlinking: /home/kaisar/warehouse_robot/robot/install/nav2/share/nav2//models/aws_robomaker_residential_SofaB_01/meshes/aws_SofaB_01_visual.DAE
[11.295s] -- Symlinking: /home/kaisar/warehouse_robot/robot/install/nav2/share/nav2//models/aws_robomaker_residential_SofaB_01/model.config
[11.308s] -- Symlinking: /home/kaisar/warehouse_robot/robot/install/nav2/share/nav2//models/aws_robomaker_residential_SofaB_01/model.sdf
[11.319s] -- Symlinking: /home/kaisar/warehouse_robot/robot/install/nav2/share/nav2//models/aws_robomaker_residential_SofaC_01/materials/textures/aws_SofaC_01.png
[11.331s] -- Symlinking: /home/kaisar/warehouse_robot/robot/install/nav2/share/nav2//models/aws_robomaker_residential_SofaC_01/meshes/aws_SofaC_01_collision.DAE
[11.342s] -- Symlinking: /home/kaisar/warehouse_robot/robot/install/nav2/share/nav2//models/aws_robomaker_residential_SofaC_01/meshes/aws_SofaC_01_visual.DAE
[11.354s] -- Symlinking: /home/kaisar/warehouse_robot/robot/install/nav2/share/nav2//models/aws_robomaker_residential_SofaC_01/model.config
[11.365s] -- Symlinking: /home/kaisar/warehouse_robot/robot/install/nav2/share/nav2//models/aws_robomaker_residential_SofaC_01/model.sdf
[11.376s] -- Symlinking: /home/kaisar/warehouse_robot/robot/install/nav2/share/nav2//models/aws_robomaker_residential_Sofa_01/materials/textures/aws_Sofa_01.png
[11.388s] -- Symlinking: /home/kaisar/warehouse_robot/robot/install/nav2/share/nav2//models/aws_robomaker_residential_Sofa_01/meshes/aws_Sofa_01.DAE
[11.400s] -- Symlinking: /home/kaisar/warehouse_robot/robot/install/nav2/share/nav2//models/aws_robomaker_residential_Sofa_01/meshes/aws_Sofa_01_collision.DAE
[11.411s] -- Symlinking: /home/kaisar/warehouse_robot/robot/install/nav2/share/nav2//models/aws_robomaker_residential_Sofa_01/meshes/aws_Sofa_01_visual.DAE
[11.422s] -- Symlinking: /home/kaisar/warehouse_robot/robot/install/nav2/share/nav2//models/aws_robomaker_residential_Sofa_01/model.config
[11.433s] -- Symlinking: /home/kaisar/warehouse_robot/robot/install/nav2/share/nav2//models/aws_robomaker_residential_Sofa_01/model.sdf
[11.443s] -- Symlinking: /home/kaisar/warehouse_robot/robot/install/nav2/share/nav2//models/aws_robomaker_residential_TVCabinet_01/materials/textures/aws_TVCabinet_01.png
[11.454s] -- Symlinking: /home/kaisar/warehouse_robot/robot/install/nav2/share/nav2//models/aws_robomaker_residential_TVCabinet_01/meshes/aws_TVCabinet_01_collision.DAE
[11.465s] -- Symlinking: /home/kaisar/warehouse_robot/robot/install/nav2/share/nav2//models/aws_robomaker_residential_TVCabinet_01/meshes/aws_TVCabinet_01_visual.DAE
[11.477s] -- Symlinking: /home/kaisar/warehouse_robot/robot/install/nav2/share/nav2//models/aws_robomaker_residential_TVCabinet_01/model.config
[11.487s] -- Symlinking: /home/kaisar/warehouse_robot/robot/install/nav2/share/nav2//models/aws_robomaker_residential_TVCabinet_01/model.sdf
[11.499s] -- Symlinking: /home/kaisar/warehouse_robot/robot/install/nav2/share/nav2//models/aws_robomaker_residential_TV_01/materials/textures/aws_TV_01.png
[11.510s] -- Symlinking: /home/kaisar/warehouse_robot/robot/install/nav2/share/nav2//models/aws_robomaker_residential_TV_01/meshes/aws_TV_01_collision.DAE
[11.521s] -- Symlinking: /home/kaisar/warehouse_robot/robot/install/nav2/share/nav2//models/aws_robomaker_residential_TV_01/meshes/aws_TV_01_visual.DAE
[11.534s] -- Symlinking: /home/kaisar/warehouse_robot/robot/install/nav2/share/nav2//models/aws_robomaker_residential_TV_01/model.config
[11.545s] -- Symlinking: /home/kaisar/warehouse_robot/robot/install/nav2/share/nav2//models/aws_robomaker_residential_TV_01/model.sdf
[11.557s] -- Symlinking: /home/kaisar/warehouse_robot/robot/install/nav2/share/nav2//models/aws_robomaker_residential_TV_02/materials/textures/aws_TV_01.png
[11.568s] -- Symlinking: /home/kaisar/warehouse_robot/robot/install/nav2/share/nav2//models/aws_robomaker_residential_TV_02/meshes/aws_TV_01_collision.DAE
[11.580s] -- Symlinking: /home/kaisar/warehouse_robot/robot/install/nav2/share/nav2//models/aws_robomaker_residential_TV_02/meshes/aws_TV_01_visual.DAE
[11.591s] -- Symlinking: /home/kaisar/warehouse_robot/robot/install/nav2/share/nav2//models/aws_robomaker_residential_TV_02/model.config
[11.603s] -- Symlinking: /home/kaisar/warehouse_robot/robot/install/nav2/share/nav2//models/aws_robomaker_residential_TV_02/model.sdf
[11.614s] -- Symlinking: /home/kaisar/warehouse_robot/robot/install/nav2/share/nav2//models/aws_robomaker_residential_Tablet_01/.DS_Store
[11.625s] -- Symlinking: /home/kaisar/warehouse_robot/robot/install/nav2/share/nav2//models/aws_robomaker_residential_Tablet_01/materials/.DS_Store
[11.636s] -- Symlinking: /home/kaisar/warehouse_robot/robot/install/nav2/share/nav2//models/aws_robomaker_residential_Tablet_01/materials/textures/aws_Tablet_01_nologo.png
[11.648s] -- Symlinking: /home/kaisar/warehouse_robot/robot/install/nav2/share/nav2//models/aws_robomaker_residential_Tablet_01/meshes/aws_Tablet_01_collision.DAE
[11.660s] -- Symlinking: /home/kaisar/warehouse_robot/robot/install/nav2/share/nav2//models/aws_robomaker_residential_Tablet_01/meshes/aws_Tablet_01_visual.DAE
[11.671s] -- Symlinking: /home/kaisar/warehouse_robot/robot/install/nav2/share/nav2//models/aws_robomaker_residential_Tablet_01/model.config
[11.682s] -- Symlinking: /home/kaisar/warehouse_robot/robot/install/nav2/share/nav2//models/aws_robomaker_residential_Tablet_01/model.sdf
[11.695s] -- Symlinking: /home/kaisar/warehouse_robot/robot/install/nav2/share/nav2//models/aws_robomaker_residential_Tableware_01/materials/textures/aws_Tableware_01.png
[11.706s] -- Symlinking: /home/kaisar/warehouse_robot/robot/install/nav2/share/nav2//models/aws_robomaker_residential_Tableware_01/meshes/aws_Tableware_01_collision.DAE
[11.717s] -- Symlinking: /home/kaisar/warehouse_robot/robot/install/nav2/share/nav2//models/aws_robomaker_residential_Tableware_01/meshes/aws_Tableware_01_visual.DAE
[11.729s] -- Symlinking: /home/kaisar/warehouse_robot/robot/install/nav2/share/nav2//models/aws_robomaker_residential_Tableware_01/model.config
[11.740s] -- Symlinking: /home/kaisar/warehouse_robot/robot/install/nav2/share/nav2//models/aws_robomaker_residential_Tableware_01/model.sdf
[11.752s] -- Symlinking: /home/kaisar/warehouse_robot/robot/install/nav2/share/nav2//models/aws_robomaker_residential_Trash_01/materials/textures/aws_Trash_01.png
[11.763s] -- Symlinking: /home/kaisar/warehouse_robot/robot/install/nav2/share/nav2//models/aws_robomaker_residential_Trash_01/meshes/aws_Trash_01_collision.DAE
[11.774s] -- Symlinking: /home/kaisar/warehouse_robot/robot/install/nav2/share/nav2//models/aws_robomaker_residential_Trash_01/meshes/aws_Trash_01_visual.DAE
[11.786s] -- Symlinking: /home/kaisar/warehouse_robot/robot/install/nav2/share/nav2//models/aws_robomaker_residential_Trash_01/model.config
[11.797s] -- Symlinking: /home/kaisar/warehouse_robot/robot/install/nav2/share/nav2//models/aws_robomaker_residential_Trash_01/model.sdf
[11.808s] -- Symlinking: /home/kaisar/warehouse_robot/robot/install/nav2/share/nav2//models/aws_robomaker_residential_Vase_01/materials/textures/aws_Vase_01.png
[11.820s] -- Symlinking: /home/kaisar/warehouse_robot/robot/install/nav2/share/nav2//models/aws_robomaker_residential_Vase_01/meshes/aws_Vase_01_collision.DAE
[11.830s] -- Symlinking: /home/kaisar/warehouse_robot/robot/install/nav2/share/nav2//models/aws_robomaker_residential_Vase_01/meshes/aws_Vase_01_visual.DAE
[11.842s] -- Symlinking: /home/kaisar/warehouse_robot/robot/install/nav2/share/nav2//models/aws_robomaker_residential_Vase_01/model.config
[11.853s] -- Symlinking: /home/kaisar/warehouse_robot/robot/install/nav2/share/nav2//models/aws_robomaker_residential_Vase_01/model.sdf
[11.865s] -- Symlinking: /home/kaisar/warehouse_robot/robot/install/nav2/share/nav2//models/aws_robomaker_residential_Wardrobe_01/materials/textures/aws_Wardrobe_01.png
[11.875s] -- Symlinking: /home/kaisar/warehouse_robot/robot/install/nav2/share/nav2//models/aws_robomaker_residential_Wardrobe_01/meshes/aws_Wardrobe_01_collision.DAE
[11.886s] -- Symlinking: /home/kaisar/warehouse_robot/robot/install/nav2/share/nav2//models/aws_robomaker_residential_Wardrobe_01/meshes/aws_Wardrobe_01_visual.DAE
[11.897s] -- Symlinking: /home/kaisar/warehouse_robot/robot/install/nav2/share/nav2//models/aws_robomaker_residential_Wardrobe_01/model.config
[11.908s] -- Symlinking: /home/kaisar/warehouse_robot/robot/install/nav2/share/nav2//models/aws_robomaker_residential_Wardrobe_01/model.sdf
[11.919s] -- Symlinking: /home/kaisar/warehouse_robot/robot/install/nav2/share/nav2//models/aws_robomaker_warehouse_Bucket_01/.DS_Store
[11.931s] -- Symlinking: /home/kaisar/warehouse_robot/robot/install/nav2/share/nav2//models/aws_robomaker_warehouse_Bucket_01/materials/.DS_Store
[11.943s] -- Symlinking: /home/kaisar/warehouse_robot/robot/install/nav2/share/nav2//models/aws_robomaker_warehouse_Bucket_01/materials/textures/aws_robomaker_warehouse_Bucket_01.png
[11.955s] -- Symlinking: /home/kaisar/warehouse_robot/robot/install/nav2/share/nav2//models/aws_robomaker_warehouse_Bucket_01/meshes/aws_robomaker_warehouse_Bucket_01_collision.DAE
[11.966s] -- Symlinking: /home/kaisar/warehouse_robot/robot/install/nav2/share/nav2//models/aws_robomaker_warehouse_Bucket_01/meshes/aws_robomaker_warehouse_Bucket_01_visual.DAE
[11.977s] -- Symlinking: /home/kaisar/warehouse_robot/robot/install/nav2/share/nav2//models/aws_robomaker_warehouse_Bucket_01/model.config
[11.988s] -- Symlinking: /home/kaisar/warehouse_robot/robot/install/nav2/share/nav2//models/aws_robomaker_warehouse_Bucket_01/model.sdf
[12.000s] -- Symlinking: /home/kaisar/warehouse_robot/robot/install/nav2/share/nav2//models/aws_robomaker_warehouse_ClutteringA_01/.DS_Store
[12.011s] -- Symlinking: /home/kaisar/warehouse_robot/robot/install/nav2/share/nav2//models/aws_robomaker_warehouse_ClutteringA_01/materials/.DS_Store
[12.023s] -- Symlinking: /home/kaisar/warehouse_robot/robot/install/nav2/share/nav2//models/aws_robomaker_warehouse_ClutteringA_01/materials/textures/.DS_Store
[12.036s] -- Symlinking: /home/kaisar/warehouse_robot/robot/install/nav2/share/nav2//models/aws_robomaker_warehouse_ClutteringA_01/materials/textures/aws_robomaker_warehouse_ClutteringA_01.png
[12.047s] -- Symlinking: /home/kaisar/warehouse_robot/robot/install/nav2/share/nav2//models/aws_robomaker_warehouse_ClutteringA_01/materials/textures/aws_robomaker_warehouse_ClutteringA_02.png
[12.059s] -- Symlinking: /home/kaisar/warehouse_robot/robot/install/nav2/share/nav2//models/aws_robomaker_warehouse_ClutteringA_01/materials/textures/aws_robomaker_warehouse_ClutteringA_03.png
[12.071s] -- Symlinking: /home/kaisar/warehouse_robot/robot/install/nav2/share/nav2//models/aws_robomaker_warehouse_ClutteringA_01/meshes/aws_robomaker_warehouse_ClutteringA_01_collision.DAE
[12.082s] -- Symlinking: /home/kaisar/warehouse_robot/robot/install/nav2/share/nav2//models/aws_robomaker_warehouse_ClutteringA_01/meshes/aws_robomaker_warehouse_ClutteringA_01_visual.DAE
[12.094s] -- Symlinking: /home/kaisar/warehouse_robot/robot/install/nav2/share/nav2//models/aws_robomaker_warehouse_ClutteringA_01/model.config
[12.106s] -- Symlinking: /home/kaisar/warehouse_robot/robot/install/nav2/share/nav2//models/aws_robomaker_warehouse_ClutteringA_01/model.sdf
[12.117s] -- Symlinking: /home/kaisar/warehouse_robot/robot/install/nav2/share/nav2//models/aws_robomaker_warehouse_ClutteringC_01/materials/textures/aws_robomaker_warehouse_ClutteringC_01.png
[12.128s] -- Symlinking: /home/kaisar/warehouse_robot/robot/install/nav2/share/nav2//models/aws_robomaker_warehouse_ClutteringC_01/materials/textures/aws_robomaker_warehouse_ClutteringC_02.png
[12.139s] -- Symlinking: /home/kaisar/warehouse_robot/robot/install/nav2/share/nav2//models/aws_robomaker_warehouse_ClutteringC_01/meshes/aws_robomaker_warehouse_ClutteringC_01_collision.DAE
[12.150s] -- Symlinking: /home/kaisar/warehouse_robot/robot/install/nav2/share/nav2//models/aws_robomaker_warehouse_ClutteringC_01/meshes/aws_robomaker_warehouse_ClutteringC_01_visual.DAE
[12.162s] -- Symlinking: /home/kaisar/warehouse_robot/robot/install/nav2/share/nav2//models/aws_robomaker_warehouse_ClutteringC_01/model.config
[12.173s] -- Symlinking: /home/kaisar/warehouse_robot/robot/install/nav2/share/nav2//models/aws_robomaker_warehouse_ClutteringC_01/model.sdf
[12.185s] -- Symlinking: /home/kaisar/warehouse_robot/robot/install/nav2/share/nav2//models/aws_robomaker_warehouse_ClutteringD_01/materials/textures/aws_robomaker_warehouse_ClutteringD_01.png
[12.196s] -- Symlinking: /home/kaisar/warehouse_robot/robot/install/nav2/share/nav2//models/aws_robomaker_warehouse_ClutteringD_01/materials/textures/aws_robomaker_warehouse_ClutteringD_02.png
[12.208s] -- Symlinking: /home/kaisar/warehouse_robot/robot/install/nav2/share/nav2//models/aws_robomaker_warehouse_ClutteringD_01/meshes/aws_robomaker_warehouse_ClutteringD_01_collision.DAE
[12.219s] -- Symlinking: /home/kaisar/warehouse_robot/robot/install/nav2/share/nav2//models/aws_robomaker_warehouse_ClutteringD_01/meshes/aws_robomaker_warehouse_ClutteringD_01_visual.DAE
[12.230s] -- Symlinking: /home/kaisar/warehouse_robot/robot/install/nav2/share/nav2//models/aws_robomaker_warehouse_ClutteringD_01/model.config
[12.242s] -- Symlinking: /home/kaisar/warehouse_robot/robot/install/nav2/share/nav2//models/aws_robomaker_warehouse_ClutteringD_01/model.sdf
[12.254s] -- Symlinking: /home/kaisar/warehouse_robot/robot/install/nav2/share/nav2//models/aws_robomaker_warehouse_DeskC_01/materials/.DS_Store
[12.265s] -- Symlinking: /home/kaisar/warehouse_robot/robot/install/nav2/share/nav2//models/aws_robomaker_warehouse_DeskC_01/materials/textures/aws_robomaker_warehouse_DeskC_01.png
[12.277s] -- Symlinking: /home/kaisar/warehouse_robot/robot/install/nav2/share/nav2//models/aws_robomaker_warehouse_DeskC_01/materials/textures/aws_robomaker_warehouse_DeskC_02.png
[12.288s] -- Symlinking: /home/kaisar/warehouse_robot/robot/install/nav2/share/nav2//models/aws_robomaker_warehouse_DeskC_01/materials/textures/aws_robomaker_warehouse_DeskC_03.png
[12.299s] -- Symlinking: /home/kaisar/warehouse_robot/robot/install/nav2/share/nav2//models/aws_robomaker_warehouse_DeskC_01/materials/textures/aws_robomaker_warehouse_DeskC_03.psd
[12.310s] -- Symlinking: /home/kaisar/warehouse_robot/robot/install/nav2/share/nav2//models/aws_robomaker_warehouse_DeskC_01/materials/textures/aws_robomaker_warehouse_DeskC_04.png
[12.321s] -- Symlinking: /home/kaisar/warehouse_robot/robot/install/nav2/share/nav2//models/aws_robomaker_warehouse_DeskC_01/meshes/aws_robomaker_warehouse_DeskC_01_collision.DAE
[12.333s] -- Symlinking: /home/kaisar/warehouse_robot/robot/install/nav2/share/nav2//models/aws_robomaker_warehouse_DeskC_01/meshes/aws_robomaker_warehouse_DeskC_01_visual.DAE
[12.344s] -- Symlinking: /home/kaisar/warehouse_robot/robot/install/nav2/share/nav2//models/aws_robomaker_warehouse_DeskC_01/model.config
[12.356s] -- Symlinking: /home/kaisar/warehouse_robot/robot/install/nav2/share/nav2//models/aws_robomaker_warehouse_DeskC_01/model.sdf
[12.368s] -- Symlinking: /home/kaisar/warehouse_robot/robot/install/nav2/share/nav2//models/aws_robomaker_warehouse_GroundB_01/materials/textures/aws_robomaker_warehouse_GroundB_01.png
[12.379s] -- Symlinking: /home/kaisar/warehouse_robot/robot/install/nav2/share/nav2//models/aws_robomaker_warehouse_GroundB_01/materials/textures/aws_robomaker_warehouse_GroundB_02.png
[12.391s] -- Symlinking: /home/kaisar/warehouse_robot/robot/install/nav2/share/nav2//models/aws_robomaker_warehouse_GroundB_01/meshes/aws_robomaker_warehouse_GroundB_01_collision.DAE
[12.402s] -- Symlinking: /home/kaisar/warehouse_robot/robot/install/nav2/share/nav2//models/aws_robomaker_warehouse_GroundB_01/meshes/aws_robomaker_warehouse_GroundB_01_visual.DAE
[12.413s] -- Symlinking: /home/kaisar/warehouse_robot/robot/install/nav2/share/nav2//models/aws_robomaker_warehouse_GroundB_01/model.config
[12.424s] -- Symlinking: /home/kaisar/warehouse_robot/robot/install/nav2/share/nav2//models/aws_robomaker_warehouse_GroundB_01/model.sdf
[12.435s] -- Symlinking: /home/kaisar/warehouse_robot/robot/install/nav2/share/nav2//models/aws_robomaker_warehouse_Lamp_01/materials/textures/aws_robomaker_warehouse_Lamp_01.png
[12.446s] -- Symlinking: /home/kaisar/warehouse_robot/robot/install/nav2/share/nav2//models/aws_robomaker_warehouse_Lamp_01/meshes/aws_robomaker_warehouse_Lamp_01_collision.DAE
[12.458s] -- Symlinking: /home/kaisar/warehouse_robot/robot/install/nav2/share/nav2//models/aws_robomaker_warehouse_Lamp_01/meshes/aws_robomaker_warehouse_Lamp_01_visual.DAE
[12.469s] -- Symlinking: /home/kaisar/warehouse_robot/robot/install/nav2/share/nav2//models/aws_robomaker_warehouse_Lamp_01/model.config
[12.480s] -- Symlinking: /home/kaisar/warehouse_robot/robot/install/nav2/share/nav2//models/aws_robomaker_warehouse_Lamp_01/model.sdf
[12.491s] -- Symlinking: /home/kaisar/warehouse_robot/robot/install/nav2/share/nav2//models/aws_robomaker_warehouse_PalletJackB_01/.DS_Store
[12.502s] -- Symlinking: /home/kaisar/warehouse_robot/robot/install/nav2/share/nav2//models/aws_robomaker_warehouse_PalletJackB_01/materials/.DS_Store
[12.514s] -- Symlinking: /home/kaisar/warehouse_robot/robot/install/nav2/share/nav2//models/aws_robomaker_warehouse_PalletJackB_01/materials/textures/aws_robomaker_warehouse_PalletJackB_01.png
[12.525s] -- Symlinking: /home/kaisar/warehouse_robot/robot/install/nav2/share/nav2//models/aws_robomaker_warehouse_PalletJackB_01/materials/textures/aws_robomaker_warehouse_PalletJackB_02.png
[12.536s] -- Symlinking: /home/kaisar/warehouse_robot/robot/install/nav2/share/nav2//models/aws_robomaker_warehouse_PalletJackB_01/meshes/aws_robomaker_warehouse_PalletJackB_01_collision.DAE
[12.547s] -- Symlinking: /home/kaisar/warehouse_robot/robot/install/nav2/share/nav2//models/aws_robomaker_warehouse_PalletJackB_01/meshes/aws_robomaker_warehouse_PalletJackB_01_visual.DAE
[12.558s] -- Symlinking: /home/kaisar/warehouse_robot/robot/install/nav2/share/nav2//models/aws_robomaker_warehouse_PalletJackB_01/model.config
[12.569s] -- Symlinking: /home/kaisar/warehouse_robot/robot/install/nav2/share/nav2//models/aws_robomaker_warehouse_PalletJackB_01/model.sdf
[12.581s] -- Symlinking: /home/kaisar/warehouse_robot/robot/install/nav2/share/nav2//models/aws_robomaker_warehouse_RoofB_01/materials/textures/aws_robomaker_warehouse_RoofB_01.png
[12.591s] -- Symlinking: /home/kaisar/warehouse_robot/robot/install/nav2/share/nav2//models/aws_robomaker_warehouse_RoofB_01/meshes/aws_robomaker_warehouse_RoofB_01_collision.DAE
[12.603s] -- Symlinking: /home/kaisar/warehouse_robot/robot/install/nav2/share/nav2//models/aws_robomaker_warehouse_RoofB_01/meshes/aws_robomaker_warehouse_RoofB_01_visual.DAE
[12.614s] -- Symlinking: /home/kaisar/warehouse_robot/robot/install/nav2/share/nav2//models/aws_robomaker_warehouse_RoofB_01/model.config
[12.625s] -- Symlinking: /home/kaisar/warehouse_robot/robot/install/nav2/share/nav2//models/aws_robomaker_warehouse_RoofB_01/model.sdf
[12.637s] -- Symlinking: /home/kaisar/warehouse_robot/robot/install/nav2/share/nav2//models/aws_robomaker_warehouse_ShelfD_01/materials/textures/aws_robomaker_warehouse_ShelfD_01.png
[12.648s] -- Symlinking: /home/kaisar/warehouse_robot/robot/install/nav2/share/nav2//models/aws_robomaker_warehouse_ShelfD_01/materials/textures/aws_robomaker_warehouse_ShelfD_02.png
[12.660s] -- Symlinking: /home/kaisar/warehouse_robot/robot/install/nav2/share/nav2//models/aws_robomaker_warehouse_ShelfD_01/materials/textures/aws_robomaker_warehouse_ShelfD_03.png
[12.671s] -- Symlinking: /home/kaisar/warehouse_robot/robot/install/nav2/share/nav2//models/aws_robomaker_warehouse_ShelfD_01/materials/textures/aws_robomaker_warehouse_ShelfD_04.png
[12.682s] -- Symlinking: /home/kaisar/warehouse_robot/robot/install/nav2/share/nav2//models/aws_robomaker_warehouse_ShelfD_01/meshes/aws_robomaker_warehouse_ShelfD_01_collision.DAE
[12.693s] -- Symlinking: /home/kaisar/warehouse_robot/robot/install/nav2/share/nav2//models/aws_robomaker_warehouse_ShelfD_01/meshes/aws_robomaker_warehouse_ShelfD_01_visual.DAE
[12.704s] -- Symlinking: /home/kaisar/warehouse_robot/robot/install/nav2/share/nav2//models/aws_robomaker_warehouse_ShelfD_01/model.config
[12.715s] -- Symlinking: /home/kaisar/warehouse_robot/robot/install/nav2/share/nav2//models/aws_robomaker_warehouse_ShelfD_01/model.sdf
[12.727s] -- Symlinking: /home/kaisar/warehouse_robot/robot/install/nav2/share/nav2//models/aws_robomaker_warehouse_ShelfE_01/.DS_Store
[12.738s] -- Symlinking: /home/kaisar/warehouse_robot/robot/install/nav2/share/nav2//models/aws_robomaker_warehouse_ShelfE_01/materials/.DS_Store
[12.749s] -- Symlinking: /home/kaisar/warehouse_robot/robot/install/nav2/share/nav2//models/aws_robomaker_warehouse_ShelfE_01/materials/textures/aws_robomaker_warehouse_ShelfE_01.png
[12.761s] -- Symlinking: /home/kaisar/warehouse_robot/robot/install/nav2/share/nav2//models/aws_robomaker_warehouse_ShelfE_01/materials/textures/aws_robomaker_warehouse_ShelfE_02.png
[12.772s] -- Symlinking: /home/kaisar/warehouse_robot/robot/install/nav2/share/nav2//models/aws_robomaker_warehouse_ShelfE_01/materials/textures/aws_robomaker_warehouse_ShelfE_03.png
[12.783s] -- Symlinking: /home/kaisar/warehouse_robot/robot/install/nav2/share/nav2//models/aws_robomaker_warehouse_ShelfE_01/materials/textures/aws_robomaker_warehouse_ShelfE_04.png
[12.794s] -- Symlinking: /home/kaisar/warehouse_robot/robot/install/nav2/share/nav2//models/aws_robomaker_warehouse_ShelfE_01/meshes/aws_robomaker_warehouse_ShelfE_01_collision.DAE
[12.805s] -- Symlinking: /home/kaisar/warehouse_robot/robot/install/nav2/share/nav2//models/aws_robomaker_warehouse_ShelfE_01/meshes/aws_robomaker_warehouse_ShelfE_01_visual.DAE
[12.816s] -- Symlinking: /home/kaisar/warehouse_robot/robot/install/nav2/share/nav2//models/aws_robomaker_warehouse_ShelfE_01/model.config
[12.827s] -- Symlinking: /home/kaisar/warehouse_robot/robot/install/nav2/share/nav2//models/aws_robomaker_warehouse_ShelfE_01/model.sdf
[12.838s] -- Symlinking: /home/kaisar/warehouse_robot/robot/install/nav2/share/nav2//models/aws_robomaker_warehouse_ShelfF_01/materials/textures/aws_robomaker_warehouse_ShelfF_01.png
[12.849s] -- Symlinking: /home/kaisar/warehouse_robot/robot/install/nav2/share/nav2//models/aws_robomaker_warehouse_ShelfF_01/materials/textures/aws_robomaker_warehouse_ShelfF_02.png
[12.861s] -- Symlinking: /home/kaisar/warehouse_robot/robot/install/nav2/share/nav2//models/aws_robomaker_warehouse_ShelfF_01/materials/textures/aws_robomaker_warehouse_ShelfF_03.png
[12.872s] -- Symlinking: /home/kaisar/warehouse_robot/robot/install/nav2/share/nav2//models/aws_robomaker_warehouse_ShelfF_01/meshes/aws_robomaker_warehouse_ShelfF_01_collision.DAE
[12.883s] -- Symlinking: /home/kaisar/warehouse_robot/robot/install/nav2/share/nav2//models/aws_robomaker_warehouse_ShelfF_01/meshes/aws_robomaker_warehouse_ShelfF_01_visual.DAE
[12.894s] -- Symlinking: /home/kaisar/warehouse_robot/robot/install/nav2/share/nav2//models/aws_robomaker_warehouse_ShelfF_01/model.config
[12.906s] -- Symlinking: /home/kaisar/warehouse_robot/robot/install/nav2/share/nav2//models/aws_robomaker_warehouse_ShelfF_01/model.sdf
[12.917s] -- Symlinking: /home/kaisar/warehouse_robot/robot/install/nav2/share/nav2//models/aws_robomaker_warehouse_TrashCanC_01/materials/textures/aws_robomaker_warehouse_TrashCanC_01.png
[12.929s] -- Symlinking: /home/kaisar/warehouse_robot/robot/install/nav2/share/nav2//models/aws_robomaker_warehouse_TrashCanC_01/meshes/aws_robomaker_warehouse_TrashCanC_01_collision.DAE
[12.939s] -- Symlinking: /home/kaisar/warehouse_robot/robot/install/nav2/share/nav2//models/aws_robomaker_warehouse_TrashCanC_01/meshes/aws_robomaker_warehouse_TrashCanC_01_visual.DAE
[12.951s] -- Symlinking: /home/kaisar/warehouse_robot/robot/install/nav2/share/nav2//models/aws_robomaker_warehouse_TrashCanC_01/model.config
[12.962s] -- Symlinking: /home/kaisar/warehouse_robot/robot/install/nav2/share/nav2//models/aws_robomaker_warehouse_TrashCanC_01/model.sdf
[12.974s] -- Symlinking: /home/kaisar/warehouse_robot/robot/install/nav2/share/nav2//models/aws_robomaker_warehouse_WallB_01/materials/textures/aws_robomaker_warehouse_WallB_01.png
[12.985s] -- Symlinking: /home/kaisar/warehouse_robot/robot/install/nav2/share/nav2//models/aws_robomaker_warehouse_WallB_01/meshes/aws_robomaker_warehouse_WallB_01_collision.DAE
[12.997s] -- Symlinking: /home/kaisar/warehouse_robot/robot/install/nav2/share/nav2//models/aws_robomaker_warehouse_WallB_01/meshes/aws_robomaker_warehouse_WallB_01_visual.DAE
[13.008s] -- Symlinking: /home/kaisar/warehouse_robot/robot/install/nav2/share/nav2//models/aws_robomaker_warehouse_WallB_01/model.config
[13.019s] -- Symlinking: /home/kaisar/warehouse_robot/robot/install/nav2/share/nav2//models/aws_robomaker_warehouse_WallB_01/model.sdf
[13.030s] -- Symlinking: /home/kaisar/warehouse_robot/robot/install/nav2/share/nav2//models/brown_table/model.config
[13.041s] -- Symlinking: /home/kaisar/warehouse_robot/robot/install/nav2/share/nav2//models/brown_table/model.sdf
[13.053s] -- Symlinking: /home/kaisar/warehouse_robot/robot/install/nav2/share/nav2//models/cafe/materials/textures/__auto_10.jpg
[13.064s] -- Symlinking: /home/kaisar/warehouse_robot/robot/install/nav2/share/nav2//models/cafe/materials/textures/__auto_2.jpg
[13.076s] -- Symlinking: /home/kaisar/warehouse_robot/robot/install/nav2/share/nav2//models/cafe/materials/textures/__auto_21.jpg
[13.087s] -- Symlinking: /home/kaisar/warehouse_robot/robot/install/nav2/share/nav2//models/cafe/materials/textures/__auto_22.jpg
[13.098s] -- Symlinking: /home/kaisar/warehouse_robot/robot/install/nav2/share/nav2//models/cafe/materials/textures/__auto_23.jpg
[13.109s] -- Symlinking: /home/kaisar/warehouse_robot/robot/install/nav2/share/nav2//models/cafe/materials/textures/__auto_24.jpg
[13.120s] -- Symlinking: /home/kaisar/warehouse_robot/robot/install/nav2/share/nav2//models/cafe/materials/textures/__auto_25.jpg
[13.132s] -- Symlinking: /home/kaisar/warehouse_robot/robot/install/nav2/share/nav2//models/cafe/materials/textures/__auto_26.jpg
[13.143s] -- Symlinking: /home/kaisar/warehouse_robot/robot/install/nav2/share/nav2//models/cafe/materials/textures/__auto_28.jpg
[13.154s] -- Symlinking: /home/kaisar/warehouse_robot/robot/install/nav2/share/nav2//models/cafe/materials/textures/__auto_29.jpg
[13.166s] -- Symlinking: /home/kaisar/warehouse_robot/robot/install/nav2/share/nav2//models/cafe/materials/textures/__auto_30.jpg
[13.177s] -- Symlinking: /home/kaisar/warehouse_robot/robot/install/nav2/share/nav2//models/cafe/materials/textures/__auto_31.jpg
[13.188s] -- Symlinking: /home/kaisar/warehouse_robot/robot/install/nav2/share/nav2//models/cafe/materials/textures/__auto_34.jpg
[13.199s] -- Symlinking: /home/kaisar/warehouse_robot/robot/install/nav2/share/nav2//models/cafe/materials/textures/__auto_35.jpg
[13.211s] -- Symlinking: /home/kaisar/warehouse_robot/robot/install/nav2/share/nav2//models/cafe/materials/textures/__auto_37.jpg
[13.222s] -- Symlinking: /home/kaisar/warehouse_robot/robot/install/nav2/share/nav2//models/cafe/meshes/cafe.dae
[13.233s] -- Symlinking: /home/kaisar/warehouse_robot/robot/install/nav2/share/nav2//models/cafe/model.config
[13.244s] -- Symlinking: /home/kaisar/warehouse_robot/robot/install/nav2/share/nav2//models/cafe/model.sdf
[13.256s] -- Symlinking: /home/kaisar/warehouse_robot/robot/install/nav2/share/nav2//models/cafe_counter/materials/textures/cafe_counter.png
[13.268s] -- Symlinking: /home/kaisar/warehouse_robot/robot/install/nav2/share/nav2//models/cafe_counter/meshes/cafe_counter.mtl
[13.279s] -- Symlinking: /home/kaisar/warehouse_robot/robot/install/nav2/share/nav2//models/cafe_counter/meshes/cafe_counter.obj
[13.290s] -- Symlinking: /home/kaisar/warehouse_robot/robot/install/nav2/share/nav2//models/cafe_counter/meshes/counter_no_sink.obj
[13.302s] -- Symlinking: /home/kaisar/warehouse_robot/robot/install/nav2/share/nav2//models/cafe_counter/meshes/counter_sink.obj
[13.313s] -- Symlinking: /home/kaisar/warehouse_robot/robot/install/nav2/share/nav2//models/cafe_counter/model.config
[13.324s] -- Symlinking: /home/kaisar/warehouse_robot/robot/install/nav2/share/nav2//models/cafe_counter/model.sdf
[13.335s] -- Symlinking: /home/kaisar/warehouse_robot/robot/install/nav2/share/nav2//models/cafe_table/materials/textures/Maple.jpg
[13.346s] -- Symlinking: /home/kaisar/warehouse_robot/robot/install/nav2/share/nav2//models/cafe_table/materials/textures/Wood_Floor_Dark.jpg
[13.357s] -- Symlinking: /home/kaisar/warehouse_robot/robot/install/nav2/share/nav2//models/cafe_table/meshes/cafe_table.dae
[13.368s] -- Symlinking: /home/kaisar/warehouse_robot/robot/install/nav2/share/nav2//models/cafe_table/model-1_4.sdf
[13.380s] -- Symlinking: /home/kaisar/warehouse_robot/robot/install/nav2/share/nav2//models/cafe_table/model.config
[13.391s] -- Symlinking: /home/kaisar/warehouse_robot/robot/install/nav2/share/nav2//models/cafe_table/model.sdf
[13.403s] -- Symlinking: /home/kaisar/warehouse_robot/robot/install/nav2/share/nav2//models/cardboard_box/materials/textures/cardboard_box.png
[13.414s] -- Symlinking: /home/kaisar/warehouse_robot/robot/install/nav2/share/nav2//models/cardboard_box/meshes/cardboard_box.dae
[13.425s] -- Symlinking: /home/kaisar/warehouse_robot/robot/install/nav2/share/nav2//models/cardboard_box/meshes/cardboard_box.png
[13.436s] -- Symlinking: /home/kaisar/warehouse_robot/robot/install/nav2/share/nav2//models/cardboard_box/model.config
[13.447s] -- Symlinking: /home/kaisar/warehouse_robot/robot/install/nav2/share/nav2//models/cardboard_box/model.sdf
[13.459s] -- Symlinking: /home/kaisar/warehouse_robot/robot/install/nav2/share/nav2//models/cheezit_big_original/meshes/cheez_tex_0.jpg
[13.470s] -- Symlinking: /home/kaisar/warehouse_robot/robot/install/nav2/share/nav2//models/cheezit_big_original/meshes/cheezit_big_original.dae
[13.481s] -- Symlinking: /home/kaisar/warehouse_robot/robot/install/nav2/share/nav2//models/cheezit_big_original/model.config
[13.492s] -- Symlinking: /home/kaisar/warehouse_robot/robot/install/nav2/share/nav2//models/cheezit_big_original/model.sdf
[13.504s] -- Symlinking: /home/kaisar/warehouse_robot/robot/install/nav2/share/nav2//models/christman_L1/meshes/blue_linoleum.png
[13.515s] -- Symlinking: /home/kaisar/warehouse_robot/robot/install/nav2/share/nav2//models/christman_L1/meshes/concrete2.png
[13.526s] -- Symlinking: /home/kaisar/warehouse_robot/robot/install/nav2/share/nav2//models/christman_L1/meshes/default.png
[13.537s] -- Symlinking: /home/kaisar/warehouse_robot/robot/install/nav2/share/nav2//models/christman_L1/meshes/floor_1.mtl
[13.548s] -- Symlinking: /home/kaisar/warehouse_robot/robot/install/nav2/share/nav2//models/christman_L1/meshes/floor_1.obj
[13.560s] -- Symlinking: /home/kaisar/warehouse_robot/robot/install/nav2/share/nav2//models/christman_L1/meshes/model.material
[13.571s] -- Symlinking: /home/kaisar/warehouse_robot/robot/install/nav2/share/nav2//models/christman_L1/meshes/wall_1.mtl
[13.582s] -- Symlinking: /home/kaisar/warehouse_robot/robot/install/nav2/share/nav2//models/christman_L1/meshes/wall_1.obj
[13.592s] -- Symlinking: /home/kaisar/warehouse_robot/robot/install/nav2/share/nav2//models/christman_L1/meshes/wall_white.png
[13.603s] -- Symlinking: /home/kaisar/warehouse_robot/robot/install/nav2/share/nav2//models/christman_L1/model.config
[13.615s] -- Symlinking: /home/kaisar/warehouse_robot/robot/install/nav2/share/nav2//models/christman_L1/model.sdf
[13.626s] -- Symlinking: /home/kaisar/warehouse_robot/robot/install/nav2/share/nav2//models/coke_can/materials/textures/coke_can.png
[13.637s] -- Symlinking: /home/kaisar/warehouse_robot/robot/install/nav2/share/nav2//models/coke_can/meshes/coke_can.dae
[13.648s] -- Symlinking: /home/kaisar/warehouse_robot/robot/install/nav2/share/nav2//models/coke_can/model-1_2.sdf
[13.660s] -- Symlinking: /home/kaisar/warehouse_robot/robot/install/nav2/share/nav2//models/coke_can/model-1_3.sdf
[13.671s] -- Symlinking: /home/kaisar/warehouse_robot/robot/install/nav2/share/nav2//models/coke_can/model-1_4.sdf
[13.682s] -- Symlinking: /home/kaisar/warehouse_robot/robot/install/nav2/share/nav2//models/coke_can/model.config
[13.693s] -- Symlinking: /home/kaisar/warehouse_robot/robot/install/nav2/share/nav2//models/coke_can/model.sdf
[13.704s] -- Symlinking: /home/kaisar/warehouse_robot/robot/install/nav2/share/nav2//models/ground_plane/model-1_2.sdf
[13.715s] -- Symlinking: /home/kaisar/warehouse_robot/robot/install/nav2/share/nav2//models/ground_plane/model-1_3.sdf
[13.726s] -- Symlinking: /home/kaisar/warehouse_robot/robot/install/nav2/share/nav2//models/ground_plane/model-1_4.sdf
[13.737s] -- Symlinking: /home/kaisar/warehouse_robot/robot/install/nav2/share/nav2//models/ground_plane/model.config
[13.748s] -- Symlinking: /home/kaisar/warehouse_robot/robot/install/nav2/share/nav2//models/ground_plane/model.sdf
[13.760s] -- Symlinking: /home/kaisar/warehouse_robot/robot/install/nav2/share/nav2//models/hotel_L1/meshes/blue_linoleum.png
[13.771s] -- Symlinking: /home/kaisar/warehouse_robot/robot/install/nav2/share/nav2//models/hotel_L1/meshes/default.png
[13.782s] -- Symlinking: /home/kaisar/warehouse_robot/robot/install/nav2/share/nav2//models/hotel_L1/meshes/floor_1.mtl
[13.793s] -- Symlinking: /home/kaisar/warehouse_robot/robot/install/nav2/share/nav2//models/hotel_L1/meshes/floor_1.obj
[13.804s] -- Symlinking: /home/kaisar/warehouse_robot/robot/install/nav2/share/nav2//models/hotel_L1/meshes/model.material
[13.815s] -- Symlinking: /home/kaisar/warehouse_robot/robot/install/nav2/share/nav2//models/hotel_L1/meshes/wall_1.mtl
[13.827s] -- Symlinking: /home/kaisar/warehouse_robot/robot/install/nav2/share/nav2//models/hotel_L1/meshes/wall_1.obj
[13.838s] -- Symlinking: /home/kaisar/warehouse_robot/robot/install/nav2/share/nav2//models/hotel_L1/model.config
[13.849s] -- Symlinking: /home/kaisar/warehouse_robot/robot/install/nav2/share/nav2//models/hotel_L1/model.sdf
[13.861s] -- Symlinking: /home/kaisar/warehouse_robot/robot/install/nav2/share/nav2//models/mustard/materials/scripts/mustard.material
[13.872s] -- Symlinking: /home/kaisar/warehouse_robot/robot/install/nav2/share/nav2//models/mustard/materials/textures/optimized_tsdf_texture_mapped_mesh.png
[13.883s] -- Symlinking: /home/kaisar/warehouse_robot/robot/install/nav2/share/nav2//models/mustard/meshes/mustard.dae
[13.894s] -- Symlinking: /home/kaisar/warehouse_robot/robot/install/nav2/share/nav2//models/mustard/meshes/texture_map.png
[13.905s] -- Symlinking: /home/kaisar/warehouse_robot/robot/install/nav2/share/nav2//models/mustard/model.config
[13.917s] -- Symlinking: /home/kaisar/warehouse_robot/robot/install/nav2/share/nav2//models/mustard/model.sdf
[13.928s] -- Symlinking: /home/kaisar/warehouse_robot/robot/install/nav2/share/nav2//models/red_cylinder/model.config
[13.939s] -- Symlinking: /home/kaisar/warehouse_robot/robot/install/nav2/share/nav2//models/red_cylinder/model.sdf
[13.950s] -- Symlinking: /home/kaisar/warehouse_robot/robot/install/nav2/share/nav2//models/sun/model-1_2.sdf
[13.961s] -- Symlinking: /home/kaisar/warehouse_robot/robot/install/nav2/share/nav2//models/sun/model-1_3.sdf
[13.972s] -- Symlinking: /home/kaisar/warehouse_robot/robot/install/nav2/share/nav2//models/sun/model-1_4.sdf
[13.983s] -- Symlinking: /home/kaisar/warehouse_robot/robot/install/nav2/share/nav2//models/sun/model.config
[13.994s] -- Symlinking: /home/kaisar/warehouse_robot/robot/install/nav2/share/nav2//models/sun/model.sdf
[14.006s] -- Symlinking: /home/kaisar/warehouse_robot/robot/install/nav2/share/ament_index/resource_index/package_run_dependencies/nav2
[14.017s] -- Symlinking: /home/kaisar/warehouse_robot/robot/install/nav2/share/ament_index/resource_index/parent_prefix_path/nav2
[14.029s] -- Symlinking: /home/kaisar/warehouse_robot/robot/install/nav2/share/nav2/environment/ament_prefix_path.sh
[14.040s] -- Symlinking: /home/kaisar/warehouse_robot/robot/install/nav2/share/nav2/environment/ament_prefix_path.dsv
[14.052s] -- Symlinking: /home/kaisar/warehouse_robot/robot/install/nav2/share/nav2/environment/path.sh
[14.064s] -- Symlinking: /home/kaisar/warehouse_robot/robot/install/nav2/share/nav2/environment/path.dsv
[14.075s] -- Symlinking: /home/kaisar/warehouse_robot/robot/install/nav2/share/nav2/local_setup.bash
[14.086s] -- Symlinking: /home/kaisar/warehouse_robot/robot/install/nav2/share/nav2/local_setup.sh
[14.098s] -- Symlinking: /home/kaisar/warehouse_robot/robot/install/nav2/share/nav2/local_setup.zsh
[14.111s] -- Symlinking: /home/kaisar/warehouse_robot/robot/install/nav2/share/nav2/local_setup.dsv
[14.121s] -- Symlinking: /home/kaisar/warehouse_robot/robot/install/nav2/share/nav2/package.dsv
[14.133s] -- Symlinking: /home/kaisar/warehouse_robot/robot/install/nav2/share/ament_index/resource_index/packages/nav2
[14.144s] -- Symlinking: /home/kaisar/warehouse_robot/robot/install/nav2/share/nav2/cmake/nav2Config.cmake
[14.156s] -- Symlinking: /home/kaisar/warehouse_robot/robot/install/nav2/share/nav2/cmake/nav2Config-version.cmake
[14.167s] -- Symlinking: /home/kaisar/warehouse_robot/robot/install/nav2/share/nav2/package.xml
[14.181s] Invoked command in '/home/kaisar/warehouse_robot/robot/build/nav2' returned '0': CMAKE_PREFIX_PATH=${CMAKE_PREFIX_PATH}:/opt/ros/jazzy DEBUGINFOD_URLS=https://debuginfod.ubuntu.com /usr/bin/cmake --install /home/kaisar/warehouse_robot/robot/build/nav2
