[0.029s] Invoking command in '/home/kaisar/warehouse_robot/build/stage': DEBUGINFOD_URLS=https://debuginfod.ubuntu.com /usr/bin/cmake --build /home/kaisar/warehouse_robot/build/stage -- -j12 -l12
[0.219s] [ 57%] Built target stage
[0.238s] gmake[2]: *** [examples/ctrl/CMakeFiles/pioneer_flocking.dir/build.make:125: examples/ctrl/CMakeFiles/pioneer_flocking.dir/depend] Interrupt
[0.238s] gmake[1]: *** [CMakeFiles/Makefile2:420: examples/ctrl/CMakeFiles/pioneer_flocking.dir/all] Interrupt
[0.238s] gmake[2]: *** [worlds/benchmark/CMakeFiles/expand_pioneer.dir/build.make:125: worlds/benchmark/CMakeFiles/expand_pioneer.dir/depend] Interrupt
[0.239s] gmake[2]: *** [examples/ctrl/CMakeFiles/sink.dir/build.make:125: examples/ctrl/CMakeFiles/sink.dir/depend] Interrupt
[0.239s] gmake[2]: *** [libstage/CMakeFiles/stagebinary.dir/build.make:125: libstage/CMakeFiles/stagebinary.dir/depend] Interrupt
[0.239s] gmake[2]: *** [examples/ctrl/CMakeFiles/lasernoise.dir/build.make:125: examples/ctrl/CMakeFiles/lasernoise.dir/depend] Interrupt
[0.239s] gmake[1]: *** [CMakeFiles/Makefile2:576: worlds/benchmark/CMakeFiles/expand_pioneer.dir/all] Interrupt
[0.239s] gmake[1]: *** [CMakeFiles/Makefile2:342: examples/ctrl/CMakeFiles/sink.dir/all] Interrupt
[0.239s] gmake[2]: *** [examples/ctrl/CMakeFiles/source.dir/build.make:125: examples/ctrl/CMakeFiles/source.dir/depend] Interrupt
[0.239s] gmake[2]: *** wait: No child processes.  Stop.
[0.239s] gmake[2]: *** Waiting for unfinished jobs....
[0.239s] gmake[2]: *** wait: No child processes.  Stop.
[0.239s] gmake[1]: *** [CMakeFiles/Makefile2:290: libstage/CMakeFiles/stagebinary.dir/all] Interrupt
[0.239s] gmake[1]: *** [CMakeFiles/Makefile2:316: examples/ctrl/CMakeFiles/fasr.dir/all] Error 2
[0.239s] gmake[2]: *** [worlds/benchmark/CMakeFiles/expand_swarm.dir/build.make:125: worlds/benchmark/CMakeFiles/expand_swarm.dir/depend] Interrupt
[0.240s] gmake[1]: *** [CMakeFiles/Makefile2:368: examples/ctrl/CMakeFiles/source.dir/all] Interrupt
[0.240s] gmake[1]: *** [CMakeFiles/Makefile2:472: examples/ctrl/CMakeFiles/lasernoise.dir/all] Interrupt
[0.240s] gmake[1]: *** [CMakeFiles/Makefile2:550: worlds/benchmark/CMakeFiles/expand_swarm.dir/all] Interrupt
[0.240s] gmake[2]: *** [examples/ctrl/CMakeFiles/dynamic.dir/build.make:125: examples/ctrl/CMakeFiles/dynamic.dir/depend] Interrupt
[0.240s] gmake[2]: *** [examples/ctrl/CMakeFiles/wander.dir/build.make:125: examples/ctrl/CMakeFiles/wander.dir/depend] Interrupt
[0.240s] gmake[2]: *** [examples/ctrl/CMakeFiles/rasterize.dir/build.make:125: examples/ctrl/CMakeFiles/rasterize.dir/depend] Interrupt
[0.241s] gmake[2]: *** [examples/ctrl/CMakeFiles/fasr2.dir/build.make:141: examples/ctrl/CMakeFiles/fasr2.dir/depend] Interrupt
[0.241s] gmake[1]: *** [CMakeFiles/Makefile2:394: examples/ctrl/CMakeFiles/wander.dir/all] Interrupt
[0.241s] gmake[1]: *** [CMakeFiles/Makefile2:446: examples/ctrl/CMakeFiles/rasterize.dir/all] Interrupt
[0.241s] gmake[1]: *** [CMakeFiles/Makefile2:498: examples/ctrl/CMakeFiles/dynamic.dir/all] Interrupt
[0.241s] gmake[1]: *** [CMakeFiles/Makefile2:524: examples/ctrl/CMakeFiles/fasr2.dir/all] Interrupt
[0.242s] gmake: *** [Makefile:166: all] Interrupt
