Traceback (most recent call last):
  File "/home/kaisar/warehouse_robot/build/robot_msgs/ament_cmake_python/robot_msgs/setup.py", line 1, in <module>
    from setuptools import find_packages
  File "/usr/lib/python3/dist-packages/setuptools/__init__.py", line 7, in <module>
    import _distutils_hack.override  # noqa: F401
    ^^^^^^^^^^^^^^^^^^^^^^^^^^^^^^^
  File "/usr/lib/python3/dist-packages/_distutils_hack/override.py", line 1, in <module>
    __import__('_distutils_hack').do_override()
  File "/usr/lib/python3/dist-packages/_distutils_hack/__init__.py", line 77, in do_override
    ensure_local_distutils()
  File "/usr/lib/python3/dist-packages/_distutils_hack/__init__.py", line 60, in ensure_local_distutils
    importlib.import_module('distutils')
  File "/usr/lib/python3.12/importlib/__init__.py", line 90, in import_module
    return _bootstrap._gcd_import(name[level:], package, level)
           ^^^^^^^^^^^^^^^^^^^^^^^^^^^^^^^^^^^^^^^^^^^^^^^^^^^^
  File "<frozen importlib._bootstrap>", line 1387, in _gcd_import
  File "<frozen importlib._bootstrap>", line 1360, in _find_and_load
  File "<frozen importlib._bootstrap>", line 1322, in _find_and_load_unlocked
  File "<frozen importlib._bootstrap>", line 1262, in _find_spec
  File "/usr/lib/python3/dist-packages/_distutils_hack/__init__.py", line 97, in find_spec
    return method()
           ^^^^^^^^
  File "/usr/lib/python3/dist-packages/_distutils_hack/__init__.py", line 108, in spec_for_distutils
    mod = importlib.import_module('setuptools._distutils')
          ^^^^^^^^^^^^^^^^^^^^^^^^^^^^^^^^^^^^^^^^^^^^^^^^
  File "/usr/lib/python3.12/importlib/__init__.py", line 90, in import_module
    return _bootstrap._gcd_import(name[level:], package, level)
           ^^^^^^^^^^^^^^^^^^^^^^^^^^^^^^^^^^^^^^^^^^^^^^^^^^^^
  File "/usr/lib/python3/dist-packages/setuptools/_distutils/__init__.py", line 12, in <module>
    importlib.import_module('_distutils_system_mod')
  File "/usr/lib/python3.12/importlib/__init__.py", line 90, in import_module
    return _bootstrap._gcd_import(name[level:], package, level)
           ^^^^^^^^^^^^^^^^^^^^^^^^^^^^^^^^^^^^^^^^^^^^^^^^^^^^
  File "/usr/lib/python3.12/_distutils_system_mod.py", line 15, in <module>
    import distutils.command.install as orig_install
  File "/usr/lib/python3/dist-packages/setuptools/_distutils/command/install.py", line 12, in <module>
    from ..core import Command
  File "/usr/lib/python3/dist-packages/setuptools/_distutils/core.py", line 22, in <module>
    from .dist import Distribution
  File "/usr/lib/python3/dist-packages/setuptools/_distutils/dist.py", line 26, in <module>
    from .fancy_getopt import FancyGetopt, translate_longopt
  File "/usr/lib/python3/dist-packages/setuptools/_distutils/fancy_getopt.py", line 14, in <module>
    import getopt
  File "/usr/lib/python3.12/getopt.py", line 38, in <module>
    from gettext import gettext as _
  File "/usr/lib/python3.12/gettext.py", line 73, in <module>
    _token_pattern = re.compile(r"""
                     ^^^^^^^^^^^^^^^
  File "/usr/lib/python3.12/re/__init__.py", line 228, in compile
    return _compile(pattern, flags)
           ^^^^^^^^^^^^^^^^^^^^^^^^
  File "/usr/lib/python3.12/re/__init__.py", line 307, in _compile
    p = _compiler.compile(pattern, flags)
        ^^^^^^^^^^^^^^^^^^^^^^^^^^^^^^^^^
  File "/usr/lib/python3.12/re/_compiler.py", line 745, in compile
    p = _parser.parse(p, flags)
        ^^^^^^^^^^^^^^^^^^^^^^^
  File "/usr/lib/python3.12/re/_parser.py", line 979, in parse
    p = _parse_sub(source, state, flags & SRE_FLAG_VERBOSE, 0)
        ^^^^^^^^^^^^^^^^^^^^^^^^^^^^^^^^^^^^^^^^^^^^^^^^^^^^^^
  File "/usr/lib/python3.12/re/_parser.py", line 460, in _parse_sub
    itemsappend(_parse(source, state, verbose, nested + 1,
                ^^^^^^^^^^^^^^^^^^^^^^^^^^^^^^^^^^^^^^^^^^
  File "/usr/lib/python3.12/re/_parser.py", line 537, in _parse
    while True:
          ^^^^
KeyboardInterrupt
gmake[2]: *** [CMakeFiles/ament_cmake_python_build_robot_msgs_egg.dir/build.make:70: CMakeFiles/ament_cmake_python_build_robot_msgs_egg] Interrupt
gmake[1]: *** [CMakeFiles/Makefile2:497: CMakeFiles/ament_cmake_python_build_robot_msgs_egg.dir/all] Interrupt
gmake[1]: *** wait: No child processes.  Stop.
gmake[1]: *** Waiting for unfinished jobs....
gmake[1]: *** wait: No child processes.  Stop.
gmake: *** [Makefile:146: all] Error 2
