running develop
Removing /home/kaisar/warehouse_robot/robot/install/robot_planner/lib/python3.12/site-packages/robot-planner.egg-link (link to .)
running egg_info
writing ../../../build/robot_planner/robot_planner.egg-info/PKG-INFO
writing dependency_links to ../../../build/robot_planner/robot_planner.egg-info/dependency_links.txt
writing entry points to ../../../build/robot_planner/robot_planner.egg-info/entry_points.txt
writing requirements to ../../../build/robot_planner/robot_planner.egg-info/requires.txt
writing top-level names to ../../../build/robot_planner/robot_planner.egg-info/top_level.txt
reading manifest file '../../../build/robot_planner/robot_planner.egg-info/SOURCES.txt'
writing manifest file '../../../build/robot_planner/robot_planner.egg-info/SOURCES.txt'
running build
running build_py
copying robot_planner/route_node.py -> /home/kaisar/warehouse_robot/robot/build/robot_planner/build/lib/robot_planner
copying robot_planner/route_planner.py -> /home/kaisar/warehouse_robot/robot/build/robot_planner/build/lib/robot_planner
copying robot_planner/runtime.py -> /home/kaisar/warehouse_robot/robot/build/robot_planner/build/lib/robot_planner
running install
running install_lib
creating /home/kaisar/warehouse_robot/robot/install/robot_planner/lib/python3.12/site-packages/robot_planner
copying /home/kaisar/warehouse_robot/robot/build/robot_planner/build/lib/robot_planner/executor.py -> /home/kaisar/warehouse_robot/robot/install/robot_planner/lib/python3.12/site-packages/robot_planner
copying /home/kaisar/warehouse_robot/robot/build/robot_planner/build/lib/robot_planner/route_node.py -> /home/kaisar/warehouse_robot/robot/install/robot_planner/lib/python3.12/site-packages/robot_planner
copying /home/kaisar/warehouse_robot/robot/build/robot_planner/build/lib/robot_planner/route_planner.py -> /home/kaisar/warehouse_robot/robot/install/robot_planner/lib/python3.12/site-packages/robot_planner
creating /home/kaisar/warehouse_robot/robot/install/robot_planner/lib/python3.12/site-packages/robot_planner/route_core
copying /home/kaisar/warehouse_robot/robot/build/robot_planner/build/lib/robot_planner/route_core/params.py -> /home/kaisar/warehouse_robot/robot/install/robot_planner/lib/python3.12/site-packages/robot_planner/route_core
copying /home/kaisar/warehouse_robot/robot/build/robot_planner/build/lib/robot_planner/route_core/planner.py -> /home/kaisar/warehouse_robot/robot/install/robot_planner/lib/python3.12/site-packages/robot_planner/route_core
copying /home/kaisar/warehouse_robot/robot/build/robot_planner/build/lib/robot_planner/route_core/models.py -> /home/kaisar/warehouse_robot/robot/install/robot_planner/lib/python3.12/site-packages/robot_planner/route_core
copying /home/kaisar/warehouse_robot/robot/build/robot_planner/build/lib/robot_planner/route_core/map_loader.py -> /home/kaisar/warehouse_robot/robot/install/robot_planner/lib/python3.12/site-packages/robot_planner/route_core
copying /home/kaisar/warehouse_robot/robot/build/robot_planner/build/lib/robot_planner/route_core/__init__.py -> /home/kaisar/warehouse_robot/robot/install/robot_planner/lib/python3.12/site-packages/robot_planner/route_core
copying /home/kaisar/warehouse_robot/robot/build/robot_planner/build/lib/robot_planner/__init__.py -> /home/kaisar/warehouse_robot/robot/install/robot_planner/lib/python3.12/site-packages/robot_planner
copying /home/kaisar/warehouse_robot/robot/build/robot_planner/build/lib/robot_planner/runtime.py -> /home/kaisar/warehouse_robot/robot/install/robot_planner/lib/python3.12/site-packages/robot_planner
byte-compiling /home/kaisar/warehouse_robot/robot/install/robot_planner/lib/python3.12/site-packages/robot_planner/executor.py to executor.cpython-312.pyc
byte-compiling /home/kaisar/warehouse_robot/robot/install/robot_planner/lib/python3.12/site-packages/robot_planner/route_node.py to route_node.cpython-312.pyc
byte-compiling /home/kaisar/warehouse_robot/robot/install/robot_planner/lib/python3.12/site-packages/robot_planner/route_planner.py to route_planner.cpython-312.pyc
byte-compiling /home/kaisar/warehouse_robot/robot/install/robot_planner/lib/python3.12/site-packages/robot_planner/route_core/params.py to params.cpython-312.pyc
byte-compiling /home/kaisar/warehouse_robot/robot/install/robot_planner/lib/python3.12/site-packages/robot_planner/route_core/planner.py to planner.cpython-312.pyc
byte-compiling /home/kaisar/warehouse_robot/robot/install/robot_planner/lib/python3.12/site-packages/robot_planner/route_core/models.py to models.cpython-312.pyc
byte-compiling /home/kaisar/warehouse_robot/robot/install/robot_planner/lib/python3.12/site-packages/robot_planner/route_core/map_loader.py to map_loader.cpython-312.pyc
byte-compiling /home/kaisar/warehouse_robot/robot/install/robot_planner/lib/python3.12/site-packages/robot_planner/route_core/__init__.py to __init__.cpython-312.pyc
byte-compiling /home/kaisar/warehouse_robot/robot/install/robot_planner/lib/python3.12/site-packages/robot_planner/__init__.py to __init__.cpython-312.pyc
byte-compiling /home/kaisar/warehouse_robot/robot/install/robot_planner/lib/python3.12/site-packages/robot_planner/runtime.py to runtime.cpython-312.pyc
running install_data
copying resource/robot_planner -> /home/kaisar/warehouse_robot/robot/install/robot_planner/share/ament_index/resource_index/packages
copying package.xml -> /home/kaisar/warehouse_robot/robot/install/robot_planner/share/robot_planner
running install_egg_info
Copying ../../../build/robot_planner/robot_planner.egg-info to /home/kaisar/warehouse_robot/robot/install/robot_planner/lib/python3.12/site-packages/robot_planner-0.0.0-py3.12.egg-info
running install_scripts
Installing route_node script to /home/kaisar/warehouse_robot/robot/install/robot_planner/lib/robot_planner
writing list of installed files to '/home/kaisar/warehouse_robot/robot/build/robot_planner/install.log'
