[1.580s] Invoking command in '/home/kaisar/warehouse_robot/robot/build/robot_planner': AMENT_PREFIX_PATH=/home/kaisar/warehouse_robot/robot/install/robot_msgs:${AMENT_PREFIX_PATH} CMAKE_PREFIX_PATH=/home/kaisar/warehouse_robot/robot/install/robot_msgs:${CMAKE_PREFIX_PATH} DEBUGINFOD_URLS=https://debuginfod.ubuntu.com LD_LIBRARY_PATH=/home/kaisar/warehouse_robot/robot/install/robot_msgs/lib:${LD_LIBRARY_PATH} PYTHONPATH=/home/kaisar/warehouse_robot/robot/build/robot_planner/prefix_override:/usr/lib/python3/dist-packages/colcon_core/task/python/colcon_distutils_commands:/home/kaisar/warehouse_robot/robot/install/robot_planner/lib/python3.12/site-packages:/home/kaisar/warehouse_robot/robot/install/robot_msgs/lib/python3.12/site-packages:${PYTHONPATH} /usr/bin/python3 -W ignore:setup.py install is deprecated -W ignore:easy_install command is deprecated setup.py develop --uninstall --editable --build-directory /home/kaisar/warehouse_robot/robot/build/robot_planner/build
[2.112s] running develop
[2.479s] Removing /home/kaisar/warehouse_robot/robot/install/robot_planner/lib/python3.12/site-packages/robot-planner.egg-link (link to .)
[2.531s] Invoked command in '/home/kaisar/warehouse_robot/robot/build/robot_planner' returned '0': AMENT_PREFIX_PATH=/home/kaisar/warehouse_robot/robot/install/robot_msgs:${AMENT_PREFIX_PATH} CMAKE_PREFIX_PATH=/home/kaisar/warehouse_robot/robot/install/robot_msgs:${CMAKE_PREFIX_PATH} DEBUGINFOD_URLS=https://debuginfod.ubuntu.com LD_LIBRARY_PATH=/home/kaisar/warehouse_robot/robot/install/robot_msgs/lib:${LD_LIBRARY_PATH} PYTHONPATH=/home/kaisar/warehouse_robot/robot/build/robot_planner/prefix_override:/usr/lib/python3/dist-packages/colcon_core/task/python/colcon_distutils_commands:/home/kaisar/warehouse_robot/robot/install/robot_planner/lib/python3.12/site-packages:/home/kaisar/warehouse_robot/robot/install/robot_msgs/lib/python3.12/site-packages:${PYTHONPATH} /usr/bin/python3 -W ignore:setup.py install is deprecated -W ignore:easy_install command is deprecated setup.py develop --uninstall --editable --build-directory /home/kaisar/warehouse_robot/robot/build/robot_planner/build
[2.533s] Invoking command in '/home/kaisar/warehouse_robot/robot/ws/src/robot_planner': AMENT_PREFIX_PATH=/home/kaisar/warehouse_robot/robot/install/robot_msgs:${AMENT_PREFIX_PATH} CMAKE_PREFIX_PATH=/home/kaisar/warehouse_robot/robot/install/robot_msgs:${CMAKE_PREFIX_PATH} DEBUGINFOD_URLS=https://debuginfod.ubuntu.com LD_LIBRARY_PATH=/home/kaisar/warehouse_robot/robot/install/robot_msgs/lib:${LD_LIBRARY_PATH} PYTHONPATH=/home/kaisar/warehouse_robot/robot/build/robot_planner/prefix_override:/usr/lib/python3/dist-packages/colcon_core/task/python/colcon_distutils_commands:/home/kaisar/warehouse_robot/robot/install/robot_planner/lib/python3.12/site-packages:/home/kaisar/warehouse_robot/robot/install/robot_msgs/lib/python3.12/site-packages:${PYTHONPATH} /usr/bin/python3 -W ignore:setup.py install is deprecated -W ignore:easy_install command is deprecated setup.py egg_info --egg-base ../../../build/robot_planner build --build-base /home/kaisar/warehouse_robot/robot/build/robot_planner/build install --record /home/kaisar/warehouse_robot/robot/build/robot_planner/install.log --single-version-externally-managed install_data --force
[2.913s] running egg_info
[2.945s] writing ../../../build/robot_planner/robot_planner.egg-info/PKG-INFO
[2.946s] writing dependency_links to ../../../build/robot_planner/robot_planner.egg-info/dependency_links.txt
[2.946s] writing entry points to ../../../build/robot_planner/robot_planner.egg-info/entry_points.txt
[2.946s] writing requirements to ../../../build/robot_planner/robot_planner.egg-info/requires.txt
[2.946s] writing top-level names to ../../../build/robot_planner/robot_planner.egg-info/top_level.txt
[3.013s] reading manifest file '../../../build/robot_planner/robot_planner.egg-info/SOURCES.txt'
[3.015s] writing manifest file '../../../build/robot_planner/robot_planner.egg-info/SOURCES.txt'
[3.015s] running build
[3.015s] running build_py
[3.015s] copying robot_planner/route_node.py -> /home/kaisar/warehouse_robot/robot/build/robot_planner/build/lib/robot_planner
[3.015s] copying robot_planner/route_planner.py -> /home/kaisar/warehouse_robot/robot/build/robot_planner/build/lib/robot_planner
[3.016s] copying robot_planner/runtime.py -> /home/kaisar/warehouse_robot/robot/build/robot_planner/build/lib/robot_planner
[3.016s] running install
[3.023s] running install_lib
[3.056s] creating /home/kaisar/warehouse_robot/robot/install/robot_planner/lib/python3.12/site-packages/robot_planner
[3.056s] copying /home/kaisar/warehouse_robot/robot/build/robot_planner/build/lib/robot_planner/executor.py -> /home/kaisar/warehouse_robot/robot/install/robot_planner/lib/python3.12/site-packages/robot_planner
[3.056s] copying /home/kaisar/warehouse_robot/robot/build/robot_planner/build/lib/robot_planner/route_node.py -> /home/kaisar/warehouse_robot/robot/install/robot_planner/lib/python3.12/site-packages/robot_planner
[3.057s] copying /home/kaisar/warehouse_robot/robot/build/robot_planner/build/lib/robot_planner/route_planner.py -> /home/kaisar/warehouse_robot/robot/install/robot_planner/lib/python3.12/site-packages/robot_planner
[3.057s] creating /home/kaisar/warehouse_robot/robot/install/robot_planner/lib/python3.12/site-packages/robot_planner/route_core
[3.057s] copying /home/kaisar/warehouse_robot/robot/build/robot_planner/build/lib/robot_planner/route_core/params.py -> /home/kaisar/warehouse_robot/robot/install/robot_planner/lib/python3.12/site-packages/robot_planner/route_core
[3.057s] copying /home/kaisar/warehouse_robot/robot/build/robot_planner/build/lib/robot_planner/route_core/planner.py -> /home/kaisar/warehouse_robot/robot/install/robot_planner/lib/python3.12/site-packages/robot_planner/route_core
[3.057s] copying /home/kaisar/warehouse_robot/robot/build/robot_planner/build/lib/robot_planner/route_core/models.py -> /home/kaisar/warehouse_robot/robot/install/robot_planner/lib/python3.12/site-packages/robot_planner/route_core
[3.058s] copying /home/kaisar/warehouse_robot/robot/build/robot_planner/build/lib/robot_planner/route_core/map_loader.py -> /home/kaisar/warehouse_robot/robot/install/robot_planner/lib/python3.12/site-packages/robot_planner/route_core
[3.058s] copying /home/kaisar/warehouse_robot/robot/build/robot_planner/build/lib/robot_planner/route_core/__init__.py -> /home/kaisar/warehouse_robot/robot/install/robot_planner/lib/python3.12/site-packages/robot_planner/route_core
[3.058s] copying /home/kaisar/warehouse_robot/robot/build/robot_planner/build/lib/robot_planner/__init__.py -> /home/kaisar/warehouse_robot/robot/install/robot_planner/lib/python3.12/site-packages/robot_planner
[3.058s] copying /home/kaisar/warehouse_robot/robot/build/robot_planner/build/lib/robot_planner/runtime.py -> /home/kaisar/warehouse_robot/robot/install/robot_planner/lib/python3.12/site-packages/robot_planner
[3.058s] byte-compiling /home/kaisar/warehouse_robot/robot/install/robot_planner/lib/python3.12/site-packages/robot_planner/executor.py to executor.cpython-312.pyc
[3.062s] byte-compiling /home/kaisar/warehouse_robot/robot/install/robot_planner/lib/python3.12/site-packages/robot_planner/route_node.py to route_node.cpython-312.pyc
[3.064s] byte-compiling /home/kaisar/warehouse_robot/robot/install/robot_planner/lib/python3.12/site-packages/robot_planner/route_planner.py to route_planner.cpython-312.pyc
[3.067s] byte-compiling /home/kaisar/warehouse_robot/robot/install/robot_planner/lib/python3.12/site-packages/robot_planner/route_core/params.py to params.cpython-312.pyc
[3.068s] byte-compiling /home/kaisar/warehouse_robot/robot/install/robot_planner/lib/python3.12/site-packages/robot_planner/route_core/planner.py to planner.cpython-312.pyc
[3.071s] byte-compiling /home/kaisar/warehouse_robot/robot/install/robot_planner/lib/python3.12/site-packages/robot_planner/route_core/models.py to models.cpython-312.pyc
[3.072s] byte-compiling /home/kaisar/warehouse_robot/robot/install/robot_planner/lib/python3.12/site-packages/robot_planner/route_core/map_loader.py to map_loader.cpython-312.pyc
[3.074s] byte-compiling /home/kaisar/warehouse_robot/robot/install/robot_planner/lib/python3.12/site-packages/robot_planner/route_core/__init__.py to __init__.cpython-312.pyc
[3.075s] byte-compiling /home/kaisar/warehouse_robot/robot/install/robot_planner/lib/python3.12/site-packages/robot_planner/__init__.py to __init__.cpython-312.pyc
[3.075s] byte-compiling /home/kaisar/warehouse_robot/robot/install/robot_planner/lib/python3.12/site-packages/robot_planner/runtime.py to runtime.cpython-312.pyc
[3.077s] running install_data
[3.078s] copying resource/robot_planner -> /home/kaisar/warehouse_robot/robot/install/robot_planner/share/ament_index/resource_index/packages
[3.078s] copying package.xml -> /home/kaisar/warehouse_robot/robot/install/robot_planner/share/robot_planner
[3.078s] running install_egg_info
[3.113s] Copying ../../../build/robot_planner/robot_planner.egg-info to /home/kaisar/warehouse_robot/robot/install/robot_planner/lib/python3.12/site-packages/robot_planner-0.0.0-py3.12.egg-info
[3.114s] running install_scripts
[3.330s] Installing route_node script to /home/kaisar/warehouse_robot/robot/install/robot_planner/lib/robot_planner
[3.331s] writing list of installed files to '/home/kaisar/warehouse_robot/robot/build/robot_planner/install.log'
[3.374s] Invoked command in '/home/kaisar/warehouse_robot/robot/ws/src/robot_planner' returned '0': AMENT_PREFIX_PATH=/home/kaisar/warehouse_robot/robot/install/robot_msgs:${AMENT_PREFIX_PATH} CMAKE_PREFIX_PATH=/home/kaisar/warehouse_robot/robot/install/robot_msgs:${CMAKE_PREFIX_PATH} DEBUGINFOD_URLS=https://debuginfod.ubuntu.com LD_LIBRARY_PATH=/home/kaisar/warehouse_robot/robot/install/robot_msgs/lib:${LD_LIBRARY_PATH} PYTHONPATH=/home/kaisar/warehouse_robot/robot/build/robot_planner/prefix_override:/usr/lib/python3/dist-packages/colcon_core/task/python/colcon_distutils_commands:/home/kaisar/warehouse_robot/robot/install/robot_planner/lib/python3.12/site-packages:/home/kaisar/warehouse_robot/robot/install/robot_msgs/lib/python3.12/site-packages:${PYTHONPATH} /usr/bin/python3 -W ignore:setup.py install is deprecated -W ignore:easy_install command is deprecated setup.py egg_info --egg-base ../../../build/robot_planner build --build-base /home/kaisar/warehouse_robot/robot/build/robot_planner/build install --record /home/kaisar/warehouse_robot/robot/build/robot_planner/install.log --single-version-externally-managed install_data --force
