[0.019s] Invoking command in '/home/kaisar/warehouse_robot/robot/build/stage': DEBUGINFOD_URLS=https://debuginfod.ubuntu.com /usr/bin/cmake /home/kaisar/warehouse_robot/robot/ws/src/Stage -DCATKIN_INSTALL_INTO_PREFIX_ROOT=0 -DCATKIN_SYMLINK_INSTALL=ON -DCMAKE_INSTALL_PREFIX=/home/kaisar/warehouse_robot/robot/install/stage
[0.089s] -- The C compiler identification is GNU 13.3.0
[0.158s] -- The CXX compiler identification is GNU 13.3.0
[0.178s] -- Detecting C compiler ABI info
[0.296s] -- Detecting C compiler ABI info - done
[0.306s] -- Check for working C compiler: /usr/bin/cc - skipped
[0.307s] -- Detecting C compile features
[0.307s] -- Detecting C compile features - done
[0.319s] -- Detecting CXX compiler ABI info
[0.452s] -- Detecting CXX compiler ABI info - done
[0.462s] -- Check for working CXX compiler: /usr/bin/c++ - skipped
[0.462s] -- Detecting CXX compile features
[0.462s] -- Detecting CXX compile features - done
[0.463s] -- Stage version 4.3.0
[0.463s] -- Operating system is Linux
[0.463s] -- Installing Libraries to /home/kaisar/warehouse_robot/robot/install/stage/lib
[0.463s] -- Installing Plugins to /home/kaisar/warehouse_robot/robot/install/stage/lib/Stage-4.3
[0.464s] -- Build type RELEASE
[0.464s] -- Checking for libtool
[0.474s] -- Checking for required libraries...
[0.526s] -- Found JPEG: /usr/lib/x86_64-linux-gnu/libjpeg.so (found version "80") 
[0.549s] -- Found ZLIB: /usr/lib/x86_64-linux-gnu/libz.so (found version "1.3")  
[0.581s] -- Found PNG: /usr/lib/x86_64-linux-gnu/libpng.so (found version "1.6.43") 
[0.599s] -- Found OpenGL: /usr/lib/x86_64-linux-gnu/libOpenGL.so   
[0.839s] -- Found X11: /usr/include   
[0.839s] -- Looking for XOpenDisplay in /usr/lib/x86_64-linux-gnu/libX11.so;/usr/lib/x86_64-linux-gnu/libXext.so
[0.951s] -- Looking for XOpenDisplay in /usr/lib/x86_64-linux-gnu/libX11.so;/usr/lib/x86_64-linux-gnu/libXext.so - found
[0.951s] -- Looking for gethostbyname
[1.065s] -- Looking for gethostbyname - found
[1.065s] -- Looking for connect
[1.170s] -- Looking for connect - found
[1.170s] -- Looking for remove
[1.287s] -- Looking for remove - found
[1.287s] -- Looking for shmat
[1.390s] -- Looking for shmat - found
[1.390s] -- Looking for IceConnectionNumber in ICE
[1.499s] -- Looking for IceConnectionNumber in ICE - found
[1.543s] -- Found FLTK: fltk_images;fltk_forms;fltk_gl;fltk  
[1.545s] -- Checking for optional libraries...
[1.546s] -- Installation path CMAKE_INSTALL_PREFIX=/home/kaisar/warehouse_robot/robot/install/stage
[1.546s] -- Configuring libstage
[1.558s] -- Found PkgConfig: /usr/bin/pkg-config (found version "1.8.1") 
[1.559s] -- Checking for one of the modules 'playercore>=2.1.0'
[1.648s] --   * Player not detected. If Player is installed but not detected, check your PKG_CONFIG_PATH.
[1.662s] -- Configuring done (1.6s)
[1.722s] -- Generating done (0.1s)
[1.724s] [33mCMake Warning:
[1.724s]   Manually-specified variables were not used by the project:
[1.724s] 
[1.724s]     CATKIN_INSTALL_INTO_PREFIX_ROOT
[1.725s]     CATKIN_SYMLINK_INSTALL
[1.725s] 
[1.725s] [0m
[1.731s] -- Build files have been written to: /home/kaisar/warehouse_robot/robot/build/stage
[1.742s] Invoked command in '/home/kaisar/warehouse_robot/robot/build/stage' returned '0': DEBUGINFOD_URLS=https://debuginfod.ubuntu.com /usr/bin/cmake /home/kaisar/warehouse_robot/robot/ws/src/Stage -DCATKIN_INSTALL_INTO_PREFIX_ROOT=0 -DCATKIN_SYMLINK_INSTALL=ON -DCMAKE_INSTALL_PREFIX=/home/kaisar/warehouse_robot/robot/install/stage
[1.743s] Invoking command in '/home/kaisar/warehouse_robot/robot/build/stage': DEBUGINFOD_URLS=https://debuginfod.ubuntu.com /usr/bin/cmake --build /home/kaisar/warehouse_robot/robot/build/stage -- -j12 -l12
[1.811s] [  3%] [32mBuilding CXX object libstage/CMakeFiles/stage.dir/logentry.cc.o[0m
[1.811s] [  3%] [32mBuilding CXX object libstage/CMakeFiles/stage.dir/gl.cc.o[0m
[1.812s] [  8%] [32mBuilding CXX object libstage/CMakeFiles/stage.dir/model.cc.o[0m
[1.815s] [  8%] [32mBuilding CXX object libstage/CMakeFiles/stage.dir/model_actuator.cc.o[0m
[1.815s] [ 10%] [32mBuilding CXX object libstage/CMakeFiles/stage.dir/color.cc.o[0m
[1.815s] [ 10%] [32mBuilding CXX object libstage/CMakeFiles/stage.dir/block.cc.o[0m
[1.815s] [ 11%] [32mBuilding CXX object libstage/CMakeFiles/stage.dir/camera.cc.o[0m
[1.815s] [ 13%] [32mBuilding CXX object libstage/CMakeFiles/stage.dir/model_blinkenlight.cc.o[0m
[1.816s] [ 15%] [32mBuilding CXX object libstage/CMakeFiles/stage.dir/model_blobfinder.cc.o[0m
[1.818s] [ 16%] [32mBuilding CXX object libstage/CMakeFiles/stage.dir/blockgroup.cc.o[0m
[1.818s] [ 18%] [32mBuilding CXX object libstage/CMakeFiles/stage.dir/file_manager.cc.o[0m
[1.822s] [ 20%] [32mBuilding CXX object libstage/CMakeFiles/stage.dir/model_bumper.cc.o[0m
[3.336s] [ 22%] [32mBuilding CXX object libstage/CMakeFiles/stage.dir/model_callbacks.cc.o[0m
[3.395s] [ 23%] [32mBuilding CXX object libstage/CMakeFiles/stage.dir/model_camera.cc.o[0m
[3.440s] [ 25%] [32mBuilding CXX object libstage/CMakeFiles/stage.dir/model_draw.cc.o[0m
[3.529s] [ 27%] [32mBuilding CXX object libstage/CMakeFiles/stage.dir/model_fiducial.cc.o[0m
[3.554s] [ 28%] [32mBuilding CXX object libstage/CMakeFiles/stage.dir/model_gripper.cc.o[0m
[3.598s] [ 30%] [32mBuilding CXX object libstage/CMakeFiles/stage.dir/model_lightindicator.cc.o[0m
[3.624s] [ 32%] [32mBuilding CXX object libstage/CMakeFiles/stage.dir/model_position.cc.o[0m
[3.693s] [ 33%] [32mBuilding CXX object libstage/CMakeFiles/stage.dir/model_ranger.cc.o[0m
[4.025s] [ 35%] [32mBuilding CXX object libstage/CMakeFiles/stage.dir/option.cc.o[0m
[4.039s] [ 37%] [32mBuilding CXX object libstage/CMakeFiles/stage.dir/powerpack.cc.o[0m
[4.459s] [ 38%] [32mBuilding CXX object libstage/CMakeFiles/stage.dir/region.cc.o[0m
[5.020s] [ 40%] [32mBuilding CXX object libstage/CMakeFiles/stage.dir/stage.cc.o[0m
[5.184s] [ 42%] [32mBuilding CXX object libstage/CMakeFiles/stage.dir/texture_manager.cc.o[0m
[5.235s] [ 44%] [32mBuilding CXX object libstage/CMakeFiles/stage.dir/typetable.cc.o[0m
[5.311s] [ 45%] [32mBuilding CXX object libstage/CMakeFiles/stage.dir/world.cc.o[0m
[5.575s] [ 47%] [32mBuilding CXX object libstage/CMakeFiles/stage.dir/worldfile.cc.o[0m
[5.606s] [ 49%] [32mBuilding CXX object libstage/CMakeFiles/stage.dir/canvas.cc.o[0m
[5.766s] [ 50%] [32mBuilding CXX object libstage/CMakeFiles/stage.dir/vis_strip.cc.o[0m
[5.775s] [ 52%] [32mBuilding CXX object libstage/CMakeFiles/stage.dir/options_dlg.cc.o[0m
[5.867s] [ 54%] [32mBuilding CXX object libstage/CMakeFiles/stage.dir/worldgui.cc.o[0m
[5.892s] [ 55%] [32mBuilding CXX object libstage/CMakeFiles/stage.dir/ancestor.cc.o[0m
[8.620s] [ 57%] [32m[1mLinking CXX shared library libstage.so[0m
[8.829s] [ 57%] Built target stage
[8.883s] [ 59%] [32mBuilding CXX object libstage/CMakeFiles/stagebinary.dir/main.cc.o[0m
[8.897s] [ 61%] [32mBuilding CXX object examples/ctrl/CMakeFiles/source.dir/source.cc.o[0m
[8.899s] [ 62%] [32mBuilding CXX object examples/ctrl/CMakeFiles/fasr.dir/fasr.cc.o[0m
[8.899s] [ 66%] [32mBuilding CXX object examples/ctrl/CMakeFiles/rasterize.dir/rasterize.cc.o[0m
[8.899s] [ 66%] [32mBuilding CXX object examples/ctrl/CMakeFiles/pioneer_flocking.dir/pioneer_flocking.cc.o[0m
[8.908s] [ 67%] [32mBuilding CXX object examples/ctrl/CMakeFiles/dynamic.dir/dynamic.cc.o[0m
[8.912s] [ 69%] [32mBuilding CXX object worlds/benchmark/CMakeFiles/expand_swarm.dir/expand_swarm.cc.o[0m
[8.914s] [ 72%] [32mBuilding CXX object worlds/benchmark/CMakeFiles/expand_pioneer.dir/expand_pioneer.cc.o[0m
[8.917s] [ 72%] [32mBuilding CXX object examples/ctrl/CMakeFiles/sink.dir/sink.cc.o[0m
[8.919s] [ 74%] [32mBuilding CXX object examples/ctrl/CMakeFiles/wander.dir/wander.cc.o[0m
[8.923s] [ 76%] [32mBuilding CXX object examples/ctrl/CMakeFiles/fasr2.dir/fasr2.cc.o[0m
[8.929s] [ 77%] [32mBuilding CXX object examples/ctrl/CMakeFiles/lasernoise.dir/lasernoise.cc.o[0m
[10.688s] [ 79%] [32m[1mLinking CXX shared module rasterize.so[0m
[10.764s] [ 81%] [32m[1mLinking CXX shared module dynamic.so[0m
[10.865s] [ 83%] [32m[1mLinking CXX shared module wander.so[0m
[10.967s] [ 84%] [32m[1mLinking CXX shared module sink.so[0m
[11.016s] [ 86%] [32m[1mLinking CXX shared module expand_pioneer.so[0m
[11.045s] [ 86%] Built target rasterize
[11.081s] [ 88%] [32mBuilding CXX object examples/ctrl/CMakeFiles/fasr2.dir/astar/findpath.cpp.o[0m
[11.091s] [ 89%] [32m[1mLinking CXX shared module expand_swarm.so[0m
[11.095s] [ 89%] Built target dynamic
[11.257s] [ 89%] Built target wander
[11.276s] [ 91%] [32m[1mLinking CXX shared module source.so[0m
[11.310s] [ 91%] Built target sink
[11.328s] [ 93%] [32m[1mLinking CXX shared module lasernoise.so[0m
[11.339s] [ 93%] Built target expand_pioneer
[11.429s] [ 93%] Built target expand_swarm
[11.513s] [ 94%] [32m[1mLinking CXX shared module fasr.so[0m
[11.531s] [ 96%] [32m[1mLinking CXX shared module pioneer_flocking.so[0m
[11.544s] [ 96%] Built target source
[11.604s] [ 98%] [32m[1mLinking CXX executable stage[0m
[11.604s] [ 98%] Built target lasernoise
[11.736s] [ 98%] Built target pioneer_flocking
[11.758s] [ 98%] Built target fasr
[11.826s] [ 98%] Built target stagebinary
[12.041s] [100%] [32m[1mLinking CXX shared module fasr2.so[0m
[12.191s] [100%] Built target fasr2
[12.209s] Invoked command in '/home/kaisar/warehouse_robot/robot/build/stage' returned '0': DEBUGINFOD_URLS=https://debuginfod.ubuntu.com /usr/bin/cmake --build /home/kaisar/warehouse_robot/robot/build/stage -- -j12 -l12
[12.211s] Invoking command in '/home/kaisar/warehouse_robot/robot/build/stage': DEBUGINFOD_URLS=https://debuginfod.ubuntu.com /usr/bin/cmake --install /home/kaisar/warehouse_robot/robot/build/stage
[12.221s] -- Install configuration: "RELEASE"
[12.222s] -- Installing: /home/kaisar/warehouse_robot/robot/install/stage/lib/pkgconfig/stage.pc
[12.222s] -- Installing: /home/kaisar/warehouse_robot/robot/install/stage/lib/cmake/Stage/stage-config.cmake
[12.222s] -- Installing: /home/kaisar/warehouse_robot/robot/install/stage/lib/cmake/Stage/stage-config-version.cmake
[12.222s] -- Installing: /home/kaisar/warehouse_robot/robot/install/stage/bin/stage
[12.223s] -- Set non-toolchain portion of runtime path of "/home/kaisar/warehouse_robot/robot/install/stage/bin/stage" to ""
[12.223s] -- Installing: /home/kaisar/warehouse_robot/robot/install/stage/lib/libstage.so.4.3.0
[12.224s] -- Installing: /home/kaisar/warehouse_robot/robot/install/stage/lib/libstage.so
[12.224s] -- Installing: /home/kaisar/warehouse_robot/robot/install/stage/include/Stage-4.3/stage.hh
[12.225s] -- Installing: /home/kaisar/warehouse_robot/robot/install/stage/lib/Stage-4.3/fasr.so
[12.225s] -- Set non-toolchain portion of runtime path of "/home/kaisar/warehouse_robot/robot/install/stage/lib/Stage-4.3/fasr.so" to ""
[12.225s] -- Installing: /home/kaisar/warehouse_robot/robot/install/stage/lib/Stage-4.3/sink.so
[12.226s] -- Set non-toolchain portion of runtime path of "/home/kaisar/warehouse_robot/robot/install/stage/lib/Stage-4.3/sink.so" to ""
[12.226s] -- Installing: /home/kaisar/warehouse_robot/robot/install/stage/lib/Stage-4.3/source.so
[12.226s] -- Set non-toolchain portion of runtime path of "/home/kaisar/warehouse_robot/robot/install/stage/lib/Stage-4.3/source.so" to ""
[12.226s] -- Installing: /home/kaisar/warehouse_robot/robot/install/stage/lib/Stage-4.3/wander.so
[12.227s] -- Set non-toolchain portion of runtime path of "/home/kaisar/warehouse_robot/robot/install/stage/lib/Stage-4.3/wander.so" to ""
[12.227s] -- Installing: /home/kaisar/warehouse_robot/robot/install/stage/lib/Stage-4.3/pioneer_flocking.so
[12.227s] -- Set non-toolchain portion of runtime path of "/home/kaisar/warehouse_robot/robot/install/stage/lib/Stage-4.3/pioneer_flocking.so" to ""
[12.227s] -- Installing: /home/kaisar/warehouse_robot/robot/install/stage/lib/Stage-4.3/rasterize.so
[12.228s] -- Set non-toolchain portion of runtime path of "/home/kaisar/warehouse_robot/robot/install/stage/lib/Stage-4.3/rasterize.so" to ""
[12.228s] -- Installing: /home/kaisar/warehouse_robot/robot/install/stage/lib/Stage-4.3/lasernoise.so
[12.229s] -- Set non-toolchain portion of runtime path of "/home/kaisar/warehouse_robot/robot/install/stage/lib/Stage-4.3/lasernoise.so" to ""
[12.229s] -- Installing: /home/kaisar/warehouse_robot/robot/install/stage/lib/Stage-4.3/dynamic.so
[12.230s] -- Set non-toolchain portion of runtime path of "/home/kaisar/warehouse_robot/robot/install/stage/lib/Stage-4.3/dynamic.so" to ""
[12.230s] -- Installing: /home/kaisar/warehouse_robot/robot/install/stage/lib/Stage-4.3/fasr2.so
[12.230s] -- Set non-toolchain portion of runtime path of "/home/kaisar/warehouse_robot/robot/install/stage/lib/Stage-4.3/fasr2.so" to ""
[12.231s] -- Installing: /home/kaisar/warehouse_robot/robot/install/stage/share/stage/assets/blue.png
[12.231s] -- Installing: /home/kaisar/warehouse_robot/robot/install/stage/share/stage/assets/death.png
[12.232s] -- Installing: /home/kaisar/warehouse_robot/robot/install/stage/share/stage/assets/green.png
[12.232s] -- Installing: /home/kaisar/warehouse_robot/robot/install/stage/share/stage/assets/logo.png
[12.232s] -- Installing: /home/kaisar/warehouse_robot/robot/install/stage/share/stage/assets/mains.png
[12.233s] -- Installing: /home/kaisar/warehouse_robot/robot/install/stage/share/stage/assets/mainspower.png
[12.234s] -- Installing: /home/kaisar/warehouse_robot/robot/install/stage/share/stage/assets/question_mark.png
[12.234s] -- Installing: /home/kaisar/warehouse_robot/robot/install/stage/share/stage/assets/red.png
[12.234s] -- Installing: /home/kaisar/warehouse_robot/robot/install/stage/share/stage/assets/stagelogo.png
[12.235s] -- Installing: /home/kaisar/warehouse_robot/robot/install/stage/share/stage/assets/stall-old.png
[12.235s] -- Installing: /home/kaisar/warehouse_robot/robot/install/stage/share/stage/assets/stall.png
[12.236s] -- Installing: /home/kaisar/warehouse_robot/robot/install/stage/share/stage/assets/rgb.txt
[12.236s] -- Installing: /home/kaisar/warehouse_robot/robot/install/stage/share/stage/rgb.txt
[12.236s] -- Installing: /home/kaisar/warehouse_robot/robot/install/stage/share/stage/worlds/amcl-sonar.cfg
[12.237s] -- Installing: /home/kaisar/warehouse_robot/robot/install/stage/share/stage/worlds/autolab.cfg
[12.237s] -- Installing: /home/kaisar/warehouse_robot/robot/install/stage/share/stage/worlds/camera.cfg
[12.237s] -- Installing: /home/kaisar/warehouse_robot/robot/install/stage/share/stage/worlds/everything.cfg
[12.238s] -- Installing: /home/kaisar/warehouse_robot/robot/install/stage/share/stage/worlds/lsp_test.cfg
[12.238s] -- Installing: /home/kaisar/warehouse_robot/robot/install/stage/share/stage/worlds/mbicp.cfg
[12.238s] -- Installing: /home/kaisar/warehouse_robot/robot/install/stage/share/stage/worlds/nd.cfg
[12.238s] -- Installing: /home/kaisar/warehouse_robot/robot/install/stage/share/stage/worlds/roomba.cfg
[12.239s] -- Installing: /home/kaisar/warehouse_robot/robot/install/stage/share/stage/worlds/simple.cfg
[12.239s] -- Installing: /home/kaisar/warehouse_robot/robot/install/stage/share/stage/worlds/test.cfg
[12.239s] -- Installing: /home/kaisar/warehouse_robot/robot/install/stage/share/stage/worlds/uoa_robotics_lab.cfg
[12.240s] -- Installing: /home/kaisar/warehouse_robot/robot/install/stage/share/stage/worlds/vfh.cfg
[12.240s] -- Installing: /home/kaisar/warehouse_robot/robot/install/stage/share/stage/worlds/wavefront-remote.cfg
[12.240s] -- Installing: /home/kaisar/warehouse_robot/robot/install/stage/share/stage/worlds/wavefront.cfg
[12.241s] -- Installing: /home/kaisar/warehouse_robot/robot/install/stage/share/stage/worlds/wifi.cfg
[12.241s] -- Installing: /home/kaisar/warehouse_robot/robot/install/stage/share/stage/worlds/SFU.world
[12.241s] -- Installing: /home/kaisar/warehouse_robot/robot/install/stage/share/stage/worlds/autolab.world
[12.241s] -- Installing: /home/kaisar/warehouse_robot/robot/install/stage/share/stage/worlds/camera.world
[12.242s] -- Installing: /home/kaisar/warehouse_robot/robot/install/stage/share/stage/worlds/circuit.world
[12.242s] -- Installing: /home/kaisar/warehouse_robot/robot/install/stage/share/stage/worlds/everything.world
[12.242s] -- Installing: /home/kaisar/warehouse_robot/robot/install/stage/share/stage/worlds/fasr.world
[12.243s] -- Installing: /home/kaisar/warehouse_robot/robot/install/stage/share/stage/worlds/fasr2.world
[12.243s] -- Installing: /home/kaisar/warehouse_robot/robot/install/stage/share/stage/worlds/fasr_plan.world
[12.243s] -- Installing: /home/kaisar/warehouse_robot/robot/install/stage/share/stage/worlds/large.world
[12.244s] -- Installing: /home/kaisar/warehouse_robot/robot/install/stage/share/stage/worlds/lsp_test.world
[12.244s] -- Installing: /home/kaisar/warehouse_robot/robot/install/stage/share/stage/worlds/mbicp.world
[12.244s] -- Installing: /home/kaisar/warehouse_robot/robot/install/stage/share/stage/worlds/pioneer_flocking.world
[12.244s] -- Installing: /home/kaisar/warehouse_robot/robot/install/stage/share/stage/worlds/pioneer_follow.world
[12.245s] -- Installing: /home/kaisar/warehouse_robot/robot/install/stage/share/stage/worlds/pioneer_walle.world
[12.245s] -- Installing: /home/kaisar/warehouse_robot/robot/install/stage/share/stage/worlds/roomba.world
[12.245s] -- Installing: /home/kaisar/warehouse_robot/robot/install/stage/share/stage/worlds/sensor_noise_demo.world
[12.245s] -- Installing: /home/kaisar/warehouse_robot/robot/install/stage/share/stage/worlds/sensor_noise_module_demo.world
[12.246s] -- Installing: /home/kaisar/warehouse_robot/robot/install/stage/share/stage/worlds/simple.world
[12.246s] -- Installing: /home/kaisar/warehouse_robot/robot/install/stage/share/stage/worlds/uoa_robotics_lab.world
[12.246s] -- Installing: /home/kaisar/warehouse_robot/robot/install/stage/share/stage/worlds/wifi.world
[12.247s] -- Installing: /home/kaisar/warehouse_robot/robot/install/stage/share/stage/worlds/beacons.inc
[12.247s] -- Installing: /home/kaisar/warehouse_robot/robot/install/stage/share/stage/worlds/chatterbox.inc
[12.247s] -- Installing: /home/kaisar/warehouse_robot/robot/install/stage/share/stage/worlds/hokuyo.inc
[12.247s] -- Installing: /home/kaisar/warehouse_robot/robot/install/stage/share/stage/worlds/irobot.inc
[12.248s] -- Installing: /home/kaisar/warehouse_robot/robot/install/stage/share/stage/worlds/map.inc
[12.248s] -- Installing: /home/kaisar/warehouse_robot/robot/install/stage/share/stage/worlds/objects.inc
[12.248s] -- Installing: /home/kaisar/warehouse_robot/robot/install/stage/share/stage/worlds/pantilt.inc
[12.249s] -- Installing: /home/kaisar/warehouse_robot/robot/install/stage/share/stage/worlds/pioneer.inc
[12.249s] -- Installing: /home/kaisar/warehouse_robot/robot/install/stage/share/stage/worlds/sick.inc
[12.249s] -- Installing: /home/kaisar/warehouse_robot/robot/install/stage/share/stage/worlds/ubot.inc
[12.250s] -- Installing: /home/kaisar/warehouse_robot/robot/install/stage/share/stage/worlds/uoa_robotics_lab_models.inc
[12.250s] -- Installing: /home/kaisar/warehouse_robot/robot/install/stage/share/stage/worlds/walle.inc
[12.250s] -- Installing: /home/kaisar/warehouse_robot/robot/install/stage/share/stage/worlds/cfggen.sh
[12.251s] -- Installing: /home/kaisar/warehouse_robot/robot/install/stage/share/stage/worlds/test.sh
[12.251s] -- Installing: /home/kaisar/warehouse_robot/robot/install/stage/share/stage/worlds/worldgen.sh
[12.252s] -- Installing: /home/kaisar/warehouse_robot/robot/install/stage/lib/Stage-4.3/expand_swarm.so
[12.252s] -- Set non-toolchain portion of runtime path of "/home/kaisar/warehouse_robot/robot/install/stage/lib/Stage-4.3/expand_swarm.so" to ""
[12.252s] -- Installing: /home/kaisar/warehouse_robot/robot/install/stage/lib/Stage-4.3/expand_pioneer.so
[12.253s] -- Set non-toolchain portion of runtime path of "/home/kaisar/warehouse_robot/robot/install/stage/lib/Stage-4.3/expand_pioneer.so" to ""
[12.253s] -- Installing: /home/kaisar/warehouse_robot/robot/install/stage/share/stage/worlds/bitmaps/889_05.png
[12.253s] -- Installing: /home/kaisar/warehouse_robot/robot/install/stage/share/stage/worlds/bitmaps/SFU_1200x615.png
[12.254s] -- Installing: /home/kaisar/warehouse_robot/robot/install/stage/share/stage/worlds/bitmaps/SRI-AIC-kwing.png
[12.255s] -- Installing: /home/kaisar/warehouse_robot/robot/install/stage/share/stage/worlds/bitmaps/autolab.png
[12.255s] -- Installing: /home/kaisar/warehouse_robot/robot/install/stage/share/stage/worlds/bitmaps/cave.png
[12.255s] -- Installing: /home/kaisar/warehouse_robot/robot/install/stage/share/stage/worlds/bitmaps/cave_compact.png
[12.256s] -- Installing: /home/kaisar/warehouse_robot/robot/install/stage/share/stage/worlds/bitmaps/cave_filled.png
[12.256s] -- Installing: /home/kaisar/warehouse_robot/robot/install/stage/share/stage/worlds/bitmaps/frieburg.png
[12.257s] -- Installing: /home/kaisar/warehouse_robot/robot/install/stage/share/stage/worlds/bitmaps/ghost.png
[12.257s] -- Installing: /home/kaisar/warehouse_robot/robot/install/stage/share/stage/worlds/bitmaps/hospital.png
[12.258s] -- Installing: /home/kaisar/warehouse_robot/robot/install/stage/share/stage/worlds/bitmaps/hospital_section.png
[12.258s] -- Installing: /home/kaisar/warehouse_robot/robot/install/stage/share/stage/worlds/bitmaps/human_outline.png
[12.258s] -- Installing: /home/kaisar/warehouse_robot/robot/install/stage/share/stage/worlds/bitmaps/mbicp.png
[12.259s] -- Installing: /home/kaisar/warehouse_robot/robot/install/stage/share/stage/worlds/bitmaps/rink.png
[12.259s] -- Installing: /home/kaisar/warehouse_robot/robot/install/stage/share/stage/worlds/bitmaps/sal2.png
[12.259s] -- Installing: /home/kaisar/warehouse_robot/robot/install/stage/share/stage/worlds/bitmaps/simple_rooms.png
[12.259s] -- Installing: /home/kaisar/warehouse_robot/robot/install/stage/share/stage/worlds/bitmaps/space_invader.png
[12.259s] -- Installing: /home/kaisar/warehouse_robot/robot/install/stage/share/stage/worlds/bitmaps/submarine.png
[12.260s] -- Installing: /home/kaisar/warehouse_robot/robot/install/stage/share/stage/worlds/bitmaps/submarine_small.png
[12.260s] -- Installing: /home/kaisar/warehouse_robot/robot/install/stage/share/stage/worlds/bitmaps/table.png
[12.260s] -- Installing: /home/kaisar/warehouse_robot/robot/install/stage/share/stage/worlds/bitmaps/uoa_robotics_lab.png
[12.260s] -- Installing: /home/kaisar/warehouse_robot/robot/install/stage/share/stage/worlds/wifi/commando.world
[12.261s] -- Installing: /home/kaisar/warehouse_robot/robot/install/stage/share/stage/worlds/wifi/hosp_wifi.world
[12.261s] -- Installing: /home/kaisar/warehouse_robot/robot/install/stage/share/stage/worlds/wifi/hosp_wifi_5.world
[12.261s] -- Installing: /home/kaisar/warehouse_robot/robot/install/stage/share/stage/worlds/wifi/wifi.world
[12.261s] -- Installing: /home/kaisar/warehouse_robot/robot/install/stage/share/stage/worlds/wifi/wifi_itu.world
[12.261s] -- Installing: /home/kaisar/warehouse_robot/robot/install/stage/share/stage/worlds/wifi/wifi_logdistance.world
[12.261s] -- Installing: /home/kaisar/warehouse_robot/robot/install/stage/share/stage/worlds/wifi/wifi_ray.world
[12.262s] -- Installing: /home/kaisar/warehouse_robot/robot/install/stage/share/stage/worlds/wifi/wifi_simple.world
[12.262s] -- Installing: /home/kaisar/warehouse_robot/robot/install/stage/share/stage/worlds/wifi/map.inc
[12.265s] Invoked command in '/home/kaisar/warehouse_robot/robot/build/stage' returned '0': DEBUGINFOD_URLS=https://debuginfod.ubuntu.com /usr/bin/cmake --install /home/kaisar/warehouse_robot/robot/build/stage
