[1.312s] Invoking command in '/home/kaisar/warehouse_robot/robot/ws/src/robot_control': AMENT_PREFIX_PATH=/home/kaisar/warehouse_robot/robot/install/robot_planner:/home/kaisar/warehouse_robot/robot/install/robot_msgs:${AMENT_PREFIX_PATH} CMAKE_PREFIX_PATH=/home/kaisar/warehouse_robot/robot/install/robot_msgs:${CMAKE_PREFIX_PATH} DEBUGINFOD_URLS=https://debuginfod.ubuntu.com LD_LIBRARY_PATH=/home/kaisar/warehouse_robot/robot/install/robot_msgs/lib:${LD_LIBRARY_PATH} PYTHONPATH=/home/kaisar/warehouse_robot/robot/build/robot_control/prefix_override:/usr/lib/python3/dist-packages/colcon_core/task/python/colcon_distutils_commands:/home/kaisar/warehouse_robot/robot/install/robot_control/lib/python3.12/site-packages:/home/kaisar/warehouse_robot/robot/install/robot_planner/lib/python3.12/site-packages:/home/kaisar/warehouse_robot/robot/install/robot_msgs/lib/python3.12/site-packages:${PYTHONPATH} /usr/bin/python3 -W ignore:setup.py install is deprecated -W ignore:easy_install command is deprecated setup.py egg_info --egg-base ../../../build/robot_control build --build-base /home/kaisar/warehouse_robot/robot/build/robot_control/build install --record /home/kaisar/warehouse_robot/robot/build/robot_control/install.log --single-version-externally-managed install_data
[1.741s] running egg_info
[1.741s] creating ../../../build/robot_control/robot_control.egg-info
[1.777s] writing ../../../build/robot_control/robot_control.egg-info/PKG-INFO
[1.777s] writing dependency_links to ../../../build/robot_control/robot_control.egg-info/dependency_links.txt
[1.777s] writing entry points to ../../../build/robot_control/robot_control.egg-info/entry_points.txt
[1.777s] writing requirements to ../../../build/robot_control/robot_control.egg-info/requires.txt
[1.777s] writing top-level names to ../../../build/robot_control/robot_control.egg-info/top_level.txt
[1.777s] writing manifest file '../../../build/robot_control/robot_control.egg-info/SOURCES.txt'
[1.854s] reading manifest file '../../../build/robot_control/robot_control.egg-info/SOURCES.txt'
[1.854s] writing manifest file '../../../build/robot_control/robot_control.egg-info/SOURCES.txt'
[1.854s] running build
[1.854s] running build_py
[1.854s] creating /home/kaisar/warehouse_robot/robot/build/robot_control/build
[1.855s] creating /home/kaisar/warehouse_robot/robot/build/robot_control/build/lib
[1.855s] creating /home/kaisar/warehouse_robot/robot/build/robot_control/build/lib/robot_control
[1.855s] copying robot_control/command_node.py -> /home/kaisar/warehouse_robot/robot/build/robot_control/build/lib/robot_control
[1.862s] copying robot_control/__init__.py -> /home/kaisar/warehouse_robot/robot/build/robot_control/build/lib/robot_control
[1.863s] running install
[1.869s] running install_lib
[1.907s] creating /home/kaisar/warehouse_robot/robot/install/robot_control/lib/python3.12/site-packages/robot_control
[1.907s] copying /home/kaisar/warehouse_robot/robot/build/robot_control/build/lib/robot_control/command_node.py -> /home/kaisar/warehouse_robot/robot/install/robot_control/lib/python3.12/site-packages/robot_control
[1.907s] copying /home/kaisar/warehouse_robot/robot/build/robot_control/build/lib/robot_control/__init__.py -> /home/kaisar/warehouse_robot/robot/install/robot_control/lib/python3.12/site-packages/robot_control
[1.908s] byte-compiling /home/kaisar/warehouse_robot/robot/install/robot_control/lib/python3.12/site-packages/robot_control/command_node.py to command_node.cpython-312.pyc
[1.909s] byte-compiling /home/kaisar/warehouse_robot/robot/install/robot_control/lib/python3.12/site-packages/robot_control/__init__.py to __init__.cpython-312.pyc
[1.909s] running install_data
[1.910s] creating /home/kaisar/warehouse_robot/robot/install/robot_control/share/ament_index
[1.910s] creating /home/kaisar/warehouse_robot/robot/install/robot_control/share/ament_index/resource_index
[1.910s] creating /home/kaisar/warehouse_robot/robot/install/robot_control/share/ament_index/resource_index/packages
[1.910s] copying resource/robot_control -> /home/kaisar/warehouse_robot/robot/install/robot_control/share/ament_index/resource_index/packages
[1.910s] copying package.xml -> /home/kaisar/warehouse_robot/robot/install/robot_control/share/robot_control
[1.910s] running install_egg_info
[1.949s] Copying ../../../build/robot_control/robot_control.egg-info to /home/kaisar/warehouse_robot/robot/install/robot_control/lib/python3.12/site-packages/robot_control-0.0.0-py3.12.egg-info
[1.951s] running install_scripts
[2.184s] Installing robot_control_node script to /home/kaisar/warehouse_robot/robot/install/robot_control/lib/robot_control
[2.185s] writing list of installed files to '/home/kaisar/warehouse_robot/robot/build/robot_control/install.log'
[2.240s] Invoked command in '/home/kaisar/warehouse_robot/robot/ws/src/robot_control' returned '0': AMENT_PREFIX_PATH=/home/kaisar/warehouse_robot/robot/install/robot_planner:/home/kaisar/warehouse_robot/robot/install/robot_msgs:${AMENT_PREFIX_PATH} CMAKE_PREFIX_PATH=/home/kaisar/warehouse_robot/robot/install/robot_msgs:${CMAKE_PREFIX_PATH} DEBUGINFOD_URLS=https://debuginfod.ubuntu.com LD_LIBRARY_PATH=/home/kaisar/warehouse_robot/robot/install/robot_msgs/lib:${LD_LIBRARY_PATH} PYTHONPATH=/home/kaisar/warehouse_robot/robot/build/robot_control/prefix_override:/usr/lib/python3/dist-packages/colcon_core/task/python/colcon_distutils_commands:/home/kaisar/warehouse_robot/robot/install/robot_control/lib/python3.12/site-packages:/home/kaisar/warehouse_robot/robot/install/robot_planner/lib/python3.12/site-packages:/home/kaisar/warehouse_robot/robot/install/robot_msgs/lib/python3.12/site-packages:${PYTHONPATH} /usr/bin/python3 -W ignore:setup.py install is deprecated -W ignore:easy_install command is deprecated setup.py egg_info --egg-base ../../../build/robot_control build --build-base /home/kaisar/warehouse_robot/robot/build/robot_control/build install --record /home/kaisar/warehouse_robot/robot/build/robot_control/install.log --single-version-externally-managed install_data
