[1.797s] Invoking command in '/home/kaisar/warehouse_robot/robot/ws/src/robot_status': AMENT_PREFIX_PATH=/home/kaisar/warehouse_robot/robot/install/robot_planner:/home/kaisar/warehouse_robot/robot/install/robot_msgs:${AMENT_PREFIX_PATH} CMAKE_PREFIX_PATH=/home/kaisar/warehouse_robot/robot/install/robot_msgs:${CMAKE_PREFIX_PATH} DEBUGINFOD_URLS=https://debuginfod.ubuntu.com LD_LIBRARY_PATH=/home/kaisar/warehouse_robot/robot/install/robot_msgs/lib:${LD_LIBRARY_PATH} PYTHONPATH=/home/kaisar/warehouse_robot/robot/build/robot_status/prefix_override:/usr/lib/python3/dist-packages/colcon_core/task/python/colcon_distutils_commands:/home/kaisar/warehouse_robot/robot/install/robot_status/lib/python3.12/site-packages:/home/kaisar/warehouse_robot/robot/install/robot_planner/lib/python3.12/site-packages:/home/kaisar/warehouse_robot/robot/install/robot_msgs/lib/python3.12/site-packages:${PYTHONPATH} /usr/bin/python3 -W ignore:setup.py install is deprecated -W ignore:easy_install command is deprecated setup.py egg_info --egg-base ../../../build/robot_status build --build-base /home/kaisar/warehouse_robot/robot/build/robot_status/build install --record /home/kaisar/warehouse_robot/robot/build/robot_status/install.log --single-version-externally-managed install_data
[2.252s] running egg_info
[2.293s] writing ../../../build/robot_status/robot_status.egg-info/PKG-INFO
[2.294s] writing dependency_links to ../../../build/robot_status/robot_status.egg-info/dependency_links.txt
[2.294s] writing entry points to ../../../build/robot_status/robot_status.egg-info/entry_points.txt
[2.294s] writing requirements to ../../../build/robot_status/robot_status.egg-info/requires.txt
[2.294s] writing top-level names to ../../../build/robot_status/robot_status.egg-info/top_level.txt
[2.370s] reading manifest file '../../../build/robot_status/robot_status.egg-info/SOURCES.txt'
[2.371s] writing manifest file '../../../build/robot_status/robot_status.egg-info/SOURCES.txt'
[2.371s] running build
[2.372s] running build_py
[2.372s] running install
[2.380s] running install_lib
[2.417s] running install_data
[2.417s] running install_egg_info
[2.464s] removing '/home/kaisar/warehouse_robot/robot/install/robot_status/lib/python3.12/site-packages/robot_status-0.0.0-py3.12.egg-info' (and everything under it)
[2.468s] Copying ../../../build/robot_status/robot_status.egg-info to /home/kaisar/warehouse_robot/robot/install/robot_status/lib/python3.12/site-packages/robot_status-0.0.0-py3.12.egg-info
[2.469s] running install_scripts
[2.715s] Installing status_node script to /home/kaisar/warehouse_robot/robot/install/robot_status/lib/robot_status
[2.715s] writing list of installed files to '/home/kaisar/warehouse_robot/robot/build/robot_status/install.log'
[2.794s] Invoked command in '/home/kaisar/warehouse_robot/robot/ws/src/robot_status' returned '0': AMENT_PREFIX_PATH=/home/kaisar/warehouse_robot/robot/install/robot_planner:/home/kaisar/warehouse_robot/robot/install/robot_msgs:${AMENT_PREFIX_PATH} CMAKE_PREFIX_PATH=/home/kaisar/warehouse_robot/robot/install/robot_msgs:${CMAKE_PREFIX_PATH} DEBUGINFOD_URLS=https://debuginfod.ubuntu.com LD_LIBRARY_PATH=/home/kaisar/warehouse_robot/robot/install/robot_msgs/lib:${LD_LIBRARY_PATH} PYTHONPATH=/home/kaisar/warehouse_robot/robot/build/robot_status/prefix_override:/usr/lib/python3/dist-packages/colcon_core/task/python/colcon_distutils_commands:/home/kaisar/warehouse_robot/robot/install/robot_status/lib/python3.12/site-packages:/home/kaisar/warehouse_robot/robot/install/robot_planner/lib/python3.12/site-packages:/home/kaisar/warehouse_robot/robot/install/robot_msgs/lib/python3.12/site-packages:${PYTHONPATH} /usr/bin/python3 -W ignore:setup.py install is deprecated -W ignore:easy_install command is deprecated setup.py egg_info --egg-base ../../../build/robot_status build --build-base /home/kaisar/warehouse_robot/robot/build/robot_status/build install --record /home/kaisar/warehouse_robot/robot/build/robot_status/install.log --single-version-externally-managed install_data
