[0.024s] Invoking command in '/home/kaisar/warehouse_robot/robot/build/stage': DEBUGINFOD_URLS=https://debuginfod.ubuntu.com /usr/bin/cmake --build /home/kaisar/warehouse_robot/robot/build/stage -- -j12 -l12
[0.124s] [ 57%] Built target stage
[0.211s] [ 61%] Built target source
[0.211s] [ 66%] Built target fasr2
[0.213s] [ 69%] Built target sink
[0.213s] [ 74%] Built target fasr
[0.213s] [ 76%] Built target pioneer_flocking
[0.214s] [ 79%] Built target wander
[0.225s] [ 84%] Built target dynamic
[0.226s] [ 86%] Built target stagebinary
[0.226s] [ 89%] Built target expand_swarm
[0.226s] [ 96%] Built target lasernoise
[0.226s] [ 96%] Built target expand_pioneer
[0.242s] [100%] Built target rasterize
[0.279s] Invoked command in '/home/kaisar/warehouse_robot/robot/build/stage' returned '0': DEBUGINFOD_URLS=https://debuginfod.ubuntu.com /usr/bin/cmake --build /home/kaisar/warehouse_robot/robot/build/stage -- -j12 -l12
[0.283s] Invoking command in '/home/kaisar/warehouse_robot/robot/build/stage': DEBUGINFOD_URLS=https://debuginfod.ubuntu.com /usr/bin/cmake --install /home/kaisar/warehouse_robot/robot/build/stage
[0.309s] -- Install configuration: "RELEASE"
[0.309s] -- Up-to-date: /home/kaisar/warehouse_robot/robot/install/stage/lib/pkgconfig/stage.pc
[0.309s] -- Up-to-date: /home/kaisar/warehouse_robot/robot/install/stage/lib/cmake/Stage/stage-config.cmake
[0.309s] -- Up-to-date: /home/kaisar/warehouse_robot/robot/install/stage/lib/cmake/Stage/stage-config-version.cmake
[0.310s] -- Up-to-date: /home/kaisar/warehouse_robot/robot/install/stage/bin/stage
[0.315s] -- Up-to-date: /home/kaisar/warehouse_robot/robot/install/stage/lib/libstage.so.4.3.0
[0.316s] -- Up-to-date: /home/kaisar/warehouse_robot/robot/install/stage/lib/libstage.so
[0.316s] -- Up-to-date: /home/kaisar/warehouse_robot/robot/install/stage/include/Stage-4.3/stage.hh
[0.316s] -- Up-to-date: /home/kaisar/warehouse_robot/robot/install/stage/lib/Stage-4.3/fasr.so
[0.317s] -- Up-to-date: /home/kaisar/warehouse_robot/robot/install/stage/lib/Stage-4.3/sink.so
[0.318s] -- Up-to-date: /home/kaisar/warehouse_robot/robot/install/stage/lib/Stage-4.3/source.so
[0.319s] -- Up-to-date: /home/kaisar/warehouse_robot/robot/install/stage/lib/Stage-4.3/wander.so
[0.320s] -- Up-to-date: /home/kaisar/warehouse_robot/robot/install/stage/lib/Stage-4.3/pioneer_flocking.so
[0.322s] -- Up-to-date: /home/kaisar/warehouse_robot/robot/install/stage/lib/Stage-4.3/rasterize.so
[0.324s] -- Up-to-date: /home/kaisar/warehouse_robot/robot/install/stage/lib/Stage-4.3/lasernoise.so
[0.325s] -- Up-to-date: /home/kaisar/warehouse_robot/robot/install/stage/lib/Stage-4.3/dynamic.so
[0.328s] -- Up-to-date: /home/kaisar/warehouse_robot/robot/install/stage/lib/Stage-4.3/fasr2.so
[0.328s] -- Up-to-date: /home/kaisar/warehouse_robot/robot/install/stage/share/stage/assets/blue.png
[0.329s] -- Up-to-date: /home/kaisar/warehouse_robot/robot/install/stage/share/stage/assets/death.png
[0.329s] -- Up-to-date: /home/kaisar/warehouse_robot/robot/install/stage/share/stage/assets/green.png
[0.329s] -- Up-to-date: /home/kaisar/warehouse_robot/robot/install/stage/share/stage/assets/logo.png
[0.330s] -- Up-to-date: /home/kaisar/warehouse_robot/robot/install/stage/share/stage/assets/mains.png
[0.331s] -- Up-to-date: /home/kaisar/warehouse_robot/robot/install/stage/share/stage/assets/mainspower.png
[0.331s] -- Up-to-date: /home/kaisar/warehouse_robot/robot/install/stage/share/stage/assets/question_mark.png
[0.332s] -- Up-to-date: /home/kaisar/warehouse_robot/robot/install/stage/share/stage/assets/red.png
[0.332s] -- Up-to-date: /home/kaisar/warehouse_robot/robot/install/stage/share/stage/assets/stagelogo.png
[0.333s] -- Up-to-date: /home/kaisar/warehouse_robot/robot/install/stage/share/stage/assets/stall-old.png
[0.333s] -- Up-to-date: /home/kaisar/warehouse_robot/robot/install/stage/share/stage/assets/stall.png
[0.334s] -- Up-to-date: /home/kaisar/warehouse_robot/robot/install/stage/share/stage/assets/rgb.txt
[0.336s] -- Up-to-date: /home/kaisar/warehouse_robot/robot/install/stage/share/stage/rgb.txt
[0.337s] -- Up-to-date: /home/kaisar/warehouse_robot/robot/install/stage/share/stage/worlds/amcl-sonar.cfg
[0.337s] -- Up-to-date: /home/kaisar/warehouse_robot/robot/install/stage/share/stage/worlds/autolab.cfg
[0.337s] -- Up-to-date: /home/kaisar/warehouse_robot/robot/install/stage/share/stage/worlds/camera.cfg
[0.338s] -- Up-to-date: /home/kaisar/warehouse_robot/robot/install/stage/share/stage/worlds/everything.cfg
[0.338s] -- Up-to-date: /home/kaisar/warehouse_robot/robot/install/stage/share/stage/worlds/lsp_test.cfg
[0.339s] -- Up-to-date: /home/kaisar/warehouse_robot/robot/install/stage/share/stage/worlds/mbicp.cfg
[0.339s] -- Up-to-date: /home/kaisar/warehouse_robot/robot/install/stage/share/stage/worlds/nd.cfg
[0.340s] -- Up-to-date: /home/kaisar/warehouse_robot/robot/install/stage/share/stage/worlds/roomba.cfg
[0.341s] -- Up-to-date: /home/kaisar/warehouse_robot/robot/install/stage/share/stage/worlds/simple.cfg
[0.341s] -- Up-to-date: /home/kaisar/warehouse_robot/robot/install/stage/share/stage/worlds/test.cfg
[0.341s] -- Up-to-date: /home/kaisar/warehouse_robot/robot/install/stage/share/stage/worlds/uoa_robotics_lab.cfg
[0.342s] -- Up-to-date: /home/kaisar/warehouse_robot/robot/install/stage/share/stage/worlds/vfh.cfg
[0.342s] -- Up-to-date: /home/kaisar/warehouse_robot/robot/install/stage/share/stage/worlds/wavefront-remote.cfg
[0.344s] -- Up-to-date: /home/kaisar/warehouse_robot/robot/install/stage/share/stage/worlds/wavefront.cfg
[0.344s] -- Up-to-date: /home/kaisar/warehouse_robot/robot/install/stage/share/stage/worlds/wifi.cfg
[0.344s] -- Up-to-date: /home/kaisar/warehouse_robot/robot/install/stage/share/stage/worlds/SFU.world
[0.344s] -- Up-to-date: /home/kaisar/warehouse_robot/robot/install/stage/share/stage/worlds/autolab.world
[0.345s] -- Up-to-date: /home/kaisar/warehouse_robot/robot/install/stage/share/stage/worlds/camera.world
[0.345s] -- Up-to-date: /home/kaisar/warehouse_robot/robot/install/stage/share/stage/worlds/circuit.world
[0.345s] -- Up-to-date: /home/kaisar/warehouse_robot/robot/install/stage/share/stage/worlds/everything.world
[0.346s] -- Up-to-date: /home/kaisar/warehouse_robot/robot/install/stage/share/stage/worlds/fasr.world
[0.346s] -- Up-to-date: /home/kaisar/warehouse_robot/robot/install/stage/share/stage/worlds/fasr2.world
[0.346s] -- Up-to-date: /home/kaisar/warehouse_robot/robot/install/stage/share/stage/worlds/fasr_plan.world
[0.346s] -- Up-to-date: /home/kaisar/warehouse_robot/robot/install/stage/share/stage/worlds/large.world
[0.346s] -- Up-to-date: /home/kaisar/warehouse_robot/robot/install/stage/share/stage/worlds/lsp_test.world
[0.346s] -- Up-to-date: /home/kaisar/warehouse_robot/robot/install/stage/share/stage/worlds/mbicp.world
[0.346s] -- Up-to-date: /home/kaisar/warehouse_robot/robot/install/stage/share/stage/worlds/pioneer_flocking.world
[0.347s] -- Up-to-date: /home/kaisar/warehouse_robot/robot/install/stage/share/stage/worlds/pioneer_follow.world
[0.347s] -- Up-to-date: /home/kaisar/warehouse_robot/robot/install/stage/share/stage/worlds/pioneer_walle.world
[0.347s] -- Up-to-date: /home/kaisar/warehouse_robot/robot/install/stage/share/stage/worlds/roomba.world
[0.347s] -- Up-to-date: /home/kaisar/warehouse_robot/robot/install/stage/share/stage/worlds/sensor_noise_demo.world
[0.347s] -- Up-to-date: /home/kaisar/warehouse_robot/robot/install/stage/share/stage/worlds/sensor_noise_module_demo.world
[0.347s] -- Up-to-date: /home/kaisar/warehouse_robot/robot/install/stage/share/stage/worlds/simple.world
[0.348s] -- Up-to-date: /home/kaisar/warehouse_robot/robot/install/stage/share/stage/worlds/uoa_robotics_lab.world
[0.348s] -- Up-to-date: /home/kaisar/warehouse_robot/robot/install/stage/share/stage/worlds/wifi.world
[0.348s] -- Up-to-date: /home/kaisar/warehouse_robot/robot/install/stage/share/stage/worlds/beacons.inc
[0.348s] -- Up-to-date: /home/kaisar/warehouse_robot/robot/install/stage/share/stage/worlds/chatterbox.inc
[0.348s] -- Up-to-date: /home/kaisar/warehouse_robot/robot/install/stage/share/stage/worlds/hokuyo.inc
[0.351s] -- Up-to-date: /home/kaisar/warehouse_robot/robot/install/stage/share/stage/worlds/irobot.inc
[0.352s] -- Up-to-date: /home/kaisar/warehouse_robot/robot/install/stage/share/stage/worlds/map.inc
[0.352s] -- Up-to-date: /home/kaisar/warehouse_robot/robot/install/stage/share/stage/worlds/objects.inc
[0.352s] -- Up-to-date: /home/kaisar/warehouse_robot/robot/install/stage/share/stage/worlds/pantilt.inc
[0.352s] -- Up-to-date: /home/kaisar/warehouse_robot/robot/install/stage/share/stage/worlds/pioneer.inc
[0.352s] -- Up-to-date: /home/kaisar/warehouse_robot/robot/install/stage/share/stage/worlds/sick.inc
[0.352s] -- Up-to-date: /home/kaisar/warehouse_robot/robot/install/stage/share/stage/worlds/ubot.inc
[0.352s] -- Up-to-date: /home/kaisar/warehouse_robot/robot/install/stage/share/stage/worlds/uoa_robotics_lab_models.inc
[0.353s] -- Up-to-date: /home/kaisar/warehouse_robot/robot/install/stage/share/stage/worlds/walle.inc
[0.353s] -- Up-to-date: /home/kaisar/warehouse_robot/robot/install/stage/share/stage/worlds/cfggen.sh
[0.353s] -- Up-to-date: /home/kaisar/warehouse_robot/robot/install/stage/share/stage/worlds/test.sh
[0.353s] -- Up-to-date: /home/kaisar/warehouse_robot/robot/install/stage/share/stage/worlds/worldgen.sh
[0.354s] -- Up-to-date: /home/kaisar/warehouse_robot/robot/install/stage/lib/Stage-4.3/expand_swarm.so
[0.355s] -- Up-to-date: /home/kaisar/warehouse_robot/robot/install/stage/lib/Stage-4.3/expand_pioneer.so
[0.355s] -- Up-to-date: /home/kaisar/warehouse_robot/robot/install/stage/share/stage/worlds/bitmaps/889_05.png
[0.355s] -- Up-to-date: /home/kaisar/warehouse_robot/robot/install/stage/share/stage/worlds/bitmaps/SFU_1200x615.png
[0.355s] -- Up-to-date: /home/kaisar/warehouse_robot/robot/install/stage/share/stage/worlds/bitmaps/SRI-AIC-kwing.png
[0.355s] -- Up-to-date: /home/kaisar/warehouse_robot/robot/install/stage/share/stage/worlds/bitmaps/autolab.png
[0.356s] -- Up-to-date: /home/kaisar/warehouse_robot/robot/install/stage/share/stage/worlds/bitmaps/cave.png
[0.356s] -- Up-to-date: /home/kaisar/warehouse_robot/robot/install/stage/share/stage/worlds/bitmaps/cave_compact.png
[0.356s] -- Up-to-date: /home/kaisar/warehouse_robot/robot/install/stage/share/stage/worlds/bitmaps/cave_filled.png
[0.356s] -- Up-to-date: /home/kaisar/warehouse_robot/robot/install/stage/share/stage/worlds/bitmaps/frieburg.png
[0.356s] -- Up-to-date: /home/kaisar/warehouse_robot/robot/install/stage/share/stage/worlds/bitmaps/ghost.png
[0.356s] -- Up-to-date: /home/kaisar/warehouse_robot/robot/install/stage/share/stage/worlds/bitmaps/hospital.png
[0.357s] -- Up-to-date: /home/kaisar/warehouse_robot/robot/install/stage/share/stage/worlds/bitmaps/hospital_section.png
[0.357s] -- Up-to-date: /home/kaisar/warehouse_robot/robot/install/stage/share/stage/worlds/bitmaps/human_outline.png
[0.357s] -- Up-to-date: /home/kaisar/warehouse_robot/robot/install/stage/share/stage/worlds/bitmaps/mbicp.png
[0.358s] -- Up-to-date: /home/kaisar/warehouse_robot/robot/install/stage/share/stage/worlds/bitmaps/rink.png
[0.358s] -- Up-to-date: /home/kaisar/warehouse_robot/robot/install/stage/share/stage/worlds/bitmaps/sal2.png
[0.358s] -- Up-to-date: /home/kaisar/warehouse_robot/robot/install/stage/share/stage/worlds/bitmaps/simple_rooms.png
[0.359s] -- Up-to-date: /home/kaisar/warehouse_robot/robot/install/stage/share/stage/worlds/bitmaps/space_invader.png
[0.359s] -- Up-to-date: /home/kaisar/warehouse_robot/robot/install/stage/share/stage/worlds/bitmaps/submarine.png
[0.359s] -- Up-to-date: /home/kaisar/warehouse_robot/robot/install/stage/share/stage/worlds/bitmaps/submarine_small.png
[0.360s] -- Up-to-date: /home/kaisar/warehouse_robot/robot/install/stage/share/stage/worlds/bitmaps/table.png
[0.360s] -- Up-to-date: /home/kaisar/warehouse_robot/robot/install/stage/share/stage/worlds/bitmaps/uoa_robotics_lab.png
[0.362s] -- Up-to-date: /home/kaisar/warehouse_robot/robot/install/stage/share/stage/worlds/wifi/commando.world
[0.362s] -- Up-to-date: /home/kaisar/warehouse_robot/robot/install/stage/share/stage/worlds/wifi/hosp_wifi.world
[0.362s] -- Up-to-date: /home/kaisar/warehouse_robot/robot/install/stage/share/stage/worlds/wifi/hosp_wifi_5.world
[0.362s] -- Up-to-date: /home/kaisar/warehouse_robot/robot/install/stage/share/stage/worlds/wifi/wifi.world
[0.363s] -- Up-to-date: /home/kaisar/warehouse_robot/robot/install/stage/share/stage/worlds/wifi/wifi_itu.world
[0.363s] -- Up-to-date: /home/kaisar/warehouse_robot/robot/install/stage/share/stage/worlds/wifi/wifi_logdistance.world
[0.363s] -- Up-to-date: /home/kaisar/warehouse_robot/robot/install/stage/share/stage/worlds/wifi/wifi_ray.world
[0.363s] -- Up-to-date: /home/kaisar/warehouse_robot/robot/install/stage/share/stage/worlds/wifi/wifi_simple.world
[0.363s] -- Up-to-date: /home/kaisar/warehouse_robot/robot/install/stage/share/stage/worlds/wifi/map.inc
[0.372s] Invoked command in '/home/kaisar/warehouse_robot/robot/build/stage' returned '0': DEBUGINFOD_URLS=https://debuginfod.ubuntu.com /usr/bin/cmake --install /home/kaisar/warehouse_robot/robot/build/stage
