[1.364s] Invoking command in '/home/kaisar/warehouse_robot/robot/ws/src/robot_status': AMENT_PREFIX_PATH=/home/kaisar/warehouse_robot/robot/install/robot_planner:/home/kaisar/warehouse_robot/robot/install/robot_msgs:${AMENT_PREFIX_PATH} CMAKE_PREFIX_PATH=/home/kaisar/warehouse_robot/robot/install/robot_msgs:${CMAKE_PREFIX_PATH} DEBUGINFOD_URLS=https://debuginfod.ubuntu.com LD_LIBRARY_PATH=/home/kaisar/warehouse_robot/robot/install/robot_msgs/lib:${LD_LIBRARY_PATH} PYTHONPATH=/home/kaisar/warehouse_robot/robot/build/robot_status/prefix_override:/usr/lib/python3/dist-packages/colcon_core/task/python/colcon_distutils_commands:/home/kaisar/warehouse_robot/robot/install/robot_status/lib/python3.12/site-packages:/home/kaisar/warehouse_robot/robot/install/robot_planner/lib/python3.12/site-packages:/home/kaisar/warehouse_robot/robot/install/robot_msgs/lib/python3.12/site-packages:${PYTHONPATH} /usr/bin/python3 -W ignore:setup.py install is deprecated -W ignore:easy_install command is deprecated setup.py egg_info --egg-base ../../../build/robot_status build --build-base /home/kaisar/warehouse_robot/robot/build/robot_status/build install --record /home/kaisar/warehouse_robot/robot/build/robot_status/install.log --single-version-externally-managed install_data
[1.798s] running egg_info
[1.798s] creating ../../../build/robot_status/robot_status.egg-info
[1.830s] writing ../../../build/robot_status/robot_status.egg-info/PKG-INFO
[1.831s] writing dependency_links to ../../../build/robot_status/robot_status.egg-info/dependency_links.txt
[1.831s] writing requirements to ../../../build/robot_status/robot_status.egg-info/requires.txt
[1.831s] writing top-level names to ../../../build/robot_status/robot_status.egg-info/top_level.txt
[1.831s] writing manifest file '../../../build/robot_status/robot_status.egg-info/SOURCES.txt'
[1.901s] reading manifest file '../../../build/robot_status/robot_status.egg-info/SOURCES.txt'
[1.901s] writing manifest file '../../../build/robot_status/robot_status.egg-info/SOURCES.txt'
[1.902s] running build
[1.902s] running build_py
[1.902s] creating /home/kaisar/warehouse_robot/robot/build/robot_status/build
[1.902s] creating /home/kaisar/warehouse_robot/robot/build/robot_status/build/lib
[1.902s] creating /home/kaisar/warehouse_robot/robot/build/robot_status/build/lib/robot_status
[1.902s] copying robot_status/node.py -> /home/kaisar/warehouse_robot/robot/build/robot_status/build/lib/robot_status
[1.903s] copying robot_status/__init__.py -> /home/kaisar/warehouse_robot/robot/build/robot_status/build/lib/robot_status
[1.903s] running install
[1.910s] running install_lib
[1.944s] creating /home/kaisar/warehouse_robot/robot/install/robot_status/lib/python3.12/site-packages/robot_status
[1.944s] copying /home/kaisar/warehouse_robot/robot/build/robot_status/build/lib/robot_status/node.py -> /home/kaisar/warehouse_robot/robot/install/robot_status/lib/python3.12/site-packages/robot_status
[1.944s] copying /home/kaisar/warehouse_robot/robot/build/robot_status/build/lib/robot_status/__init__.py -> /home/kaisar/warehouse_robot/robot/install/robot_status/lib/python3.12/site-packages/robot_status
[1.945s] byte-compiling /home/kaisar/warehouse_robot/robot/install/robot_status/lib/python3.12/site-packages/robot_status/node.py to node.cpython-312.pyc
[1.948s] byte-compiling /home/kaisar/warehouse_robot/robot/install/robot_status/lib/python3.12/site-packages/robot_status/__init__.py to __init__.cpython-312.pyc
[1.948s] running install_data
[1.948s] creating /home/kaisar/warehouse_robot/robot/install/robot_status/share/ament_index
[1.949s] creating /home/kaisar/warehouse_robot/robot/install/robot_status/share/ament_index/resource_index
[1.949s] creating /home/kaisar/warehouse_robot/robot/install/robot_status/share/ament_index/resource_index/packages
[1.949s] copying resource/robot_status -> /home/kaisar/warehouse_robot/robot/install/robot_status/share/ament_index/resource_index/packages
[1.949s] copying package.xml -> /home/kaisar/warehouse_robot/robot/install/robot_status/share/robot_status
[1.949s] running install_egg_info
[1.983s] Copying ../../../build/robot_status/robot_status.egg-info to /home/kaisar/warehouse_robot/robot/install/robot_status/lib/python3.12/site-packages/robot_status-0.0.0-py3.12.egg-info
[1.984s] running install_scripts
[2.222s] writing list of installed files to '/home/kaisar/warehouse_robot/robot/build/robot_status/install.log'
[2.280s] Invoked command in '/home/kaisar/warehouse_robot/robot/ws/src/robot_status' returned '0': AMENT_PREFIX_PATH=/home/kaisar/warehouse_robot/robot/install/robot_planner:/home/kaisar/warehouse_robot/robot/install/robot_msgs:${AMENT_PREFIX_PATH} CMAKE_PREFIX_PATH=/home/kaisar/warehouse_robot/robot/install/robot_msgs:${CMAKE_PREFIX_PATH} DEBUGINFOD_URLS=https://debuginfod.ubuntu.com LD_LIBRARY_PATH=/home/kaisar/warehouse_robot/robot/install/robot_msgs/lib:${LD_LIBRARY_PATH} PYTHONPATH=/home/kaisar/warehouse_robot/robot/build/robot_status/prefix_override:/usr/lib/python3/dist-packages/colcon_core/task/python/colcon_distutils_commands:/home/kaisar/warehouse_robot/robot/install/robot_status/lib/python3.12/site-packages:/home/kaisar/warehouse_robot/robot/install/robot_planner/lib/python3.12/site-packages:/home/kaisar/warehouse_robot/robot/install/robot_msgs/lib/python3.12/site-packages:${PYTHONPATH} /usr/bin/python3 -W ignore:setup.py install is deprecated -W ignore:easy_install command is deprecated setup.py egg_info --egg-base ../../../build/robot_status build --build-base /home/kaisar/warehouse_robot/robot/build/robot_status/build install --record /home/kaisar/warehouse_robot/robot/build/robot_status/install.log --single-version-externally-managed install_data
