running egg_info
writing ../../../build/robot_planner/robot_planner.egg-info/PKG-INFO
writing dependency_links to ../../../build/robot_planner/robot_planner.egg-info/dependency_links.txt
writing requirements to ../../../build/robot_planner/robot_planner.egg-info/requires.txt
writing top-level names to ../../../build/robot_planner/robot_planner.egg-info/top_level.txt
reading manifest file '../../../build/robot_planner/robot_planner.egg-info/SOURCES.txt'
writing manifest file '../../../build/robot_planner/robot_planner.egg-info/SOURCES.txt'
running build
running build_py
copying robot_planner/executor.py -> /home/kaisar/warehouse_robot/robot/build/robot_planner/build/lib/robot_planner
copying robot_planner/nodes.py -> /home/kaisar/warehouse_robot/robot/build/robot_planner/build/lib/robot_planner
copying robot_planner/__init__.py -> /home/kaisar/warehouse_robot/robot/build/robot_planner/build/lib/robot_planner
running install
running install_lib
copying /home/kaisar/warehouse_robot/robot/build/robot_planner/build/lib/robot_planner/executor.py -> /home/kaisar/warehouse_robot/robot/install/robot_planner/lib/python3.12/site-packages/robot_planner
copying /home/kaisar/warehouse_robot/robot/build/robot_planner/build/lib/robot_planner/nodes.py -> /home/kaisar/warehouse_robot/robot/install/robot_planner/lib/python3.12/site-packages/robot_planner
copying /home/kaisar/warehouse_robot/robot/build/robot_planner/build/lib/robot_planner/__init__.py -> /home/kaisar/warehouse_robot/robot/install/robot_planner/lib/python3.12/site-packages/robot_planner
byte-compiling /home/kaisar/warehouse_robot/robot/install/robot_planner/lib/python3.12/site-packages/robot_planner/executor.py to executor.cpython-312.pyc
byte-compiling /home/kaisar/warehouse_robot/robot/install/robot_planner/lib/python3.12/site-packages/robot_planner/nodes.py to nodes.cpython-312.pyc
byte-compiling /home/kaisar/warehouse_robot/robot/install/robot_planner/lib/python3.12/site-packages/robot_planner/__init__.py to __init__.cpython-312.pyc
running install_data
copying package.xml -> /home/kaisar/warehouse_robot/robot/install/robot_planner/share/robot_planner
running install_egg_info
removing '/home/kaisar/warehouse_robot/robot/install/robot_planner/lib/python3.12/site-packages/robot_planner-0.0.0-py3.12.egg-info' (and everything under it)
Copying ../../../build/robot_planner/robot_planner.egg-info to /home/kaisar/warehouse_robot/robot/install/robot_planner/lib/python3.12/site-packages/robot_planner-0.0.0-py3.12.egg-info
running install_scripts
writing list of installed files to '/home/kaisar/warehouse_robot/robot/build/robot_planner/install.log'
