[1.379s] Invoking command in '/home/kaisar/warehouse_robot/robot/ws/src/robot_planner': AMENT_PREFIX_PATH=/home/kaisar/warehouse_robot/robot/install/robot_msgs:${AMENT_PREFIX_PATH} CMAKE_PREFIX_PATH=/home/kaisar/warehouse_robot/robot/install/robot_msgs:${CMAKE_PREFIX_PATH} DEBUGINFOD_URLS=https://debuginfod.ubuntu.com LD_LIBRARY_PATH=/home/kaisar/warehouse_robot/robot/install/robot_msgs/lib:${LD_LIBRARY_PATH} PYTHONPATH=/home/kaisar/warehouse_robot/robot/build/robot_planner/prefix_override:/usr/lib/python3/dist-packages/colcon_core/task/python/colcon_distutils_commands:/home/kaisar/warehouse_robot/robot/install/robot_planner/lib/python3.12/site-packages:/home/kaisar/warehouse_robot/robot/install/robot_msgs/lib/python3.12/site-packages:${PYTHONPATH} /usr/bin/python3 -W ignore:setup.py install is deprecated -W ignore:easy_install command is deprecated setup.py egg_info --egg-base ../../../build/robot_planner build --build-base /home/kaisar/warehouse_robot/robot/build/robot_planner/build install --record /home/kaisar/warehouse_robot/robot/build/robot_planner/install.log --single-version-externally-managed install_data
[1.807s] running egg_info
[1.841s] writing ../../../build/robot_planner/robot_planner.egg-info/PKG-INFO
[1.841s] writing dependency_links to ../../../build/robot_planner/robot_planner.egg-info/dependency_links.txt
[1.841s] writing requirements to ../../../build/robot_planner/robot_planner.egg-info/requires.txt
[1.841s] writing top-level names to ../../../build/robot_planner/robot_planner.egg-info/top_level.txt
[1.910s] reading manifest file '../../../build/robot_planner/robot_planner.egg-info/SOURCES.txt'
[1.911s] writing manifest file '../../../build/robot_planner/robot_planner.egg-info/SOURCES.txt'
[1.911s] running build
[1.911s] running build_py
[1.911s] copying robot_planner/executor.py -> /home/kaisar/warehouse_robot/robot/build/robot_planner/build/lib/robot_planner
[1.912s] copying robot_planner/nodes.py -> /home/kaisar/warehouse_robot/robot/build/robot_planner/build/lib/robot_planner
[1.912s] copying robot_planner/__init__.py -> /home/kaisar/warehouse_robot/robot/build/robot_planner/build/lib/robot_planner
[1.912s] running install
[1.919s] running install_lib
[1.955s] copying /home/kaisar/warehouse_robot/robot/build/robot_planner/build/lib/robot_planner/executor.py -> /home/kaisar/warehouse_robot/robot/install/robot_planner/lib/python3.12/site-packages/robot_planner
[1.956s] copying /home/kaisar/warehouse_robot/robot/build/robot_planner/build/lib/robot_planner/nodes.py -> /home/kaisar/warehouse_robot/robot/install/robot_planner/lib/python3.12/site-packages/robot_planner
[1.956s] copying /home/kaisar/warehouse_robot/robot/build/robot_planner/build/lib/robot_planner/__init__.py -> /home/kaisar/warehouse_robot/robot/install/robot_planner/lib/python3.12/site-packages/robot_planner
[1.957s] byte-compiling /home/kaisar/warehouse_robot/robot/install/robot_planner/lib/python3.12/site-packages/robot_planner/executor.py to executor.cpython-312.pyc
[1.962s] byte-compiling /home/kaisar/warehouse_robot/robot/install/robot_planner/lib/python3.12/site-packages/robot_planner/nodes.py to nodes.cpython-312.pyc
[1.963s] byte-compiling /home/kaisar/warehouse_robot/robot/install/robot_planner/lib/python3.12/site-packages/robot_planner/__init__.py to __init__.cpython-312.pyc
[1.964s] running install_data
[1.964s] copying package.xml -> /home/kaisar/warehouse_robot/robot/install/robot_planner/share/robot_planner
[1.964s] running install_egg_info
[1.999s] removing '/home/kaisar/warehouse_robot/robot/install/robot_planner/lib/python3.12/site-packages/robot_planner-0.0.0-py3.12.egg-info' (and everything under it)
[1.999s] Copying ../../../build/robot_planner/robot_planner.egg-info to /home/kaisar/warehouse_robot/robot/install/robot_planner/lib/python3.12/site-packages/robot_planner-0.0.0-py3.12.egg-info
[2.000s] running install_scripts
[2.235s] writing list of installed files to '/home/kaisar/warehouse_robot/robot/build/robot_planner/install.log'
[2.290s] Invoked command in '/home/kaisar/warehouse_robot/robot/ws/src/robot_planner' returned '0': AMENT_PREFIX_PATH=/home/kaisar/warehouse_robot/robot/install/robot_msgs:${AMENT_PREFIX_PATH} CMAKE_PREFIX_PATH=/home/kaisar/warehouse_robot/robot/install/robot_msgs:${CMAKE_PREFIX_PATH} DEBUGINFOD_URLS=https://debuginfod.ubuntu.com LD_LIBRARY_PATH=/home/kaisar/warehouse_robot/robot/install/robot_msgs/lib:${LD_LIBRARY_PATH} PYTHONPATH=/home/kaisar/warehouse_robot/robot/build/robot_planner/prefix_override:/usr/lib/python3/dist-packages/colcon_core/task/python/colcon_distutils_commands:/home/kaisar/warehouse_robot/robot/install/robot_planner/lib/python3.12/site-packages:/home/kaisar/warehouse_robot/robot/install/robot_msgs/lib/python3.12/site-packages:${PYTHONPATH} /usr/bin/python3 -W ignore:setup.py install is deprecated -W ignore:easy_install command is deprecated setup.py egg_info --egg-base ../../../build/robot_planner build --build-base /home/kaisar/warehouse_robot/robot/build/robot_planner/build install --record /home/kaisar/warehouse_robot/robot/build/robot_planner/install.log --single-version-externally-managed install_data
