[0.022s] Invoking command in '/home/kaisar/warehouse_robot/robot/build/stage': DEBUGINFOD_URLS=https://debuginfod.ubuntu.com /usr/bin/cmake /home/kaisar/warehouse_robot/robot/ws/src/Stage -DCATKIN_INSTALL_INTO_PREFIX_ROOT=0 -DCATKIN_SYMLINK_INSTALL=ON -DCMAKE_INSTALL_PREFIX=/home/kaisar/warehouse_robot/robot/install/stage
[0.089s] -- The C compiler identification is GNU 13.3.0
[0.156s] -- The CXX compiler identification is GNU 13.3.0
[0.174s] -- Detecting C compiler ABI info
[0.284s] -- Detecting C compiler ABI info - done
[0.293s] -- Check for working C compiler: /usr/bin/cc - skipped
[0.293s] -- Detecting C compile features
[0.294s] -- Detecting C compile features - done
[0.305s] -- Detecting CXX compiler ABI info
[0.424s] -- Detecting CXX compiler ABI info - done
[0.434s] -- Check for working CXX compiler: /usr/bin/c++ - skipped
[0.434s] -- Detecting CXX compile features
[0.434s] -- Detecting CXX compile features - done
[0.435s] -- Stage version 4.3.0
[0.435s] -- Operating system is Linux
[0.436s] -- Installing Libraries to /home/kaisar/warehouse_robot/robot/install/stage/lib
[0.436s] -- Installing Plugins to /home/kaisar/warehouse_robot/robot/install/stage/lib/Stage-4.3
[0.436s] -- Build type RELEASE
[0.436s] -- Checking for libtool
[0.446s] -- Checking for required libraries...
[0.468s] -- Found JPEG: /usr/lib/x86_64-linux-gnu/libjpeg.so (found version "80") 
[0.491s] -- Found ZLIB: /usr/lib/x86_64-linux-gnu/libz.so (found version "1.3")  
[0.525s] -- Found PNG: /usr/lib/x86_64-linux-gnu/libpng.so (found version "1.6.43") 
[0.538s] -- Found OpenGL: /usr/lib/x86_64-linux-gnu/libOpenGL.so   
[0.760s] -- Found X11: /usr/include   
[0.761s] -- Looking for XOpenDisplay in /usr/lib/x86_64-linux-gnu/libX11.so;/usr/lib/x86_64-linux-gnu/libXext.so
[0.861s] -- Looking for XOpenDisplay in /usr/lib/x86_64-linux-gnu/libX11.so;/usr/lib/x86_64-linux-gnu/libXext.so - found
[0.861s] -- Looking for gethostbyname
[0.959s] -- Looking for gethostbyname - found
[0.959s] -- Looking for connect
[1.059s] -- Looking for connect - found
[1.059s] -- Looking for remove
[1.161s] -- Looking for remove - found
[1.161s] -- Looking for shmat
[1.262s] -- Looking for shmat - found
[1.262s] -- Looking for IceConnectionNumber in ICE
[1.361s] -- Looking for IceConnectionNumber in ICE - found
[1.396s] -- Found FLTK: fltk_images;fltk_forms;fltk_gl;fltk  
[1.399s] -- Checking for optional libraries...
[1.399s] -- Installation path CMAKE_INSTALL_PREFIX=/home/kaisar/warehouse_robot/robot/install/stage
[1.400s] -- Configuring libstage
[1.412s] -- Found PkgConfig: /usr/bin/pkg-config (found version "1.8.1") 
[1.412s] -- Checking for one of the modules 'playercore>=2.1.0'
[1.431s] --   * Player not detected. If Player is installed but not detected, check your PKG_CONFIG_PATH.
[1.445s] -- Configuring done (1.4s)
[1.506s] -- Generating done (0.1s)
[1.509s] [33mCMake Warning:
[1.509s]   Manually-specified variables were not used by the project:
[1.509s] 
[1.509s]     CATKIN_INSTALL_INTO_PREFIX_ROOT
[1.509s]     CATKIN_SYMLINK_INSTALL
[1.509s] 
[1.509s] [0m
[1.516s] -- Build files have been written to: /home/kaisar/warehouse_robot/robot/build/stage
[1.527s] Invoked command in '/home/kaisar/warehouse_robot/robot/build/stage' returned '0': DEBUGINFOD_URLS=https://debuginfod.ubuntu.com /usr/bin/cmake /home/kaisar/warehouse_robot/robot/ws/src/Stage -DCATKIN_INSTALL_INTO_PREFIX_ROOT=0 -DCATKIN_SYMLINK_INSTALL=ON -DCMAKE_INSTALL_PREFIX=/home/kaisar/warehouse_robot/robot/install/stage
[1.528s] Invoking command in '/home/kaisar/warehouse_robot/robot/build/stage': DEBUGINFOD_URLS=https://debuginfod.ubuntu.com /usr/bin/cmake --build /home/kaisar/warehouse_robot/robot/build/stage -- -j12 -l12
[1.556s] -- Stage version 4.3.0
[1.556s] -- Operating system is Linux
[1.556s] -- Installing Libraries to /home/kaisar/warehouse_robot/robot/install/stage/lib
[1.557s] -- Installing Plugins to /home/kaisar/warehouse_robot/robot/install/stage/lib/Stage-4.3
[1.557s] -- Build type RELEASE
[1.557s] -- Checking for libtool
[1.557s] -- Checking for required libraries...
[1.741s] -- Checking for optional libraries...
[1.742s] -- Installation path CMAKE_INSTALL_PREFIX=/home/kaisar/warehouse_robot/robot/install/stage
[1.742s] -- Configuring libstage
[1.751s] -- Checking for one of the modules 'playercore>=2.1.0'
[1.769s] --   * Player not detected. If Player is installed but not detected, check your PKG_CONFIG_PATH.
[1.781s] -- Configuring done (0.2s)
[1.840s] -- Generating done (0.1s)
[1.850s] -- Build files have been written to: /home/kaisar/warehouse_robot/robot/build/stage
[1.883s] gmake[2]: Warning: File '/home/kaisar/warehouse_robot/robot/ws/src/Stage/libstage/block.cc' has modification time 599 s in the future
[1.898s] [  6%] [32mBuilding CXX object libstage/CMakeFiles/stage.dir/blockgroup.cc.o[0m
[1.898s] [  6%] [32mBuilding CXX object libstage/CMakeFiles/stage.dir/block.cc.o[0m
[1.898s] [  6%] [32mBuilding CXX object libstage/CMakeFiles/stage.dir/color.cc.o[0m
[1.898s] [  6%] [32mBuilding CXX object libstage/CMakeFiles/stage.dir/camera.cc.o[0m
[1.898s] [ 10%] [32mBuilding CXX object libstage/CMakeFiles/stage.dir/model.cc.o[0m
[1.898s] [ 10%] [32mBuilding CXX object libstage/CMakeFiles/stage.dir/model_actuator.cc.o[0m
[1.899s] [ 11%] [32mBuilding CXX object libstage/CMakeFiles/stage.dir/file_manager.cc.o[0m
[1.901s] [ 15%] [32mBuilding CXX object libstage/CMakeFiles/stage.dir/model_blinkenlight.cc.o[0m
[1.901s] [ 15%] [32mBuilding CXX object libstage/CMakeFiles/stage.dir/logentry.cc.o[0m
[1.904s] [ 16%] [32mBuilding CXX object libstage/CMakeFiles/stage.dir/gl.cc.o[0m
[1.911s] [ 18%] [32mBuilding CXX object libstage/CMakeFiles/stage.dir/model_blobfinder.cc.o[0m
[1.913s] [ 20%] [32mBuilding CXX object libstage/CMakeFiles/stage.dir/model_bumper.cc.o[0m
[3.307s] [ 22%] [32mBuilding CXX object libstage/CMakeFiles/stage.dir/model_callbacks.cc.o[0m
[3.366s] [ 23%] [32mBuilding CXX object libstage/CMakeFiles/stage.dir/model_camera.cc.o[0m
[3.502s] [ 25%] [32mBuilding CXX object libstage/CMakeFiles/stage.dir/model_draw.cc.o[0m
[3.517s] [ 27%] [32mBuilding CXX object libstage/CMakeFiles/stage.dir/model_fiducial.cc.o[0m
[3.630s] [ 28%] [32mBuilding CXX object libstage/CMakeFiles/stage.dir/model_gripper.cc.o[0m
[3.720s] [ 30%] [32mBuilding CXX object libstage/CMakeFiles/stage.dir/model_lightindicator.cc.o[0m
[3.802s] [ 32%] [32mBuilding CXX object libstage/CMakeFiles/stage.dir/model_position.cc.o[0m
[3.937s] [ 33%] [32mBuilding CXX object libstage/CMakeFiles/stage.dir/model_ranger.cc.o[0m
[3.982s] [ 35%] [32mBuilding CXX object libstage/CMakeFiles/stage.dir/option.cc.o[0m
[4.008s] [ 37%] [32mBuilding CXX object libstage/CMakeFiles/stage.dir/powerpack.cc.o[0m
[4.035s] [ 38%] [32mBuilding CXX object libstage/CMakeFiles/stage.dir/region.cc.o[0m
[4.859s] [ 40%] [32mBuilding CXX object libstage/CMakeFiles/stage.dir/stage.cc.o[0m
[5.052s] [ 42%] [32mBuilding CXX object libstage/CMakeFiles/stage.dir/texture_manager.cc.o[0m
[5.184s] [ 44%] [32mBuilding CXX object libstage/CMakeFiles/stage.dir/typetable.cc.o[0m
[5.506s] [ 45%] [32mBuilding CXX object libstage/CMakeFiles/stage.dir/world.cc.o[0m
[5.666s] [ 47%] [32mBuilding CXX object libstage/CMakeFiles/stage.dir/worldfile.cc.o[0m
[5.691s] [ 49%] [32mBuilding CXX object libstage/CMakeFiles/stage.dir/canvas.cc.o[0m
[5.758s] [ 50%] [32mBuilding CXX object libstage/CMakeFiles/stage.dir/options_dlg.cc.o[0m
[5.802s] [ 52%] [32mBuilding CXX object libstage/CMakeFiles/stage.dir/worldgui.cc.o[0m
[5.811s] [ 54%] [32mBuilding CXX object libstage/CMakeFiles/stage.dir/vis_strip.cc.o[0m
[5.955s] [ 55%] [32mBuilding CXX object libstage/CMakeFiles/stage.dir/ancestor.cc.o[0m
[8.614s] [ 57%] [32m[1mLinking CXX shared library libstage.so[0m
[8.813s] gmake[2]: warning:  Clock skew detected.  Your build may be incomplete.
[8.826s] [ 57%] Built target stage
[8.855s] gmake[2]: Warning: File '/home/kaisar/warehouse_robot/robot/ws/src/Stage/examples/ctrl/source.cc' has modification time 592 s in the future
[8.856s] gmake[2]: Warning: File '/home/kaisar/warehouse_robot/robot/ws/src/Stage/examples/ctrl/fasr.cc' has modification time 592 s in the future
[8.859s] gmake[2]: Warning: File '/home/kaisar/warehouse_robot/robot/ws/src/Stage/examples/ctrl/sink.cc' has modification time 592 s in the future
[8.863s] gmake[2]: Warning: File '/home/kaisar/warehouse_robot/robot/ws/src/Stage/examples/ctrl/rasterize.cc' has modification time 592 s in the future
[8.863s] gmake[2]: Warning: File '/home/kaisar/warehouse_robot/robot/ws/src/Stage/examples/ctrl/fasr2.cc' has modification time 592 s in the future
[8.863s] gmake[2]: Warning: File '/home/kaisar/warehouse_robot/robot/ws/src/Stage/examples/ctrl/pioneer_flocking.cc' has modification time 592 s in the future
[8.867s] gmake[2]: Warning: File '/home/kaisar/warehouse_robot/robot/ws/src/Stage/libstage/main.cc' has modification time 592 s in the future
[8.867s] gmake[2]: Warning: File '/home/kaisar/warehouse_robot/robot/ws/src/Stage/examples/ctrl/lasernoise.cc' has modification time 592 s in the future
[8.867s] gmake[2]: Warning: File '/home/kaisar/warehouse_robot/robot/ws/src/Stage/examples/ctrl/dynamic.cc' has modification time 592 s in the future
[8.867s] gmake[2]: Warning: File '/home/kaisar/warehouse_robot/robot/ws/src/Stage/examples/ctrl/wander.cc' has modification time 592 s in the future
[8.871s] gmake[2]: Warning: File '/home/kaisar/warehouse_robot/robot/ws/src/Stage/worlds/benchmark/expand_swarm.cc' has modification time 592 s in the future
[8.876s] [ 61%] [32mBuilding CXX object examples/ctrl/CMakeFiles/fasr.dir/fasr.cc.o[0m
[8.876s] [ 61%] [32mBuilding CXX object examples/ctrl/CMakeFiles/source.dir/source.cc.o[0m
[8.876s] [ 62%] [32mBuilding CXX object examples/ctrl/CMakeFiles/fasr2.dir/fasr2.cc.o[0m
[8.879s] [ 64%] [32mBuilding CXX object examples/ctrl/CMakeFiles/sink.dir/sink.cc.o[0m
[8.880s] [ 66%] [32mBuilding CXX object examples/ctrl/CMakeFiles/lasernoise.dir/lasernoise.cc.o[0m
[8.881s] [ 67%] [32mBuilding CXX object examples/ctrl/CMakeFiles/rasterize.dir/rasterize.cc.o[0m
[8.882s] [ 69%] [32mBuilding CXX object examples/ctrl/CMakeFiles/dynamic.dir/dynamic.cc.o[0m
[8.884s] [ 71%] [32mBuilding CXX object worlds/benchmark/CMakeFiles/expand_swarm.dir/expand_swarm.cc.o[0m
[8.884s] [ 72%] [32mBuilding CXX object libstage/CMakeFiles/stagebinary.dir/main.cc.o[0m
[8.885s] gmake[2]: Warning: File '/home/kaisar/warehouse_robot/robot/ws/src/Stage/worlds/benchmark/expand_pioneer.cc' has modification time 592 s in the future
[8.885s] [ 74%] [32mBuilding CXX object examples/ctrl/CMakeFiles/pioneer_flocking.dir/pioneer_flocking.cc.o[0m
[8.899s] [ 76%] [32mBuilding CXX object examples/ctrl/CMakeFiles/wander.dir/wander.cc.o[0m
[8.904s] [ 77%] [32mBuilding CXX object worlds/benchmark/CMakeFiles/expand_pioneer.dir/expand_pioneer.cc.o[0m
[10.304s] [ 79%] [32m[1mLinking CXX shared module rasterize.so[0m
[10.315s] [ 81%] [32m[1mLinking CXX shared module expand_pioneer.so[0m
[10.386s] [ 83%] [32m[1mLinking CXX shared module sink.so[0m
[10.422s] [ 84%] [32m[1mLinking CXX shared module lasernoise.so[0m
[10.476s] [ 86%] [32m[1mLinking CXX shared module wander.so[0m
[10.497s] [ 88%] [32m[1mLinking CXX shared module expand_swarm.so[0m
[10.520s] [ 89%] [32m[1mLinking CXX shared module fasr.so[0m
[10.526s] gmake[2]: warning:  Clock skew detected.  Your build may be incomplete.
[10.541s] [ 89%] Built target rasterize
[10.563s] [ 91%] [32mBuilding CXX object examples/ctrl/CMakeFiles/fasr2.dir/astar/findpath.cpp.o[0m
[10.563s] [ 93%] [32m[1mLinking CXX shared module source.so[0m
[10.576s] [ 94%] [32m[1mLinking CXX executable stage[0m
[10.613s] gmake[2]: warning:  Clock skew detected.  Your build may be incomplete.
[10.646s] [ 94%] Built target expand_pioneer
[10.664s] [ 96%] [32m[1mLinking CXX shared module pioneer_flocking.so[0m
[10.688s] [ 98%] [32m[1mLinking CXX shared module dynamic.so[0m
[10.718s] gmake[2]: warning:  Clock skew detected.  Your build may be incomplete.
[10.750s] [ 98%] Built target lasernoise
[10.751s] gmake[2]: warning:  Clock skew detected.  Your build may be incomplete.
[10.770s] [ 98%] Built target sink
[10.778s] gmake[2]: warning:  Clock skew detected.  Your build may be incomplete.
[10.787s] gmake[2]: warning:  Clock skew detected.  Your build may be incomplete.
[10.788s] gmake[2]: warning:  Clock skew detected.  Your build may be incomplete.
[10.793s] [ 98%] Built target wander
[10.804s] [ 98%] Built target source
[10.804s] [ 98%] Built target expand_swarm
[10.820s] gmake[2]: warning:  Clock skew detected.  Your build may be incomplete.
[10.830s] gmake[2]: warning:  Clock skew detected.  Your build may be incomplete.
[10.834s] [ 98%] Built target fasr
[10.841s] [ 98%] Built target stagebinary
[10.866s] gmake[2]: warning:  Clock skew detected.  Your build may be incomplete.
[10.867s] gmake[2]: warning:  Clock skew detected.  Your build may be incomplete.
[10.877s] [ 98%] Built target dynamic
[10.878s] [ 98%] Built target pioneer_flocking
[11.337s] [100%] [32m[1mLinking CXX shared module fasr2.so[0m
[11.447s] gmake[2]: warning:  Clock skew detected.  Your build may be incomplete.
[11.459s] [100%] Built target fasr2
[11.475s] Invoked command in '/home/kaisar/warehouse_robot/robot/build/stage' returned '0': DEBUGINFOD_URLS=https://debuginfod.ubuntu.com /usr/bin/cmake --build /home/kaisar/warehouse_robot/robot/build/stage -- -j12 -l12
[11.477s] Invoking command in '/home/kaisar/warehouse_robot/robot/build/stage': DEBUGINFOD_URLS=https://debuginfod.ubuntu.com /usr/bin/cmake --install /home/kaisar/warehouse_robot/robot/build/stage
[11.486s] -- Install configuration: "RELEASE"
[11.486s] -- Installing: /home/kaisar/warehouse_robot/robot/install/stage/lib/pkgconfig/stage.pc
[11.486s] -- Installing: /home/kaisar/warehouse_robot/robot/install/stage/lib/cmake/Stage/stage-config.cmake
[11.486s] -- Installing: /home/kaisar/warehouse_robot/robot/install/stage/lib/cmake/Stage/stage-config-version.cmake
[11.487s] -- Installing: /home/kaisar/warehouse_robot/robot/install/stage/bin/stage
[11.487s] -- Set non-toolchain portion of runtime path of "/home/kaisar/warehouse_robot/robot/install/stage/bin/stage" to ""
[11.488s] -- Installing: /home/kaisar/warehouse_robot/robot/install/stage/lib/libstage.so.4.3.0
[11.488s] -- Installing: /home/kaisar/warehouse_robot/robot/install/stage/lib/libstage.so
[11.488s] -- Installing: /home/kaisar/warehouse_robot/robot/install/stage/include/Stage-4.3/stage.hh
[11.489s] -- Installing: /home/kaisar/warehouse_robot/robot/install/stage/lib/Stage-4.3/fasr.so
[11.490s] -- Set non-toolchain portion of runtime path of "/home/kaisar/warehouse_robot/robot/install/stage/lib/Stage-4.3/fasr.so" to ""
[11.490s] -- Installing: /home/kaisar/warehouse_robot/robot/install/stage/lib/Stage-4.3/sink.so
[11.490s] -- Set non-toolchain portion of runtime path of "/home/kaisar/warehouse_robot/robot/install/stage/lib/Stage-4.3/sink.so" to ""
[11.490s] -- Installing: /home/kaisar/warehouse_robot/robot/install/stage/lib/Stage-4.3/source.so
[11.491s] -- Set non-toolchain portion of runtime path of "/home/kaisar/warehouse_robot/robot/install/stage/lib/Stage-4.3/source.so" to ""
[11.491s] -- Installing: /home/kaisar/warehouse_robot/robot/install/stage/lib/Stage-4.3/wander.so
[11.491s] -- Set non-toolchain portion of runtime path of "/home/kaisar/warehouse_robot/robot/install/stage/lib/Stage-4.3/wander.so" to ""
[11.491s] -- Installing: /home/kaisar/warehouse_robot/robot/install/stage/lib/Stage-4.3/pioneer_flocking.so
[11.492s] -- Set non-toolchain portion of runtime path of "/home/kaisar/warehouse_robot/robot/install/stage/lib/Stage-4.3/pioneer_flocking.so" to ""
[11.492s] -- Installing: /home/kaisar/warehouse_robot/robot/install/stage/lib/Stage-4.3/rasterize.so
[11.492s] -- Set non-toolchain portion of runtime path of "/home/kaisar/warehouse_robot/robot/install/stage/lib/Stage-4.3/rasterize.so" to ""
[11.492s] -- Installing: /home/kaisar/warehouse_robot/robot/install/stage/lib/Stage-4.3/lasernoise.so
[11.493s] -- Set non-toolchain portion of runtime path of "/home/kaisar/warehouse_robot/robot/install/stage/lib/Stage-4.3/lasernoise.so" to ""
[11.493s] -- Installing: /home/kaisar/warehouse_robot/robot/install/stage/lib/Stage-4.3/dynamic.so
[11.494s] -- Set non-toolchain portion of runtime path of "/home/kaisar/warehouse_robot/robot/install/stage/lib/Stage-4.3/dynamic.so" to ""
[11.494s] -- Installing: /home/kaisar/warehouse_robot/robot/install/stage/lib/Stage-4.3/fasr2.so
[11.494s] -- Set non-toolchain portion of runtime path of "/home/kaisar/warehouse_robot/robot/install/stage/lib/Stage-4.3/fasr2.so" to ""
[11.495s] -- Installing: /home/kaisar/warehouse_robot/robot/install/stage/share/stage/assets/blue.png
[11.495s] -- Installing: /home/kaisar/warehouse_robot/robot/install/stage/share/stage/assets/death.png
[11.495s] -- Installing: /home/kaisar/warehouse_robot/robot/install/stage/share/stage/assets/green.png
[11.496s] -- Installing: /home/kaisar/warehouse_robot/robot/install/stage/share/stage/assets/logo.png
[11.496s] -- Installing: /home/kaisar/warehouse_robot/robot/install/stage/share/stage/assets/mains.png
[11.496s] -- Installing: /home/kaisar/warehouse_robot/robot/install/stage/share/stage/assets/mainspower.png
[11.496s] -- Installing: /home/kaisar/warehouse_robot/robot/install/stage/share/stage/assets/question_mark.png
[11.496s] -- Installing: /home/kaisar/warehouse_robot/robot/install/stage/share/stage/assets/red.png
[11.496s] -- Installing: /home/kaisar/warehouse_robot/robot/install/stage/share/stage/assets/stagelogo.png
[11.497s] -- Installing: /home/kaisar/warehouse_robot/robot/install/stage/share/stage/assets/stall-old.png
[11.497s] -- Installing: /home/kaisar/warehouse_robot/robot/install/stage/share/stage/assets/stall.png
[11.497s] -- Installing: /home/kaisar/warehouse_robot/robot/install/stage/share/stage/assets/rgb.txt
[11.497s] -- Installing: /home/kaisar/warehouse_robot/robot/install/stage/share/stage/rgb.txt
[11.497s] -- Installing: /home/kaisar/warehouse_robot/robot/install/stage/share/stage/worlds/amcl-sonar.cfg
[11.498s] -- Installing: /home/kaisar/warehouse_robot/robot/install/stage/share/stage/worlds/autolab.cfg
[11.498s] -- Installing: /home/kaisar/warehouse_robot/robot/install/stage/share/stage/worlds/camera.cfg
[11.498s] -- Installing: /home/kaisar/warehouse_robot/robot/install/stage/share/stage/worlds/everything.cfg
[11.498s] -- Installing: /home/kaisar/warehouse_robot/robot/install/stage/share/stage/worlds/lsp_test.cfg
[11.498s] -- Installing: /home/kaisar/warehouse_robot/robot/install/stage/share/stage/worlds/mbicp.cfg
[11.498s] -- Installing: /home/kaisar/warehouse_robot/robot/install/stage/share/stage/worlds/nd.cfg
[11.498s] -- Installing: /home/kaisar/warehouse_robot/robot/install/stage/share/stage/worlds/roomba.cfg
[11.498s] -- Installing: /home/kaisar/warehouse_robot/robot/install/stage/share/stage/worlds/simple.cfg
[11.499s] -- Installing: /home/kaisar/warehouse_robot/robot/install/stage/share/stage/worlds/test.cfg
[11.499s] -- Installing: /home/kaisar/warehouse_robot/robot/install/stage/share/stage/worlds/uoa_robotics_lab.cfg
[11.499s] -- Installing: /home/kaisar/warehouse_robot/robot/install/stage/share/stage/worlds/vfh.cfg
[11.499s] -- Installing: /home/kaisar/warehouse_robot/robot/install/stage/share/stage/worlds/wavefront-remote.cfg
[11.499s] -- Installing: /home/kaisar/warehouse_robot/robot/install/stage/share/stage/worlds/wavefront.cfg
[11.499s] -- Installing: /home/kaisar/warehouse_robot/robot/install/stage/share/stage/worlds/wifi.cfg
[11.499s] -- Installing: /home/kaisar/warehouse_robot/robot/install/stage/share/stage/worlds/SFU.world
[11.500s] -- Installing: /home/kaisar/warehouse_robot/robot/install/stage/share/stage/worlds/autolab.world
[11.500s] -- Installing: /home/kaisar/warehouse_robot/robot/install/stage/share/stage/worlds/camera.world
[11.500s] -- Installing: /home/kaisar/warehouse_robot/robot/install/stage/share/stage/worlds/circuit.world
[11.500s] -- Installing: /home/kaisar/warehouse_robot/robot/install/stage/share/stage/worlds/everything.world
[11.500s] -- Installing: /home/kaisar/warehouse_robot/robot/install/stage/share/stage/worlds/fasr.world
[11.500s] -- Installing: /home/kaisar/warehouse_robot/robot/install/stage/share/stage/worlds/fasr2.world
[11.500s] -- Installing: /home/kaisar/warehouse_robot/robot/install/stage/share/stage/worlds/fasr_plan.world
[11.500s] -- Installing: /home/kaisar/warehouse_robot/robot/install/stage/share/stage/worlds/large.world
[11.501s] -- Installing: /home/kaisar/warehouse_robot/robot/install/stage/share/stage/worlds/lsp_test.world
[11.501s] -- Installing: /home/kaisar/warehouse_robot/robot/install/stage/share/stage/worlds/mbicp.world
[11.501s] -- Installing: /home/kaisar/warehouse_robot/robot/install/stage/share/stage/worlds/pioneer_flocking.world
[11.501s] -- Installing: /home/kaisar/warehouse_robot/robot/install/stage/share/stage/worlds/pioneer_follow.world
[11.501s] -- Installing: /home/kaisar/warehouse_robot/robot/install/stage/share/stage/worlds/pioneer_walle.world
[11.501s] -- Installing: /home/kaisar/warehouse_robot/robot/install/stage/share/stage/worlds/roomba.world
[11.501s] -- Installing: /home/kaisar/warehouse_robot/robot/install/stage/share/stage/worlds/sensor_noise_demo.world
[11.502s] -- Installing: /home/kaisar/warehouse_robot/robot/install/stage/share/stage/worlds/sensor_noise_module_demo.world
[11.502s] -- Installing: /home/kaisar/warehouse_robot/robot/install/stage/share/stage/worlds/simple.world
[11.502s] -- Installing: /home/kaisar/warehouse_robot/robot/install/stage/share/stage/worlds/uoa_robotics_lab.world
[11.502s] -- Installing: /home/kaisar/warehouse_robot/robot/install/stage/share/stage/worlds/wifi.world
[11.502s] -- Installing: /home/kaisar/warehouse_robot/robot/install/stage/share/stage/worlds/beacons.inc
[11.502s] -- Installing: /home/kaisar/warehouse_robot/robot/install/stage/share/stage/worlds/chatterbox.inc
[11.502s] -- Installing: /home/kaisar/warehouse_robot/robot/install/stage/share/stage/worlds/hokuyo.inc
[11.502s] -- Installing: /home/kaisar/warehouse_robot/robot/install/stage/share/stage/worlds/irobot.inc
[11.503s] -- Installing: /home/kaisar/warehouse_robot/robot/install/stage/share/stage/worlds/map.inc
[11.503s] -- Installing: /home/kaisar/warehouse_robot/robot/install/stage/share/stage/worlds/objects.inc
[11.503s] -- Installing: /home/kaisar/warehouse_robot/robot/install/stage/share/stage/worlds/pantilt.inc
[11.503s] -- Installing: /home/kaisar/warehouse_robot/robot/install/stage/share/stage/worlds/pioneer.inc
[11.503s] -- Installing: /home/kaisar/warehouse_robot/robot/install/stage/share/stage/worlds/sick.inc
[11.503s] -- Installing: /home/kaisar/warehouse_robot/robot/install/stage/share/stage/worlds/ubot.inc
[11.503s] -- Installing: /home/kaisar/warehouse_robot/robot/install/stage/share/stage/worlds/uoa_robotics_lab_models.inc
[11.503s] -- Installing: /home/kaisar/warehouse_robot/robot/install/stage/share/stage/worlds/walle.inc
[11.504s] -- Installing: /home/kaisar/warehouse_robot/robot/install/stage/share/stage/worlds/cfggen.sh
[11.504s] -- Installing: /home/kaisar/warehouse_robot/robot/install/stage/share/stage/worlds/test.sh
[11.504s] -- Installing: /home/kaisar/warehouse_robot/robot/install/stage/share/stage/worlds/worldgen.sh
[11.504s] -- Installing: /home/kaisar/warehouse_robot/robot/install/stage/lib/Stage-4.3/expand_swarm.so
[11.505s] -- Set non-toolchain portion of runtime path of "/home/kaisar/warehouse_robot/robot/install/stage/lib/Stage-4.3/expand_swarm.so" to ""
[11.505s] -- Installing: /home/kaisar/warehouse_robot/robot/install/stage/lib/Stage-4.3/expand_pioneer.so
[11.506s] -- Set non-toolchain portion of runtime path of "/home/kaisar/warehouse_robot/robot/install/stage/lib/Stage-4.3/expand_pioneer.so" to ""
[11.506s] -- Installing: /home/kaisar/warehouse_robot/robot/install/stage/share/stage/worlds/bitmaps/889_05.png
[11.506s] -- Installing: /home/kaisar/warehouse_robot/robot/install/stage/share/stage/worlds/bitmaps/SFU_1200x615.png
[11.506s] -- Installing: /home/kaisar/warehouse_robot/robot/install/stage/share/stage/worlds/bitmaps/SRI-AIC-kwing.png
[11.507s] -- Installing: /home/kaisar/warehouse_robot/robot/install/stage/share/stage/worlds/bitmaps/autolab.png
[11.507s] -- Installing: /home/kaisar/warehouse_robot/robot/install/stage/share/stage/worlds/bitmaps/cave.png
[11.507s] -- Installing: /home/kaisar/warehouse_robot/robot/install/stage/share/stage/worlds/bitmaps/cave_compact.png
[11.507s] -- Installing: /home/kaisar/warehouse_robot/robot/install/stage/share/stage/worlds/bitmaps/cave_filled.png
[11.507s] -- Installing: /home/kaisar/warehouse_robot/robot/install/stage/share/stage/worlds/bitmaps/frieburg.png
[11.507s] -- Installing: /home/kaisar/warehouse_robot/robot/install/stage/share/stage/worlds/bitmaps/ghost.png
[11.508s] -- Installing: /home/kaisar/warehouse_robot/robot/install/stage/share/stage/worlds/bitmaps/hospital.png
[11.508s] -- Installing: /home/kaisar/warehouse_robot/robot/install/stage/share/stage/worlds/bitmaps/hospital_section.png
[11.508s] -- Installing: /home/kaisar/warehouse_robot/robot/install/stage/share/stage/worlds/bitmaps/human_outline.png
[11.508s] -- Installing: /home/kaisar/warehouse_robot/robot/install/stage/share/stage/worlds/bitmaps/mbicp.png
[11.508s] -- Installing: /home/kaisar/warehouse_robot/robot/install/stage/share/stage/worlds/bitmaps/rink.png
[11.509s] -- Installing: /home/kaisar/warehouse_robot/robot/install/stage/share/stage/worlds/bitmaps/sal2.png
[11.509s] -- Installing: /home/kaisar/warehouse_robot/robot/install/stage/share/stage/worlds/bitmaps/simple_rooms.png
[11.509s] -- Installing: /home/kaisar/warehouse_robot/robot/install/stage/share/stage/worlds/bitmaps/space_invader.png
[11.509s] -- Installing: /home/kaisar/warehouse_robot/robot/install/stage/share/stage/worlds/bitmaps/submarine.png
[11.509s] -- Installing: /home/kaisar/warehouse_robot/robot/install/stage/share/stage/worlds/bitmaps/submarine_small.png
[11.509s] -- Installing: /home/kaisar/warehouse_robot/robot/install/stage/share/stage/worlds/bitmaps/table.png
[11.510s] -- Installing: /home/kaisar/warehouse_robot/robot/install/stage/share/stage/worlds/bitmaps/uoa_robotics_lab.png
[11.510s] -- Installing: /home/kaisar/warehouse_robot/robot/install/stage/share/stage/worlds/wifi/commando.world
[11.510s] -- Installing: /home/kaisar/warehouse_robot/robot/install/stage/share/stage/worlds/wifi/hosp_wifi.world
[11.510s] -- Installing: /home/kaisar/warehouse_robot/robot/install/stage/share/stage/worlds/wifi/hosp_wifi_5.world
[11.511s] -- Installing: /home/kaisar/warehouse_robot/robot/install/stage/share/stage/worlds/wifi/wifi.world
[11.511s] -- Installing: /home/kaisar/warehouse_robot/robot/install/stage/share/stage/worlds/wifi/wifi_itu.world
[11.511s] -- Installing: /home/kaisar/warehouse_robot/robot/install/stage/share/stage/worlds/wifi/wifi_logdistance.world
[11.511s] -- Installing: /home/kaisar/warehouse_robot/robot/install/stage/share/stage/worlds/wifi/wifi_ray.world
[11.511s] -- Installing: /home/kaisar/warehouse_robot/robot/install/stage/share/stage/worlds/wifi/wifi_simple.world
[11.511s] -- Installing: /home/kaisar/warehouse_robot/robot/install/stage/share/stage/worlds/wifi/map.inc
[11.514s] Invoked command in '/home/kaisar/warehouse_robot/robot/build/stage' returned '0': DEBUGINFOD_URLS=https://debuginfod.ubuntu.com /usr/bin/cmake --install /home/kaisar/warehouse_robot/robot/build/stage
