[0.016s] Invoking command in '/home/kaisar/warehouse_robot/robot/build/robot_msgs': CMAKE_PREFIX_PATH=${CMAKE_PREFIX_PATH}:/opt/ros/jazzy DEBUGINFOD_URLS=https://debuginfod.ubuntu.com /usr/bin/cmake --build /home/kaisar/warehouse_robot/robot/build/robot_msgs -- -j12 -l12
[0.105s] [  1%] Built target robot_msgs__rs
[0.106s] [  2%] Built target robot_msgs__rosidl_generator_type_description
[0.125s] [  2%] Built target ament_cmake_python_symlink_robot_msgs
[0.144s] [  3%] Built target robot_msgs__cpp
[0.156s] [ 27%] Built target robot_msgs__rosidl_generator_c
[0.211s] [ 46%] Built target robot_msgs__rosidl_typesupport_cpp
[0.211s] [ 46%] Built target robot_msgs__rosidl_typesupport_fastrtps_c
[0.220s] [ 64%] Built target robot_msgs__rosidl_typesupport_c
[0.220s] [ 65%] Built target robot_msgs__rosidl_typesupport_fastrtps_cpp
[0.222s] [ 74%] Built target robot_msgs__rosidl_typesupport_introspection_c
[0.225s] [ 84%] Built target robot_msgs__rosidl_typesupport_introspection_cpp
[0.272s] [ 84%] Built target robot_msgs
[0.311s] [ 85%] Built target robot_msgs__py
[0.357s] [ 93%] Built target robot_msgs__rosidl_generator_py
[0.405s] [ 97%] Built target robot_msgs_s__rosidl_typesupport_c
[0.409s] [ 97%] Built target robot_msgs_s__rosidl_typesupport_fastrtps_c
[0.409s] [100%] Built target robot_msgs_s__rosidl_typesupport_introspection_c
[0.526s] running egg_info
[0.571s] writing robot_msgs.egg-info/PKG-INFO
[0.571s] writing dependency_links to robot_msgs.egg-info/dependency_links.txt
[0.572s] writing top-level names to robot_msgs.egg-info/top_level.txt
[0.684s] reading manifest file 'robot_msgs.egg-info/SOURCES.txt'
[0.685s] writing manifest file 'robot_msgs.egg-info/SOURCES.txt'
[0.741s] [100%] Built target ament_cmake_python_build_robot_msgs_egg
[0.761s] Invoked command in '/home/kaisar/warehouse_robot/robot/build/robot_msgs' returned '0': CMAKE_PREFIX_PATH=${CMAKE_PREFIX_PATH}:/opt/ros/jazzy DEBUGINFOD_URLS=https://debuginfod.ubuntu.com /usr/bin/cmake --build /home/kaisar/warehouse_robot/robot/build/robot_msgs -- -j12 -l12
[0.776s] Invoking command in '/home/kaisar/warehouse_robot/robot/build/robot_msgs': CMAKE_PREFIX_PATH=${CMAKE_PREFIX_PATH}:/opt/ros/jazzy DEBUGINFOD_URLS=https://debuginfod.ubuntu.com /usr/bin/cmake --install /home/kaisar/warehouse_robot/robot/build/robot_msgs
[0.790s] -- Install configuration: ""
[0.791s] -- Execute custom install script
[0.791s] -- Up-to-date symlink: /home/kaisar/warehouse_robot/robot/install/robot_msgs/share/ament_index/resource_index/rosidl_interfaces/robot_msgs
[0.791s] -- Up-to-date symlink: /home/kaisar/warehouse_robot/robot/install/robot_msgs/share/robot_msgs/msg/RobotStatus.json
[0.792s] -- Up-to-date symlink: /home/kaisar/warehouse_robot/robot/install/robot_msgs/share/robot_msgs/srv/PlanRoute.json
[0.792s] -- Up-to-date symlink: /home/kaisar/warehouse_robot/robot/install/robot_msgs/share/robot_msgs/srv/ExecuteRoute.json
[0.792s] -- Up-to-date symlink: /home/kaisar/warehouse_robot/robot/install/robot_msgs/share/robot_msgs/srv/CancelRoute.json
[0.792s] -- Up-to-date symlink: /home/kaisar/warehouse_robot/robot/install/robot_msgs/share/robot_msgs/srv/SetTeleop.json
[0.793s] -- Up-to-date symlink: /home/kaisar/warehouse_robot/robot/install/robot_msgs/share/robot_msgs/srv/ReleaseManual.json
[0.793s] -- Up-to-date symlink: /home/kaisar/warehouse_robot/robot/install/robot_msgs/share/robot_msgs/srv/StopRobot.json
[0.794s] -- Up-to-date symlink: /home/kaisar/warehouse_robot/robot/install/robot_msgs/include/robot_msgs/robot_msgs/msg/detail/robot_status__functions.h
[0.795s] -- Up-to-date symlink: /home/kaisar/warehouse_robot/robot/install/robot_msgs/include/robot_msgs/robot_msgs/msg/detail/robot_status__struct.h
[0.795s] -- Up-to-date symlink: /home/kaisar/warehouse_robot/robot/install/robot_msgs/include/robot_msgs/robot_msgs/msg/detail/robot_status__type_support.h
[0.795s] -- Up-to-date symlink: /home/kaisar/warehouse_robot/robot/install/robot_msgs/include/robot_msgs/robot_msgs/msg/robot_status.h
[0.795s] -- Up-to-date symlink: /home/kaisar/warehouse_robot/robot/install/robot_msgs/include/robot_msgs/robot_msgs/msg/rosidl_generator_c__visibility_control.h
[0.795s] -- Up-to-date symlink: /home/kaisar/warehouse_robot/robot/install/robot_msgs/include/robot_msgs/robot_msgs/srv/cancel_route.h
[0.795s] -- Up-to-date symlink: /home/kaisar/warehouse_robot/robot/install/robot_msgs/include/robot_msgs/robot_msgs/srv/detail/cancel_route__functions.h
[0.795s] -- Up-to-date symlink: /home/kaisar/warehouse_robot/robot/install/robot_msgs/include/robot_msgs/robot_msgs/srv/detail/cancel_route__struct.h
[0.796s] -- Up-to-date symlink: /home/kaisar/warehouse_robot/robot/install/robot_msgs/include/robot_msgs/robot_msgs/srv/detail/cancel_route__type_support.h
[0.796s] -- Up-to-date symlink: /home/kaisar/warehouse_robot/robot/install/robot_msgs/include/robot_msgs/robot_msgs/srv/detail/execute_route__functions.h
[0.796s] -- Up-to-date symlink: /home/kaisar/warehouse_robot/robot/install/robot_msgs/include/robot_msgs/robot_msgs/srv/detail/execute_route__struct.h
[0.796s] -- Up-to-date symlink: /home/kaisar/warehouse_robot/robot/install/robot_msgs/include/robot_msgs/robot_msgs/srv/detail/execute_route__type_support.h
[0.796s] -- Up-to-date symlink: /home/kaisar/warehouse_robot/robot/install/robot_msgs/include/robot_msgs/robot_msgs/srv/detail/plan_route__functions.h
[0.797s] -- Up-to-date symlink: /home/kaisar/warehouse_robot/robot/install/robot_msgs/include/robot_msgs/robot_msgs/srv/detail/plan_route__struct.h
[0.797s] -- Up-to-date symlink: /home/kaisar/warehouse_robot/robot/install/robot_msgs/include/robot_msgs/robot_msgs/srv/detail/plan_route__type_support.h
[0.797s] -- Up-to-date symlink: /home/kaisar/warehouse_robot/robot/install/robot_msgs/include/robot_msgs/robot_msgs/srv/detail/release_manual__functions.h
[0.798s] -- Up-to-date symlink: /home/kaisar/warehouse_robot/robot/install/robot_msgs/include/robot_msgs/robot_msgs/srv/detail/release_manual__struct.h
[0.798s] -- Up-to-date symlink: /home/kaisar/warehouse_robot/robot/install/robot_msgs/include/robot_msgs/robot_msgs/srv/detail/release_manual__type_support.h
[0.799s] -- Up-to-date symlink: /home/kaisar/warehouse_robot/robot/install/robot_msgs/include/robot_msgs/robot_msgs/srv/detail/set_teleop__functions.h
[0.799s] -- Up-to-date symlink: /home/kaisar/warehouse_robot/robot/install/robot_msgs/include/robot_msgs/robot_msgs/srv/detail/set_teleop__struct.h
[0.799s] -- Up-to-date symlink: /home/kaisar/warehouse_robot/robot/install/robot_msgs/include/robot_msgs/robot_msgs/srv/detail/set_teleop__type_support.h
[0.799s] -- Up-to-date symlink: /home/kaisar/warehouse_robot/robot/install/robot_msgs/include/robot_msgs/robot_msgs/srv/detail/stop_robot__functions.h
[0.799s] -- Up-to-date symlink: /home/kaisar/warehouse_robot/robot/install/robot_msgs/include/robot_msgs/robot_msgs/srv/detail/stop_robot__struct.h
[0.799s] -- Up-to-date symlink: /home/kaisar/warehouse_robot/robot/install/robot_msgs/include/robot_msgs/robot_msgs/srv/detail/stop_robot__type_support.h
[0.799s] -- Up-to-date symlink: /home/kaisar/warehouse_robot/robot/install/robot_msgs/include/robot_msgs/robot_msgs/srv/execute_route.h
[0.800s] -- Up-to-date symlink: /home/kaisar/warehouse_robot/robot/install/robot_msgs/include/robot_msgs/robot_msgs/srv/plan_route.h
[0.800s] -- Up-to-date symlink: /home/kaisar/warehouse_robot/robot/install/robot_msgs/include/robot_msgs/robot_msgs/srv/release_manual.h
[0.800s] -- Up-to-date symlink: /home/kaisar/warehouse_robot/robot/install/robot_msgs/include/robot_msgs/robot_msgs/srv/set_teleop.h
[0.800s] -- Up-to-date symlink: /home/kaisar/warehouse_robot/robot/install/robot_msgs/include/robot_msgs/robot_msgs/srv/stop_robot.h
[0.800s] -- Up-to-date symlink: /home/kaisar/warehouse_robot/robot/install/robot_msgs/share/robot_msgs/environment/library_path.sh
[0.800s] -- Up-to-date symlink: /home/kaisar/warehouse_robot/robot/install/robot_msgs/share/robot_msgs/environment/library_path.dsv
[0.802s] -- Up-to-date symlink: /home/kaisar/warehouse_robot/robot/install/robot_msgs/include/robot_msgs/robot_msgs/msg/detail/robot_status__rosidl_typesupport_fastrtps_c.h
[0.802s] -- Up-to-date symlink: /home/kaisar/warehouse_robot/robot/install/robot_msgs/include/robot_msgs/robot_msgs/msg/rosidl_typesupport_fastrtps_c__visibility_control.h
[0.802s] -- Up-to-date symlink: /home/kaisar/warehouse_robot/robot/install/robot_msgs/include/robot_msgs/robot_msgs/srv/detail/cancel_route__rosidl_typesupport_fastrtps_c.h
[0.802s] -- Up-to-date symlink: /home/kaisar/warehouse_robot/robot/install/robot_msgs/include/robot_msgs/robot_msgs/srv/detail/execute_route__rosidl_typesupport_fastrtps_c.h
[0.802s] -- Up-to-date symlink: /home/kaisar/warehouse_robot/robot/install/robot_msgs/include/robot_msgs/robot_msgs/srv/detail/plan_route__rosidl_typesupport_fastrtps_c.h
[0.803s] -- Up-to-date symlink: /home/kaisar/warehouse_robot/robot/install/robot_msgs/include/robot_msgs/robot_msgs/srv/detail/release_manual__rosidl_typesupport_fastrtps_c.h
[0.803s] -- Up-to-date symlink: /home/kaisar/warehouse_robot/robot/install/robot_msgs/include/robot_msgs/robot_msgs/srv/detail/set_teleop__rosidl_typesupport_fastrtps_c.h
[0.803s] -- Up-to-date symlink: /home/kaisar/warehouse_robot/robot/install/robot_msgs/include/robot_msgs/robot_msgs/srv/detail/stop_robot__rosidl_typesupport_fastrtps_c.h
[0.804s] -- Up-to-date symlink: /home/kaisar/warehouse_robot/robot/install/robot_msgs/include/robot_msgs/robot_msgs/msg/detail/robot_status__builder.hpp
[0.804s] -- Up-to-date symlink: /home/kaisar/warehouse_robot/robot/install/robot_msgs/include/robot_msgs/robot_msgs/msg/detail/robot_status__struct.hpp
[0.804s] -- Up-to-date symlink: /home/kaisar/warehouse_robot/robot/install/robot_msgs/include/robot_msgs/robot_msgs/msg/detail/robot_status__traits.hpp
[0.805s] -- Up-to-date symlink: /home/kaisar/warehouse_robot/robot/install/robot_msgs/include/robot_msgs/robot_msgs/msg/detail/robot_status__type_support.hpp
[0.805s] -- Up-to-date symlink: /home/kaisar/warehouse_robot/robot/install/robot_msgs/include/robot_msgs/robot_msgs/msg/robot_status.hpp
[0.805s] -- Up-to-date symlink: /home/kaisar/warehouse_robot/robot/install/robot_msgs/include/robot_msgs/robot_msgs/msg/rosidl_generator_cpp__visibility_control.hpp
[0.805s] -- Up-to-date symlink: /home/kaisar/warehouse_robot/robot/install/robot_msgs/include/robot_msgs/robot_msgs/srv/cancel_route.hpp
[0.805s] -- Up-to-date symlink: /home/kaisar/warehouse_robot/robot/install/robot_msgs/include/robot_msgs/robot_msgs/srv/detail/cancel_route__builder.hpp
[0.806s] -- Up-to-date symlink: /home/kaisar/warehouse_robot/robot/install/robot_msgs/include/robot_msgs/robot_msgs/srv/detail/cancel_route__struct.hpp
[0.806s] -- Up-to-date symlink: /home/kaisar/warehouse_robot/robot/install/robot_msgs/include/robot_msgs/robot_msgs/srv/detail/cancel_route__traits.hpp
[0.806s] -- Up-to-date symlink: /home/kaisar/warehouse_robot/robot/install/robot_msgs/include/robot_msgs/robot_msgs/srv/detail/cancel_route__type_support.hpp
[0.806s] -- Up-to-date symlink: /home/kaisar/warehouse_robot/robot/install/robot_msgs/include/robot_msgs/robot_msgs/srv/detail/execute_route__builder.hpp
[0.806s] -- Up-to-date symlink: /home/kaisar/warehouse_robot/robot/install/robot_msgs/include/robot_msgs/robot_msgs/srv/detail/execute_route__struct.hpp
[0.806s] -- Up-to-date symlink: /home/kaisar/warehouse_robot/robot/install/robot_msgs/include/robot_msgs/robot_msgs/srv/detail/execute_route__traits.hpp
[0.807s] -- Up-to-date symlink: /home/kaisar/warehouse_robot/robot/install/robot_msgs/include/robot_msgs/robot_msgs/srv/detail/execute_route__type_support.hpp
[0.807s] -- Up-to-date symlink: /home/kaisar/warehouse_robot/robot/install/robot_msgs/include/robot_msgs/robot_msgs/srv/detail/plan_route__builder.hpp
[0.807s] -- Up-to-date symlink: /home/kaisar/warehouse_robot/robot/install/robot_msgs/include/robot_msgs/robot_msgs/srv/detail/plan_route__struct.hpp
[0.807s] -- Up-to-date symlink: /home/kaisar/warehouse_robot/robot/install/robot_msgs/include/robot_msgs/robot_msgs/srv/detail/plan_route__traits.hpp
[0.807s] -- Up-to-date symlink: /home/kaisar/warehouse_robot/robot/install/robot_msgs/include/robot_msgs/robot_msgs/srv/detail/plan_route__type_support.hpp
[0.808s] -- Up-to-date symlink: /home/kaisar/warehouse_robot/robot/install/robot_msgs/include/robot_msgs/robot_msgs/srv/detail/release_manual__builder.hpp
[0.808s] -- Up-to-date symlink: /home/kaisar/warehouse_robot/robot/install/robot_msgs/include/robot_msgs/robot_msgs/srv/detail/release_manual__struct.hpp
[0.808s] -- Up-to-date symlink: /home/kaisar/warehouse_robot/robot/install/robot_msgs/include/robot_msgs/robot_msgs/srv/detail/release_manual__traits.hpp
[0.808s] -- Up-to-date symlink: /home/kaisar/warehouse_robot/robot/install/robot_msgs/include/robot_msgs/robot_msgs/srv/detail/release_manual__type_support.hpp
[0.809s] -- Up-to-date symlink: /home/kaisar/warehouse_robot/robot/install/robot_msgs/include/robot_msgs/robot_msgs/srv/detail/set_teleop__builder.hpp
[0.809s] -- Up-to-date symlink: /home/kaisar/warehouse_robot/robot/install/robot_msgs/include/robot_msgs/robot_msgs/srv/detail/set_teleop__struct.hpp
[0.809s] -- Up-to-date symlink: /home/kaisar/warehouse_robot/robot/install/robot_msgs/include/robot_msgs/robot_msgs/srv/detail/set_teleop__traits.hpp
[0.809s] -- Up-to-date symlink: /home/kaisar/warehouse_robot/robot/install/robot_msgs/include/robot_msgs/robot_msgs/srv/detail/set_teleop__type_support.hpp
[0.809s] -- Up-to-date symlink: /home/kaisar/warehouse_robot/robot/install/robot_msgs/include/robot_msgs/robot_msgs/srv/detail/stop_robot__builder.hpp
[0.809s] -- Up-to-date symlink: /home/kaisar/warehouse_robot/robot/install/robot_msgs/include/robot_msgs/robot_msgs/srv/detail/stop_robot__struct.hpp
[0.810s] -- Up-to-date symlink: /home/kaisar/warehouse_robot/robot/install/robot_msgs/include/robot_msgs/robot_msgs/srv/detail/stop_robot__traits.hpp
[0.810s] -- Up-to-date symlink: /home/kaisar/warehouse_robot/robot/install/robot_msgs/include/robot_msgs/robot_msgs/srv/detail/stop_robot__type_support.hpp
[0.811s] -- Up-to-date symlink: /home/kaisar/warehouse_robot/robot/install/robot_msgs/include/robot_msgs/robot_msgs/srv/execute_route.hpp
[0.811s] -- Up-to-date symlink: /home/kaisar/warehouse_robot/robot/install/robot_msgs/include/robot_msgs/robot_msgs/srv/plan_route.hpp
[0.811s] -- Up-to-date symlink: /home/kaisar/warehouse_robot/robot/install/robot_msgs/include/robot_msgs/robot_msgs/srv/release_manual.hpp
[0.811s] -- Up-to-date symlink: /home/kaisar/warehouse_robot/robot/install/robot_msgs/include/robot_msgs/robot_msgs/srv/set_teleop.hpp
[0.811s] -- Up-to-date symlink: /home/kaisar/warehouse_robot/robot/install/robot_msgs/include/robot_msgs/robot_msgs/srv/stop_robot.hpp
[0.812s] -- Up-to-date symlink: /home/kaisar/warehouse_robot/robot/install/robot_msgs/include/robot_msgs/robot_msgs/msg/detail/robot_status__rosidl_typesupport_fastrtps_cpp.hpp
[0.812s] -- Up-to-date symlink: /home/kaisar/warehouse_robot/robot/install/robot_msgs/include/robot_msgs/robot_msgs/msg/rosidl_typesupport_fastrtps_cpp__visibility_control.h
[0.813s] -- Up-to-date symlink: /home/kaisar/warehouse_robot/robot/install/robot_msgs/include/robot_msgs/robot_msgs/srv/detail/cancel_route__rosidl_typesupport_fastrtps_cpp.hpp
[0.813s] -- Up-to-date symlink: /home/kaisar/warehouse_robot/robot/install/robot_msgs/include/robot_msgs/robot_msgs/srv/detail/execute_route__rosidl_typesupport_fastrtps_cpp.hpp
[0.813s] -- Up-to-date symlink: /home/kaisar/warehouse_robot/robot/install/robot_msgs/include/robot_msgs/robot_msgs/srv/detail/plan_route__rosidl_typesupport_fastrtps_cpp.hpp
[0.813s] -- Up-to-date symlink: /home/kaisar/warehouse_robot/robot/install/robot_msgs/include/robot_msgs/robot_msgs/srv/detail/release_manual__rosidl_typesupport_fastrtps_cpp.hpp
[0.813s] -- Up-to-date symlink: /home/kaisar/warehouse_robot/robot/install/robot_msgs/include/robot_msgs/robot_msgs/srv/detail/set_teleop__rosidl_typesupport_fastrtps_cpp.hpp
[0.814s] -- Up-to-date symlink: /home/kaisar/warehouse_robot/robot/install/robot_msgs/include/robot_msgs/robot_msgs/srv/detail/stop_robot__rosidl_typesupport_fastrtps_cpp.hpp
[0.814s] -- Up-to-date symlink: /home/kaisar/warehouse_robot/robot/install/robot_msgs/include/robot_msgs/robot_msgs/msg/detail/robot_status__rosidl_typesupport_introspection_c.h
[0.814s] -- Up-to-date symlink: /home/kaisar/warehouse_robot/robot/install/robot_msgs/include/robot_msgs/robot_msgs/msg/rosidl_typesupport_introspection_c__visibility_control.h
[0.814s] -- Up-to-date symlink: /home/kaisar/warehouse_robot/robot/install/robot_msgs/include/robot_msgs/robot_msgs/srv/detail/cancel_route__rosidl_typesupport_introspection_c.h
[0.815s] -- Up-to-date symlink: /home/kaisar/warehouse_robot/robot/install/robot_msgs/include/robot_msgs/robot_msgs/srv/detail/execute_route__rosidl_typesupport_introspection_c.h
[0.815s] -- Up-to-date symlink: /home/kaisar/warehouse_robot/robot/install/robot_msgs/include/robot_msgs/robot_msgs/srv/detail/plan_route__rosidl_typesupport_introspection_c.h
[0.815s] -- Up-to-date symlink: /home/kaisar/warehouse_robot/robot/install/robot_msgs/include/robot_msgs/robot_msgs/srv/detail/release_manual__rosidl_typesupport_introspection_c.h
[0.815s] -- Up-to-date symlink: /home/kaisar/warehouse_robot/robot/install/robot_msgs/include/robot_msgs/robot_msgs/srv/detail/set_teleop__rosidl_typesupport_introspection_c.h
[0.816s] -- Up-to-date symlink: /home/kaisar/warehouse_robot/robot/install/robot_msgs/include/robot_msgs/robot_msgs/srv/detail/stop_robot__rosidl_typesupport_introspection_c.h
[0.816s] -- Up-to-date symlink: /home/kaisar/warehouse_robot/robot/install/robot_msgs/include/robot_msgs/robot_msgs/msg/detail/robot_status__rosidl_typesupport_introspection_cpp.hpp
[0.816s] -- Up-to-date symlink: /home/kaisar/warehouse_robot/robot/install/robot_msgs/include/robot_msgs/robot_msgs/srv/detail/cancel_route__rosidl_typesupport_introspection_cpp.hpp
[0.817s] -- Up-to-date symlink: /home/kaisar/warehouse_robot/robot/install/robot_msgs/include/robot_msgs/robot_msgs/srv/detail/execute_route__rosidl_typesupport_introspection_cpp.hpp
[0.817s] -- Up-to-date symlink: /home/kaisar/warehouse_robot/robot/install/robot_msgs/include/robot_msgs/robot_msgs/srv/detail/plan_route__rosidl_typesupport_introspection_cpp.hpp
[0.817s] -- Up-to-date symlink: /home/kaisar/warehouse_robot/robot/install/robot_msgs/include/robot_msgs/robot_msgs/srv/detail/release_manual__rosidl_typesupport_introspection_cpp.hpp
[0.819s] -- Up-to-date symlink: /home/kaisar/warehouse_robot/robot/install/robot_msgs/include/robot_msgs/robot_msgs/srv/detail/set_teleop__rosidl_typesupport_introspection_cpp.hpp
[0.819s] -- Up-to-date symlink: /home/kaisar/warehouse_robot/robot/install/robot_msgs/include/robot_msgs/robot_msgs/srv/detail/stop_robot__rosidl_typesupport_introspection_cpp.hpp
[0.819s] -- Up-to-date symlink: /home/kaisar/warehouse_robot/robot/install/robot_msgs/share/robot_msgs/environment/pythonpath.sh
[0.819s] -- Up-to-date symlink: /home/kaisar/warehouse_robot/robot/install/robot_msgs/share/robot_msgs/environment/pythonpath.dsv
[0.819s] -- Up-to-date symlink: /home/kaisar/warehouse_robot/robot/install/robot_msgs/lib/python3.12/site-packages/robot_msgs-0.0.0-py3.12.egg-info/PKG-INFO
[0.819s] -- Up-to-date symlink: /home/kaisar/warehouse_robot/robot/install/robot_msgs/lib/python3.12/site-packages/robot_msgs-0.0.0-py3.12.egg-info/SOURCES.txt
[0.819s] -- Up-to-date symlink: /home/kaisar/warehouse_robot/robot/install/robot_msgs/lib/python3.12/site-packages/robot_msgs-0.0.0-py3.12.egg-info/dependency_links.txt
[0.819s] -- Up-to-date symlink: /home/kaisar/warehouse_robot/robot/install/robot_msgs/lib/python3.12/site-packages/robot_msgs-0.0.0-py3.12.egg-info/top_level.txt
[0.820s] -- Up-to-date symlink: /home/kaisar/warehouse_robot/robot/install/robot_msgs/lib/python3.12/site-packages/robot_msgs/__init__.py
[0.821s] -- Up-to-date symlink: /home/kaisar/warehouse_robot/robot/install/robot_msgs/lib/python3.12/site-packages/robot_msgs/_robot_msgs_s.ep.rosidl_typesupport_c.c
[0.821s] -- Up-to-date symlink: /home/kaisar/warehouse_robot/robot/install/robot_msgs/lib/python3.12/site-packages/robot_msgs/_robot_msgs_s.ep.rosidl_typesupport_fastrtps_c.c
[0.821s] -- Up-to-date symlink: /home/kaisar/warehouse_robot/robot/install/robot_msgs/lib/python3.12/site-packages/robot_msgs/_robot_msgs_s.ep.rosidl_typesupport_introspection_c.c
[0.821s] -- Up-to-date symlink: /home/kaisar/warehouse_robot/robot/install/robot_msgs/lib/python3.12/site-packages/robot_msgs/msg/__init__.py
[0.821s] -- Up-to-date symlink: /home/kaisar/warehouse_robot/robot/install/robot_msgs/lib/python3.12/site-packages/robot_msgs/msg/_robot_status.py
[0.821s] -- Up-to-date symlink: /home/kaisar/warehouse_robot/robot/install/robot_msgs/lib/python3.12/site-packages/robot_msgs/msg/_robot_status_s.c
[0.822s] -- Up-to-date symlink: /home/kaisar/warehouse_robot/robot/install/robot_msgs/lib/python3.12/site-packages/robot_msgs/robot_msgs_s__rosidl_typesupport_c.so
[0.822s] -- Up-to-date symlink: /home/kaisar/warehouse_robot/robot/install/robot_msgs/lib/python3.12/site-packages/robot_msgs/robot_msgs_s__rosidl_typesupport_fastrtps_c.so
[0.822s] -- Up-to-date symlink: /home/kaisar/warehouse_robot/robot/install/robot_msgs/lib/python3.12/site-packages/robot_msgs/robot_msgs_s__rosidl_typesupport_introspection_c.so
[0.822s] -- Up-to-date symlink: /home/kaisar/warehouse_robot/robot/install/robot_msgs/lib/python3.12/site-packages/robot_msgs/srv/__init__.py
[0.823s] -- Up-to-date symlink: /home/kaisar/warehouse_robot/robot/install/robot_msgs/lib/python3.12/site-packages/robot_msgs/srv/_cancel_route.py
[0.823s] -- Up-to-date symlink: /home/kaisar/warehouse_robot/robot/install/robot_msgs/lib/python3.12/site-packages/robot_msgs/srv/_cancel_route_s.c
[0.823s] -- Up-to-date symlink: /home/kaisar/warehouse_robot/robot/install/robot_msgs/lib/python3.12/site-packages/robot_msgs/srv/_execute_route.py
[0.823s] -- Up-to-date symlink: /home/kaisar/warehouse_robot/robot/install/robot_msgs/lib/python3.12/site-packages/robot_msgs/srv/_execute_route_s.c
[0.823s] -- Up-to-date symlink: /home/kaisar/warehouse_robot/robot/install/robot_msgs/lib/python3.12/site-packages/robot_msgs/srv/_plan_route.py
[0.823s] -- Up-to-date symlink: /home/kaisar/warehouse_robot/robot/install/robot_msgs/lib/python3.12/site-packages/robot_msgs/srv/_plan_route_s.c
[0.824s] -- Up-to-date symlink: /home/kaisar/warehouse_robot/robot/install/robot_msgs/lib/python3.12/site-packages/robot_msgs/srv/_release_manual.py
[0.824s] -- Up-to-date symlink: /home/kaisar/warehouse_robot/robot/install/robot_msgs/lib/python3.12/site-packages/robot_msgs/srv/_release_manual_s.c
[0.824s] -- Up-to-date symlink: /home/kaisar/warehouse_robot/robot/install/robot_msgs/lib/python3.12/site-packages/robot_msgs/srv/_set_teleop.py
[0.826s] -- Up-to-date symlink: /home/kaisar/warehouse_robot/robot/install/robot_msgs/lib/python3.12/site-packages/robot_msgs/srv/_set_teleop_s.c
[0.826s] -- Up-to-date symlink: /home/kaisar/warehouse_robot/robot/install/robot_msgs/lib/python3.12/site-packages/robot_msgs/srv/_stop_robot.py
[0.826s] -- Up-to-date symlink: /home/kaisar/warehouse_robot/robot/install/robot_msgs/lib/python3.12/site-packages/robot_msgs/srv/_stop_robot_s.c
[0.826s] -- Up-to-date symlink: /home/kaisar/warehouse_robot/robot/install/robot_msgs/lib/python3.12/site-packages/robot_msgs/robot_msgs_s__rosidl_typesupport_fastrtps_c.so
[0.826s] -- Up-to-date symlink: /home/kaisar/warehouse_robot/robot/install/robot_msgs/lib/python3.12/site-packages/robot_msgs/robot_msgs_s__rosidl_typesupport_introspection_c.so
[0.826s] -- Up-to-date symlink: /home/kaisar/warehouse_robot/robot/install/robot_msgs/lib/python3.12/site-packages/robot_msgs/robot_msgs_s__rosidl_typesupport_c.so
[0.827s] -- Up-to-date symlink: /home/kaisar/warehouse_robot/robot/install/robot_msgs/share/ament_index/resource_index/rust_packages/robot_msgs
[0.827s] -- Up-to-date symlink: /home/kaisar/warehouse_robot/robot/install/robot_msgs/share/robot_msgs/rust/Cargo.toml
[0.827s] -- Up-to-date symlink: /home/kaisar/warehouse_robot/robot/install/robot_msgs/share/robot_msgs/rust/build.rs
[0.827s] -- Up-to-date symlink: /home/kaisar/warehouse_robot/robot/install/robot_msgs/share/robot_msgs/rust/src/lib.rs
[0.827s] -- Up-to-date symlink: /home/kaisar/warehouse_robot/robot/install/robot_msgs/share/robot_msgs/rust/src/msg.rs
[0.827s] -- Up-to-date symlink: /home/kaisar/warehouse_robot/robot/install/robot_msgs/share/robot_msgs/rust/src/msg/rmw.rs
[0.827s] -- Up-to-date symlink: /home/kaisar/warehouse_robot/robot/install/robot_msgs/share/robot_msgs/rust/src/srv.rs
[0.827s] -- Up-to-date symlink: /home/kaisar/warehouse_robot/robot/install/robot_msgs/share/robot_msgs/rust/src/srv/rmw.rs
[0.828s] -- Up-to-date symlink: /home/kaisar/warehouse_robot/robot/install/robot_msgs/share/robot_msgs/msg/RobotStatus.idl
[0.828s] -- Up-to-date symlink: /home/kaisar/warehouse_robot/robot/install/robot_msgs/share/robot_msgs/srv/PlanRoute.idl
[0.828s] -- Up-to-date symlink: /home/kaisar/warehouse_robot/robot/install/robot_msgs/share/robot_msgs/srv/ExecuteRoute.idl
[0.828s] -- Up-to-date symlink: /home/kaisar/warehouse_robot/robot/install/robot_msgs/share/robot_msgs/srv/CancelRoute.idl
[0.828s] -- Up-to-date symlink: /home/kaisar/warehouse_robot/robot/install/robot_msgs/share/robot_msgs/srv/SetTeleop.idl
[0.828s] -- Up-to-date symlink: /home/kaisar/warehouse_robot/robot/install/robot_msgs/share/robot_msgs/srv/ReleaseManual.idl
[0.828s] -- Up-to-date symlink: /home/kaisar/warehouse_robot/robot/install/robot_msgs/share/robot_msgs/srv/StopRobot.idl
[0.829s] -- Up-to-date symlink: /home/kaisar/warehouse_robot/robot/install/robot_msgs/share/robot_msgs/msg/RobotStatus.msg
[0.829s] -- Up-to-date symlink: /home/kaisar/warehouse_robot/robot/install/robot_msgs/share/robot_msgs/srv/PlanRoute.srv
[0.829s] -- Up-to-date symlink: /home/kaisar/warehouse_robot/robot/install/robot_msgs/share/robot_msgs/srv/ExecuteRoute.srv
[0.829s] -- Up-to-date symlink: /home/kaisar/warehouse_robot/robot/install/robot_msgs/share/robot_msgs/srv/CancelRoute.srv
[0.829s] -- Up-to-date symlink: /home/kaisar/warehouse_robot/robot/install/robot_msgs/share/robot_msgs/srv/SetTeleop.srv
[0.829s] -- Up-to-date symlink: /home/kaisar/warehouse_robot/robot/install/robot_msgs/share/robot_msgs/srv/ReleaseManual.srv
[0.830s] -- Up-to-date symlink: /home/kaisar/warehouse_robot/robot/install/robot_msgs/share/robot_msgs/srv/StopRobot.srv
[0.830s] -- Up-to-date symlink: /home/kaisar/warehouse_robot/robot/install/robot_msgs/share/ament_index/resource_index/package_run_dependencies/robot_msgs
[0.830s] -- Up-to-date symlink: /home/kaisar/warehouse_robot/robot/install/robot_msgs/share/ament_index/resource_index/parent_prefix_path/robot_msgs
[0.830s] -- Up-to-date symlink: /home/kaisar/warehouse_robot/robot/install/robot_msgs/share/robot_msgs/environment/ament_prefix_path.sh
[0.831s] -- Up-to-date symlink: /home/kaisar/warehouse_robot/robot/install/robot_msgs/share/robot_msgs/environment/ament_prefix_path.dsv
[0.831s] -- Up-to-date symlink: /home/kaisar/warehouse_robot/robot/install/robot_msgs/share/robot_msgs/environment/path.sh
[0.831s] -- Up-to-date symlink: /home/kaisar/warehouse_robot/robot/install/robot_msgs/share/robot_msgs/environment/path.dsv
[0.831s] -- Up-to-date symlink: /home/kaisar/warehouse_robot/robot/install/robot_msgs/share/robot_msgs/local_setup.bash
[0.831s] -- Up-to-date symlink: /home/kaisar/warehouse_robot/robot/install/robot_msgs/share/robot_msgs/local_setup.sh
[0.832s] -- Up-to-date symlink: /home/kaisar/warehouse_robot/robot/install/robot_msgs/share/robot_msgs/local_setup.zsh
[0.832s] -- Up-to-date symlink: /home/kaisar/warehouse_robot/robot/install/robot_msgs/share/robot_msgs/local_setup.dsv
[0.832s] -- Symlinking: /home/kaisar/warehouse_robot/robot/install/robot_msgs/share/robot_msgs/package.dsv
[0.846s] -- Up-to-date symlink: /home/kaisar/warehouse_robot/robot/install/robot_msgs/share/ament_index/resource_index/packages/robot_msgs
[0.847s] -- Up-to-date symlink: /home/kaisar/warehouse_robot/robot/install/robot_msgs/share/robot_msgs/cmake/rosidl_cmake-extras.cmake
[0.847s] -- Up-to-date symlink: /home/kaisar/warehouse_robot/robot/install/robot_msgs/share/robot_msgs/cmake/ament_cmake_export_dependencies-extras.cmake
[0.847s] -- Up-to-date symlink: /home/kaisar/warehouse_robot/robot/install/robot_msgs/share/robot_msgs/cmake/ament_cmake_export_include_directories-extras.cmake
[0.847s] -- Up-to-date symlink: /home/kaisar/warehouse_robot/robot/install/robot_msgs/share/robot_msgs/cmake/ament_cmake_export_libraries-extras.cmake
[0.847s] -- Up-to-date symlink: /home/kaisar/warehouse_robot/robot/install/robot_msgs/share/robot_msgs/cmake/ament_cmake_export_targets-extras.cmake
[0.849s] -- Up-to-date symlink: /home/kaisar/warehouse_robot/robot/install/robot_msgs/share/robot_msgs/cmake/rosidl_cmake_export_typesupport_targets-extras.cmake
[0.849s] -- Up-to-date symlink: /home/kaisar/warehouse_robot/robot/install/robot_msgs/share/robot_msgs/cmake/rosidl_cmake_export_typesupport_libraries-extras.cmake
[0.849s] -- Up-to-date symlink: /home/kaisar/warehouse_robot/robot/install/robot_msgs/share/robot_msgs/cmake/robot_msgsConfig.cmake
[0.849s] -- Up-to-date symlink: /home/kaisar/warehouse_robot/robot/install/robot_msgs/share/robot_msgs/cmake/robot_msgsConfig-version.cmake
[0.850s] -- Up-to-date symlink: /home/kaisar/warehouse_robot/robot/install/robot_msgs/share/robot_msgs/package.xml
[0.850s] -- Up-to-date: /home/kaisar/warehouse_robot/robot/install/robot_msgs/lib/librobot_msgs__rosidl_generator_c.so
[0.850s] -- Up-to-date: /home/kaisar/warehouse_robot/robot/install/robot_msgs/lib/librobot_msgs__rosidl_typesupport_fastrtps_c.so
[0.850s] -- Up-to-date: /home/kaisar/warehouse_robot/robot/install/robot_msgs/lib/librobot_msgs__rosidl_typesupport_fastrtps_cpp.so
[0.851s] -- Up-to-date: /home/kaisar/warehouse_robot/robot/install/robot_msgs/lib/librobot_msgs__rosidl_typesupport_introspection_c.so
[0.852s] -- Up-to-date: /home/kaisar/warehouse_robot/robot/install/robot_msgs/lib/librobot_msgs__rosidl_typesupport_c.so
[0.852s] -- Up-to-date: /home/kaisar/warehouse_robot/robot/install/robot_msgs/lib/librobot_msgs__rosidl_typesupport_introspection_cpp.so
[0.853s] -- Up-to-date: /home/kaisar/warehouse_robot/robot/install/robot_msgs/lib/librobot_msgs__rosidl_typesupport_cpp.so
[0.899s] Listing '/home/kaisar/warehouse_robot/robot/install/robot_msgs/lib/python3.12/site-packages/robot_msgs'...
[0.899s] Listing '/home/kaisar/warehouse_robot/robot/install/robot_msgs/lib/python3.12/site-packages/robot_msgs/msg'...
[0.899s] Listing '/home/kaisar/warehouse_robot/robot/install/robot_msgs/lib/python3.12/site-packages/robot_msgs/srv'...
[0.906s] -- Up-to-date: /home/kaisar/warehouse_robot/robot/install/robot_msgs/lib/librobot_msgs__rosidl_generator_py.so
[0.906s] -- Up-to-date: /home/kaisar/warehouse_robot/robot/install/robot_msgs/share/robot_msgs/cmake/export_robot_msgs__rosidl_generator_cExport.cmake
[0.907s] -- Up-to-date: /home/kaisar/warehouse_robot/robot/install/robot_msgs/share/robot_msgs/cmake/export_robot_msgs__rosidl_generator_cExport-noconfig.cmake
[0.907s] -- Up-to-date: /home/kaisar/warehouse_robot/robot/install/robot_msgs/share/robot_msgs/cmake/export_robot_msgs__rosidl_typesupport_fastrtps_cExport.cmake
[0.907s] -- Up-to-date: /home/kaisar/warehouse_robot/robot/install/robot_msgs/share/robot_msgs/cmake/export_robot_msgs__rosidl_typesupport_fastrtps_cExport-noconfig.cmake
[0.907s] -- Up-to-date: /home/kaisar/warehouse_robot/robot/install/robot_msgs/share/robot_msgs/cmake/export_robot_msgs__rosidl_generator_cppExport.cmake
[0.907s] -- Up-to-date: /home/kaisar/warehouse_robot/robot/install/robot_msgs/share/robot_msgs/cmake/export_robot_msgs__rosidl_typesupport_fastrtps_cppExport.cmake
[0.907s] -- Up-to-date: /home/kaisar/warehouse_robot/robot/install/robot_msgs/share/robot_msgs/cmake/export_robot_msgs__rosidl_typesupport_fastrtps_cppExport-noconfig.cmake
[0.907s] -- Up-to-date: /home/kaisar/warehouse_robot/robot/install/robot_msgs/share/robot_msgs/cmake/robot_msgs__rosidl_typesupport_introspection_cExport.cmake
[0.908s] -- Up-to-date: /home/kaisar/warehouse_robot/robot/install/robot_msgs/share/robot_msgs/cmake/robot_msgs__rosidl_typesupport_introspection_cExport-noconfig.cmake
[0.908s] -- Up-to-date: /home/kaisar/warehouse_robot/robot/install/robot_msgs/share/robot_msgs/cmake/robot_msgs__rosidl_typesupport_cExport.cmake
[0.908s] -- Up-to-date: /home/kaisar/warehouse_robot/robot/install/robot_msgs/share/robot_msgs/cmake/robot_msgs__rosidl_typesupport_cExport-noconfig.cmake
[0.908s] -- Up-to-date: /home/kaisar/warehouse_robot/robot/install/robot_msgs/share/robot_msgs/cmake/robot_msgs__rosidl_typesupport_introspection_cppExport.cmake
[0.908s] -- Up-to-date: /home/kaisar/warehouse_robot/robot/install/robot_msgs/share/robot_msgs/cmake/robot_msgs__rosidl_typesupport_introspection_cppExport-noconfig.cmake
[0.908s] -- Up-to-date: /home/kaisar/warehouse_robot/robot/install/robot_msgs/share/robot_msgs/cmake/robot_msgs__rosidl_typesupport_cppExport.cmake
[0.908s] -- Up-to-date: /home/kaisar/warehouse_robot/robot/install/robot_msgs/share/robot_msgs/cmake/robot_msgs__rosidl_typesupport_cppExport-noconfig.cmake
[0.908s] -- Up-to-date: /home/kaisar/warehouse_robot/robot/install/robot_msgs/share/robot_msgs/cmake/export_robot_msgs__rosidl_generator_pyExport.cmake
[0.909s] -- Up-to-date: /home/kaisar/warehouse_robot/robot/install/robot_msgs/share/robot_msgs/cmake/export_robot_msgs__rosidl_generator_pyExport-noconfig.cmake
[0.911s] Invoked command in '/home/kaisar/warehouse_robot/robot/build/robot_msgs' returned '0': CMAKE_PREFIX_PATH=${CMAKE_PREFIX_PATH}:/opt/ros/jazzy DEBUGINFOD_URLS=https://debuginfod.ubuntu.com /usr/bin/cmake --install /home/kaisar/warehouse_robot/robot/build/robot_msgs
