[1.786s] Invoking command in '/home/kaisar/warehouse_robot/robot/ws/src/robot_map_manager': AMENT_PREFIX_PATH=/home/kaisar/warehouse_robot/robot/install/robot_planner:/home/kaisar/warehouse_robot/robot/install/robot_msgs:${AMENT_PREFIX_PATH} CMAKE_PREFIX_PATH=/home/kaisar/warehouse_robot/robot/install/robot_msgs:${CMAKE_PREFIX_PATH} DEBUGINFOD_URLS=https://debuginfod.ubuntu.com LD_LIBRARY_PATH=/home/kaisar/warehouse_robot/robot/install/robot_msgs/lib:${LD_LIBRARY_PATH} PYTHONPATH=/home/kaisar/warehouse_robot/robot/build/robot_map_manager/prefix_override:/usr/lib/python3/dist-packages/colcon_core/task/python/colcon_distutils_commands:/home/kaisar/warehouse_robot/robot/install/robot_map_manager/lib/python3.12/site-packages:/home/kaisar/warehouse_robot/robot/build/robot_planner:/home/kaisar/warehouse_robot/robot/install/robot_planner/lib/python3.12/site-packages:/home/kaisar/warehouse_robot/robot/install/robot_msgs/lib/python3.12/site-packages:${PYTHONPATH} /usr/bin/python3 -W ignore:setup.py install is deprecated -W ignore:easy_install command is deprecated setup.py egg_info --egg-base ../../../build/robot_map_manager build --build-base /home/kaisar/warehouse_robot/robot/build/robot_map_manager/build install --record /home/kaisar/warehouse_robot/robot/build/robot_map_manager/install.log --single-version-externally-managed install_data
[2.205s] running egg_info
[2.240s] writing ../../../build/robot_map_manager/robot_map_manager.egg-info/PKG-INFO
[2.241s] writing dependency_links to ../../../build/robot_map_manager/robot_map_manager.egg-info/dependency_links.txt
[2.243s] writing entry points to ../../../build/robot_map_manager/robot_map_manager.egg-info/entry_points.txt
[2.243s] writing requirements to ../../../build/robot_map_manager/robot_map_manager.egg-info/requires.txt
[2.243s] writing top-level names to ../../../build/robot_map_manager/robot_map_manager.egg-info/top_level.txt
[2.314s] reading manifest file '../../../build/robot_map_manager/robot_map_manager.egg-info/SOURCES.txt'
[2.315s] writing manifest file '../../../build/robot_map_manager/robot_map_manager.egg-info/SOURCES.txt'
[2.315s] running build
[2.315s] running build_py
[2.315s] copying robot_map_manager/node.py -> /home/kaisar/warehouse_robot/robot/build/robot_map_manager/build/lib/robot_map_manager
[2.316s] running install
[2.323s] running install_lib
[2.360s] copying /home/kaisar/warehouse_robot/robot/build/robot_map_manager/build/lib/robot_map_manager/node.py -> /home/kaisar/warehouse_robot/robot/install/robot_map_manager/lib/python3.12/site-packages/robot_map_manager
[2.361s] byte-compiling /home/kaisar/warehouse_robot/robot/install/robot_map_manager/lib/python3.12/site-packages/robot_map_manager/node.py to node.cpython-312.pyc
[2.364s] running install_data
[2.364s] running install_egg_info
[2.402s] removing '/home/kaisar/warehouse_robot/robot/install/robot_map_manager/lib/python3.12/site-packages/robot_map_manager-0.0.0-py3.12.egg-info' (and everything under it)
[2.402s] Copying ../../../build/robot_map_manager/robot_map_manager.egg-info to /home/kaisar/warehouse_robot/robot/install/robot_map_manager/lib/python3.12/site-packages/robot_map_manager-0.0.0-py3.12.egg-info
[2.403s] running install_scripts
[2.644s] Installing map_manager_node script to /home/kaisar/warehouse_robot/robot/install/robot_map_manager/lib/robot_map_manager
[2.644s] writing list of installed files to '/home/kaisar/warehouse_robot/robot/build/robot_map_manager/install.log'
[2.699s] Invoked command in '/home/kaisar/warehouse_robot/robot/ws/src/robot_map_manager' returned '0': AMENT_PREFIX_PATH=/home/kaisar/warehouse_robot/robot/install/robot_planner:/home/kaisar/warehouse_robot/robot/install/robot_msgs:${AMENT_PREFIX_PATH} CMAKE_PREFIX_PATH=/home/kaisar/warehouse_robot/robot/install/robot_msgs:${CMAKE_PREFIX_PATH} DEBUGINFOD_URLS=https://debuginfod.ubuntu.com LD_LIBRARY_PATH=/home/kaisar/warehouse_robot/robot/install/robot_msgs/lib:${LD_LIBRARY_PATH} PYTHONPATH=/home/kaisar/warehouse_robot/robot/build/robot_map_manager/prefix_override:/usr/lib/python3/dist-packages/colcon_core/task/python/colcon_distutils_commands:/home/kaisar/warehouse_robot/robot/install/robot_map_manager/lib/python3.12/site-packages:/home/kaisar/warehouse_robot/robot/build/robot_planner:/home/kaisar/warehouse_robot/robot/install/robot_planner/lib/python3.12/site-packages:/home/kaisar/warehouse_robot/robot/install/robot_msgs/lib/python3.12/site-packages:${PYTHONPATH} /usr/bin/python3 -W ignore:setup.py install is deprecated -W ignore:easy_install command is deprecated setup.py egg_info --egg-base ../../../build/robot_map_manager build --build-base /home/kaisar/warehouse_robot/robot/build/robot_map_manager/build install --record /home/kaisar/warehouse_robot/robot/build/robot_map_manager/install.log --single-version-externally-managed install_data
