running egg_info
writing ../../../build/robot_http_api/robot_http_api.egg-info/PKG-INFO
writing dependency_links to ../../../build/robot_http_api/robot_http_api.egg-info/dependency_links.txt
writing entry points to ../../../build/robot_http_api/robot_http_api.egg-info/entry_points.txt
writing requirements to ../../../build/robot_http_api/robot_http_api.egg-info/requires.txt
writing top-level names to ../../../build/robot_http_api/robot_http_api.egg-info/top_level.txt
reading manifest file '../../../build/robot_http_api/robot_http_api.egg-info/SOURCES.txt'
writing manifest file '../../../build/robot_http_api/robot_http_api.egg-info/SOURCES.txt'
running build
running build_py
copying robot_http_api/server.py -> /home/kaisar/warehouse_robot/robot/build/robot_http_api/build/lib/robot_http_api
running install
running install_lib
copying /home/kaisar/warehouse_robot/robot/build/robot_http_api/build/lib/robot_http_api/server.py -> /home/kaisar/warehouse_robot/robot/install/robot_http_api/lib/python3.12/site-packages/robot_http_api
byte-compiling /home/kaisar/warehouse_robot/robot/install/robot_http_api/lib/python3.12/site-packages/robot_http_api/server.py to server.cpython-312.pyc
running install_data
copying package.xml -> /home/kaisar/warehouse_robot/robot/install/robot_http_api/share/robot_http_api
running install_egg_info
removing '/home/kaisar/warehouse_robot/robot/install/robot_http_api/lib/python3.12/site-packages/robot_http_api-0.0.0-py3.12.egg-info' (and everything under it)
Copying ../../../build/robot_http_api/robot_http_api.egg-info to /home/kaisar/warehouse_robot/robot/install/robot_http_api/lib/python3.12/site-packages/robot_http_api-0.0.0-py3.12.egg-info
running install_scripts
Installing robot_http_api_server script to /home/kaisar/warehouse_robot/robot/install/robot_http_api/lib/robot_http_api
writing list of installed files to '/home/kaisar/warehouse_robot/robot/build/robot_http_api/install.log'
