[1.284s] Invoking command in '/home/kaisar/warehouse_robot/robot/ws/src/robot_http_api': AMENT_PREFIX_PATH=/home/kaisar/warehouse_robot/robot/install/robot_control:/home/kaisar/warehouse_robot/robot/install/robot_planner:/home/kaisar/warehouse_robot/robot/install/robot_msgs:${AMENT_PREFIX_PATH} CMAKE_PREFIX_PATH=/home/kaisar/warehouse_robot/robot/install/robot_msgs:${CMAKE_PREFIX_PATH} DEBUGINFOD_URLS=https://debuginfod.ubuntu.com LD_LIBRARY_PATH=/home/kaisar/warehouse_robot/robot/install/robot_msgs/lib:${LD_LIBRARY_PATH} PYTHONPATH=/home/kaisar/warehouse_robot/robot/build/robot_http_api/prefix_override:/usr/lib/python3/dist-packages/colcon_core/task/python/colcon_distutils_commands:/home/kaisar/warehouse_robot/robot/install/robot_http_api/lib/python3.12/site-packages:/home/kaisar/warehouse_robot/robot/install/robot_control/lib/python3.12/site-packages:/home/kaisar/warehouse_robot/robot/install/robot_planner/lib/python3.12/site-packages:/home/kaisar/warehouse_robot/robot/install/robot_msgs/lib/python3.12/site-packages:${PYTHONPATH} /usr/bin/python3 -W ignore:setup.py install is deprecated -W ignore:easy_install command is deprecated setup.py egg_info --egg-base ../../../build/robot_http_api build --build-base /home/kaisar/warehouse_robot/robot/build/robot_http_api/build install --record /home/kaisar/warehouse_robot/robot/build/robot_http_api/install.log --single-version-externally-managed install_data
[1.708s] running egg_info
[1.743s] writing ../../../build/robot_http_api/robot_http_api.egg-info/PKG-INFO
[1.743s] writing dependency_links to ../../../build/robot_http_api/robot_http_api.egg-info/dependency_links.txt
[1.743s] writing entry points to ../../../build/robot_http_api/robot_http_api.egg-info/entry_points.txt
[1.743s] writing requirements to ../../../build/robot_http_api/robot_http_api.egg-info/requires.txt
[1.743s] writing top-level names to ../../../build/robot_http_api/robot_http_api.egg-info/top_level.txt
[1.818s] reading manifest file '../../../build/robot_http_api/robot_http_api.egg-info/SOURCES.txt'
[1.819s] writing manifest file '../../../build/robot_http_api/robot_http_api.egg-info/SOURCES.txt'
[1.819s] running build
[1.819s] running build_py
[1.820s] copying robot_http_api/server.py -> /home/kaisar/warehouse_robot/robot/build/robot_http_api/build/lib/robot_http_api
[1.820s] running install
[1.828s] running install_lib
[1.865s] copying /home/kaisar/warehouse_robot/robot/build/robot_http_api/build/lib/robot_http_api/server.py -> /home/kaisar/warehouse_robot/robot/install/robot_http_api/lib/python3.12/site-packages/robot_http_api
[1.866s] byte-compiling /home/kaisar/warehouse_robot/robot/install/robot_http_api/lib/python3.12/site-packages/robot_http_api/server.py to server.cpython-312.pyc
[1.875s] running install_data
[1.875s] copying package.xml -> /home/kaisar/warehouse_robot/robot/install/robot_http_api/share/robot_http_api
[1.875s] running install_egg_info
[1.911s] removing '/home/kaisar/warehouse_robot/robot/install/robot_http_api/lib/python3.12/site-packages/robot_http_api-0.0.0-py3.12.egg-info' (and everything under it)
[1.911s] Copying ../../../build/robot_http_api/robot_http_api.egg-info to /home/kaisar/warehouse_robot/robot/install/robot_http_api/lib/python3.12/site-packages/robot_http_api-0.0.0-py3.12.egg-info
[1.913s] running install_scripts
[2.148s] Installing robot_http_api_server script to /home/kaisar/warehouse_robot/robot/install/robot_http_api/lib/robot_http_api
[2.149s] writing list of installed files to '/home/kaisar/warehouse_robot/robot/build/robot_http_api/install.log'
[2.208s] Invoked command in '/home/kaisar/warehouse_robot/robot/ws/src/robot_http_api' returned '0': AMENT_PREFIX_PATH=/home/kaisar/warehouse_robot/robot/install/robot_control:/home/kaisar/warehouse_robot/robot/install/robot_planner:/home/kaisar/warehouse_robot/robot/install/robot_msgs:${AMENT_PREFIX_PATH} CMAKE_PREFIX_PATH=/home/kaisar/warehouse_robot/robot/install/robot_msgs:${CMAKE_PREFIX_PATH} DEBUGINFOD_URLS=https://debuginfod.ubuntu.com LD_LIBRARY_PATH=/home/kaisar/warehouse_robot/robot/install/robot_msgs/lib:${LD_LIBRARY_PATH} PYTHONPATH=/home/kaisar/warehouse_robot/robot/build/robot_http_api/prefix_override:/usr/lib/python3/dist-packages/colcon_core/task/python/colcon_distutils_commands:/home/kaisar/warehouse_robot/robot/install/robot_http_api/lib/python3.12/site-packages:/home/kaisar/warehouse_robot/robot/install/robot_control/lib/python3.12/site-packages:/home/kaisar/warehouse_robot/robot/install/robot_planner/lib/python3.12/site-packages:/home/kaisar/warehouse_robot/robot/install/robot_msgs/lib/python3.12/site-packages:${PYTHONPATH} /usr/bin/python3 -W ignore:setup.py install is deprecated -W ignore:easy_install command is deprecated setup.py egg_info --egg-base ../../../build/robot_http_api build --build-base /home/kaisar/warehouse_robot/robot/build/robot_http_api/build install --record /home/kaisar/warehouse_robot/robot/build/robot_http_api/install.log --single-version-externally-managed install_data
