[1.206s] Invoking command in '/home/kaisar/warehouse_robot/robot/build/robot_status': AMENT_PREFIX_PATH=/home/kaisar/warehouse_robot/robot/install/robot_planner:/home/kaisar/warehouse_robot/robot/install/robot_msgs:${AMENT_PREFIX_PATH} CMAKE_PREFIX_PATH=/home/kaisar/warehouse_robot/robot/install/robot_msgs:${CMAKE_PREFIX_PATH} DEBUGINFOD_URLS=https://debuginfod.ubuntu.com LD_LIBRARY_PATH=/home/kaisar/warehouse_robot/robot/install/robot_msgs/lib:${LD_LIBRARY_PATH} PYTHONPATH=/home/kaisar/warehouse_robot/robot/build/robot_status/prefix_override:/usr/lib/python3/dist-packages/colcon_core/task/python/colcon_distutils_commands:/home/kaisar/warehouse_robot/robot/install/robot_status/lib/python3.12/site-packages:/home/kaisar/warehouse_robot/robot/install/robot_planner/lib/python3.12/site-packages:/home/kaisar/warehouse_robot/robot/install/robot_msgs/lib/python3.12/site-packages:${PYTHONPATH} /usr/bin/python3 -W ignore:setup.py install is deprecated -W ignore:easy_install command is deprecated setup.py develop --uninstall --editable --build-directory /home/kaisar/warehouse_robot/robot/build/robot_status/build
[1.653s] running develop
[2.018s] Removing /home/kaisar/warehouse_robot/robot/install/robot_status/lib/python3.12/site-packages/robot-status.egg-link (link to .)
[2.075s] Invoked command in '/home/kaisar/warehouse_robot/robot/build/robot_status' returned '0': AMENT_PREFIX_PATH=/home/kaisar/warehouse_robot/robot/install/robot_planner:/home/kaisar/warehouse_robot/robot/install/robot_msgs:${AMENT_PREFIX_PATH} CMAKE_PREFIX_PATH=/home/kaisar/warehouse_robot/robot/install/robot_msgs:${CMAKE_PREFIX_PATH} DEBUGINFOD_URLS=https://debuginfod.ubuntu.com LD_LIBRARY_PATH=/home/kaisar/warehouse_robot/robot/install/robot_msgs/lib:${LD_LIBRARY_PATH} PYTHONPATH=/home/kaisar/warehouse_robot/robot/build/robot_status/prefix_override:/usr/lib/python3/dist-packages/colcon_core/task/python/colcon_distutils_commands:/home/kaisar/warehouse_robot/robot/install/robot_status/lib/python3.12/site-packages:/home/kaisar/warehouse_robot/robot/install/robot_planner/lib/python3.12/site-packages:/home/kaisar/warehouse_robot/robot/install/robot_msgs/lib/python3.12/site-packages:${PYTHONPATH} /usr/bin/python3 -W ignore:setup.py install is deprecated -W ignore:easy_install command is deprecated setup.py develop --uninstall --editable --build-directory /home/kaisar/warehouse_robot/robot/build/robot_status/build
[2.076s] Invoking command in '/home/kaisar/warehouse_robot/robot/ws/src/robot_status': AMENT_PREFIX_PATH=/home/kaisar/warehouse_robot/robot/install/robot_planner:/home/kaisar/warehouse_robot/robot/install/robot_msgs:${AMENT_PREFIX_PATH} CMAKE_PREFIX_PATH=/home/kaisar/warehouse_robot/robot/install/robot_msgs:${CMAKE_PREFIX_PATH} DEBUGINFOD_URLS=https://debuginfod.ubuntu.com LD_LIBRARY_PATH=/home/kaisar/warehouse_robot/robot/install/robot_msgs/lib:${LD_LIBRARY_PATH} PYTHONPATH=/home/kaisar/warehouse_robot/robot/build/robot_status/prefix_override:/usr/lib/python3/dist-packages/colcon_core/task/python/colcon_distutils_commands:/home/kaisar/warehouse_robot/robot/install/robot_status/lib/python3.12/site-packages:/home/kaisar/warehouse_robot/robot/install/robot_planner/lib/python3.12/site-packages:/home/kaisar/warehouse_robot/robot/install/robot_msgs/lib/python3.12/site-packages:${PYTHONPATH} /usr/bin/python3 -W ignore:setup.py install is deprecated -W ignore:easy_install command is deprecated setup.py egg_info --egg-base ../../../build/robot_status build --build-base /home/kaisar/warehouse_robot/robot/build/robot_status/build install --record /home/kaisar/warehouse_robot/robot/build/robot_status/install.log --single-version-externally-managed install_data --force
[2.473s] running egg_info
[2.506s] writing ../../../build/robot_status/robot_status.egg-info/PKG-INFO
[2.506s] writing dependency_links to ../../../build/robot_status/robot_status.egg-info/dependency_links.txt
[2.506s] writing entry points to ../../../build/robot_status/robot_status.egg-info/entry_points.txt
[2.507s] writing requirements to ../../../build/robot_status/robot_status.egg-info/requires.txt
[2.507s] writing top-level names to ../../../build/robot_status/robot_status.egg-info/top_level.txt
[2.573s] reading manifest file '../../../build/robot_status/robot_status.egg-info/SOURCES.txt'
[2.574s] writing manifest file '../../../build/robot_status/robot_status.egg-info/SOURCES.txt'
[2.574s] running build
[2.574s] running build_py
[2.574s] creating /home/kaisar/warehouse_robot/robot/build/robot_status/build
[2.574s] creating /home/kaisar/warehouse_robot/robot/build/robot_status/build/lib
[2.574s] creating /home/kaisar/warehouse_robot/robot/build/robot_status/build/lib/robot_status
[2.575s] copying robot_status/node.py -> /home/kaisar/warehouse_robot/robot/build/robot_status/build/lib/robot_status
[2.575s] copying robot_status/__init__.py -> /home/kaisar/warehouse_robot/robot/build/robot_status/build/lib/robot_status
[2.575s] copying robot_status/main.py -> /home/kaisar/warehouse_robot/robot/build/robot_status/build/lib/robot_status
[2.575s] running install
[2.581s] running install_lib
[2.621s] creating /home/kaisar/warehouse_robot/robot/install/robot_status/lib/python3.12/site-packages/robot_status
[2.621s] copying /home/kaisar/warehouse_robot/robot/build/robot_status/build/lib/robot_status/node.py -> /home/kaisar/warehouse_robot/robot/install/robot_status/lib/python3.12/site-packages/robot_status
[2.622s] copying /home/kaisar/warehouse_robot/robot/build/robot_status/build/lib/robot_status/__init__.py -> /home/kaisar/warehouse_robot/robot/install/robot_status/lib/python3.12/site-packages/robot_status
[2.622s] copying /home/kaisar/warehouse_robot/robot/build/robot_status/build/lib/robot_status/main.py -> /home/kaisar/warehouse_robot/robot/install/robot_status/lib/python3.12/site-packages/robot_status
[2.623s] byte-compiling /home/kaisar/warehouse_robot/robot/install/robot_status/lib/python3.12/site-packages/robot_status/node.py to node.cpython-312.pyc
[2.627s] byte-compiling /home/kaisar/warehouse_robot/robot/install/robot_status/lib/python3.12/site-packages/robot_status/__init__.py to __init__.cpython-312.pyc
[2.627s] byte-compiling /home/kaisar/warehouse_robot/robot/install/robot_status/lib/python3.12/site-packages/robot_status/main.py to main.cpython-312.pyc
[2.628s] running install_data
[2.628s] copying resource/robot_status -> /home/kaisar/warehouse_robot/robot/install/robot_status/share/ament_index/resource_index/packages
[2.629s] copying package.xml -> /home/kaisar/warehouse_robot/robot/install/robot_status/share/robot_status
[2.629s] running install_egg_info
[2.664s] Copying ../../../build/robot_status/robot_status.egg-info to /home/kaisar/warehouse_robot/robot/install/robot_status/lib/python3.12/site-packages/robot_status-0.0.0-py3.12.egg-info
[2.665s] running install_scripts
[2.888s] Installing status_node script to /home/kaisar/warehouse_robot/robot/install/robot_status/lib/robot_status
[2.888s] writing list of installed files to '/home/kaisar/warehouse_robot/robot/build/robot_status/install.log'
[2.934s] Invoked command in '/home/kaisar/warehouse_robot/robot/ws/src/robot_status' returned '0': AMENT_PREFIX_PATH=/home/kaisar/warehouse_robot/robot/install/robot_planner:/home/kaisar/warehouse_robot/robot/install/robot_msgs:${AMENT_PREFIX_PATH} CMAKE_PREFIX_PATH=/home/kaisar/warehouse_robot/robot/install/robot_msgs:${CMAKE_PREFIX_PATH} DEBUGINFOD_URLS=https://debuginfod.ubuntu.com LD_LIBRARY_PATH=/home/kaisar/warehouse_robot/robot/install/robot_msgs/lib:${LD_LIBRARY_PATH} PYTHONPATH=/home/kaisar/warehouse_robot/robot/build/robot_status/prefix_override:/usr/lib/python3/dist-packages/colcon_core/task/python/colcon_distutils_commands:/home/kaisar/warehouse_robot/robot/install/robot_status/lib/python3.12/site-packages:/home/kaisar/warehouse_robot/robot/install/robot_planner/lib/python3.12/site-packages:/home/kaisar/warehouse_robot/robot/install/robot_msgs/lib/python3.12/site-packages:${PYTHONPATH} /usr/bin/python3 -W ignore:setup.py install is deprecated -W ignore:easy_install command is deprecated setup.py egg_info --egg-base ../../../build/robot_status build --build-base /home/kaisar/warehouse_robot/robot/build/robot_status/build install --record /home/kaisar/warehouse_robot/robot/build/robot_status/install.log --single-version-externally-managed install_data --force
