[0.014s] Invoking command in '/home/kaisar/warehouse_robot/robot/build/robot_msgs': CMAKE_PREFIX_PATH=${CMAKE_PREFIX_PATH}:/opt/ros/jazzy DEBUGINFOD_URLS=https://debuginfod.ubuntu.com /usr/bin/cmake /home/kaisar/warehouse_robot/robot/ws/src/robot_msgs -DCMAKE_INSTALL_PREFIX=/home/kaisar/warehouse_robot/robot/install/robot_msgs
[0.030s] -- Found ament_cmake: 2.5.6 (/opt/ros/jazzy/share/ament_cmake/cmake)
[0.165s] -- Override CMake install command with custom implementation using symlinks instead of copying resources
[0.174s] -- Found builtin_interfaces: 2.0.3 (/opt/ros/jazzy/share/builtin_interfaces/cmake)
[0.207s] -- Found rosidl_generator_c: 4.6.7 (/opt/ros/jazzy/share/rosidl_generator_c/cmake)
[0.223s] -- Found rosidl_generator_cpp: 4.6.7 (/opt/ros/jazzy/share/rosidl_generator_cpp/cmake)
[0.240s] -- Using all available rosidl_typesupport_c: rosidl_typesupport_fastrtps_c;rosidl_typesupport_introspection_c
[0.258s] -- Using all available rosidl_typesupport_cpp: rosidl_typesupport_fastrtps_cpp;rosidl_typesupport_introspection_cpp
[0.276s] -- Found geometry_msgs: 5.3.7 (/opt/ros/jazzy/share/geometry_msgs/cmake)
[0.320s] -- Found rosidl_default_generators: 1.6.0 (/opt/ros/jazzy/share/rosidl_default_generators/cmake)
[0.340s] -- Found rosidl_adapter: 4.6.7 (/opt/ros/jazzy/share/rosidl_adapter/cmake)
[0.827s] -- Found ament_cmake_ros: 0.12.0 (/opt/ros/jazzy/share/ament_cmake_ros/cmake)
[1.261s] -- Using all available rosidl_typesupport_c: rosidl_typesupport_fastrtps_c;rosidl_typesupport_introspection_c
[1.433s] -- Using all available rosidl_typesupport_cpp: rosidl_typesupport_fastrtps_cpp;rosidl_typesupport_introspection_cpp
[1.435s] -- Found python_cmake_module: 0.11.1 (/opt/ros/jazzy/share/python_cmake_module/cmake)
[1.986s] -- Found Python3: /usr/bin/python3 (found version "3.12.3") found components: Interpreter Development NumPy Development.Module Development.Embed 
[2.153s] -- Found Python3: /usr/bin/python3 (found version "3.12.3") found components: Interpreter 
[2.172s] -- Configuring done (2.1s)
[2.241s] -- Generating done (0.1s)
[2.262s] -- Build files have been written to: /home/kaisar/warehouse_robot/robot/build/robot_msgs
[2.287s] Invoked command in '/home/kaisar/warehouse_robot/robot/build/robot_msgs' returned '0': CMAKE_PREFIX_PATH=${CMAKE_PREFIX_PATH}:/opt/ros/jazzy DEBUGINFOD_URLS=https://debuginfod.ubuntu.com /usr/bin/cmake /home/kaisar/warehouse_robot/robot/ws/src/robot_msgs -DCMAKE_INSTALL_PREFIX=/home/kaisar/warehouse_robot/robot/install/robot_msgs
[2.289s] Invoking command in '/home/kaisar/warehouse_robot/robot/build/robot_msgs': CMAKE_PREFIX_PATH=${CMAKE_PREFIX_PATH}:/opt/ros/jazzy DEBUGINFOD_URLS=https://debuginfod.ubuntu.com /usr/bin/cmake --build /home/kaisar/warehouse_robot/robot/build/robot_msgs -- -j12 -l12
[2.393s] [  2%] Built target robot_msgs__rosidl_generator_type_description
[2.394s] [  4%] Built target robot_msgs__rs
[2.408s] [  4%] Built target ament_cmake_python_symlink_robot_msgs
[2.431s] [  6%] Built target robot_msgs__cpp
[2.435s] [ 24%] Built target robot_msgs__rosidl_generator_c
[2.487s] [ 40%] Built target robot_msgs__rosidl_typesupport_introspection_c
[2.488s] [ 42%] Built target robot_msgs__rosidl_typesupport_c
[2.493s] [ 51%] Built target robot_msgs__rosidl_typesupport_fastrtps_cpp
[2.493s] [ 60%] Built target robot_msgs__rosidl_typesupport_cpp
[2.493s] [ 68%] Built target robot_msgs__rosidl_typesupport_fastrtps_c
[2.493s] [ 77%] Built target robot_msgs__rosidl_typesupport_introspection_cpp
[2.531s] [ 77%] Built target robot_msgs
[2.567s] [ 80%] Built target robot_msgs__py
[2.617s] [ 86%] Built target robot_msgs__rosidl_generator_py
[2.666s] [ 91%] Built target robot_msgs_s__rosidl_typesupport_c
[2.668s] [ 95%] Built target robot_msgs_s__rosidl_typesupport_fastrtps_c
[2.668s] [100%] Built target robot_msgs_s__rosidl_typesupport_introspection_c
[2.801s] running egg_info
[2.845s] writing robot_msgs.egg-info/PKG-INFO
[2.845s] writing dependency_links to robot_msgs.egg-info/dependency_links.txt
[2.845s] writing top-level names to robot_msgs.egg-info/top_level.txt
[2.958s] reading manifest file 'robot_msgs.egg-info/SOURCES.txt'
[2.958s] writing manifest file 'robot_msgs.egg-info/SOURCES.txt'
[3.016s] [100%] Built target ament_cmake_python_build_robot_msgs_egg
[3.033s] Invoked command in '/home/kaisar/warehouse_robot/robot/build/robot_msgs' returned '0': CMAKE_PREFIX_PATH=${CMAKE_PREFIX_PATH}:/opt/ros/jazzy DEBUGINFOD_URLS=https://debuginfod.ubuntu.com /usr/bin/cmake --build /home/kaisar/warehouse_robot/robot/build/robot_msgs -- -j12 -l12
[3.048s] Invoking command in '/home/kaisar/warehouse_robot/robot/build/robot_msgs': CMAKE_PREFIX_PATH=${CMAKE_PREFIX_PATH}:/opt/ros/jazzy DEBUGINFOD_URLS=https://debuginfod.ubuntu.com /usr/bin/cmake --install /home/kaisar/warehouse_robot/robot/build/robot_msgs
[3.059s] -- Install configuration: ""
[3.060s] -- Execute custom install script
[3.060s] -- Up-to-date symlink: /home/kaisar/warehouse_robot/robot/install/robot_msgs/share/ament_index/resource_index/rosidl_interfaces/robot_msgs
[3.060s] -- Up-to-date symlink: /home/kaisar/warehouse_robot/robot/install/robot_msgs/share/robot_msgs/msg/RobotStatus.json
[3.060s] -- Up-to-date symlink: /home/kaisar/warehouse_robot/robot/install/robot_msgs/share/robot_msgs/srv/PlanRoute.json
[3.061s] -- Up-to-date symlink: /home/kaisar/warehouse_robot/robot/install/robot_msgs/include/robot_msgs/robot_msgs/msg/detail/robot_status__functions.h
[3.061s] -- Up-to-date symlink: /home/kaisar/warehouse_robot/robot/install/robot_msgs/include/robot_msgs/robot_msgs/msg/detail/robot_status__struct.h
[3.061s] -- Up-to-date symlink: /home/kaisar/warehouse_robot/robot/install/robot_msgs/include/robot_msgs/robot_msgs/msg/detail/robot_status__type_support.h
[3.062s] -- Up-to-date symlink: /home/kaisar/warehouse_robot/robot/install/robot_msgs/include/robot_msgs/robot_msgs/msg/robot_status.h
[3.062s] -- Up-to-date symlink: /home/kaisar/warehouse_robot/robot/install/robot_msgs/include/robot_msgs/robot_msgs/msg/rosidl_generator_c__visibility_control.h
[3.062s] -- Up-to-date symlink: /home/kaisar/warehouse_robot/robot/install/robot_msgs/include/robot_msgs/robot_msgs/srv/detail/plan_route__functions.h
[3.062s] -- Up-to-date symlink: /home/kaisar/warehouse_robot/robot/install/robot_msgs/include/robot_msgs/robot_msgs/srv/detail/plan_route__struct.h
[3.062s] -- Up-to-date symlink: /home/kaisar/warehouse_robot/robot/install/robot_msgs/include/robot_msgs/robot_msgs/srv/detail/plan_route__type_support.h
[3.062s] -- Up-to-date symlink: /home/kaisar/warehouse_robot/robot/install/robot_msgs/include/robot_msgs/robot_msgs/srv/plan_route.h
[3.062s] -- Up-to-date symlink: /home/kaisar/warehouse_robot/robot/install/robot_msgs/share/robot_msgs/environment/library_path.sh
[3.063s] -- Up-to-date symlink: /home/kaisar/warehouse_robot/robot/install/robot_msgs/share/robot_msgs/environment/library_path.dsv
[3.064s] -- Up-to-date symlink: /home/kaisar/warehouse_robot/robot/install/robot_msgs/include/robot_msgs/robot_msgs/msg/detail/robot_status__rosidl_typesupport_fastrtps_c.h
[3.064s] -- Up-to-date symlink: /home/kaisar/warehouse_robot/robot/install/robot_msgs/include/robot_msgs/robot_msgs/msg/rosidl_typesupport_fastrtps_c__visibility_control.h
[3.064s] -- Up-to-date symlink: /home/kaisar/warehouse_robot/robot/install/robot_msgs/include/robot_msgs/robot_msgs/srv/detail/plan_route__rosidl_typesupport_fastrtps_c.h
[3.066s] -- Up-to-date symlink: /home/kaisar/warehouse_robot/robot/install/robot_msgs/include/robot_msgs/robot_msgs/msg/detail/robot_status__builder.hpp
[3.066s] -- Up-to-date symlink: /home/kaisar/warehouse_robot/robot/install/robot_msgs/include/robot_msgs/robot_msgs/msg/detail/robot_status__struct.hpp
[3.066s] -- Up-to-date symlink: /home/kaisar/warehouse_robot/robot/install/robot_msgs/include/robot_msgs/robot_msgs/msg/detail/robot_status__traits.hpp
[3.066s] -- Up-to-date symlink: /home/kaisar/warehouse_robot/robot/install/robot_msgs/include/robot_msgs/robot_msgs/msg/detail/robot_status__type_support.hpp
[3.066s] -- Up-to-date symlink: /home/kaisar/warehouse_robot/robot/install/robot_msgs/include/robot_msgs/robot_msgs/msg/robot_status.hpp
[3.066s] -- Up-to-date symlink: /home/kaisar/warehouse_robot/robot/install/robot_msgs/include/robot_msgs/robot_msgs/msg/rosidl_generator_cpp__visibility_control.hpp
[3.067s] -- Up-to-date symlink: /home/kaisar/warehouse_robot/robot/install/robot_msgs/include/robot_msgs/robot_msgs/srv/detail/plan_route__builder.hpp
[3.067s] -- Up-to-date symlink: /home/kaisar/warehouse_robot/robot/install/robot_msgs/include/robot_msgs/robot_msgs/srv/detail/plan_route__struct.hpp
[3.067s] -- Up-to-date symlink: /home/kaisar/warehouse_robot/robot/install/robot_msgs/include/robot_msgs/robot_msgs/srv/detail/plan_route__traits.hpp
[3.067s] -- Up-to-date symlink: /home/kaisar/warehouse_robot/robot/install/robot_msgs/include/robot_msgs/robot_msgs/srv/detail/plan_route__type_support.hpp
[3.067s] -- Up-to-date symlink: /home/kaisar/warehouse_robot/robot/install/robot_msgs/include/robot_msgs/robot_msgs/srv/plan_route.hpp
[3.067s] -- Up-to-date symlink: /home/kaisar/warehouse_robot/robot/install/robot_msgs/include/robot_msgs/robot_msgs/msg/detail/robot_status__rosidl_typesupport_fastrtps_cpp.hpp
[3.068s] -- Up-to-date symlink: /home/kaisar/warehouse_robot/robot/install/robot_msgs/include/robot_msgs/robot_msgs/msg/rosidl_typesupport_fastrtps_cpp__visibility_control.h
[3.068s] -- Up-to-date symlink: /home/kaisar/warehouse_robot/robot/install/robot_msgs/include/robot_msgs/robot_msgs/srv/detail/plan_route__rosidl_typesupport_fastrtps_cpp.hpp
[3.068s] -- Up-to-date symlink: /home/kaisar/warehouse_robot/robot/install/robot_msgs/include/robot_msgs/robot_msgs/msg/detail/robot_status__rosidl_typesupport_introspection_c.h
[3.068s] -- Up-to-date symlink: /home/kaisar/warehouse_robot/robot/install/robot_msgs/include/robot_msgs/robot_msgs/msg/rosidl_typesupport_introspection_c__visibility_control.h
[3.068s] -- Up-to-date symlink: /home/kaisar/warehouse_robot/robot/install/robot_msgs/include/robot_msgs/robot_msgs/srv/detail/plan_route__rosidl_typesupport_introspection_c.h
[3.069s] -- Up-to-date symlink: /home/kaisar/warehouse_robot/robot/install/robot_msgs/include/robot_msgs/robot_msgs/msg/detail/robot_status__rosidl_typesupport_introspection_cpp.hpp
[3.069s] -- Up-to-date symlink: /home/kaisar/warehouse_robot/robot/install/robot_msgs/include/robot_msgs/robot_msgs/srv/detail/plan_route__rosidl_typesupport_introspection_cpp.hpp
[3.069s] -- Up-to-date symlink: /home/kaisar/warehouse_robot/robot/install/robot_msgs/share/robot_msgs/environment/pythonpath.sh
[3.069s] -- Up-to-date symlink: /home/kaisar/warehouse_robot/robot/install/robot_msgs/share/robot_msgs/environment/pythonpath.dsv
[3.070s] -- Up-to-date symlink: /home/kaisar/warehouse_robot/robot/install/robot_msgs/lib/python3.12/site-packages/robot_msgs-0.0.0-py3.12.egg-info/PKG-INFO
[3.070s] -- Up-to-date symlink: /home/kaisar/warehouse_robot/robot/install/robot_msgs/lib/python3.12/site-packages/robot_msgs-0.0.0-py3.12.egg-info/SOURCES.txt
[3.070s] -- Up-to-date symlink: /home/kaisar/warehouse_robot/robot/install/robot_msgs/lib/python3.12/site-packages/robot_msgs-0.0.0-py3.12.egg-info/dependency_links.txt
[3.070s] -- Up-to-date symlink: /home/kaisar/warehouse_robot/robot/install/robot_msgs/lib/python3.12/site-packages/robot_msgs-0.0.0-py3.12.egg-info/top_level.txt
[3.072s] -- Up-to-date symlink: /home/kaisar/warehouse_robot/robot/install/robot_msgs/lib/python3.12/site-packages/robot_msgs/__init__.py
[3.072s] -- Up-to-date symlink: /home/kaisar/warehouse_robot/robot/install/robot_msgs/lib/python3.12/site-packages/robot_msgs/_robot_msgs_s.ep.rosidl_typesupport_c.c
[3.072s] -- Up-to-date symlink: /home/kaisar/warehouse_robot/robot/install/robot_msgs/lib/python3.12/site-packages/robot_msgs/_robot_msgs_s.ep.rosidl_typesupport_fastrtps_c.c
[3.072s] -- Up-to-date symlink: /home/kaisar/warehouse_robot/robot/install/robot_msgs/lib/python3.12/site-packages/robot_msgs/_robot_msgs_s.ep.rosidl_typesupport_introspection_c.c
[3.073s] -- Up-to-date symlink: /home/kaisar/warehouse_robot/robot/install/robot_msgs/lib/python3.12/site-packages/robot_msgs/msg/__init__.py
[3.073s] -- Up-to-date symlink: /home/kaisar/warehouse_robot/robot/install/robot_msgs/lib/python3.12/site-packages/robot_msgs/msg/_robot_status.py
[3.073s] -- Up-to-date symlink: /home/kaisar/warehouse_robot/robot/install/robot_msgs/lib/python3.12/site-packages/robot_msgs/msg/_robot_status_s.c
[3.073s] -- Up-to-date symlink: /home/kaisar/warehouse_robot/robot/install/robot_msgs/lib/python3.12/site-packages/robot_msgs/robot_msgs_s__rosidl_typesupport_c.so
[3.074s] -- Up-to-date symlink: /home/kaisar/warehouse_robot/robot/install/robot_msgs/lib/python3.12/site-packages/robot_msgs/robot_msgs_s__rosidl_typesupport_fastrtps_c.so
[3.074s] -- Up-to-date symlink: /home/kaisar/warehouse_robot/robot/install/robot_msgs/lib/python3.12/site-packages/robot_msgs/robot_msgs_s__rosidl_typesupport_introspection_c.so
[3.074s] -- Up-to-date symlink: /home/kaisar/warehouse_robot/robot/install/robot_msgs/lib/python3.12/site-packages/robot_msgs/srv/__init__.py
[3.074s] -- Up-to-date symlink: /home/kaisar/warehouse_robot/robot/install/robot_msgs/lib/python3.12/site-packages/robot_msgs/srv/_plan_route.py
[3.074s] -- Up-to-date symlink: /home/kaisar/warehouse_robot/robot/install/robot_msgs/lib/python3.12/site-packages/robot_msgs/srv/_plan_route_s.c
[3.075s] -- Up-to-date symlink: /home/kaisar/warehouse_robot/robot/install/robot_msgs/lib/python3.12/site-packages/robot_msgs/robot_msgs_s__rosidl_typesupport_fastrtps_c.so
[3.075s] -- Up-to-date symlink: /home/kaisar/warehouse_robot/robot/install/robot_msgs/lib/python3.12/site-packages/robot_msgs/robot_msgs_s__rosidl_typesupport_introspection_c.so
[3.076s] -- Up-to-date symlink: /home/kaisar/warehouse_robot/robot/install/robot_msgs/lib/python3.12/site-packages/robot_msgs/robot_msgs_s__rosidl_typesupport_c.so
[3.076s] -- Up-to-date symlink: /home/kaisar/warehouse_robot/robot/install/robot_msgs/share/ament_index/resource_index/rust_packages/robot_msgs
[3.077s] -- Up-to-date symlink: /home/kaisar/warehouse_robot/robot/install/robot_msgs/share/robot_msgs/rust/Cargo.toml
[3.077s] -- Up-to-date symlink: /home/kaisar/warehouse_robot/robot/install/robot_msgs/share/robot_msgs/rust/build.rs
[3.077s] -- Up-to-date symlink: /home/kaisar/warehouse_robot/robot/install/robot_msgs/share/robot_msgs/rust/src/lib.rs
[3.077s] -- Up-to-date symlink: /home/kaisar/warehouse_robot/robot/install/robot_msgs/share/robot_msgs/rust/src/msg.rs
[3.078s] -- Up-to-date symlink: /home/kaisar/warehouse_robot/robot/install/robot_msgs/share/robot_msgs/rust/src/msg/rmw.rs
[3.078s] -- Up-to-date symlink: /home/kaisar/warehouse_robot/robot/install/robot_msgs/share/robot_msgs/rust/src/srv.rs
[3.078s] -- Up-to-date symlink: /home/kaisar/warehouse_robot/robot/install/robot_msgs/share/robot_msgs/rust/src/srv/rmw.rs
[3.078s] -- Up-to-date symlink: /home/kaisar/warehouse_robot/robot/install/robot_msgs/share/robot_msgs/msg/RobotStatus.idl
[3.078s] -- Up-to-date symlink: /home/kaisar/warehouse_robot/robot/install/robot_msgs/share/robot_msgs/srv/PlanRoute.idl
[3.079s] -- Up-to-date symlink: /home/kaisar/warehouse_robot/robot/install/robot_msgs/share/robot_msgs/msg/RobotStatus.msg
[3.080s] -- Up-to-date symlink: /home/kaisar/warehouse_robot/robot/install/robot_msgs/share/robot_msgs/srv/PlanRoute.srv
[3.080s] -- Up-to-date symlink: /home/kaisar/warehouse_robot/robot/install/robot_msgs/share/ament_index/resource_index/package_run_dependencies/robot_msgs
[3.080s] -- Up-to-date symlink: /home/kaisar/warehouse_robot/robot/install/robot_msgs/share/ament_index/resource_index/parent_prefix_path/robot_msgs
[3.080s] -- Up-to-date symlink: /home/kaisar/warehouse_robot/robot/install/robot_msgs/share/robot_msgs/environment/ament_prefix_path.sh
[3.081s] -- Up-to-date symlink: /home/kaisar/warehouse_robot/robot/install/robot_msgs/share/robot_msgs/environment/ament_prefix_path.dsv
[3.082s] -- Up-to-date symlink: /home/kaisar/warehouse_robot/robot/install/robot_msgs/share/robot_msgs/environment/path.sh
[3.082s] -- Up-to-date symlink: /home/kaisar/warehouse_robot/robot/install/robot_msgs/share/robot_msgs/environment/path.dsv
[3.082s] -- Up-to-date symlink: /home/kaisar/warehouse_robot/robot/install/robot_msgs/share/robot_msgs/local_setup.bash
[3.082s] -- Up-to-date symlink: /home/kaisar/warehouse_robot/robot/install/robot_msgs/share/robot_msgs/local_setup.sh
[3.082s] -- Up-to-date symlink: /home/kaisar/warehouse_robot/robot/install/robot_msgs/share/robot_msgs/local_setup.zsh
[3.082s] -- Up-to-date symlink: /home/kaisar/warehouse_robot/robot/install/robot_msgs/share/robot_msgs/local_setup.dsv
[3.082s] -- Symlinking: /home/kaisar/warehouse_robot/robot/install/robot_msgs/share/robot_msgs/package.dsv
[3.097s] -- Up-to-date symlink: /home/kaisar/warehouse_robot/robot/install/robot_msgs/share/ament_index/resource_index/packages/robot_msgs
[3.097s] -- Up-to-date symlink: /home/kaisar/warehouse_robot/robot/install/robot_msgs/share/robot_msgs/cmake/rosidl_cmake-extras.cmake
[3.097s] -- Up-to-date symlink: /home/kaisar/warehouse_robot/robot/install/robot_msgs/share/robot_msgs/cmake/ament_cmake_export_dependencies-extras.cmake
[3.097s] -- Up-to-date symlink: /home/kaisar/warehouse_robot/robot/install/robot_msgs/share/robot_msgs/cmake/ament_cmake_export_include_directories-extras.cmake
[3.097s] -- Up-to-date symlink: /home/kaisar/warehouse_robot/robot/install/robot_msgs/share/robot_msgs/cmake/ament_cmake_export_libraries-extras.cmake
[3.097s] -- Up-to-date symlink: /home/kaisar/warehouse_robot/robot/install/robot_msgs/share/robot_msgs/cmake/ament_cmake_export_targets-extras.cmake
[3.097s] -- Up-to-date symlink: /home/kaisar/warehouse_robot/robot/install/robot_msgs/share/robot_msgs/cmake/rosidl_cmake_export_typesupport_targets-extras.cmake
[3.097s] -- Up-to-date symlink: /home/kaisar/warehouse_robot/robot/install/robot_msgs/share/robot_msgs/cmake/rosidl_cmake_export_typesupport_libraries-extras.cmake
[3.098s] -- Up-to-date symlink: /home/kaisar/warehouse_robot/robot/install/robot_msgs/share/robot_msgs/cmake/robot_msgsConfig.cmake
[3.098s] -- Up-to-date symlink: /home/kaisar/warehouse_robot/robot/install/robot_msgs/share/robot_msgs/cmake/robot_msgsConfig-version.cmake
[3.098s] -- Up-to-date symlink: /home/kaisar/warehouse_robot/robot/install/robot_msgs/share/robot_msgs/package.xml
[3.098s] -- Up-to-date: /home/kaisar/warehouse_robot/robot/install/robot_msgs/lib/librobot_msgs__rosidl_generator_c.so
[3.099s] -- Up-to-date: /home/kaisar/warehouse_robot/robot/install/robot_msgs/lib/librobot_msgs__rosidl_typesupport_fastrtps_c.so
[3.099s] -- Up-to-date: /home/kaisar/warehouse_robot/robot/install/robot_msgs/lib/librobot_msgs__rosidl_typesupport_fastrtps_cpp.so
[3.100s] -- Up-to-date: /home/kaisar/warehouse_robot/robot/install/robot_msgs/lib/librobot_msgs__rosidl_typesupport_introspection_c.so
[3.100s] -- Up-to-date: /home/kaisar/warehouse_robot/robot/install/robot_msgs/lib/librobot_msgs__rosidl_typesupport_c.so
[3.101s] -- Up-to-date: /home/kaisar/warehouse_robot/robot/install/robot_msgs/lib/librobot_msgs__rosidl_typesupport_introspection_cpp.so
[3.101s] -- Up-to-date: /home/kaisar/warehouse_robot/robot/install/robot_msgs/lib/librobot_msgs__rosidl_typesupport_cpp.so
[3.155s] Listing '/home/kaisar/warehouse_robot/robot/install/robot_msgs/lib/python3.12/site-packages/robot_msgs'...
[3.155s] Compiling '/home/kaisar/warehouse_robot/robot/install/robot_msgs/lib/python3.12/site-packages/robot_msgs/__init__.py'...
[3.155s] Listing '/home/kaisar/warehouse_robot/robot/install/robot_msgs/lib/python3.12/site-packages/robot_msgs/msg'...
[3.155s] Listing '/home/kaisar/warehouse_robot/robot/install/robot_msgs/lib/python3.12/site-packages/robot_msgs/srv'...
[3.165s] -- Up-to-date: /home/kaisar/warehouse_robot/robot/install/robot_msgs/lib/librobot_msgs__rosidl_generator_py.so
[3.166s] -- Up-to-date: /home/kaisar/warehouse_robot/robot/install/robot_msgs/share/robot_msgs/cmake/export_robot_msgs__rosidl_generator_cExport.cmake
[3.166s] -- Up-to-date: /home/kaisar/warehouse_robot/robot/install/robot_msgs/share/robot_msgs/cmake/export_robot_msgs__rosidl_generator_cExport-noconfig.cmake
[3.166s] -- Up-to-date: /home/kaisar/warehouse_robot/robot/install/robot_msgs/share/robot_msgs/cmake/export_robot_msgs__rosidl_typesupport_fastrtps_cExport.cmake
[3.167s] -- Up-to-date: /home/kaisar/warehouse_robot/robot/install/robot_msgs/share/robot_msgs/cmake/export_robot_msgs__rosidl_typesupport_fastrtps_cExport-noconfig.cmake
[3.167s] -- Up-to-date: /home/kaisar/warehouse_robot/robot/install/robot_msgs/share/robot_msgs/cmake/export_robot_msgs__rosidl_generator_cppExport.cmake
[3.167s] -- Up-to-date: /home/kaisar/warehouse_robot/robot/install/robot_msgs/share/robot_msgs/cmake/export_robot_msgs__rosidl_typesupport_fastrtps_cppExport.cmake
[3.168s] -- Up-to-date: /home/kaisar/warehouse_robot/robot/install/robot_msgs/share/robot_msgs/cmake/export_robot_msgs__rosidl_typesupport_fastrtps_cppExport-noconfig.cmake
[3.168s] -- Up-to-date: /home/kaisar/warehouse_robot/robot/install/robot_msgs/share/robot_msgs/cmake/robot_msgs__rosidl_typesupport_introspection_cExport.cmake
[3.168s] -- Up-to-date: /home/kaisar/warehouse_robot/robot/install/robot_msgs/share/robot_msgs/cmake/robot_msgs__rosidl_typesupport_introspection_cExport-noconfig.cmake
[3.168s] -- Up-to-date: /home/kaisar/warehouse_robot/robot/install/robot_msgs/share/robot_msgs/cmake/robot_msgs__rosidl_typesupport_cExport.cmake
[3.168s] -- Up-to-date: /home/kaisar/warehouse_robot/robot/install/robot_msgs/share/robot_msgs/cmake/robot_msgs__rosidl_typesupport_cExport-noconfig.cmake
[3.168s] -- Up-to-date: /home/kaisar/warehouse_robot/robot/install/robot_msgs/share/robot_msgs/cmake/robot_msgs__rosidl_typesupport_introspection_cppExport.cmake
[3.168s] -- Up-to-date: /home/kaisar/warehouse_robot/robot/install/robot_msgs/share/robot_msgs/cmake/robot_msgs__rosidl_typesupport_introspection_cppExport-noconfig.cmake
[3.168s] -- Up-to-date: /home/kaisar/warehouse_robot/robot/install/robot_msgs/share/robot_msgs/cmake/robot_msgs__rosidl_typesupport_cppExport.cmake
[3.168s] -- Up-to-date: /home/kaisar/warehouse_robot/robot/install/robot_msgs/share/robot_msgs/cmake/robot_msgs__rosidl_typesupport_cppExport-noconfig.cmake
[3.168s] -- Up-to-date: /home/kaisar/warehouse_robot/robot/install/robot_msgs/share/robot_msgs/cmake/export_robot_msgs__rosidl_generator_pyExport.cmake
[3.168s] -- Up-to-date: /home/kaisar/warehouse_robot/robot/install/robot_msgs/share/robot_msgs/cmake/export_robot_msgs__rosidl_generator_pyExport-noconfig.cmake
[3.171s] Invoked command in '/home/kaisar/warehouse_robot/robot/build/robot_msgs' returned '0': CMAKE_PREFIX_PATH=${CMAKE_PREFIX_PATH}:/opt/ros/jazzy DEBUGINFOD_URLS=https://debuginfod.ubuntu.com /usr/bin/cmake --install /home/kaisar/warehouse_robot/robot/build/robot_msgs
