-- Found ament_cmake: 2.5.6 (/opt/ros/jazzy/share/ament_cmake/cmake)
-- Override CMake install command with custom implementation using symlinks instead of copying resources
-- Configuring done (0.5s)
-- Generating done (0.0s)
-- Build files have been written to: /home/kaisar/warehouse_robot/robot/build/robot_launch
-- Install configuration: ""
-- Execute custom install script
-- Up-to-date symlink: /home/kaisar/warehouse_robot/robot/install/robot_launch/share/robot_launch//launch/__pycache__/launch.cpython-312.pyc
-- Up-to-date symlink: /home/kaisar/warehouse_robot/robot/install/robot_launch/share/robot_launch//launch/launch.py
-- Up-to-date symlink: /home/kaisar/warehouse_robot/robot/install/robot_launch/share/ament_index/resource_index/package_run_dependencies/robot_launch
-- Up-to-date symlink: /home/kaisar/warehouse_robot/robot/install/robot_launch/share/ament_index/resource_index/parent_prefix_path/robot_launch
-- Up-to-date symlink: /home/kaisar/warehouse_robot/robot/install/robot_launch/share/robot_launch/environment/ament_prefix_path.sh
-- Up-to-date symlink: /home/kaisar/warehouse_robot/robot/install/robot_launch/share/robot_launch/environment/ament_prefix_path.dsv
-- Up-to-date symlink: /home/kaisar/warehouse_robot/robot/install/robot_launch/share/robot_launch/environment/path.sh
-- Up-to-date symlink: /home/kaisar/warehouse_robot/robot/install/robot_launch/share/robot_launch/environment/path.dsv
-- Up-to-date symlink: /home/kaisar/warehouse_robot/robot/install/robot_launch/share/robot_launch/local_setup.bash
-- Up-to-date symlink: /home/kaisar/warehouse_robot/robot/install/robot_launch/share/robot_launch/local_setup.sh
-- Up-to-date symlink: /home/kaisar/warehouse_robot/robot/install/robot_launch/share/robot_launch/local_setup.zsh
-- Up-to-date symlink: /home/kaisar/warehouse_robot/robot/install/robot_launch/share/robot_launch/local_setup.dsv
-- Symlinking: /home/kaisar/warehouse_robot/robot/install/robot_launch/share/robot_launch/package.dsv
-- Up-to-date symlink: /home/kaisar/warehouse_robot/robot/install/robot_launch/share/ament_index/resource_index/packages/robot_launch
-- Up-to-date symlink: /home/kaisar/warehouse_robot/robot/install/robot_launch/share/robot_launch/cmake/robot_launchConfig.cmake
-- Up-to-date symlink: /home/kaisar/warehouse_robot/robot/install/robot_launch/share/robot_launch/cmake/robot_launchConfig-version.cmake
-- Up-to-date symlink: /home/kaisar/warehouse_robot/robot/install/robot_launch/share/robot_launch/package.xml
