[2.180s] Invoking command in '/home/kaisar/warehouse_robot/robot/build/robot_map_manager': AMENT_PREFIX_PATH=/home/kaisar/warehouse_robot/robot/install/robot_planner:/home/kaisar/warehouse_robot/robot/install/robot_msgs:${AMENT_PREFIX_PATH} CMAKE_PREFIX_PATH=/home/kaisar/warehouse_robot/robot/install/robot_msgs:${CMAKE_PREFIX_PATH} DEBUGINFOD_URLS=https://debuginfod.ubuntu.com LD_LIBRARY_PATH=/home/kaisar/warehouse_robot/robot/install/robot_msgs/lib:${LD_LIBRARY_PATH} PYTHONPATH=/home/kaisar/warehouse_robot/robot/build/robot_map_manager/prefix_override:/usr/lib/python3/dist-packages/colcon_core/task/python/colcon_distutils_commands:/home/kaisar/warehouse_robot/robot/install/robot_map_manager/lib/python3.12/site-packages:/home/kaisar/warehouse_robot/robot/build/robot_planner:/home/kaisar/warehouse_robot/robot/install/robot_planner/lib/python3.12/site-packages:/home/kaisar/warehouse_robot/robot/install/robot_msgs/lib/python3.12/site-packages:${PYTHONPATH} /usr/bin/python3 -W ignore:setup.py install is deprecated -W ignore:easy_install command is deprecated setup.py develop --uninstall --editable --build-directory /home/kaisar/warehouse_robot/robot/build/robot_map_manager/build
[2.705s] running develop
[3.108s] Removing /home/kaisar/warehouse_robot/robot/install/robot_map_manager/lib/python3.12/site-packages/robot-map-manager.egg-link (link to .)
[3.199s] Invoked command in '/home/kaisar/warehouse_robot/robot/build/robot_map_manager' returned '0': AMENT_PREFIX_PATH=/home/kaisar/warehouse_robot/robot/install/robot_planner:/home/kaisar/warehouse_robot/robot/install/robot_msgs:${AMENT_PREFIX_PATH} CMAKE_PREFIX_PATH=/home/kaisar/warehouse_robot/robot/install/robot_msgs:${CMAKE_PREFIX_PATH} DEBUGINFOD_URLS=https://debuginfod.ubuntu.com LD_LIBRARY_PATH=/home/kaisar/warehouse_robot/robot/install/robot_msgs/lib:${LD_LIBRARY_PATH} PYTHONPATH=/home/kaisar/warehouse_robot/robot/build/robot_map_manager/prefix_override:/usr/lib/python3/dist-packages/colcon_core/task/python/colcon_distutils_commands:/home/kaisar/warehouse_robot/robot/install/robot_map_manager/lib/python3.12/site-packages:/home/kaisar/warehouse_robot/robot/build/robot_planner:/home/kaisar/warehouse_robot/robot/install/robot_planner/lib/python3.12/site-packages:/home/kaisar/warehouse_robot/robot/install/robot_msgs/lib/python3.12/site-packages:${PYTHONPATH} /usr/bin/python3 -W ignore:setup.py install is deprecated -W ignore:easy_install command is deprecated setup.py develop --uninstall --editable --build-directory /home/kaisar/warehouse_robot/robot/build/robot_map_manager/build
[3.201s] Invoking command in '/home/kaisar/warehouse_robot/robot/ws/src/robot_map_manager': AMENT_PREFIX_PATH=/home/kaisar/warehouse_robot/robot/install/robot_planner:/home/kaisar/warehouse_robot/robot/install/robot_msgs:${AMENT_PREFIX_PATH} CMAKE_PREFIX_PATH=/home/kaisar/warehouse_robot/robot/install/robot_msgs:${CMAKE_PREFIX_PATH} DEBUGINFOD_URLS=https://debuginfod.ubuntu.com LD_LIBRARY_PATH=/home/kaisar/warehouse_robot/robot/install/robot_msgs/lib:${LD_LIBRARY_PATH} PYTHONPATH=/home/kaisar/warehouse_robot/robot/build/robot_map_manager/prefix_override:/usr/lib/python3/dist-packages/colcon_core/task/python/colcon_distutils_commands:/home/kaisar/warehouse_robot/robot/install/robot_map_manager/lib/python3.12/site-packages:/home/kaisar/warehouse_robot/robot/build/robot_planner:/home/kaisar/warehouse_robot/robot/install/robot_planner/lib/python3.12/site-packages:/home/kaisar/warehouse_robot/robot/install/robot_msgs/lib/python3.12/site-packages:${PYTHONPATH} /usr/bin/python3 -W ignore:setup.py install is deprecated -W ignore:easy_install command is deprecated setup.py egg_info --egg-base ../../../build/robot_map_manager build --build-base /home/kaisar/warehouse_robot/robot/build/robot_map_manager/build install --record /home/kaisar/warehouse_robot/robot/build/robot_map_manager/install.log --single-version-externally-managed install_data --force
[3.691s] running egg_info
[3.728s] writing ../../../build/robot_map_manager/robot_map_manager.egg-info/PKG-INFO
[3.728s] writing dependency_links to ../../../build/robot_map_manager/robot_map_manager.egg-info/dependency_links.txt
[3.728s] writing entry points to ../../../build/robot_map_manager/robot_map_manager.egg-info/entry_points.txt
[3.729s] writing requirements to ../../../build/robot_map_manager/robot_map_manager.egg-info/requires.txt
[3.729s] writing top-level names to ../../../build/robot_map_manager/robot_map_manager.egg-info/top_level.txt
[3.810s] reading manifest file '../../../build/robot_map_manager/robot_map_manager.egg-info/SOURCES.txt'
[3.811s] writing manifest file '../../../build/robot_map_manager/robot_map_manager.egg-info/SOURCES.txt'
[3.811s] running build
[3.811s] running build_py
[3.811s] copying robot_map_manager/node.py -> /home/kaisar/warehouse_robot/robot/build/robot_map_manager/build/lib/robot_map_manager
[3.812s] running install
[3.819s] running install_lib
[3.858s] creating /home/kaisar/warehouse_robot/robot/install/robot_map_manager/lib/python3.12/site-packages/robot_map_manager
[3.858s] copying /home/kaisar/warehouse_robot/robot/build/robot_map_manager/build/lib/robot_map_manager/node.py -> /home/kaisar/warehouse_robot/robot/install/robot_map_manager/lib/python3.12/site-packages/robot_map_manager
[3.858s] copying /home/kaisar/warehouse_robot/robot/build/robot_map_manager/build/lib/robot_map_manager/__init__.py -> /home/kaisar/warehouse_robot/robot/install/robot_map_manager/lib/python3.12/site-packages/robot_map_manager
[3.859s] byte-compiling /home/kaisar/warehouse_robot/robot/install/robot_map_manager/lib/python3.12/site-packages/robot_map_manager/node.py to node.cpython-312.pyc
[3.862s] byte-compiling /home/kaisar/warehouse_robot/robot/install/robot_map_manager/lib/python3.12/site-packages/robot_map_manager/__init__.py to __init__.cpython-312.pyc
[3.862s] running install_data
[3.862s] copying resource/robot_map_manager -> /home/kaisar/warehouse_robot/robot/install/robot_map_manager/share/ament_index/resource_index/packages
[3.862s] copying package.xml -> /home/kaisar/warehouse_robot/robot/install/robot_map_manager/share/robot_map_manager
[3.863s] running install_egg_info
[3.905s] Copying ../../../build/robot_map_manager/robot_map_manager.egg-info to /home/kaisar/warehouse_robot/robot/install/robot_map_manager/lib/python3.12/site-packages/robot_map_manager-0.0.0-py3.12.egg-info
[3.907s] running install_scripts
[4.178s] Installing map_manager_node script to /home/kaisar/warehouse_robot/robot/install/robot_map_manager/lib/robot_map_manager
[4.180s] writing list of installed files to '/home/kaisar/warehouse_robot/robot/build/robot_map_manager/install.log'
[4.284s] Invoked command in '/home/kaisar/warehouse_robot/robot/ws/src/robot_map_manager' returned '0': AMENT_PREFIX_PATH=/home/kaisar/warehouse_robot/robot/install/robot_planner:/home/kaisar/warehouse_robot/robot/install/robot_msgs:${AMENT_PREFIX_PATH} CMAKE_PREFIX_PATH=/home/kaisar/warehouse_robot/robot/install/robot_msgs:${CMAKE_PREFIX_PATH} DEBUGINFOD_URLS=https://debuginfod.ubuntu.com LD_LIBRARY_PATH=/home/kaisar/warehouse_robot/robot/install/robot_msgs/lib:${LD_LIBRARY_PATH} PYTHONPATH=/home/kaisar/warehouse_robot/robot/build/robot_map_manager/prefix_override:/usr/lib/python3/dist-packages/colcon_core/task/python/colcon_distutils_commands:/home/kaisar/warehouse_robot/robot/install/robot_map_manager/lib/python3.12/site-packages:/home/kaisar/warehouse_robot/robot/build/robot_planner:/home/kaisar/warehouse_robot/robot/install/robot_planner/lib/python3.12/site-packages:/home/kaisar/warehouse_robot/robot/install/robot_msgs/lib/python3.12/site-packages:${PYTHONPATH} /usr/bin/python3 -W ignore:setup.py install is deprecated -W ignore:easy_install command is deprecated setup.py egg_info --egg-base ../../../build/robot_map_manager build --build-base /home/kaisar/warehouse_robot/robot/build/robot_map_manager/build install --record /home/kaisar/warehouse_robot/robot/build/robot_map_manager/install.log --single-version-externally-managed install_data --force
