[0.015s] Invoking command in '/home/kaisar/warehouse_robot/robot/build/trp1_description': CMAKE_PREFIX_PATH=${CMAKE_PREFIX_PATH}:/opt/ros/jazzy DEBUGINFOD_URLS=https://debuginfod.ubuntu.com /usr/bin/cmake /home/kaisar/warehouse_robot/robot/ws/src/trp1_description -DAMENT_CMAKE_SYMLINK_INSTALL=1 -DCMAKE_INSTALL_PREFIX=/home/kaisar/warehouse_robot/robot/install/trp1_description
[0.077s] -- The C compiler identification is GNU 13.3.0
[0.143s] -- The CXX compiler identification is GNU 13.3.0
[0.161s] -- Detecting C compiler ABI info
[0.268s] -- Detecting C compiler ABI info - done
[0.278s] -- Check for working C compiler: /usr/bin/cc - skipped
[0.278s] -- Detecting C compile features
[0.279s] -- Detecting C compile features - done
[0.290s] -- Detecting CXX compiler ABI info
[0.409s] -- Detecting CXX compiler ABI info - done
[0.424s] -- Check for working CXX compiler: /usr/bin/c++ - skipped
[0.424s] -- Detecting CXX compile features
[0.425s] -- Detecting CXX compile features - done
[0.430s] -- Found ament_cmake: 2.5.6 (/opt/ros/jazzy/share/ament_cmake/cmake)
[0.610s] -- Found Python3: /usr/bin/python3 (found version "3.12.3") found components: Interpreter 
[0.694s] -- Override CMake install command with custom implementation using symlinks instead of copying resources
[0.854s] -- Configuring done (0.8s)
[0.857s] -- Generating done (0.0s)
[0.859s] -- Build files have been written to: /home/kaisar/warehouse_robot/robot/build/trp1_description
[0.865s] Invoked command in '/home/kaisar/warehouse_robot/robot/build/trp1_description' returned '0': CMAKE_PREFIX_PATH=${CMAKE_PREFIX_PATH}:/opt/ros/jazzy DEBUGINFOD_URLS=https://debuginfod.ubuntu.com /usr/bin/cmake /home/kaisar/warehouse_robot/robot/ws/src/trp1_description -DAMENT_CMAKE_SYMLINK_INSTALL=1 -DCMAKE_INSTALL_PREFIX=/home/kaisar/warehouse_robot/robot/install/trp1_description
[0.866s] Invoking command in '/home/kaisar/warehouse_robot/robot/build/trp1_description': CMAKE_PREFIX_PATH=${CMAKE_PREFIX_PATH}:/opt/ros/jazzy DEBUGINFOD_URLS=https://debuginfod.ubuntu.com /usr/bin/cmake --build /home/kaisar/warehouse_robot/robot/build/trp1_description -- -j12 -l12
[0.894s] -- Found ament_cmake: 2.5.6 (/opt/ros/jazzy/share/ament_cmake/cmake)
[1.124s] -- Override CMake install command with custom implementation using symlinks instead of copying resources
[1.238s] -- Configuring done (0.3s)
[1.241s] -- Generating done (0.0s)
[1.243s] -- Build files have been written to: /home/kaisar/warehouse_robot/robot/build/trp1_description
[1.270s] Invoked command in '/home/kaisar/warehouse_robot/robot/build/trp1_description' returned '0': CMAKE_PREFIX_PATH=${CMAKE_PREFIX_PATH}:/opt/ros/jazzy DEBUGINFOD_URLS=https://debuginfod.ubuntu.com /usr/bin/cmake --build /home/kaisar/warehouse_robot/robot/build/trp1_description -- -j12 -l12
[1.282s] Invoking command in '/home/kaisar/warehouse_robot/robot/build/trp1_description': CMAKE_PREFIX_PATH=${CMAKE_PREFIX_PATH}:/opt/ros/jazzy DEBUGINFOD_URLS=https://debuginfod.ubuntu.com /usr/bin/cmake --install /home/kaisar/warehouse_robot/robot/build/trp1_description
[1.292s] -- Install configuration: ""
[1.292s] -- Execute custom install script
[1.293s] -- Symlinking: /home/kaisar/warehouse_robot/robot/install/trp1_description/share/trp1_description/urdf/d430.urdf.xacro
[1.304s] -- Symlinking: /home/kaisar/warehouse_robot/robot/install/trp1_description/share/trp1_description/urdf/materials.xacro
[1.316s] -- Symlinking: /home/kaisar/warehouse_robot/robot/install/trp1_description/share/trp1_description/urdf/sick.urdf.xacro
[1.327s] -- Symlinking: /home/kaisar/warehouse_robot/robot/install/trp1_description/share/trp1_description/urdf/trp1.gazebo
[1.339s] -- Symlinking: /home/kaisar/warehouse_robot/robot/install/trp1_description/share/trp1_description/urdf/trp1.xacro
[1.351s] -- Symlinking: /home/kaisar/warehouse_robot/robot/install/trp1_description/share/trp1_description/urdf/trp1_old._oldxacro
[1.362s] -- Symlinking: /home/kaisar/warehouse_robot/robot/install/trp1_description/share/trp1_description/urdf/trp1_old.xacro
[1.374s] -- Symlinking: /home/kaisar/warehouse_robot/robot/install/trp1_description/share/trp1_description/urdf/trp1_stage.urdf.xacro
[1.385s] -- Symlinking: /home/kaisar/warehouse_robot/robot/install/trp1_description/share/trp1_description/launch/launch.py
[1.397s] -- Symlinking: /home/kaisar/warehouse_robot/robot/install/trp1_description/share/ament_index/resource_index/package_run_dependencies/trp1_description
[1.408s] -- Symlinking: /home/kaisar/warehouse_robot/robot/install/trp1_description/share/ament_index/resource_index/parent_prefix_path/trp1_description
[1.420s] -- Symlinking: /home/kaisar/warehouse_robot/robot/install/trp1_description/share/trp1_description/environment/ament_prefix_path.sh
[1.431s] -- Symlinking: /home/kaisar/warehouse_robot/robot/install/trp1_description/share/trp1_description/environment/ament_prefix_path.dsv
[1.442s] -- Symlinking: /home/kaisar/warehouse_robot/robot/install/trp1_description/share/trp1_description/environment/path.sh
[1.454s] -- Symlinking: /home/kaisar/warehouse_robot/robot/install/trp1_description/share/trp1_description/environment/path.dsv
[1.465s] -- Symlinking: /home/kaisar/warehouse_robot/robot/install/trp1_description/share/trp1_description/local_setup.bash
[1.477s] -- Symlinking: /home/kaisar/warehouse_robot/robot/install/trp1_description/share/trp1_description/local_setup.sh
[1.488s] -- Symlinking: /home/kaisar/warehouse_robot/robot/install/trp1_description/share/trp1_description/local_setup.zsh
[1.500s] -- Symlinking: /home/kaisar/warehouse_robot/robot/install/trp1_description/share/trp1_description/local_setup.dsv
[1.512s] -- Symlinking: /home/kaisar/warehouse_robot/robot/install/trp1_description/share/trp1_description/package.dsv
[1.523s] -- Symlinking: /home/kaisar/warehouse_robot/robot/install/trp1_description/share/ament_index/resource_index/packages/trp1_description
[1.534s] -- Symlinking: /home/kaisar/warehouse_robot/robot/install/trp1_description/share/trp1_description/cmake/trp1_descriptionConfig.cmake
[1.545s] -- Symlinking: /home/kaisar/warehouse_robot/robot/install/trp1_description/share/trp1_description/cmake/trp1_descriptionConfig-version.cmake
[1.556s] -- Symlinking: /home/kaisar/warehouse_robot/robot/install/trp1_description/share/trp1_description/package.xml
[1.570s] Invoked command in '/home/kaisar/warehouse_robot/robot/build/trp1_description' returned '0': CMAKE_PREFIX_PATH=${CMAKE_PREFIX_PATH}:/opt/ros/jazzy DEBUGINFOD_URLS=https://debuginfod.ubuntu.com /usr/bin/cmake --install /home/kaisar/warehouse_robot/robot/build/trp1_description
