[2.050s] Invoking command in '/home/kaisar/warehouse_robot/robot/ws/src/robot_control': AMENT_PREFIX_PATH=/home/kaisar/warehouse_robot/robot/install/robot_planner:/home/kaisar/warehouse_robot/robot/install/robot_msgs:${AMENT_PREFIX_PATH} CMAKE_PREFIX_PATH=/home/kaisar/warehouse_robot/robot/install/robot_msgs:${CMAKE_PREFIX_PATH} DEBUGINFOD_URLS=https://debuginfod.ubuntu.com LD_LIBRARY_PATH=/home/kaisar/warehouse_robot/robot/install/robot_msgs/lib:${LD_LIBRARY_PATH} PYTHONPATH=/home/kaisar/warehouse_robot/robot/build/robot_control/prefix_override:/usr/lib/python3/dist-packages/colcon_core/task/python/colcon_distutils_commands:/home/kaisar/warehouse_robot/robot/install/robot_control/lib/python3.12/site-packages:/home/kaisar/warehouse_robot/robot/install/robot_planner/lib/python3.12/site-packages:/home/kaisar/warehouse_robot/robot/install/robot_msgs/lib/python3.12/site-packages:${PYTHONPATH} /usr/bin/python3 -W ignore:setup.py install is deprecated -W ignore:easy_install command is deprecated setup.py egg_info --egg-base ../../../build/robot_control build --build-base /home/kaisar/warehouse_robot/robot/build/robot_control/build install --record /home/kaisar/warehouse_robot/robot/build/robot_control/install.log --single-version-externally-managed install_data
[2.497s] running egg_info
[2.531s] writing ../../../build/robot_control/robot_control.egg-info/PKG-INFO
[2.532s] writing dependency_links to ../../../build/robot_control/robot_control.egg-info/dependency_links.txt
[2.532s] writing entry points to ../../../build/robot_control/robot_control.egg-info/entry_points.txt
[2.532s] writing requirements to ../../../build/robot_control/robot_control.egg-info/requires.txt
[2.532s] writing top-level names to ../../../build/robot_control/robot_control.egg-info/top_level.txt
[2.609s] reading manifest file '../../../build/robot_control/robot_control.egg-info/SOURCES.txt'
[2.612s] writing manifest file '../../../build/robot_control/robot_control.egg-info/SOURCES.txt'
[2.613s] running build
[2.613s] running build_py
[2.613s] running install
[2.619s] running install_lib
[2.656s] running install_data
[2.656s] running install_egg_info
[2.694s] removing '/home/kaisar/warehouse_robot/robot/install/robot_control/lib/python3.12/site-packages/robot_control-0.0.0-py3.12.egg-info' (and everything under it)
[2.695s] Copying ../../../build/robot_control/robot_control.egg-info to /home/kaisar/warehouse_robot/robot/install/robot_control/lib/python3.12/site-packages/robot_control-0.0.0-py3.12.egg-info
[2.696s] running install_scripts
[2.935s] Installing robot_control_node script to /home/kaisar/warehouse_robot/robot/install/robot_control/lib/robot_control
[2.936s] writing list of installed files to '/home/kaisar/warehouse_robot/robot/build/robot_control/install.log'
[3.002s] Invoked command in '/home/kaisar/warehouse_robot/robot/ws/src/robot_control' returned '0': AMENT_PREFIX_PATH=/home/kaisar/warehouse_robot/robot/install/robot_planner:/home/kaisar/warehouse_robot/robot/install/robot_msgs:${AMENT_PREFIX_PATH} CMAKE_PREFIX_PATH=/home/kaisar/warehouse_robot/robot/install/robot_msgs:${CMAKE_PREFIX_PATH} DEBUGINFOD_URLS=https://debuginfod.ubuntu.com LD_LIBRARY_PATH=/home/kaisar/warehouse_robot/robot/install/robot_msgs/lib:${LD_LIBRARY_PATH} PYTHONPATH=/home/kaisar/warehouse_robot/robot/build/robot_control/prefix_override:/usr/lib/python3/dist-packages/colcon_core/task/python/colcon_distutils_commands:/home/kaisar/warehouse_robot/robot/install/robot_control/lib/python3.12/site-packages:/home/kaisar/warehouse_robot/robot/install/robot_planner/lib/python3.12/site-packages:/home/kaisar/warehouse_robot/robot/install/robot_msgs/lib/python3.12/site-packages:${PYTHONPATH} /usr/bin/python3 -W ignore:setup.py install is deprecated -W ignore:easy_install command is deprecated setup.py egg_info --egg-base ../../../build/robot_control build --build-base /home/kaisar/warehouse_robot/robot/build/robot_control/build install --record /home/kaisar/warehouse_robot/robot/build/robot_control/install.log --single-version-externally-managed install_data
