-- The C compiler identification is GNU 13.3.0
-- The CXX compiler identification is GNU 13.3.0
-- Detecting C compiler ABI info
-- Detecting C compiler ABI info - done
-- Check for working C compiler: /usr/bin/cc - skipped
-- Detecting C compile features
-- Detecting C compile features - done
-- Detecting CXX compiler ABI info
-- Detecting CXX compiler ABI info - done
-- Check for working CXX compiler: /usr/bin/c++ - skipped
-- Detecting CXX compile features
-- Detecting CXX compile features - done
-- Found ament_cmake: 2.5.6 (/opt/ros/jazzy/share/ament_cmake/cmake)
-- Found Python3: /usr/bin/python3 (found version "3.12.3") found components: Interpreter 
-- Override CMake install command with custom implementation using symlinks instead of copying resources
-- Found rclcpp: 28.1.18 (/opt/ros/jazzy/share/rclcpp/cmake)
-- Found rosidl_generator_c: 4.6.7 (/opt/ros/jazzy/share/rosidl_generator_c/cmake)
-- Found rosidl_generator_cpp: 4.6.7 (/opt/ros/jazzy/share/rosidl_generator_cpp/cmake)
-- Using all available rosidl_typesupport_c: rosidl_typesupport_fastrtps_c;rosidl_typesupport_introspection_c
-- Using all available rosidl_typesupport_cpp: rosidl_typesupport_fastrtps_cpp;rosidl_typesupport_introspection_cpp
-- Found rmw_implementation_cmake: 7.3.3 (/opt/ros/jazzy/share/rmw_implementation_cmake/cmake)
-- Found rmw_fastrtps_cpp: 8.4.3 (/opt/ros/jazzy/share/rmw_fastrtps_cpp/cmake)
-- Found OpenSSL: /usr/lib/x86_64-linux-gnu/libcrypto.so (found version "3.0.13")  
-- Found FastRTPS: /opt/ros/jazzy/include (Required is at least version "2.13") 
-- Using RMW implementation 'rmw_fastrtps_cpp' as default
-- Found rclcpp_components: 28.1.18 (/opt/ros/jazzy/share/rclcpp_components/cmake)
-- Found sensor_msgs: 5.3.7 (/opt/ros/jazzy/share/sensor_msgs/cmake)
-- Found nav_msgs: 5.3.7 (/opt/ros/jazzy/share/nav_msgs/cmake)
-- Found tf2_ros: 0.36.20 (/opt/ros/jazzy/share/tf2_ros/cmake)
-- Found tf2_geometry_msgs: 0.36.20 (/opt/ros/jazzy/share/tf2_geometry_msgs/cmake)
-- Found eigen3_cmake_module: 0.3.0 (/opt/ros/jazzy/share/eigen3_cmake_module/cmake)
-- Found Eigen3: TRUE (found version "3.4.0") 
-- Ensuring Eigen3 include directory is part of orocos-kdl CMake target
-- Found std_srvs: 5.3.7 (/opt/ros/jazzy/share/std_srvs/cmake)
-- Found ament_lint_auto: 0.17.5 (/opt/ros/jazzy/share/ament_lint_auto/cmake)
-- Added test 'cppcheck' to perform static code analysis on C / C++ code
-- Configured cppcheck include dirs: /home/kaisar/warehouse_robot/robot/ws/src/stage_ros2/./include;$<BUILD_INTERFACE:/home/kaisar/warehouse_robot/robot/ws/src/stage_ros2/include>
-- Configured cppcheck exclude dirs and/or files: 
-- Added test 'flake8' to check Python code syntax and style conventions
-- Configured 'flake8' exclude dirs and/or files: 
-- Added test 'lint_cmake' to check CMake code style
-- Added test 'pep257' to check Python code against some of the docstring style conventions in PEP 257
-- Added test 'uncrustify' to check C / C++ code style
-- Configured uncrustify additional arguments: 
-- Added test 'xmllint' to check XML markup files
-- Added test 'clang_format' to check C / C++ code style
-- Added test 'pycodestyle' to check Python code against some of the style conventions in PEP 8
-- Configuring done (1.6s)
-- Generating done (0.0s)
-- Build files have been written to: /home/kaisar/warehouse_robot/build/stage_ros2
[ 57%] [32mBuilding CXX object CMakeFiles/stage_node.dir/src/camera.cpp.o[0m
[ 57%] [32mBuilding CXX object CMakeFiles/stage_node.dir/src/stage_node.cpp.o[0m
[ 57%] [32mBuilding CXX object CMakeFiles/stage_node.dir/src/ranger.cpp.o[0m
[ 57%] [32mBuilding CXX object CMakeFiles/stage_node.dir/src/vehicle.cpp.o[0m
[ 71%] [32m[1mLinking CXX shared library libstage_node.so[0m
[ 71%] Built target stage_node
[ 85%] [32mBuilding CXX object CMakeFiles/stage_ros2.dir/src/main.cpp.o[0m
[100%] [32m[1mLinking CXX executable stage_ros2[0m
[100%] Built target stage_ros2
-- Install configuration: ""
-- Execute custom install script
-- Symlinking: /home/kaisar/warehouse_robot/install/stage_ros2/share/stage_ros2/environment/library_path.sh
-- Symlinking: /home/kaisar/warehouse_robot/install/stage_ros2/share/stage_ros2/environment/library_path.dsv
-- Symlinking: /home/kaisar/warehouse_robot/install/stage_ros2/share/stage_ros2//launch/__pycache__/stage.launch.cpython-312.pyc
-- Symlinking: /home/kaisar/warehouse_robot/install/stage_ros2/share/stage_ros2//launch/demo.launch.py
-- Symlinking: /home/kaisar/warehouse_robot/install/stage_ros2/share/stage_ros2//launch/f710.launch.py
-- Symlinking: /home/kaisar/warehouse_robot/install/stage_ros2/share/stage_ros2//launch/rviz.launch.py
-- Symlinking: /home/kaisar/warehouse_robot/install/stage_ros2/share/stage_ros2//launch/rviz_ns.launch.py
-- Symlinking: /home/kaisar/warehouse_robot/install/stage_ros2/share/stage_ros2//launch/stage.launch.py
-- Symlinking: /home/kaisar/warehouse_robot/install/stage_ros2/share/stage_ros2//world/22.05.26_smap.world
-- Symlinking: /home/kaisar/warehouse_robot/install/stage_ros2/share/stage_ros2//world/bitmaps/22.05.26_smap.pgm
-- Symlinking: /home/kaisar/warehouse_robot/install/stage_ros2/share/stage_ros2//world/bitmaps/cave.png
-- Symlinking: /home/kaisar/warehouse_robot/install/stage_ros2/share/stage_ros2//world/bitmaps/hallway.pgm
-- Symlinking: /home/kaisar/warehouse_robot/install/stage_ros2/share/stage_ros2//world/bitmaps/hallway.png
-- Symlinking: /home/kaisar/warehouse_robot/install/stage_ros2/share/stage_ros2//world/bitmaps/id19_map.pgm
-- Symlinking: /home/kaisar/warehouse_robot/install/stage_ros2/share/stage_ros2//world/bitmaps/line.png
-- Symlinking: /home/kaisar/warehouse_robot/install/stage_ros2/share/stage_ros2//world/bitmaps/straden.png
-- Symlinking: /home/kaisar/warehouse_robot/install/stage_ros2/share/stage_ros2//world/bitmaps/us_office.pgm
-- Symlinking: /home/kaisar/warehouse_robot/install/stage_ros2/share/stage_ros2//world/bitmaps/warehouse008.pgm
-- Symlinking: /home/kaisar/warehouse_robot/install/stage_ros2/share/stage_ros2//world/bitmaps/warehouse032.pgm
-- Symlinking: /home/kaisar/warehouse_robot/install/stage_ros2/share/stage_ros2//world/bitmaps/warehouse200.pgm
-- Symlinking: /home/kaisar/warehouse_robot/install/stage_ros2/share/stage_ros2//world/bitmaps/willow-full.pgm
-- Symlinking: /home/kaisar/warehouse_robot/install/stage_ros2/share/stage_ros2//world/cave.world
-- Symlinking: /home/kaisar/warehouse_robot/install/stage_ros2/share/stage_ros2//world/cave_multi.world
-- Symlinking: /home/kaisar/warehouse_robot/install/stage_ros2/share/stage_ros2//world/cave_seven_robots.world
-- Symlinking: /home/kaisar/warehouse_robot/install/stage_ros2/share/stage_ros2//world/cave_three_robots.world
-- Symlinking: /home/kaisar/warehouse_robot/install/stage_ros2/share/stage_ros2//world/hallway.world
-- Symlinking: /home/kaisar/warehouse_robot/install/stage_ros2/share/stage_ros2//world/id19_map.world
-- Symlinking: /home/kaisar/warehouse_robot/install/stage_ros2/share/stage_ros2//world/include/pioneer2dx.inc
-- Symlinking: /home/kaisar/warehouse_robot/install/stage_ros2/share/stage_ros2//world/include/robots.inc
-- Symlinking: /home/kaisar/warehouse_robot/install/stage_ros2/share/stage_ros2//world/include/trp1.inc
-- Symlinking: /home/kaisar/warehouse_robot/install/stage_ros2/share/stage_ros2//world/lines.world
-- Symlinking: /home/kaisar/warehouse_robot/install/stage_ros2/share/stage_ros2//world/straden.world
-- Symlinking: /home/kaisar/warehouse_robot/install/stage_ros2/share/stage_ros2//world/trp1.inc
-- Symlinking: /home/kaisar/warehouse_robot/install/stage_ros2/share/stage_ros2//world/us_office.world
-- Symlinking: /home/kaisar/warehouse_robot/install/stage_ros2/share/stage_ros2//world/willow-four-erratics-multisensor.world
-- Symlinking: /home/kaisar/warehouse_robot/install/stage_ros2/share/stage_ros2//config/rviz/cave.rviz
-- Symlinking: /home/kaisar/warehouse_robot/install/stage_ros2/share/stage_ros2//config/rviz/cave_seven_robots.rviz
-- Symlinking: /home/kaisar/warehouse_robot/install/stage_ros2/share/stage_ros2//config/rviz/cave_three_robots.rviz
-- Symlinking: /home/kaisar/warehouse_robot/install/stage_ros2/share/stage_ros2//config/rviz/lines.rviz
-- Symlinking: /home/kaisar/warehouse_robot/install/stage_ros2/share/stage_ros2//config/rviz/robot0.rviz
-- Symlinking: /home/kaisar/warehouse_robot/install/stage_ros2/share/stage_ros2//config/rviz/robot_ns.rviz
-- Symlinking: /home/kaisar/warehouse_robot/install/stage_ros2/share/stage_ros2//config/rviz/robot_ns_depth.rviz
-- Symlinking: /home/kaisar/warehouse_robot/install/stage_ros2/share/stage_ros2//config/teleop_twist_joy/f710.config.yaml
-- Symlinking: /home/kaisar/warehouse_robot/install/stage_ros2/lib/libstage_node.so
-- Symlinking: /home/kaisar/warehouse_robot/install/stage_ros2/lib/stage_ros2/stage_ros2
-- Symlinking: /home/kaisar/warehouse_robot/install/stage_ros2/share/ament_index/resource_index/package_run_dependencies/stage_ros2
-- Symlinking: /home/kaisar/warehouse_robot/install/stage_ros2/share/ament_index/resource_index/parent_prefix_path/stage_ros2
-- Symlinking: /home/kaisar/warehouse_robot/install/stage_ros2/share/stage_ros2/environment/ament_prefix_path.sh
-- Symlinking: /home/kaisar/warehouse_robot/install/stage_ros2/share/stage_ros2/environment/ament_prefix_path.dsv
-- Symlinking: /home/kaisar/warehouse_robot/install/stage_ros2/share/stage_ros2/environment/path.sh
-- Symlinking: /home/kaisar/warehouse_robot/install/stage_ros2/share/stage_ros2/environment/path.dsv
-- Symlinking: /home/kaisar/warehouse_robot/install/stage_ros2/share/stage_ros2/local_setup.bash
-- Symlinking: /home/kaisar/warehouse_robot/install/stage_ros2/share/stage_ros2/local_setup.sh
-- Symlinking: /home/kaisar/warehouse_robot/install/stage_ros2/share/stage_ros2/local_setup.zsh
-- Symlinking: /home/kaisar/warehouse_robot/install/stage_ros2/share/stage_ros2/local_setup.dsv
-- Symlinking: /home/kaisar/warehouse_robot/install/stage_ros2/share/stage_ros2/package.dsv
-- Symlinking: /home/kaisar/warehouse_robot/install/stage_ros2/share/ament_index/resource_index/packages/stage_ros2
-- Symlinking: /home/kaisar/warehouse_robot/install/stage_ros2/share/stage_ros2/cmake/stage_ros2Config.cmake
-- Symlinking: /home/kaisar/warehouse_robot/install/stage_ros2/share/stage_ros2/cmake/stage_ros2Config-version.cmake
-- Symlinking: /home/kaisar/warehouse_robot/install/stage_ros2/share/stage_ros2/package.xml
