[1.339s] Invoking command in '/home/kaisar/warehouse_robot/robot/ws/src/robot_planner': AMENT_PREFIX_PATH=/home/kaisar/warehouse_robot/robot/install/robot_msgs:${AMENT_PREFIX_PATH} CMAKE_PREFIX_PATH=/home/kaisar/warehouse_robot/robot/install/robot_msgs:${CMAKE_PREFIX_PATH} DEBUGINFOD_URLS=https://debuginfod.ubuntu.com LD_LIBRARY_PATH=/home/kaisar/warehouse_robot/robot/install/robot_msgs/lib:${LD_LIBRARY_PATH} PYTHONPATH=/home/kaisar/warehouse_robot/robot/build/robot_planner/prefix_override:/usr/lib/python3/dist-packages/colcon_core/task/python/colcon_distutils_commands:/home/kaisar/warehouse_robot/robot/install/robot_planner/lib/python3.12/site-packages:/home/kaisar/warehouse_robot/robot/install/robot_msgs/lib/python3.12/site-packages:${PYTHONPATH} /usr/bin/python3 -W ignore:setup.py install is deprecated -W ignore:easy_install command is deprecated setup.py egg_info --egg-base ../../../build/robot_planner build --build-base /home/kaisar/warehouse_robot/robot/build/robot_planner/build install --record /home/kaisar/warehouse_robot/robot/build/robot_planner/install.log --single-version-externally-managed install_data
[1.767s] running egg_info
[1.802s] writing ../../../build/robot_planner/robot_planner.egg-info/PKG-INFO
[1.802s] writing dependency_links to ../../../build/robot_planner/robot_planner.egg-info/dependency_links.txt
[1.802s] writing requirements to ../../../build/robot_planner/robot_planner.egg-info/requires.txt
[1.802s] writing top-level names to ../../../build/robot_planner/robot_planner.egg-info/top_level.txt
[1.871s] reading manifest file '../../../build/robot_planner/robot_planner.egg-info/SOURCES.txt'
[1.871s] writing manifest file '../../../build/robot_planner/robot_planner.egg-info/SOURCES.txt'
[1.872s] running build
[1.872s] running build_py
[1.872s] copying robot_planner/nodes.py -> /home/kaisar/warehouse_robot/robot/build/robot_planner/build/lib/robot_planner
[1.872s] copying robot_planner/__init__.py -> /home/kaisar/warehouse_robot/robot/build/robot_planner/build/lib/robot_planner
[1.873s] running install
[1.880s] running install_lib
[1.916s] copying /home/kaisar/warehouse_robot/robot/build/robot_planner/build/lib/robot_planner/nodes.py -> /home/kaisar/warehouse_robot/robot/install/robot_planner/lib/python3.12/site-packages/robot_planner
[1.916s] copying /home/kaisar/warehouse_robot/robot/build/robot_planner/build/lib/robot_planner/__init__.py -> /home/kaisar/warehouse_robot/robot/install/robot_planner/lib/python3.12/site-packages/robot_planner
[1.918s] byte-compiling /home/kaisar/warehouse_robot/robot/install/robot_planner/lib/python3.12/site-packages/robot_planner/nodes.py to nodes.cpython-312.pyc
[1.922s] byte-compiling /home/kaisar/warehouse_robot/robot/install/robot_planner/lib/python3.12/site-packages/robot_planner/__init__.py to __init__.cpython-312.pyc
[1.922s] running install_data
[1.922s] running install_egg_info
[1.959s] removing '/home/kaisar/warehouse_robot/robot/install/robot_planner/lib/python3.12/site-packages/robot_planner-0.0.0-py3.12.egg-info' (and everything under it)
[1.959s] Copying ../../../build/robot_planner/robot_planner.egg-info to /home/kaisar/warehouse_robot/robot/install/robot_planner/lib/python3.12/site-packages/robot_planner-0.0.0-py3.12.egg-info
[1.960s] running install_scripts
[2.182s] writing list of installed files to '/home/kaisar/warehouse_robot/robot/build/robot_planner/install.log'
[2.247s] Invoked command in '/home/kaisar/warehouse_robot/robot/ws/src/robot_planner' returned '0': AMENT_PREFIX_PATH=/home/kaisar/warehouse_robot/robot/install/robot_msgs:${AMENT_PREFIX_PATH} CMAKE_PREFIX_PATH=/home/kaisar/warehouse_robot/robot/install/robot_msgs:${CMAKE_PREFIX_PATH} DEBUGINFOD_URLS=https://debuginfod.ubuntu.com LD_LIBRARY_PATH=/home/kaisar/warehouse_robot/robot/install/robot_msgs/lib:${LD_LIBRARY_PATH} PYTHONPATH=/home/kaisar/warehouse_robot/robot/build/robot_planner/prefix_override:/usr/lib/python3/dist-packages/colcon_core/task/python/colcon_distutils_commands:/home/kaisar/warehouse_robot/robot/install/robot_planner/lib/python3.12/site-packages:/home/kaisar/warehouse_robot/robot/install/robot_msgs/lib/python3.12/site-packages:${PYTHONPATH} /usr/bin/python3 -W ignore:setup.py install is deprecated -W ignore:easy_install command is deprecated setup.py egg_info --egg-base ../../../build/robot_planner build --build-base /home/kaisar/warehouse_robot/robot/build/robot_planner/build install --record /home/kaisar/warehouse_robot/robot/build/robot_planner/install.log --single-version-externally-managed install_data
