running egg_info
creating ../../../build/robot_gateway/robot_gateway.egg-info
writing ../../../build/robot_gateway/robot_gateway.egg-info/PKG-INFO
writing dependency_links to ../../../build/robot_gateway/robot_gateway.egg-info/dependency_links.txt
writing entry points to ../../../build/robot_gateway/robot_gateway.egg-info/entry_points.txt
writing requirements to ../../../build/robot_gateway/robot_gateway.egg-info/requires.txt
writing top-level names to ../../../build/robot_gateway/robot_gateway.egg-info/top_level.txt
writing manifest file '../../../build/robot_gateway/robot_gateway.egg-info/SOURCES.txt'
reading manifest file '../../../build/robot_gateway/robot_gateway.egg-info/SOURCES.txt'
writing manifest file '../../../build/robot_gateway/robot_gateway.egg-info/SOURCES.txt'
running build
running build_py
creating /home/kaisar/warehouse_robot/robot/build/robot_gateway/build
creating /home/kaisar/warehouse_robot/robot/build/robot_gateway/build/lib
creating /home/kaisar/warehouse_robot/robot/build/robot_gateway/build/lib/robot_gateway
copying robot_gateway/__init__.py -> /home/kaisar/warehouse_robot/robot/build/robot_gateway/build/lib/robot_gateway
copying robot_gateway/gateway_node.py -> /home/kaisar/warehouse_robot/robot/build/robot_gateway/build/lib/robot_gateway
running install
running install_lib
creating /home/kaisar/warehouse_robot/robot/install/robot_gateway/lib/python3.12/site-packages/robot_gateway
copying /home/kaisar/warehouse_robot/robot/build/robot_gateway/build/lib/robot_gateway/__init__.py -> /home/kaisar/warehouse_robot/robot/install/robot_gateway/lib/python3.12/site-packages/robot_gateway
copying /home/kaisar/warehouse_robot/robot/build/robot_gateway/build/lib/robot_gateway/gateway_node.py -> /home/kaisar/warehouse_robot/robot/install/robot_gateway/lib/python3.12/site-packages/robot_gateway
byte-compiling /home/kaisar/warehouse_robot/robot/install/robot_gateway/lib/python3.12/site-packages/robot_gateway/__init__.py to __init__.cpython-312.pyc
byte-compiling /home/kaisar/warehouse_robot/robot/install/robot_gateway/lib/python3.12/site-packages/robot_gateway/gateway_node.py to gateway_node.cpython-312.pyc
running install_data
creating /home/kaisar/warehouse_robot/robot/install/robot_gateway/share/ament_index
creating /home/kaisar/warehouse_robot/robot/install/robot_gateway/share/ament_index/resource_index
creating /home/kaisar/warehouse_robot/robot/install/robot_gateway/share/ament_index/resource_index/packages
copying resource/robot_gateway -> /home/kaisar/warehouse_robot/robot/install/robot_gateway/share/ament_index/resource_index/packages
copying package.xml -> /home/kaisar/warehouse_robot/robot/install/robot_gateway/share/robot_gateway
running install_egg_info
Copying ../../../build/robot_gateway/robot_gateway.egg-info to /home/kaisar/warehouse_robot/robot/install/robot_gateway/lib/python3.12/site-packages/robot_gateway-0.0.0-py3.12.egg-info
running install_scripts
Installing robot_gateway_node script to /home/kaisar/warehouse_robot/robot/install/robot_gateway/lib/robot_gateway
writing list of installed files to '/home/kaisar/warehouse_robot/robot/build/robot_gateway/install.log'
