[2.138s] Invoking command in '/home/kaisar/warehouse_robot/robot/ws/src/robot_gateway': AMENT_PREFIX_PATH=/home/kaisar/warehouse_robot/robot/install/robot_planner:/home/kaisar/warehouse_robot/robot/install/robot_msgs:${AMENT_PREFIX_PATH} CMAKE_PREFIX_PATH=/home/kaisar/warehouse_robot/robot/install/robot_msgs:${CMAKE_PREFIX_PATH} DEBUGINFOD_URLS=https://debuginfod.ubuntu.com LD_LIBRARY_PATH=/home/kaisar/warehouse_robot/robot/install/robot_msgs/lib:${LD_LIBRARY_PATH} PYTHONPATH=/home/kaisar/warehouse_robot/robot/build/robot_gateway/prefix_override:/usr/lib/python3/dist-packages/colcon_core/task/python/colcon_distutils_commands:/home/kaisar/warehouse_robot/robot/install/robot_gateway/lib/python3.12/site-packages:/home/kaisar/warehouse_robot/robot/install/robot_planner/lib/python3.12/site-packages:/home/kaisar/warehouse_robot/robot/install/robot_msgs/lib/python3.12/site-packages:${PYTHONPATH} /usr/bin/python3 -W ignore:setup.py install is deprecated -W ignore:easy_install command is deprecated setup.py egg_info --egg-base ../../../build/robot_gateway build --build-base /home/kaisar/warehouse_robot/robot/build/robot_gateway/build install --record /home/kaisar/warehouse_robot/robot/build/robot_gateway/install.log --single-version-externally-managed install_data
[2.572s] running egg_info
[2.573s] creating ../../../build/robot_gateway/robot_gateway.egg-info
[2.607s] writing ../../../build/robot_gateway/robot_gateway.egg-info/PKG-INFO
[2.608s] writing dependency_links to ../../../build/robot_gateway/robot_gateway.egg-info/dependency_links.txt
[2.608s] writing entry points to ../../../build/robot_gateway/robot_gateway.egg-info/entry_points.txt
[2.608s] writing requirements to ../../../build/robot_gateway/robot_gateway.egg-info/requires.txt
[2.608s] writing top-level names to ../../../build/robot_gateway/robot_gateway.egg-info/top_level.txt
[2.608s] writing manifest file '../../../build/robot_gateway/robot_gateway.egg-info/SOURCES.txt'
[2.682s] reading manifest file '../../../build/robot_gateway/robot_gateway.egg-info/SOURCES.txt'
[2.683s] writing manifest file '../../../build/robot_gateway/robot_gateway.egg-info/SOURCES.txt'
[2.683s] running build
[2.683s] running build_py
[2.684s] creating /home/kaisar/warehouse_robot/robot/build/robot_gateway/build
[2.684s] creating /home/kaisar/warehouse_robot/robot/build/robot_gateway/build/lib
[2.684s] creating /home/kaisar/warehouse_robot/robot/build/robot_gateway/build/lib/robot_gateway
[2.684s] copying robot_gateway/__init__.py -> /home/kaisar/warehouse_robot/robot/build/robot_gateway/build/lib/robot_gateway
[2.684s] copying robot_gateway/gateway_node.py -> /home/kaisar/warehouse_robot/robot/build/robot_gateway/build/lib/robot_gateway
[2.684s] running install
[2.692s] running install_lib
[2.727s] creating /home/kaisar/warehouse_robot/robot/install/robot_gateway/lib/python3.12/site-packages/robot_gateway
[2.727s] copying /home/kaisar/warehouse_robot/robot/build/robot_gateway/build/lib/robot_gateway/__init__.py -> /home/kaisar/warehouse_robot/robot/install/robot_gateway/lib/python3.12/site-packages/robot_gateway
[2.727s] copying /home/kaisar/warehouse_robot/robot/build/robot_gateway/build/lib/robot_gateway/gateway_node.py -> /home/kaisar/warehouse_robot/robot/install/robot_gateway/lib/python3.12/site-packages/robot_gateway
[2.729s] byte-compiling /home/kaisar/warehouse_robot/robot/install/robot_gateway/lib/python3.12/site-packages/robot_gateway/__init__.py to __init__.cpython-312.pyc
[2.729s] byte-compiling /home/kaisar/warehouse_robot/robot/install/robot_gateway/lib/python3.12/site-packages/robot_gateway/gateway_node.py to gateway_node.cpython-312.pyc
[2.732s] running install_data
[2.732s] creating /home/kaisar/warehouse_robot/robot/install/robot_gateway/share/ament_index
[2.732s] creating /home/kaisar/warehouse_robot/robot/install/robot_gateway/share/ament_index/resource_index
[2.732s] creating /home/kaisar/warehouse_robot/robot/install/robot_gateway/share/ament_index/resource_index/packages
[2.732s] copying resource/robot_gateway -> /home/kaisar/warehouse_robot/robot/install/robot_gateway/share/ament_index/resource_index/packages
[2.732s] copying package.xml -> /home/kaisar/warehouse_robot/robot/install/robot_gateway/share/robot_gateway
[2.732s] running install_egg_info
[2.770s] Copying ../../../build/robot_gateway/robot_gateway.egg-info to /home/kaisar/warehouse_robot/robot/install/robot_gateway/lib/python3.12/site-packages/robot_gateway-0.0.0-py3.12.egg-info
[2.772s] running install_scripts
[3.005s] Installing robot_gateway_node script to /home/kaisar/warehouse_robot/robot/install/robot_gateway/lib/robot_gateway
[3.006s] writing list of installed files to '/home/kaisar/warehouse_robot/robot/build/robot_gateway/install.log'
[3.083s] Invoked command in '/home/kaisar/warehouse_robot/robot/ws/src/robot_gateway' returned '0': AMENT_PREFIX_PATH=/home/kaisar/warehouse_robot/robot/install/robot_planner:/home/kaisar/warehouse_robot/robot/install/robot_msgs:${AMENT_PREFIX_PATH} CMAKE_PREFIX_PATH=/home/kaisar/warehouse_robot/robot/install/robot_msgs:${CMAKE_PREFIX_PATH} DEBUGINFOD_URLS=https://debuginfod.ubuntu.com LD_LIBRARY_PATH=/home/kaisar/warehouse_robot/robot/install/robot_msgs/lib:${LD_LIBRARY_PATH} PYTHONPATH=/home/kaisar/warehouse_robot/robot/build/robot_gateway/prefix_override:/usr/lib/python3/dist-packages/colcon_core/task/python/colcon_distutils_commands:/home/kaisar/warehouse_robot/robot/install/robot_gateway/lib/python3.12/site-packages:/home/kaisar/warehouse_robot/robot/install/robot_planner/lib/python3.12/site-packages:/home/kaisar/warehouse_robot/robot/install/robot_msgs/lib/python3.12/site-packages:${PYTHONPATH} /usr/bin/python3 -W ignore:setup.py install is deprecated -W ignore:easy_install command is deprecated setup.py egg_info --egg-base ../../../build/robot_gateway build --build-base /home/kaisar/warehouse_robot/robot/build/robot_gateway/build install --record /home/kaisar/warehouse_robot/robot/build/robot_gateway/install.log --single-version-externally-managed install_data
