running develop
Removing /home/kaisar/warehouse_robot/robot/install/robot_http_api/lib/python3.12/site-packages/robot-http-api.egg-link (link to .)
running egg_info
writing ../../../build/robot_http_api/robot_http_api.egg-info/PKG-INFO
writing dependency_links to ../../../build/robot_http_api/robot_http_api.egg-info/dependency_links.txt
writing entry points to ../../../build/robot_http_api/robot_http_api.egg-info/entry_points.txt
writing requirements to ../../../build/robot_http_api/robot_http_api.egg-info/requires.txt
writing top-level names to ../../../build/robot_http_api/robot_http_api.egg-info/top_level.txt
reading manifest file '../../../build/robot_http_api/robot_http_api.egg-info/SOURCES.txt'
writing manifest file '../../../build/robot_http_api/robot_http_api.egg-info/SOURCES.txt'
running build
running build_py
creating /home/kaisar/warehouse_robot/robot/build/robot_http_api/build
creating /home/kaisar/warehouse_robot/robot/build/robot_http_api/build/lib
creating /home/kaisar/warehouse_robot/robot/build/robot_http_api/build/lib/robot_http_api
copying robot_http_api/__init__.py -> /home/kaisar/warehouse_robot/robot/build/robot_http_api/build/lib/robot_http_api
copying robot_http_api/server.py -> /home/kaisar/warehouse_robot/robot/build/robot_http_api/build/lib/robot_http_api
running install
running install_lib
creating /home/kaisar/warehouse_robot/robot/install/robot_http_api/lib/python3.12/site-packages/robot_http_api
copying /home/kaisar/warehouse_robot/robot/build/robot_http_api/build/lib/robot_http_api/__init__.py -> /home/kaisar/warehouse_robot/robot/install/robot_http_api/lib/python3.12/site-packages/robot_http_api
copying /home/kaisar/warehouse_robot/robot/build/robot_http_api/build/lib/robot_http_api/server.py -> /home/kaisar/warehouse_robot/robot/install/robot_http_api/lib/python3.12/site-packages/robot_http_api
byte-compiling /home/kaisar/warehouse_robot/robot/install/robot_http_api/lib/python3.12/site-packages/robot_http_api/__init__.py to __init__.cpython-312.pyc
byte-compiling /home/kaisar/warehouse_robot/robot/install/robot_http_api/lib/python3.12/site-packages/robot_http_api/server.py to server.cpython-312.pyc
running install_data
copying resource/robot_http_api -> /home/kaisar/warehouse_robot/robot/install/robot_http_api/share/ament_index/resource_index/packages
copying package.xml -> /home/kaisar/warehouse_robot/robot/install/robot_http_api/share/robot_http_api
copying robot_http_api/static/app.js -> /home/kaisar/warehouse_robot/robot/install/robot_http_api/share/robot_http_api/static
copying robot_http_api/static/index.html -> /home/kaisar/warehouse_robot/robot/install/robot_http_api/share/robot_http_api/static
copying robot_http_api/static/styles.css -> /home/kaisar/warehouse_robot/robot/install/robot_http_api/share/robot_http_api/static
running install_egg_info
Copying ../../../build/robot_http_api/robot_http_api.egg-info to /home/kaisar/warehouse_robot/robot/install/robot_http_api/lib/python3.12/site-packages/robot_http_api-0.0.0-py3.12.egg-info
running install_scripts
Installing robot_http_api_server script to /home/kaisar/warehouse_robot/robot/install/robot_http_api/lib/robot_http_api
writing list of installed files to '/home/kaisar/warehouse_robot/robot/build/robot_http_api/install.log'
