[1.340s] Invoking command in '/home/kaisar/warehouse_robot/robot/build/robot_http_api': AMENT_PREFIX_PATH=/home/kaisar/warehouse_robot/robot/install/robot_planner:/home/kaisar/warehouse_robot/robot/install/robot_msgs:${AMENT_PREFIX_PATH} CMAKE_PREFIX_PATH=/home/kaisar/warehouse_robot/robot/install/robot_msgs:${CMAKE_PREFIX_PATH} DEBUGINFOD_URLS=https://debuginfod.ubuntu.com LD_LIBRARY_PATH=/home/kaisar/warehouse_robot/robot/install/robot_msgs/lib:${LD_LIBRARY_PATH} PYTHONPATH=/home/kaisar/warehouse_robot/robot/build/robot_http_api/prefix_override:/usr/lib/python3/dist-packages/colcon_core/task/python/colcon_distutils_commands:/home/kaisar/warehouse_robot/robot/install/robot_http_api/lib/python3.12/site-packages:/home/kaisar/warehouse_robot/robot/install/robot_planner/lib/python3.12/site-packages:/home/kaisar/warehouse_robot/robot/install/robot_msgs/lib/python3.12/site-packages:${PYTHONPATH} /usr/bin/python3 -W ignore:setup.py install is deprecated -W ignore:easy_install command is deprecated setup.py develop --uninstall --editable --build-directory /home/kaisar/warehouse_robot/robot/build/robot_http_api/build
[1.828s] running develop
[2.228s] Removing /home/kaisar/warehouse_robot/robot/install/robot_http_api/lib/python3.12/site-packages/robot-http-api.egg-link (link to .)
[2.319s] Invoked command in '/home/kaisar/warehouse_robot/robot/build/robot_http_api' returned '0': AMENT_PREFIX_PATH=/home/kaisar/warehouse_robot/robot/install/robot_planner:/home/kaisar/warehouse_robot/robot/install/robot_msgs:${AMENT_PREFIX_PATH} CMAKE_PREFIX_PATH=/home/kaisar/warehouse_robot/robot/install/robot_msgs:${CMAKE_PREFIX_PATH} DEBUGINFOD_URLS=https://debuginfod.ubuntu.com LD_LIBRARY_PATH=/home/kaisar/warehouse_robot/robot/install/robot_msgs/lib:${LD_LIBRARY_PATH} PYTHONPATH=/home/kaisar/warehouse_robot/robot/build/robot_http_api/prefix_override:/usr/lib/python3/dist-packages/colcon_core/task/python/colcon_distutils_commands:/home/kaisar/warehouse_robot/robot/install/robot_http_api/lib/python3.12/site-packages:/home/kaisar/warehouse_robot/robot/install/robot_planner/lib/python3.12/site-packages:/home/kaisar/warehouse_robot/robot/install/robot_msgs/lib/python3.12/site-packages:${PYTHONPATH} /usr/bin/python3 -W ignore:setup.py install is deprecated -W ignore:easy_install command is deprecated setup.py develop --uninstall --editable --build-directory /home/kaisar/warehouse_robot/robot/build/robot_http_api/build
[2.320s] Invoking command in '/home/kaisar/warehouse_robot/robot/ws/src/robot_http_api': AMENT_PREFIX_PATH=/home/kaisar/warehouse_robot/robot/install/robot_planner:/home/kaisar/warehouse_robot/robot/install/robot_msgs:${AMENT_PREFIX_PATH} CMAKE_PREFIX_PATH=/home/kaisar/warehouse_robot/robot/install/robot_msgs:${CMAKE_PREFIX_PATH} DEBUGINFOD_URLS=https://debuginfod.ubuntu.com LD_LIBRARY_PATH=/home/kaisar/warehouse_robot/robot/install/robot_msgs/lib:${LD_LIBRARY_PATH} PYTHONPATH=/home/kaisar/warehouse_robot/robot/build/robot_http_api/prefix_override:/usr/lib/python3/dist-packages/colcon_core/task/python/colcon_distutils_commands:/home/kaisar/warehouse_robot/robot/install/robot_http_api/lib/python3.12/site-packages:/home/kaisar/warehouse_robot/robot/install/robot_planner/lib/python3.12/site-packages:/home/kaisar/warehouse_robot/robot/install/robot_msgs/lib/python3.12/site-packages:${PYTHONPATH} /usr/bin/python3 -W ignore:setup.py install is deprecated -W ignore:easy_install command is deprecated setup.py egg_info --egg-base ../../../build/robot_http_api build --build-base /home/kaisar/warehouse_robot/robot/build/robot_http_api/build install --record /home/kaisar/warehouse_robot/robot/build/robot_http_api/install.log --single-version-externally-managed install_data --force
[2.808s] running egg_info
[2.849s] writing ../../../build/robot_http_api/robot_http_api.egg-info/PKG-INFO
[2.849s] writing dependency_links to ../../../build/robot_http_api/robot_http_api.egg-info/dependency_links.txt
[2.849s] writing entry points to ../../../build/robot_http_api/robot_http_api.egg-info/entry_points.txt
[2.851s] writing requirements to ../../../build/robot_http_api/robot_http_api.egg-info/requires.txt
[2.851s] writing top-level names to ../../../build/robot_http_api/robot_http_api.egg-info/top_level.txt
[2.935s] reading manifest file '../../../build/robot_http_api/robot_http_api.egg-info/SOURCES.txt'
[2.936s] writing manifest file '../../../build/robot_http_api/robot_http_api.egg-info/SOURCES.txt'
[2.937s] running build
[2.937s] running build_py
[2.937s] creating /home/kaisar/warehouse_robot/robot/build/robot_http_api/build
[2.937s] creating /home/kaisar/warehouse_robot/robot/build/robot_http_api/build/lib
[2.937s] creating /home/kaisar/warehouse_robot/robot/build/robot_http_api/build/lib/robot_http_api
[2.937s] copying robot_http_api/__init__.py -> /home/kaisar/warehouse_robot/robot/build/robot_http_api/build/lib/robot_http_api
[2.938s] copying robot_http_api/server.py -> /home/kaisar/warehouse_robot/robot/build/robot_http_api/build/lib/robot_http_api
[2.938s] running install
[2.947s] running install_lib
[2.986s] creating /home/kaisar/warehouse_robot/robot/install/robot_http_api/lib/python3.12/site-packages/robot_http_api
[2.986s] copying /home/kaisar/warehouse_robot/robot/build/robot_http_api/build/lib/robot_http_api/__init__.py -> /home/kaisar/warehouse_robot/robot/install/robot_http_api/lib/python3.12/site-packages/robot_http_api
[2.986s] copying /home/kaisar/warehouse_robot/robot/build/robot_http_api/build/lib/robot_http_api/server.py -> /home/kaisar/warehouse_robot/robot/install/robot_http_api/lib/python3.12/site-packages/robot_http_api
[2.987s] byte-compiling /home/kaisar/warehouse_robot/robot/install/robot_http_api/lib/python3.12/site-packages/robot_http_api/__init__.py to __init__.cpython-312.pyc
[2.987s] byte-compiling /home/kaisar/warehouse_robot/robot/install/robot_http_api/lib/python3.12/site-packages/robot_http_api/server.py to server.cpython-312.pyc
[2.997s] running install_data
[2.997s] copying resource/robot_http_api -> /home/kaisar/warehouse_robot/robot/install/robot_http_api/share/ament_index/resource_index/packages
[2.997s] copying package.xml -> /home/kaisar/warehouse_robot/robot/install/robot_http_api/share/robot_http_api
[2.997s] copying robot_http_api/static/app.js -> /home/kaisar/warehouse_robot/robot/install/robot_http_api/share/robot_http_api/static
[2.998s] copying robot_http_api/static/index.html -> /home/kaisar/warehouse_robot/robot/install/robot_http_api/share/robot_http_api/static
[2.998s] copying robot_http_api/static/styles.css -> /home/kaisar/warehouse_robot/robot/install/robot_http_api/share/robot_http_api/static
[2.998s] running install_egg_info
[3.034s] Copying ../../../build/robot_http_api/robot_http_api.egg-info to /home/kaisar/warehouse_robot/robot/install/robot_http_api/lib/python3.12/site-packages/robot_http_api-0.0.0-py3.12.egg-info
[3.035s] running install_scripts
[3.266s] Installing robot_http_api_server script to /home/kaisar/warehouse_robot/robot/install/robot_http_api/lib/robot_http_api
[3.266s] writing list of installed files to '/home/kaisar/warehouse_robot/robot/build/robot_http_api/install.log'
[3.326s] Invoked command in '/home/kaisar/warehouse_robot/robot/ws/src/robot_http_api' returned '0': AMENT_PREFIX_PATH=/home/kaisar/warehouse_robot/robot/install/robot_planner:/home/kaisar/warehouse_robot/robot/install/robot_msgs:${AMENT_PREFIX_PATH} CMAKE_PREFIX_PATH=/home/kaisar/warehouse_robot/robot/install/robot_msgs:${CMAKE_PREFIX_PATH} DEBUGINFOD_URLS=https://debuginfod.ubuntu.com LD_LIBRARY_PATH=/home/kaisar/warehouse_robot/robot/install/robot_msgs/lib:${LD_LIBRARY_PATH} PYTHONPATH=/home/kaisar/warehouse_robot/robot/build/robot_http_api/prefix_override:/usr/lib/python3/dist-packages/colcon_core/task/python/colcon_distutils_commands:/home/kaisar/warehouse_robot/robot/install/robot_http_api/lib/python3.12/site-packages:/home/kaisar/warehouse_robot/robot/install/robot_planner/lib/python3.12/site-packages:/home/kaisar/warehouse_robot/robot/install/robot_msgs/lib/python3.12/site-packages:${PYTHONPATH} /usr/bin/python3 -W ignore:setup.py install is deprecated -W ignore:easy_install command is deprecated setup.py egg_info --egg-base ../../../build/robot_http_api build --build-base /home/kaisar/warehouse_robot/robot/build/robot_http_api/build install --record /home/kaisar/warehouse_robot/robot/build/robot_http_api/install.log --single-version-externally-managed install_data --force
