[0.028s] Invoking command in '/home/kaisar/warehouse_robot/robot/build/robot_msgs': CMAKE_PREFIX_PATH=/home/kaisar/warehouse_robot/install/trp1_description:/home/kaisar/warehouse_robot/install/stage_ros2:/home/kaisar/warehouse_robot/robot/install/robot_http_api:/home/kaisar/warehouse_robot/robot/install/robot_planner:/opt/ros/jazzy:/home/kaisar/warehouse_robot/install/stage:/home/kaisar/warehouse_robot/install/robot_msgs:/home/kaisar/warehouse_robot/install/nav2:/home/kaisar/warehouse_robot/robot/install/trp1_description:/home/kaisar/warehouse_robot/robot/install/stage_ros2:/home/kaisar/warehouse_robot/robot/install/stage:/home/kaisar/warehouse_robot/robot/install/robot_msgs:/home/kaisar/warehouse_robot/robot/install/nav2:/opt/ros/jazzy/opt/gz_sim_vendor:/opt/ros/jazzy/opt/gz_sensors_vendor:/opt/ros/jazzy/opt/gz_physics_vendor:/opt/ros/jazzy/opt/sdformat_vendor:/opt/ros/jazzy/opt/gz_gui_vendor:/opt/ros/jazzy/opt/gz_transport_vendor:/opt/ros/jazzy/opt/gz_rendering_vendor:/opt/ros/jazzy/opt/gz_plugin_vendor:/opt/ros/jazzy/opt/gz_fuel_tools_vendor:/opt/ros/jazzy/opt/gz_msgs_vendor:/opt/ros/jazzy/opt/gz_common_vendor:/opt/ros/jazzy/opt/gz_math_vendor:/opt/ros/jazzy/opt/gz_utils_vendor:/opt/ros/jazzy/opt/gz_tools_vendor:/opt/ros/jazzy/opt/gz_ogre_next_vendor:/opt/ros/jazzy/opt/gz_dartsim_vendor:/opt/ros/jazzy/opt/gz_cmake_vendor DEBUGINFOD_URLS=https://debuginfod.ubuntu.com /usr/bin/cmake /home/kaisar/warehouse_robot/robot/ws/src/robot_msgs -DAMENT_CMAKE_SYMLINK_INSTALL=1 -DCMAKE_INSTALL_PREFIX=/home/kaisar/warehouse_robot/robot/install/robot_msgs
[0.043s] -- Found ament_cmake: 2.5.6 (/opt/ros/jazzy/share/ament_cmake/cmake)
[0.202s] -- Override CMake install command with custom implementation using symlinks instead of copying resources
[0.222s] -- Found builtin_interfaces: 2.0.3 (/opt/ros/jazzy/share/builtin_interfaces/cmake)
[0.257s] -- Found rosidl_generator_c: 4.6.7 (/opt/ros/jazzy/share/rosidl_generator_c/cmake)
[0.269s] -- Found rosidl_generator_cpp: 4.6.7 (/opt/ros/jazzy/share/rosidl_generator_cpp/cmake)
[0.279s] -- Using all available rosidl_typesupport_c: rosidl_typesupport_fastrtps_c;rosidl_typesupport_introspection_c
[0.292s] -- Using all available rosidl_typesupport_cpp: rosidl_typesupport_fastrtps_cpp;rosidl_typesupport_introspection_cpp
[0.305s] -- Found geometry_msgs: 5.3.7 (/opt/ros/jazzy/share/geometry_msgs/cmake)
[0.338s] -- Found rosidl_default_generators: 1.6.0 (/opt/ros/jazzy/share/rosidl_default_generators/cmake)
[0.354s] -- Found rosidl_adapter: 4.6.7 (/opt/ros/jazzy/share/rosidl_adapter/cmake)
[0.728s] -- Found ament_cmake_ros: 0.12.0 (/opt/ros/jazzy/share/ament_cmake_ros/cmake)
[1.046s] -- Using all available rosidl_typesupport_c: rosidl_typesupport_fastrtps_c;rosidl_typesupport_introspection_c
[1.172s] -- Using all available rosidl_typesupport_cpp: rosidl_typesupport_fastrtps_cpp;rosidl_typesupport_introspection_cpp
[1.174s] -- Found python_cmake_module: 0.11.1 (/opt/ros/jazzy/share/python_cmake_module/cmake)
[1.447s] -- Found Python3: /usr/bin/python3 (found version "3.12.3") found components: Interpreter Development NumPy Development.Module Development.Embed 
[1.551s] -- Found Python3: /usr/bin/python3 (found version "3.12.3") found components: Interpreter 
[1.565s] -- Configuring done (1.5s)
[1.623s] -- Generating done (0.0s)
[1.638s] -- Build files have been written to: /home/kaisar/warehouse_robot/robot/build/robot_msgs
[1.648s] Invoked command in '/home/kaisar/warehouse_robot/robot/build/robot_msgs' returned '0': CMAKE_PREFIX_PATH=/home/kaisar/warehouse_robot/install/trp1_description:/home/kaisar/warehouse_robot/install/stage_ros2:/home/kaisar/warehouse_robot/robot/install/robot_http_api:/home/kaisar/warehouse_robot/robot/install/robot_planner:/opt/ros/jazzy:/home/kaisar/warehouse_robot/install/stage:/home/kaisar/warehouse_robot/install/robot_msgs:/home/kaisar/warehouse_robot/install/nav2:/home/kaisar/warehouse_robot/robot/install/trp1_description:/home/kaisar/warehouse_robot/robot/install/stage_ros2:/home/kaisar/warehouse_robot/robot/install/stage:/home/kaisar/warehouse_robot/robot/install/robot_msgs:/home/kaisar/warehouse_robot/robot/install/nav2:/opt/ros/jazzy/opt/gz_sim_vendor:/opt/ros/jazzy/opt/gz_sensors_vendor:/opt/ros/jazzy/opt/gz_physics_vendor:/opt/ros/jazzy/opt/sdformat_vendor:/opt/ros/jazzy/opt/gz_gui_vendor:/opt/ros/jazzy/opt/gz_transport_vendor:/opt/ros/jazzy/opt/gz_rendering_vendor:/opt/ros/jazzy/opt/gz_plugin_vendor:/opt/ros/jazzy/opt/gz_fuel_tools_vendor:/opt/ros/jazzy/opt/gz_msgs_vendor:/opt/ros/jazzy/opt/gz_common_vendor:/opt/ros/jazzy/opt/gz_math_vendor:/opt/ros/jazzy/opt/gz_utils_vendor:/opt/ros/jazzy/opt/gz_tools_vendor:/opt/ros/jazzy/opt/gz_ogre_next_vendor:/opt/ros/jazzy/opt/gz_dartsim_vendor:/opt/ros/jazzy/opt/gz_cmake_vendor DEBUGINFOD_URLS=https://debuginfod.ubuntu.com /usr/bin/cmake /home/kaisar/warehouse_robot/robot/ws/src/robot_msgs -DAMENT_CMAKE_SYMLINK_INSTALL=1 -DCMAKE_INSTALL_PREFIX=/home/kaisar/warehouse_robot/robot/install/robot_msgs
[1.649s] Invoking command in '/home/kaisar/warehouse_robot/robot/build/robot_msgs': CMAKE_PREFIX_PATH=/home/kaisar/warehouse_robot/install/trp1_description:/home/kaisar/warehouse_robot/install/stage_ros2:/home/kaisar/warehouse_robot/robot/install/robot_http_api:/home/kaisar/warehouse_robot/robot/install/robot_planner:/opt/ros/jazzy:/home/kaisar/warehouse_robot/install/stage:/home/kaisar/warehouse_robot/install/robot_msgs:/home/kaisar/warehouse_robot/install/nav2:/home/kaisar/warehouse_robot/robot/install/trp1_description:/home/kaisar/warehouse_robot/robot/install/stage_ros2:/home/kaisar/warehouse_robot/robot/install/stage:/home/kaisar/warehouse_robot/robot/install/robot_msgs:/home/kaisar/warehouse_robot/robot/install/nav2:/opt/ros/jazzy/opt/gz_sim_vendor:/opt/ros/jazzy/opt/gz_sensors_vendor:/opt/ros/jazzy/opt/gz_physics_vendor:/opt/ros/jazzy/opt/sdformat_vendor:/opt/ros/jazzy/opt/gz_gui_vendor:/opt/ros/jazzy/opt/gz_transport_vendor:/opt/ros/jazzy/opt/gz_rendering_vendor:/opt/ros/jazzy/opt/gz_plugin_vendor:/opt/ros/jazzy/opt/gz_fuel_tools_vendor:/opt/ros/jazzy/opt/gz_msgs_vendor:/opt/ros/jazzy/opt/gz_common_vendor:/opt/ros/jazzy/opt/gz_math_vendor:/opt/ros/jazzy/opt/gz_utils_vendor:/opt/ros/jazzy/opt/gz_tools_vendor:/opt/ros/jazzy/opt/gz_ogre_next_vendor:/opt/ros/jazzy/opt/gz_dartsim_vendor:/opt/ros/jazzy/opt/gz_cmake_vendor DEBUGINFOD_URLS=https://debuginfod.ubuntu.com /usr/bin/cmake --build /home/kaisar/warehouse_robot/robot/build/robot_msgs -- -j12 -l12
[1.716s] [  2%] Built target robot_msgs__rosidl_generator_type_description
[1.716s] [  2%] Built target robot_msgs__rs
[1.727s] [  2%] Built target ament_cmake_python_symlink_robot_msgs
[1.743s] [  3%] Built target robot_msgs__cpp
[1.755s] [ 27%] Built target robot_msgs__rosidl_generator_c
[1.793s] [ 36%] Built target robot_msgs__rosidl_typesupport_c
[1.797s] [ 46%] Built target robot_msgs__rosidl_typesupport_introspection_c
[1.800s] [ 65%] Built target robot_msgs__rosidl_typesupport_cpp
[1.800s] [ 65%] Built target robot_msgs__rosidl_typesupport_introspection_cpp
[1.802s] [ 74%] Built target robot_msgs__rosidl_typesupport_fastrtps_c
[1.805s] [ 84%] Built target robot_msgs__rosidl_typesupport_fastrtps_cpp
[1.832s] [ 84%] Built target robot_msgs
[1.861s] [ 85%] Built target robot_msgs__py
[1.900s] [ 93%] Built target robot_msgs__rosidl_generator_py
[1.935s] [100%] Built target robot_msgs_s__rosidl_typesupport_introspection_c
[1.935s] [100%] Built target robot_msgs_s__rosidl_typesupport_fastrtps_c
[1.935s] [100%] Built target robot_msgs_s__rosidl_typesupport_c
[2.033s] running egg_info
[2.073s] writing robot_msgs.egg-info/PKG-INFO
[2.073s] writing dependency_links to robot_msgs.egg-info/dependency_links.txt
[2.073s] writing top-level names to robot_msgs.egg-info/top_level.txt
[2.168s] reading manifest file 'robot_msgs.egg-info/SOURCES.txt'
[2.169s] writing manifest file 'robot_msgs.egg-info/SOURCES.txt'
[2.204s] [100%] Built target ament_cmake_python_build_robot_msgs_egg
[2.220s] Invoked command in '/home/kaisar/warehouse_robot/robot/build/robot_msgs' returned '0': CMAKE_PREFIX_PATH=/home/kaisar/warehouse_robot/install/trp1_description:/home/kaisar/warehouse_robot/install/stage_ros2:/home/kaisar/warehouse_robot/robot/install/robot_http_api:/home/kaisar/warehouse_robot/robot/install/robot_planner:/opt/ros/jazzy:/home/kaisar/warehouse_robot/install/stage:/home/kaisar/warehouse_robot/install/robot_msgs:/home/kaisar/warehouse_robot/install/nav2:/home/kaisar/warehouse_robot/robot/install/trp1_description:/home/kaisar/warehouse_robot/robot/install/stage_ros2:/home/kaisar/warehouse_robot/robot/install/stage:/home/kaisar/warehouse_robot/robot/install/robot_msgs:/home/kaisar/warehouse_robot/robot/install/nav2:/opt/ros/jazzy/opt/gz_sim_vendor:/opt/ros/jazzy/opt/gz_sensors_vendor:/opt/ros/jazzy/opt/gz_physics_vendor:/opt/ros/jazzy/opt/sdformat_vendor:/opt/ros/jazzy/opt/gz_gui_vendor:/opt/ros/jazzy/opt/gz_transport_vendor:/opt/ros/jazzy/opt/gz_rendering_vendor:/opt/ros/jazzy/opt/gz_plugin_vendor:/opt/ros/jazzy/opt/gz_fuel_tools_vendor:/opt/ros/jazzy/opt/gz_msgs_vendor:/opt/ros/jazzy/opt/gz_common_vendor:/opt/ros/jazzy/opt/gz_math_vendor:/opt/ros/jazzy/opt/gz_utils_vendor:/opt/ros/jazzy/opt/gz_tools_vendor:/opt/ros/jazzy/opt/gz_ogre_next_vendor:/opt/ros/jazzy/opt/gz_dartsim_vendor:/opt/ros/jazzy/opt/gz_cmake_vendor DEBUGINFOD_URLS=https://debuginfod.ubuntu.com /usr/bin/cmake --build /home/kaisar/warehouse_robot/robot/build/robot_msgs -- -j12 -l12
[2.221s] Invoking command in '/home/kaisar/warehouse_robot/robot/build/robot_msgs': CMAKE_PREFIX_PATH=/home/kaisar/warehouse_robot/install/trp1_description:/home/kaisar/warehouse_robot/install/stage_ros2:/home/kaisar/warehouse_robot/robot/install/robot_http_api:/home/kaisar/warehouse_robot/robot/install/robot_planner:/opt/ros/jazzy:/home/kaisar/warehouse_robot/install/stage:/home/kaisar/warehouse_robot/install/robot_msgs:/home/kaisar/warehouse_robot/install/nav2:/home/kaisar/warehouse_robot/robot/install/trp1_description:/home/kaisar/warehouse_robot/robot/install/stage_ros2:/home/kaisar/warehouse_robot/robot/install/stage:/home/kaisar/warehouse_robot/robot/install/robot_msgs:/home/kaisar/warehouse_robot/robot/install/nav2:/opt/ros/jazzy/opt/gz_sim_vendor:/opt/ros/jazzy/opt/gz_sensors_vendor:/opt/ros/jazzy/opt/gz_physics_vendor:/opt/ros/jazzy/opt/sdformat_vendor:/opt/ros/jazzy/opt/gz_gui_vendor:/opt/ros/jazzy/opt/gz_transport_vendor:/opt/ros/jazzy/opt/gz_rendering_vendor:/opt/ros/jazzy/opt/gz_plugin_vendor:/opt/ros/jazzy/opt/gz_fuel_tools_vendor:/opt/ros/jazzy/opt/gz_msgs_vendor:/opt/ros/jazzy/opt/gz_common_vendor:/opt/ros/jazzy/opt/gz_math_vendor:/opt/ros/jazzy/opt/gz_utils_vendor:/opt/ros/jazzy/opt/gz_tools_vendor:/opt/ros/jazzy/opt/gz_ogre_next_vendor:/opt/ros/jazzy/opt/gz_dartsim_vendor:/opt/ros/jazzy/opt/gz_cmake_vendor DEBUGINFOD_URLS=https://debuginfod.ubuntu.com /usr/bin/cmake --install /home/kaisar/warehouse_robot/robot/build/robot_msgs
[2.232s] -- Install configuration: ""
[2.232s] -- Execute custom install script
[2.233s] -- Up-to-date symlink: /home/kaisar/warehouse_robot/robot/install/robot_msgs/share/ament_index/resource_index/rosidl_interfaces/robot_msgs
[2.233s] -- Up-to-date symlink: /home/kaisar/warehouse_robot/robot/install/robot_msgs/share/robot_msgs/msg/RobotStatus.json
[2.233s] -- Up-to-date symlink: /home/kaisar/warehouse_robot/robot/install/robot_msgs/share/robot_msgs/srv/PlanRoute.json
[2.233s] -- Up-to-date symlink: /home/kaisar/warehouse_robot/robot/install/robot_msgs/share/robot_msgs/srv/ExecuteRoute.json
[2.233s] -- Up-to-date symlink: /home/kaisar/warehouse_robot/robot/install/robot_msgs/share/robot_msgs/srv/CancelRoute.json
[2.233s] -- Up-to-date symlink: /home/kaisar/warehouse_robot/robot/install/robot_msgs/share/robot_msgs/srv/SetTeleop.json
[2.234s] -- Up-to-date symlink: /home/kaisar/warehouse_robot/robot/install/robot_msgs/share/robot_msgs/srv/ReleaseManual.json
[2.234s] -- Up-to-date symlink: /home/kaisar/warehouse_robot/robot/install/robot_msgs/share/robot_msgs/srv/StopRobot.json
[2.235s] -- Up-to-date symlink: /home/kaisar/warehouse_robot/robot/install/robot_msgs/include/robot_msgs/robot_msgs/msg/detail/robot_status__functions.h
[2.235s] -- Up-to-date symlink: /home/kaisar/warehouse_robot/robot/install/robot_msgs/include/robot_msgs/robot_msgs/msg/detail/robot_status__struct.h
[2.235s] -- Up-to-date symlink: /home/kaisar/warehouse_robot/robot/install/robot_msgs/include/robot_msgs/robot_msgs/msg/detail/robot_status__type_support.h
[2.235s] -- Up-to-date symlink: /home/kaisar/warehouse_robot/robot/install/robot_msgs/include/robot_msgs/robot_msgs/msg/robot_status.h
[2.235s] -- Up-to-date symlink: /home/kaisar/warehouse_robot/robot/install/robot_msgs/include/robot_msgs/robot_msgs/msg/rosidl_generator_c__visibility_control.h
[2.235s] -- Up-to-date symlink: /home/kaisar/warehouse_robot/robot/install/robot_msgs/include/robot_msgs/robot_msgs/srv/cancel_route.h
[2.235s] -- Up-to-date symlink: /home/kaisar/warehouse_robot/robot/install/robot_msgs/include/robot_msgs/robot_msgs/srv/detail/cancel_route__functions.h
[2.235s] -- Up-to-date symlink: /home/kaisar/warehouse_robot/robot/install/robot_msgs/include/robot_msgs/robot_msgs/srv/detail/cancel_route__struct.h
[2.236s] -- Up-to-date symlink: /home/kaisar/warehouse_robot/robot/install/robot_msgs/include/robot_msgs/robot_msgs/srv/detail/cancel_route__type_support.h
[2.236s] -- Up-to-date symlink: /home/kaisar/warehouse_robot/robot/install/robot_msgs/include/robot_msgs/robot_msgs/srv/detail/execute_route__functions.h
[2.236s] -- Up-to-date symlink: /home/kaisar/warehouse_robot/robot/install/robot_msgs/include/robot_msgs/robot_msgs/srv/detail/execute_route__struct.h
[2.236s] -- Up-to-date symlink: /home/kaisar/warehouse_robot/robot/install/robot_msgs/include/robot_msgs/robot_msgs/srv/detail/execute_route__type_support.h
[2.236s] -- Up-to-date symlink: /home/kaisar/warehouse_robot/robot/install/robot_msgs/include/robot_msgs/robot_msgs/srv/detail/plan_route__functions.h
[2.236s] -- Up-to-date symlink: /home/kaisar/warehouse_robot/robot/install/robot_msgs/include/robot_msgs/robot_msgs/srv/detail/plan_route__struct.h
[2.236s] -- Up-to-date symlink: /home/kaisar/warehouse_robot/robot/install/robot_msgs/include/robot_msgs/robot_msgs/srv/detail/plan_route__type_support.h
[2.236s] -- Up-to-date symlink: /home/kaisar/warehouse_robot/robot/install/robot_msgs/include/robot_msgs/robot_msgs/srv/detail/release_manual__functions.h
[2.237s] -- Up-to-date symlink: /home/kaisar/warehouse_robot/robot/install/robot_msgs/include/robot_msgs/robot_msgs/srv/detail/release_manual__struct.h
[2.237s] -- Up-to-date symlink: /home/kaisar/warehouse_robot/robot/install/robot_msgs/include/robot_msgs/robot_msgs/srv/detail/release_manual__type_support.h
[2.237s] -- Up-to-date symlink: /home/kaisar/warehouse_robot/robot/install/robot_msgs/include/robot_msgs/robot_msgs/srv/detail/set_teleop__functions.h
[2.237s] -- Up-to-date symlink: /home/kaisar/warehouse_robot/robot/install/robot_msgs/include/robot_msgs/robot_msgs/srv/detail/set_teleop__struct.h
[2.237s] -- Up-to-date symlink: /home/kaisar/warehouse_robot/robot/install/robot_msgs/include/robot_msgs/robot_msgs/srv/detail/set_teleop__type_support.h
[2.237s] -- Up-to-date symlink: /home/kaisar/warehouse_robot/robot/install/robot_msgs/include/robot_msgs/robot_msgs/srv/detail/stop_robot__functions.h
[2.237s] -- Up-to-date symlink: /home/kaisar/warehouse_robot/robot/install/robot_msgs/include/robot_msgs/robot_msgs/srv/detail/stop_robot__struct.h
[2.237s] -- Up-to-date symlink: /home/kaisar/warehouse_robot/robot/install/robot_msgs/include/robot_msgs/robot_msgs/srv/detail/stop_robot__type_support.h
[2.238s] -- Up-to-date symlink: /home/kaisar/warehouse_robot/robot/install/robot_msgs/include/robot_msgs/robot_msgs/srv/execute_route.h
[2.238s] -- Up-to-date symlink: /home/kaisar/warehouse_robot/robot/install/robot_msgs/include/robot_msgs/robot_msgs/srv/plan_route.h
[2.238s] -- Up-to-date symlink: /home/kaisar/warehouse_robot/robot/install/robot_msgs/include/robot_msgs/robot_msgs/srv/release_manual.h
[2.238s] -- Up-to-date symlink: /home/kaisar/warehouse_robot/robot/install/robot_msgs/include/robot_msgs/robot_msgs/srv/set_teleop.h
[2.238s] -- Up-to-date symlink: /home/kaisar/warehouse_robot/robot/install/robot_msgs/include/robot_msgs/robot_msgs/srv/stop_robot.h
[2.238s] -- Up-to-date symlink: /home/kaisar/warehouse_robot/robot/install/robot_msgs/share/robot_msgs/environment/library_path.sh
[2.238s] -- Up-to-date symlink: /home/kaisar/warehouse_robot/robot/install/robot_msgs/share/robot_msgs/environment/library_path.dsv
[2.239s] -- Up-to-date symlink: /home/kaisar/warehouse_robot/robot/install/robot_msgs/include/robot_msgs/robot_msgs/msg/detail/robot_status__rosidl_typesupport_fastrtps_c.h
[2.239s] -- Up-to-date symlink: /home/kaisar/warehouse_robot/robot/install/robot_msgs/include/robot_msgs/robot_msgs/msg/rosidl_typesupport_fastrtps_c__visibility_control.h
[2.239s] -- Up-to-date symlink: /home/kaisar/warehouse_robot/robot/install/robot_msgs/include/robot_msgs/robot_msgs/srv/detail/cancel_route__rosidl_typesupport_fastrtps_c.h
[2.239s] -- Up-to-date symlink: /home/kaisar/warehouse_robot/robot/install/robot_msgs/include/robot_msgs/robot_msgs/srv/detail/execute_route__rosidl_typesupport_fastrtps_c.h
[2.240s] -- Up-to-date symlink: /home/kaisar/warehouse_robot/robot/install/robot_msgs/include/robot_msgs/robot_msgs/srv/detail/plan_route__rosidl_typesupport_fastrtps_c.h
[2.240s] -- Up-to-date symlink: /home/kaisar/warehouse_robot/robot/install/robot_msgs/include/robot_msgs/robot_msgs/srv/detail/release_manual__rosidl_typesupport_fastrtps_c.h
[2.240s] -- Up-to-date symlink: /home/kaisar/warehouse_robot/robot/install/robot_msgs/include/robot_msgs/robot_msgs/srv/detail/set_teleop__rosidl_typesupport_fastrtps_c.h
[2.240s] -- Up-to-date symlink: /home/kaisar/warehouse_robot/robot/install/robot_msgs/include/robot_msgs/robot_msgs/srv/detail/stop_robot__rosidl_typesupport_fastrtps_c.h
[2.241s] -- Up-to-date symlink: /home/kaisar/warehouse_robot/robot/install/robot_msgs/include/robot_msgs/robot_msgs/msg/detail/robot_status__builder.hpp
[2.241s] -- Up-to-date symlink: /home/kaisar/warehouse_robot/robot/install/robot_msgs/include/robot_msgs/robot_msgs/msg/detail/robot_status__struct.hpp
[2.241s] -- Up-to-date symlink: /home/kaisar/warehouse_robot/robot/install/robot_msgs/include/robot_msgs/robot_msgs/msg/detail/robot_status__traits.hpp
[2.241s] -- Up-to-date symlink: /home/kaisar/warehouse_robot/robot/install/robot_msgs/include/robot_msgs/robot_msgs/msg/detail/robot_status__type_support.hpp
[2.241s] -- Up-to-date symlink: /home/kaisar/warehouse_robot/robot/install/robot_msgs/include/robot_msgs/robot_msgs/msg/robot_status.hpp
[2.241s] -- Up-to-date symlink: /home/kaisar/warehouse_robot/robot/install/robot_msgs/include/robot_msgs/robot_msgs/msg/rosidl_generator_cpp__visibility_control.hpp
[2.241s] -- Up-to-date symlink: /home/kaisar/warehouse_robot/robot/install/robot_msgs/include/robot_msgs/robot_msgs/srv/cancel_route.hpp
[2.241s] -- Up-to-date symlink: /home/kaisar/warehouse_robot/robot/install/robot_msgs/include/robot_msgs/robot_msgs/srv/detail/cancel_route__builder.hpp
[2.242s] -- Up-to-date symlink: /home/kaisar/warehouse_robot/robot/install/robot_msgs/include/robot_msgs/robot_msgs/srv/detail/cancel_route__struct.hpp
[2.242s] -- Up-to-date symlink: /home/kaisar/warehouse_robot/robot/install/robot_msgs/include/robot_msgs/robot_msgs/srv/detail/cancel_route__traits.hpp
[2.242s] -- Up-to-date symlink: /home/kaisar/warehouse_robot/robot/install/robot_msgs/include/robot_msgs/robot_msgs/srv/detail/cancel_route__type_support.hpp
[2.242s] -- Up-to-date symlink: /home/kaisar/warehouse_robot/robot/install/robot_msgs/include/robot_msgs/robot_msgs/srv/detail/execute_route__builder.hpp
[2.242s] -- Up-to-date symlink: /home/kaisar/warehouse_robot/robot/install/robot_msgs/include/robot_msgs/robot_msgs/srv/detail/execute_route__struct.hpp
[2.242s] -- Up-to-date symlink: /home/kaisar/warehouse_robot/robot/install/robot_msgs/include/robot_msgs/robot_msgs/srv/detail/execute_route__traits.hpp
[2.242s] -- Up-to-date symlink: /home/kaisar/warehouse_robot/robot/install/robot_msgs/include/robot_msgs/robot_msgs/srv/detail/execute_route__type_support.hpp
[2.242s] -- Up-to-date symlink: /home/kaisar/warehouse_robot/robot/install/robot_msgs/include/robot_msgs/robot_msgs/srv/detail/plan_route__builder.hpp
[2.243s] -- Up-to-date symlink: /home/kaisar/warehouse_robot/robot/install/robot_msgs/include/robot_msgs/robot_msgs/srv/detail/plan_route__struct.hpp
[2.243s] -- Up-to-date symlink: /home/kaisar/warehouse_robot/robot/install/robot_msgs/include/robot_msgs/robot_msgs/srv/detail/plan_route__traits.hpp
[2.243s] -- Up-to-date symlink: /home/kaisar/warehouse_robot/robot/install/robot_msgs/include/robot_msgs/robot_msgs/srv/detail/plan_route__type_support.hpp
[2.243s] -- Up-to-date symlink: /home/kaisar/warehouse_robot/robot/install/robot_msgs/include/robot_msgs/robot_msgs/srv/detail/release_manual__builder.hpp
[2.243s] -- Up-to-date symlink: /home/kaisar/warehouse_robot/robot/install/robot_msgs/include/robot_msgs/robot_msgs/srv/detail/release_manual__struct.hpp
[2.243s] -- Up-to-date symlink: /home/kaisar/warehouse_robot/robot/install/robot_msgs/include/robot_msgs/robot_msgs/srv/detail/release_manual__traits.hpp
[2.243s] -- Up-to-date symlink: /home/kaisar/warehouse_robot/robot/install/robot_msgs/include/robot_msgs/robot_msgs/srv/detail/release_manual__type_support.hpp
[2.243s] -- Up-to-date symlink: /home/kaisar/warehouse_robot/robot/install/robot_msgs/include/robot_msgs/robot_msgs/srv/detail/set_teleop__builder.hpp
[2.244s] -- Up-to-date symlink: /home/kaisar/warehouse_robot/robot/install/robot_msgs/include/robot_msgs/robot_msgs/srv/detail/set_teleop__struct.hpp
[2.244s] -- Up-to-date symlink: /home/kaisar/warehouse_robot/robot/install/robot_msgs/include/robot_msgs/robot_msgs/srv/detail/set_teleop__traits.hpp
[2.244s] -- Up-to-date symlink: /home/kaisar/warehouse_robot/robot/install/robot_msgs/include/robot_msgs/robot_msgs/srv/detail/set_teleop__type_support.hpp
[2.244s] -- Up-to-date symlink: /home/kaisar/warehouse_robot/robot/install/robot_msgs/include/robot_msgs/robot_msgs/srv/detail/stop_robot__builder.hpp
[2.244s] -- Up-to-date symlink: /home/kaisar/warehouse_robot/robot/install/robot_msgs/include/robot_msgs/robot_msgs/srv/detail/stop_robot__struct.hpp
[2.244s] -- Up-to-date symlink: /home/kaisar/warehouse_robot/robot/install/robot_msgs/include/robot_msgs/robot_msgs/srv/detail/stop_robot__traits.hpp
[2.244s] -- Up-to-date symlink: /home/kaisar/warehouse_robot/robot/install/robot_msgs/include/robot_msgs/robot_msgs/srv/detail/stop_robot__type_support.hpp
[2.244s] -- Up-to-date symlink: /home/kaisar/warehouse_robot/robot/install/robot_msgs/include/robot_msgs/robot_msgs/srv/execute_route.hpp
[2.245s] -- Up-to-date symlink: /home/kaisar/warehouse_robot/robot/install/robot_msgs/include/robot_msgs/robot_msgs/srv/plan_route.hpp
[2.245s] -- Up-to-date symlink: /home/kaisar/warehouse_robot/robot/install/robot_msgs/include/robot_msgs/robot_msgs/srv/release_manual.hpp
[2.245s] -- Up-to-date symlink: /home/kaisar/warehouse_robot/robot/install/robot_msgs/include/robot_msgs/robot_msgs/srv/set_teleop.hpp
[2.245s] -- Up-to-date symlink: /home/kaisar/warehouse_robot/robot/install/robot_msgs/include/robot_msgs/robot_msgs/srv/stop_robot.hpp
[2.246s] -- Up-to-date symlink: /home/kaisar/warehouse_robot/robot/install/robot_msgs/include/robot_msgs/robot_msgs/msg/detail/robot_status__rosidl_typesupport_fastrtps_cpp.hpp
[2.246s] -- Up-to-date symlink: /home/kaisar/warehouse_robot/robot/install/robot_msgs/include/robot_msgs/robot_msgs/msg/rosidl_typesupport_fastrtps_cpp__visibility_control.h
[2.246s] -- Up-to-date symlink: /home/kaisar/warehouse_robot/robot/install/robot_msgs/include/robot_msgs/robot_msgs/srv/detail/cancel_route__rosidl_typesupport_fastrtps_cpp.hpp
[2.246s] -- Up-to-date symlink: /home/kaisar/warehouse_robot/robot/install/robot_msgs/include/robot_msgs/robot_msgs/srv/detail/execute_route__rosidl_typesupport_fastrtps_cpp.hpp
[2.246s] -- Up-to-date symlink: /home/kaisar/warehouse_robot/robot/install/robot_msgs/include/robot_msgs/robot_msgs/srv/detail/plan_route__rosidl_typesupport_fastrtps_cpp.hpp
[2.246s] -- Up-to-date symlink: /home/kaisar/warehouse_robot/robot/install/robot_msgs/include/robot_msgs/robot_msgs/srv/detail/release_manual__rosidl_typesupport_fastrtps_cpp.hpp
[2.246s] -- Up-to-date symlink: /home/kaisar/warehouse_robot/robot/install/robot_msgs/include/robot_msgs/robot_msgs/srv/detail/set_teleop__rosidl_typesupport_fastrtps_cpp.hpp
[2.247s] -- Up-to-date symlink: /home/kaisar/warehouse_robot/robot/install/robot_msgs/include/robot_msgs/robot_msgs/srv/detail/stop_robot__rosidl_typesupport_fastrtps_cpp.hpp
[2.247s] -- Up-to-date symlink: /home/kaisar/warehouse_robot/robot/install/robot_msgs/include/robot_msgs/robot_msgs/msg/detail/robot_status__rosidl_typesupport_introspection_c.h
[2.247s] -- Up-to-date symlink: /home/kaisar/warehouse_robot/robot/install/robot_msgs/include/robot_msgs/robot_msgs/msg/rosidl_typesupport_introspection_c__visibility_control.h
[2.247s] -- Up-to-date symlink: /home/kaisar/warehouse_robot/robot/install/robot_msgs/include/robot_msgs/robot_msgs/srv/detail/cancel_route__rosidl_typesupport_introspection_c.h
[2.247s] -- Up-to-date symlink: /home/kaisar/warehouse_robot/robot/install/robot_msgs/include/robot_msgs/robot_msgs/srv/detail/execute_route__rosidl_typesupport_introspection_c.h
[2.248s] -- Up-to-date symlink: /home/kaisar/warehouse_robot/robot/install/robot_msgs/include/robot_msgs/robot_msgs/srv/detail/plan_route__rosidl_typesupport_introspection_c.h
[2.248s] -- Up-to-date symlink: /home/kaisar/warehouse_robot/robot/install/robot_msgs/include/robot_msgs/robot_msgs/srv/detail/release_manual__rosidl_typesupport_introspection_c.h
[2.248s] -- Up-to-date symlink: /home/kaisar/warehouse_robot/robot/install/robot_msgs/include/robot_msgs/robot_msgs/srv/detail/set_teleop__rosidl_typesupport_introspection_c.h
[2.248s] -- Up-to-date symlink: /home/kaisar/warehouse_robot/robot/install/robot_msgs/include/robot_msgs/robot_msgs/srv/detail/stop_robot__rosidl_typesupport_introspection_c.h
[2.248s] -- Up-to-date symlink: /home/kaisar/warehouse_robot/robot/install/robot_msgs/include/robot_msgs/robot_msgs/msg/detail/robot_status__rosidl_typesupport_introspection_cpp.hpp
[2.249s] -- Up-to-date symlink: /home/kaisar/warehouse_robot/robot/install/robot_msgs/include/robot_msgs/robot_msgs/srv/detail/cancel_route__rosidl_typesupport_introspection_cpp.hpp
[2.249s] -- Up-to-date symlink: /home/kaisar/warehouse_robot/robot/install/robot_msgs/include/robot_msgs/robot_msgs/srv/detail/execute_route__rosidl_typesupport_introspection_cpp.hpp
[2.249s] -- Up-to-date symlink: /home/kaisar/warehouse_robot/robot/install/robot_msgs/include/robot_msgs/robot_msgs/srv/detail/plan_route__rosidl_typesupport_introspection_cpp.hpp
[2.249s] -- Up-to-date symlink: /home/kaisar/warehouse_robot/robot/install/robot_msgs/include/robot_msgs/robot_msgs/srv/detail/release_manual__rosidl_typesupport_introspection_cpp.hpp
[2.249s] -- Up-to-date symlink: /home/kaisar/warehouse_robot/robot/install/robot_msgs/include/robot_msgs/robot_msgs/srv/detail/set_teleop__rosidl_typesupport_introspection_cpp.hpp
[2.249s] -- Up-to-date symlink: /home/kaisar/warehouse_robot/robot/install/robot_msgs/include/robot_msgs/robot_msgs/srv/detail/stop_robot__rosidl_typesupport_introspection_cpp.hpp
[2.249s] -- Up-to-date symlink: /home/kaisar/warehouse_robot/robot/install/robot_msgs/share/robot_msgs/environment/pythonpath.sh
[2.249s] -- Up-to-date symlink: /home/kaisar/warehouse_robot/robot/install/robot_msgs/share/robot_msgs/environment/pythonpath.dsv
[2.250s] -- Up-to-date symlink: /home/kaisar/warehouse_robot/robot/install/robot_msgs/lib/python3.12/site-packages/robot_msgs-0.0.0-py3.12.egg-info/PKG-INFO
[2.250s] -- Up-to-date symlink: /home/kaisar/warehouse_robot/robot/install/robot_msgs/lib/python3.12/site-packages/robot_msgs-0.0.0-py3.12.egg-info/SOURCES.txt
[2.250s] -- Up-to-date symlink: /home/kaisar/warehouse_robot/robot/install/robot_msgs/lib/python3.12/site-packages/robot_msgs-0.0.0-py3.12.egg-info/dependency_links.txt
[2.250s] -- Up-to-date symlink: /home/kaisar/warehouse_robot/robot/install/robot_msgs/lib/python3.12/site-packages/robot_msgs-0.0.0-py3.12.egg-info/top_level.txt
[2.251s] -- Up-to-date symlink: /home/kaisar/warehouse_robot/robot/install/robot_msgs/lib/python3.12/site-packages/robot_msgs/__init__.py
[2.251s] -- Up-to-date symlink: /home/kaisar/warehouse_robot/robot/install/robot_msgs/lib/python3.12/site-packages/robot_msgs/_robot_msgs_s.ep.rosidl_typesupport_c.c
[2.251s] -- Up-to-date symlink: /home/kaisar/warehouse_robot/robot/install/robot_msgs/lib/python3.12/site-packages/robot_msgs/_robot_msgs_s.ep.rosidl_typesupport_fastrtps_c.c
[2.251s] -- Up-to-date symlink: /home/kaisar/warehouse_robot/robot/install/robot_msgs/lib/python3.12/site-packages/robot_msgs/_robot_msgs_s.ep.rosidl_typesupport_introspection_c.c
[2.251s] -- Up-to-date symlink: /home/kaisar/warehouse_robot/robot/install/robot_msgs/lib/python3.12/site-packages/robot_msgs/msg/__init__.py
[2.252s] -- Up-to-date symlink: /home/kaisar/warehouse_robot/robot/install/robot_msgs/lib/python3.12/site-packages/robot_msgs/msg/_robot_status.py
[2.252s] -- Up-to-date symlink: /home/kaisar/warehouse_robot/robot/install/robot_msgs/lib/python3.12/site-packages/robot_msgs/msg/_robot_status_s.c
[2.252s] -- Up-to-date symlink: /home/kaisar/warehouse_robot/robot/install/robot_msgs/lib/python3.12/site-packages/robot_msgs/robot_msgs_s__rosidl_typesupport_c.so
[2.252s] -- Up-to-date symlink: /home/kaisar/warehouse_robot/robot/install/robot_msgs/lib/python3.12/site-packages/robot_msgs/robot_msgs_s__rosidl_typesupport_fastrtps_c.so
[2.252s] -- Up-to-date symlink: /home/kaisar/warehouse_robot/robot/install/robot_msgs/lib/python3.12/site-packages/robot_msgs/robot_msgs_s__rosidl_typesupport_introspection_c.so
[2.252s] -- Up-to-date symlink: /home/kaisar/warehouse_robot/robot/install/robot_msgs/lib/python3.12/site-packages/robot_msgs/srv/__init__.py
[2.252s] -- Up-to-date symlink: /home/kaisar/warehouse_robot/robot/install/robot_msgs/lib/python3.12/site-packages/robot_msgs/srv/_cancel_route.py
[2.252s] -- Up-to-date symlink: /home/kaisar/warehouse_robot/robot/install/robot_msgs/lib/python3.12/site-packages/robot_msgs/srv/_cancel_route_s.c
[2.253s] -- Up-to-date symlink: /home/kaisar/warehouse_robot/robot/install/robot_msgs/lib/python3.12/site-packages/robot_msgs/srv/_execute_route.py
[2.253s] -- Up-to-date symlink: /home/kaisar/warehouse_robot/robot/install/robot_msgs/lib/python3.12/site-packages/robot_msgs/srv/_execute_route_s.c
[2.253s] -- Up-to-date symlink: /home/kaisar/warehouse_robot/robot/install/robot_msgs/lib/python3.12/site-packages/robot_msgs/srv/_plan_route.py
[2.253s] -- Up-to-date symlink: /home/kaisar/warehouse_robot/robot/install/robot_msgs/lib/python3.12/site-packages/robot_msgs/srv/_plan_route_s.c
[2.253s] -- Up-to-date symlink: /home/kaisar/warehouse_robot/robot/install/robot_msgs/lib/python3.12/site-packages/robot_msgs/srv/_release_manual.py
[2.253s] -- Up-to-date symlink: /home/kaisar/warehouse_robot/robot/install/robot_msgs/lib/python3.12/site-packages/robot_msgs/srv/_release_manual_s.c
[2.253s] -- Up-to-date symlink: /home/kaisar/warehouse_robot/robot/install/robot_msgs/lib/python3.12/site-packages/robot_msgs/srv/_set_teleop.py
[2.254s] -- Up-to-date symlink: /home/kaisar/warehouse_robot/robot/install/robot_msgs/lib/python3.12/site-packages/robot_msgs/srv/_set_teleop_s.c
[2.254s] -- Up-to-date symlink: /home/kaisar/warehouse_robot/robot/install/robot_msgs/lib/python3.12/site-packages/robot_msgs/srv/_stop_robot.py
[2.254s] -- Up-to-date symlink: /home/kaisar/warehouse_robot/robot/install/robot_msgs/lib/python3.12/site-packages/robot_msgs/srv/_stop_robot_s.c
[2.254s] -- Up-to-date symlink: /home/kaisar/warehouse_robot/robot/install/robot_msgs/lib/python3.12/site-packages/robot_msgs/robot_msgs_s__rosidl_typesupport_fastrtps_c.so
[2.254s] -- Up-to-date symlink: /home/kaisar/warehouse_robot/robot/install/robot_msgs/lib/python3.12/site-packages/robot_msgs/robot_msgs_s__rosidl_typesupport_introspection_c.so
[2.255s] -- Up-to-date symlink: /home/kaisar/warehouse_robot/robot/install/robot_msgs/lib/python3.12/site-packages/robot_msgs/robot_msgs_s__rosidl_typesupport_c.so
[2.255s] -- Up-to-date symlink: /home/kaisar/warehouse_robot/robot/install/robot_msgs/share/ament_index/resource_index/rust_packages/robot_msgs
[2.255s] -- Up-to-date symlink: /home/kaisar/warehouse_robot/robot/install/robot_msgs/share/robot_msgs/rust/Cargo.toml
[2.255s] -- Up-to-date symlink: /home/kaisar/warehouse_robot/robot/install/robot_msgs/share/robot_msgs/rust/build.rs
[2.256s] -- Up-to-date symlink: /home/kaisar/warehouse_robot/robot/install/robot_msgs/share/robot_msgs/rust/src/lib.rs
[2.256s] -- Up-to-date symlink: /home/kaisar/warehouse_robot/robot/install/robot_msgs/share/robot_msgs/rust/src/msg.rs
[2.256s] -- Up-to-date symlink: /home/kaisar/warehouse_robot/robot/install/robot_msgs/share/robot_msgs/rust/src/msg/rmw.rs
[2.256s] -- Up-to-date symlink: /home/kaisar/warehouse_robot/robot/install/robot_msgs/share/robot_msgs/rust/src/srv.rs
[2.256s] -- Up-to-date symlink: /home/kaisar/warehouse_robot/robot/install/robot_msgs/share/robot_msgs/rust/src/srv/rmw.rs
[2.256s] -- Up-to-date symlink: /home/kaisar/warehouse_robot/robot/install/robot_msgs/share/robot_msgs/msg/RobotStatus.idl
[2.256s] -- Up-to-date symlink: /home/kaisar/warehouse_robot/robot/install/robot_msgs/share/robot_msgs/srv/PlanRoute.idl
[2.256s] -- Up-to-date symlink: /home/kaisar/warehouse_robot/robot/install/robot_msgs/share/robot_msgs/srv/ExecuteRoute.idl
[2.257s] -- Up-to-date symlink: /home/kaisar/warehouse_robot/robot/install/robot_msgs/share/robot_msgs/srv/CancelRoute.idl
[2.257s] -- Up-to-date symlink: /home/kaisar/warehouse_robot/robot/install/robot_msgs/share/robot_msgs/srv/SetTeleop.idl
[2.257s] -- Up-to-date symlink: /home/kaisar/warehouse_robot/robot/install/robot_msgs/share/robot_msgs/srv/ReleaseManual.idl
[2.257s] -- Up-to-date symlink: /home/kaisar/warehouse_robot/robot/install/robot_msgs/share/robot_msgs/srv/StopRobot.idl
[2.257s] -- Up-to-date symlink: /home/kaisar/warehouse_robot/robot/install/robot_msgs/share/robot_msgs/msg/RobotStatus.msg
[2.257s] -- Up-to-date symlink: /home/kaisar/warehouse_robot/robot/install/robot_msgs/share/robot_msgs/srv/PlanRoute.srv
[2.258s] -- Up-to-date symlink: /home/kaisar/warehouse_robot/robot/install/robot_msgs/share/robot_msgs/srv/ExecuteRoute.srv
[2.258s] -- Up-to-date symlink: /home/kaisar/warehouse_robot/robot/install/robot_msgs/share/robot_msgs/srv/CancelRoute.srv
[2.258s] -- Up-to-date symlink: /home/kaisar/warehouse_robot/robot/install/robot_msgs/share/robot_msgs/srv/SetTeleop.srv
[2.258s] -- Up-to-date symlink: /home/kaisar/warehouse_robot/robot/install/robot_msgs/share/robot_msgs/srv/ReleaseManual.srv
[2.258s] -- Up-to-date symlink: /home/kaisar/warehouse_robot/robot/install/robot_msgs/share/robot_msgs/srv/StopRobot.srv
[2.258s] -- Up-to-date symlink: /home/kaisar/warehouse_robot/robot/install/robot_msgs/share/ament_index/resource_index/package_run_dependencies/robot_msgs
[2.259s] -- Up-to-date symlink: /home/kaisar/warehouse_robot/robot/install/robot_msgs/share/ament_index/resource_index/parent_prefix_path/robot_msgs
[2.259s] -- Up-to-date symlink: /home/kaisar/warehouse_robot/robot/install/robot_msgs/share/robot_msgs/environment/ament_prefix_path.sh
[2.259s] -- Up-to-date symlink: /home/kaisar/warehouse_robot/robot/install/robot_msgs/share/robot_msgs/environment/ament_prefix_path.dsv
[2.259s] -- Up-to-date symlink: /home/kaisar/warehouse_robot/robot/install/robot_msgs/share/robot_msgs/environment/path.sh
[2.259s] -- Up-to-date symlink: /home/kaisar/warehouse_robot/robot/install/robot_msgs/share/robot_msgs/environment/path.dsv
[2.259s] -- Up-to-date symlink: /home/kaisar/warehouse_robot/robot/install/robot_msgs/share/robot_msgs/local_setup.bash
[2.260s] -- Up-to-date symlink: /home/kaisar/warehouse_robot/robot/install/robot_msgs/share/robot_msgs/local_setup.sh
[2.260s] -- Up-to-date symlink: /home/kaisar/warehouse_robot/robot/install/robot_msgs/share/robot_msgs/local_setup.zsh
[2.260s] -- Up-to-date symlink: /home/kaisar/warehouse_robot/robot/install/robot_msgs/share/robot_msgs/local_setup.dsv
[2.260s] -- Symlinking: /home/kaisar/warehouse_robot/robot/install/robot_msgs/share/robot_msgs/package.dsv
[2.272s] -- Up-to-date symlink: /home/kaisar/warehouse_robot/robot/install/robot_msgs/share/ament_index/resource_index/packages/robot_msgs
[2.272s] -- Up-to-date symlink: /home/kaisar/warehouse_robot/robot/install/robot_msgs/share/robot_msgs/cmake/rosidl_cmake-extras.cmake
[2.272s] -- Up-to-date symlink: /home/kaisar/warehouse_robot/robot/install/robot_msgs/share/robot_msgs/cmake/ament_cmake_export_dependencies-extras.cmake
[2.272s] -- Up-to-date symlink: /home/kaisar/warehouse_robot/robot/install/robot_msgs/share/robot_msgs/cmake/ament_cmake_export_include_directories-extras.cmake
[2.272s] -- Up-to-date symlink: /home/kaisar/warehouse_robot/robot/install/robot_msgs/share/robot_msgs/cmake/ament_cmake_export_libraries-extras.cmake
[2.273s] -- Up-to-date symlink: /home/kaisar/warehouse_robot/robot/install/robot_msgs/share/robot_msgs/cmake/ament_cmake_export_targets-extras.cmake
[2.273s] -- Up-to-date symlink: /home/kaisar/warehouse_robot/robot/install/robot_msgs/share/robot_msgs/cmake/rosidl_cmake_export_typesupport_targets-extras.cmake
[2.273s] -- Up-to-date symlink: /home/kaisar/warehouse_robot/robot/install/robot_msgs/share/robot_msgs/cmake/rosidl_cmake_export_typesupport_libraries-extras.cmake
[2.273s] -- Up-to-date symlink: /home/kaisar/warehouse_robot/robot/install/robot_msgs/share/robot_msgs/cmake/robot_msgsConfig.cmake
[2.273s] -- Up-to-date symlink: /home/kaisar/warehouse_robot/robot/install/robot_msgs/share/robot_msgs/cmake/robot_msgsConfig-version.cmake
[2.273s] -- Up-to-date symlink: /home/kaisar/warehouse_robot/robot/install/robot_msgs/share/robot_msgs/package.xml
[2.274s] -- Up-to-date: /home/kaisar/warehouse_robot/robot/install/robot_msgs/lib/librobot_msgs__rosidl_generator_c.so
[2.274s] -- Up-to-date: /home/kaisar/warehouse_robot/robot/install/robot_msgs/lib/librobot_msgs__rosidl_typesupport_fastrtps_c.so
[2.274s] -- Up-to-date: /home/kaisar/warehouse_robot/robot/install/robot_msgs/lib/librobot_msgs__rosidl_typesupport_fastrtps_cpp.so
[2.275s] -- Up-to-date: /home/kaisar/warehouse_robot/robot/install/robot_msgs/lib/librobot_msgs__rosidl_typesupport_introspection_c.so
[2.275s] -- Up-to-date: /home/kaisar/warehouse_robot/robot/install/robot_msgs/lib/librobot_msgs__rosidl_typesupport_c.so
[2.275s] -- Up-to-date: /home/kaisar/warehouse_robot/robot/install/robot_msgs/lib/librobot_msgs__rosidl_typesupport_introspection_cpp.so
[2.276s] -- Up-to-date: /home/kaisar/warehouse_robot/robot/install/robot_msgs/lib/librobot_msgs__rosidl_typesupport_cpp.so
[2.315s] Listing '/home/kaisar/warehouse_robot/robot/install/robot_msgs/lib/python3.12/site-packages/robot_msgs'...
[2.315s] Compiling '/home/kaisar/warehouse_robot/robot/install/robot_msgs/lib/python3.12/site-packages/robot_msgs/__init__.py'...
[2.315s] Listing '/home/kaisar/warehouse_robot/robot/install/robot_msgs/lib/python3.12/site-packages/robot_msgs/msg'...
[2.315s] Listing '/home/kaisar/warehouse_robot/robot/install/robot_msgs/lib/python3.12/site-packages/robot_msgs/srv'...
[2.321s] -- Up-to-date: /home/kaisar/warehouse_robot/robot/install/robot_msgs/lib/librobot_msgs__rosidl_generator_py.so
[2.321s] -- Up-to-date: /home/kaisar/warehouse_robot/robot/install/robot_msgs/share/robot_msgs/cmake/export_robot_msgs__rosidl_generator_cExport.cmake
[2.322s] -- Up-to-date: /home/kaisar/warehouse_robot/robot/install/robot_msgs/share/robot_msgs/cmake/export_robot_msgs__rosidl_generator_cExport-noconfig.cmake
[2.322s] -- Up-to-date: /home/kaisar/warehouse_robot/robot/install/robot_msgs/share/robot_msgs/cmake/export_robot_msgs__rosidl_typesupport_fastrtps_cExport.cmake
[2.322s] -- Up-to-date: /home/kaisar/warehouse_robot/robot/install/robot_msgs/share/robot_msgs/cmake/export_robot_msgs__rosidl_typesupport_fastrtps_cExport-noconfig.cmake
[2.322s] -- Up-to-date: /home/kaisar/warehouse_robot/robot/install/robot_msgs/share/robot_msgs/cmake/export_robot_msgs__rosidl_generator_cppExport.cmake
[2.322s] -- Up-to-date: /home/kaisar/warehouse_robot/robot/install/robot_msgs/share/robot_msgs/cmake/export_robot_msgs__rosidl_typesupport_fastrtps_cppExport.cmake
[2.322s] -- Up-to-date: /home/kaisar/warehouse_robot/robot/install/robot_msgs/share/robot_msgs/cmake/export_robot_msgs__rosidl_typesupport_fastrtps_cppExport-noconfig.cmake
[2.322s] -- Up-to-date: /home/kaisar/warehouse_robot/robot/install/robot_msgs/share/robot_msgs/cmake/robot_msgs__rosidl_typesupport_introspection_cExport.cmake
[2.322s] -- Up-to-date: /home/kaisar/warehouse_robot/robot/install/robot_msgs/share/robot_msgs/cmake/robot_msgs__rosidl_typesupport_introspection_cExport-noconfig.cmake
[2.322s] -- Up-to-date: /home/kaisar/warehouse_robot/robot/install/robot_msgs/share/robot_msgs/cmake/robot_msgs__rosidl_typesupport_cExport.cmake
[2.322s] -- Up-to-date: /home/kaisar/warehouse_robot/robot/install/robot_msgs/share/robot_msgs/cmake/robot_msgs__rosidl_typesupport_cExport-noconfig.cmake
[2.323s] -- Up-to-date: /home/kaisar/warehouse_robot/robot/install/robot_msgs/share/robot_msgs/cmake/robot_msgs__rosidl_typesupport_introspection_cppExport.cmake
[2.323s] -- Up-to-date: /home/kaisar/warehouse_robot/robot/install/robot_msgs/share/robot_msgs/cmake/robot_msgs__rosidl_typesupport_introspection_cppExport-noconfig.cmake
[2.323s] -- Up-to-date: /home/kaisar/warehouse_robot/robot/install/robot_msgs/share/robot_msgs/cmake/robot_msgs__rosidl_typesupport_cppExport.cmake
[2.323s] -- Up-to-date: /home/kaisar/warehouse_robot/robot/install/robot_msgs/share/robot_msgs/cmake/robot_msgs__rosidl_typesupport_cppExport-noconfig.cmake
[2.323s] -- Up-to-date: /home/kaisar/warehouse_robot/robot/install/robot_msgs/share/robot_msgs/cmake/export_robot_msgs__rosidl_generator_pyExport.cmake
[2.323s] -- Up-to-date: /home/kaisar/warehouse_robot/robot/install/robot_msgs/share/robot_msgs/cmake/export_robot_msgs__rosidl_generator_pyExport-noconfig.cmake
[2.325s] Invoked command in '/home/kaisar/warehouse_robot/robot/build/robot_msgs' returned '0': CMAKE_PREFIX_PATH=/home/kaisar/warehouse_robot/install/trp1_description:/home/kaisar/warehouse_robot/install/stage_ros2:/home/kaisar/warehouse_robot/robot/install/robot_http_api:/home/kaisar/warehouse_robot/robot/install/robot_planner:/opt/ros/jazzy:/home/kaisar/warehouse_robot/install/stage:/home/kaisar/warehouse_robot/install/robot_msgs:/home/kaisar/warehouse_robot/install/nav2:/home/kaisar/warehouse_robot/robot/install/trp1_description:/home/kaisar/warehouse_robot/robot/install/stage_ros2:/home/kaisar/warehouse_robot/robot/install/stage:/home/kaisar/warehouse_robot/robot/install/robot_msgs:/home/kaisar/warehouse_robot/robot/install/nav2:/opt/ros/jazzy/opt/gz_sim_vendor:/opt/ros/jazzy/opt/gz_sensors_vendor:/opt/ros/jazzy/opt/gz_physics_vendor:/opt/ros/jazzy/opt/sdformat_vendor:/opt/ros/jazzy/opt/gz_gui_vendor:/opt/ros/jazzy/opt/gz_transport_vendor:/opt/ros/jazzy/opt/gz_rendering_vendor:/opt/ros/jazzy/opt/gz_plugin_vendor:/opt/ros/jazzy/opt/gz_fuel_tools_vendor:/opt/ros/jazzy/opt/gz_msgs_vendor:/opt/ros/jazzy/opt/gz_common_vendor:/opt/ros/jazzy/opt/gz_math_vendor:/opt/ros/jazzy/opt/gz_utils_vendor:/opt/ros/jazzy/opt/gz_tools_vendor:/opt/ros/jazzy/opt/gz_ogre_next_vendor:/opt/ros/jazzy/opt/gz_dartsim_vendor:/opt/ros/jazzy/opt/gz_cmake_vendor DEBUGINFOD_URLS=https://debuginfod.ubuntu.com /usr/bin/cmake --install /home/kaisar/warehouse_robot/robot/build/robot_msgs
