[0.019s] Invoking command in '/home/kaisar/warehouse_robot/build/nav2': CMAKE_PREFIX_PATH=/home/kaisar/warehouse_robot/robot/install/trp1_description:/home/kaisar/warehouse_robot/robot/install/stage_ros2:/opt/ros/jazzy:/home/kaisar/warehouse_robot/robot/install/stage:/home/kaisar/warehouse_robot/robot/install/robot_msgs:/home/kaisar/warehouse_robot/robot/install/nav2:/opt/ros/jazzy/opt/gz_sim_vendor:/opt/ros/jazzy/opt/gz_sensors_vendor:/opt/ros/jazzy/opt/gz_physics_vendor:/opt/ros/jazzy/opt/sdformat_vendor:/opt/ros/jazzy/opt/gz_gui_vendor:/opt/ros/jazzy/opt/gz_transport_vendor:/opt/ros/jazzy/opt/gz_rendering_vendor:/opt/ros/jazzy/opt/gz_plugin_vendor:/opt/ros/jazzy/opt/gz_fuel_tools_vendor:/opt/ros/jazzy/opt/gz_msgs_vendor:/opt/ros/jazzy/opt/gz_common_vendor:/opt/ros/jazzy/opt/gz_math_vendor:/opt/ros/jazzy/opt/gz_utils_vendor:/opt/ros/jazzy/opt/gz_tools_vendor:/opt/ros/jazzy/opt/gz_ogre_next_vendor:/opt/ros/jazzy/opt/gz_dartsim_vendor:/opt/ros/jazzy/opt/gz_cmake_vendor DEBUGINFOD_URLS=https://debuginfod.ubuntu.com /usr/bin/cmake /home/kaisar/warehouse_robot/robot/ws/src/nav2 -DAMENT_CMAKE_SYMLINK_INSTALL=1 -DCMAKE_INSTALL_PREFIX=/home/kaisar/warehouse_robot/install/nav2
[0.104s] -- The C compiler identification is GNU 13.3.0
[0.173s] -- The CXX compiler identification is GNU 13.3.0
[0.194s] -- Detecting C compiler ABI info
[0.306s] -- Detecting C compiler ABI info - done
[0.316s] -- Check for working C compiler: /usr/bin/cc - skipped
[0.316s] -- Detecting C compile features
[0.317s] -- Detecting C compile features - done
[0.327s] -- Detecting CXX compiler ABI info
[0.454s] -- Detecting CXX compiler ABI info - done
[0.468s] -- Check for working CXX compiler: /usr/bin/c++ - skipped
[0.468s] -- Detecting CXX compile features
[0.468s] -- Detecting CXX compile features - done
[0.473s] -- Found ament_cmake: 2.5.6 (/opt/ros/jazzy/share/ament_cmake/cmake)
[0.646s] -- Found Python3: /usr/bin/python3 (found version "3.12.3") found components: Interpreter 
[0.722s] -- Override CMake install command with custom implementation using symlinks instead of copying resources
[0.771s] -- Found rclcpp: 28.1.18 (/opt/ros/jazzy/share/rclcpp/cmake)
[0.821s] -- Found rosidl_generator_c: 4.6.7 (/opt/ros/jazzy/share/rosidl_generator_c/cmake)
[0.838s] -- Found rosidl_generator_cpp: 4.6.7 (/opt/ros/jazzy/share/rosidl_generator_cpp/cmake)
[0.858s] -- Using all available rosidl_typesupport_c: rosidl_typesupport_fastrtps_c;rosidl_typesupport_introspection_c
[0.881s] -- Using all available rosidl_typesupport_cpp: rosidl_typesupport_fastrtps_cpp;rosidl_typesupport_introspection_cpp
[0.981s] -- Found rmw_implementation_cmake: 7.3.3 (/opt/ros/jazzy/share/rmw_implementation_cmake/cmake)
[0.984s] -- Found rmw_fastrtps_cpp: 8.4.3 (/opt/ros/jazzy/share/rmw_fastrtps_cpp/cmake)
[1.106s] -- Found OpenSSL: /usr/lib/x86_64-linux-gnu/libcrypto.so (found version "3.0.13")  
[1.135s] -- Found FastRTPS: /opt/ros/jazzy/include (Required is at least version "2.13") 
[1.166s] -- Using RMW implementation 'rmw_fastrtps_cpp' as default
[1.255s] -- Found urdf: 2.10.0 (/opt/ros/jazzy/share/urdf/cmake)
[1.293s] -- Found xacro: 2.1.1 (/opt/ros/jazzy/share/xacro/cmake)
[1.295s] -- Found std_msgs: 5.3.7 (/opt/ros/jazzy/share/std_msgs/cmake)
[1.412s] -- Configuring done (1.4s)
[1.417s] -- Generating done (0.0s)
[1.420s] -- Build files have been written to: /home/kaisar/warehouse_robot/build/nav2
[1.432s] Invoked command in '/home/kaisar/warehouse_robot/build/nav2' returned '0': CMAKE_PREFIX_PATH=/home/kaisar/warehouse_robot/robot/install/trp1_description:/home/kaisar/warehouse_robot/robot/install/stage_ros2:/opt/ros/jazzy:/home/kaisar/warehouse_robot/robot/install/stage:/home/kaisar/warehouse_robot/robot/install/robot_msgs:/home/kaisar/warehouse_robot/robot/install/nav2:/opt/ros/jazzy/opt/gz_sim_vendor:/opt/ros/jazzy/opt/gz_sensors_vendor:/opt/ros/jazzy/opt/gz_physics_vendor:/opt/ros/jazzy/opt/sdformat_vendor:/opt/ros/jazzy/opt/gz_gui_vendor:/opt/ros/jazzy/opt/gz_transport_vendor:/opt/ros/jazzy/opt/gz_rendering_vendor:/opt/ros/jazzy/opt/gz_plugin_vendor:/opt/ros/jazzy/opt/gz_fuel_tools_vendor:/opt/ros/jazzy/opt/gz_msgs_vendor:/opt/ros/jazzy/opt/gz_common_vendor:/opt/ros/jazzy/opt/gz_math_vendor:/opt/ros/jazzy/opt/gz_utils_vendor:/opt/ros/jazzy/opt/gz_tools_vendor:/opt/ros/jazzy/opt/gz_ogre_next_vendor:/opt/ros/jazzy/opt/gz_dartsim_vendor:/opt/ros/jazzy/opt/gz_cmake_vendor DEBUGINFOD_URLS=https://debuginfod.ubuntu.com /usr/bin/cmake /home/kaisar/warehouse_robot/robot/ws/src/nav2 -DAMENT_CMAKE_SYMLINK_INSTALL=1 -DCMAKE_INSTALL_PREFIX=/home/kaisar/warehouse_robot/install/nav2
[1.433s] Invoking command in '/home/kaisar/warehouse_robot/build/nav2': CMAKE_PREFIX_PATH=/home/kaisar/warehouse_robot/robot/install/trp1_description:/home/kaisar/warehouse_robot/robot/install/stage_ros2:/opt/ros/jazzy:/home/kaisar/warehouse_robot/robot/install/stage:/home/kaisar/warehouse_robot/robot/install/robot_msgs:/home/kaisar/warehouse_robot/robot/install/nav2:/opt/ros/jazzy/opt/gz_sim_vendor:/opt/ros/jazzy/opt/gz_sensors_vendor:/opt/ros/jazzy/opt/gz_physics_vendor:/opt/ros/jazzy/opt/sdformat_vendor:/opt/ros/jazzy/opt/gz_gui_vendor:/opt/ros/jazzy/opt/gz_transport_vendor:/opt/ros/jazzy/opt/gz_rendering_vendor:/opt/ros/jazzy/opt/gz_plugin_vendor:/opt/ros/jazzy/opt/gz_fuel_tools_vendor:/opt/ros/jazzy/opt/gz_msgs_vendor:/opt/ros/jazzy/opt/gz_common_vendor:/opt/ros/jazzy/opt/gz_math_vendor:/opt/ros/jazzy/opt/gz_utils_vendor:/opt/ros/jazzy/opt/gz_tools_vendor:/opt/ros/jazzy/opt/gz_ogre_next_vendor:/opt/ros/jazzy/opt/gz_dartsim_vendor:/opt/ros/jazzy/opt/gz_cmake_vendor DEBUGINFOD_URLS=https://debuginfod.ubuntu.com /usr/bin/cmake --build /home/kaisar/warehouse_robot/build/nav2 -- -j12 -l12
[1.484s] Invoked command in '/home/kaisar/warehouse_robot/build/nav2' returned '0': CMAKE_PREFIX_PATH=/home/kaisar/warehouse_robot/robot/install/trp1_description:/home/kaisar/warehouse_robot/robot/install/stage_ros2:/opt/ros/jazzy:/home/kaisar/warehouse_robot/robot/install/stage:/home/kaisar/warehouse_robot/robot/install/robot_msgs:/home/kaisar/warehouse_robot/robot/install/nav2:/opt/ros/jazzy/opt/gz_sim_vendor:/opt/ros/jazzy/opt/gz_sensors_vendor:/opt/ros/jazzy/opt/gz_physics_vendor:/opt/ros/jazzy/opt/sdformat_vendor:/opt/ros/jazzy/opt/gz_gui_vendor:/opt/ros/jazzy/opt/gz_transport_vendor:/opt/ros/jazzy/opt/gz_rendering_vendor:/opt/ros/jazzy/opt/gz_plugin_vendor:/opt/ros/jazzy/opt/gz_fuel_tools_vendor:/opt/ros/jazzy/opt/gz_msgs_vendor:/opt/ros/jazzy/opt/gz_common_vendor:/opt/ros/jazzy/opt/gz_math_vendor:/opt/ros/jazzy/opt/gz_utils_vendor:/opt/ros/jazzy/opt/gz_tools_vendor:/opt/ros/jazzy/opt/gz_ogre_next_vendor:/opt/ros/jazzy/opt/gz_dartsim_vendor:/opt/ros/jazzy/opt/gz_cmake_vendor DEBUGINFOD_URLS=https://debuginfod.ubuntu.com /usr/bin/cmake --build /home/kaisar/warehouse_robot/build/nav2 -- -j12 -l12
[1.485s] Invoking command in '/home/kaisar/warehouse_robot/build/nav2': CMAKE_PREFIX_PATH=/home/kaisar/warehouse_robot/robot/install/trp1_description:/home/kaisar/warehouse_robot/robot/install/stage_ros2:/opt/ros/jazzy:/home/kaisar/warehouse_robot/robot/install/stage:/home/kaisar/warehouse_robot/robot/install/robot_msgs:/home/kaisar/warehouse_robot/robot/install/nav2:/opt/ros/jazzy/opt/gz_sim_vendor:/opt/ros/jazzy/opt/gz_sensors_vendor:/opt/ros/jazzy/opt/gz_physics_vendor:/opt/ros/jazzy/opt/sdformat_vendor:/opt/ros/jazzy/opt/gz_gui_vendor:/opt/ros/jazzy/opt/gz_transport_vendor:/opt/ros/jazzy/opt/gz_rendering_vendor:/opt/ros/jazzy/opt/gz_plugin_vendor:/opt/ros/jazzy/opt/gz_fuel_tools_vendor:/opt/ros/jazzy/opt/gz_msgs_vendor:/opt/ros/jazzy/opt/gz_common_vendor:/opt/ros/jazzy/opt/gz_math_vendor:/opt/ros/jazzy/opt/gz_utils_vendor:/opt/ros/jazzy/opt/gz_tools_vendor:/opt/ros/jazzy/opt/gz_ogre_next_vendor:/opt/ros/jazzy/opt/gz_dartsim_vendor:/opt/ros/jazzy/opt/gz_cmake_vendor DEBUGINFOD_URLS=https://debuginfod.ubuntu.com /usr/bin/cmake --install /home/kaisar/warehouse_robot/build/nav2
[1.495s] -- Install configuration: ""
[1.495s] -- Execute custom install script
[1.496s] -- Symlinking: /home/kaisar/warehouse_robot/install/nav2/share/nav2//config/apriltags_36h11.yaml
[1.507s] -- Symlinking: /home/kaisar/warehouse_robot/install/nav2/share/nav2//config/ekf.yaml
[1.518s] -- Symlinking: /home/kaisar/warehouse_robot/install/nav2/share/nav2//config/nav2_params.yaml
[1.529s] -- Symlinking: /home/kaisar/warehouse_robot/install/nav2/share/nav2//config/navigate_to_pose_w_replanning_and_recovery.xml
[1.541s] -- Symlinking: /home/kaisar/warehouse_robot/install/nav2/share/nav2//launch/__pycache__/gazebo_multi_nav2_world.launch.cpython-312.pyc
[1.553s] -- Symlinking: /home/kaisar/warehouse_robot/install/nav2/share/nav2//launch/__pycache__/launch.cpython-312.pyc
[1.565s] -- Symlinking: /home/kaisar/warehouse_robot/install/nav2/share/nav2//launch/__pycache__/nav2_launch.cpython-312.pyc
[1.577s] -- Symlinking: /home/kaisar/warehouse_robot/install/nav2/share/nav2//launch/__pycache__/rviz_launch.cpython-312.pyc
[1.589s] -- Symlinking: /home/kaisar/warehouse_robot/install/nav2/share/nav2//launch/nav2/__pycache__/localization_launch.cpython-312.pyc
[1.603s] -- Symlinking: /home/kaisar/warehouse_robot/install/nav2/share/nav2//launch/nav2/__pycache__/navigation_launch.cpython-312.pyc
[1.614s] -- Symlinking: /home/kaisar/warehouse_robot/install/nav2/share/nav2//launch/nav2/bringup_launch.py
[1.626s] -- Symlinking: /home/kaisar/warehouse_robot/install/nav2/share/nav2//launch/nav2/localization_launch.py
[1.638s] -- Symlinking: /home/kaisar/warehouse_robot/install/nav2/share/nav2//launch/nav2/navigation_launch.py
[1.649s] -- Symlinking: /home/kaisar/warehouse_robot/install/nav2/share/nav2//launch/nav2_launch.py
[1.660s] -- Symlinking: /home/kaisar/warehouse_robot/install/nav2/share/nav2//launch/rviz_launch.py
[1.671s] -- Symlinking: /home/kaisar/warehouse_robot/install/nav2/share/nav2//world/cafe.world
[1.685s] -- Symlinking: /home/kaisar/warehouse_robot/install/nav2/share/nav2//world/empty_world.world
[1.708s] -- Symlinking: /home/kaisar/warehouse_robot/install/nav2/share/nav2//maps/22.05.26_smap.pgm
[1.732s] -- Symlinking: /home/kaisar/warehouse_robot/install/nav2/share/nav2//maps/22.05.26_smap.yaml
[1.750s] -- Symlinking: /home/kaisar/warehouse_robot/install/nav2/share/nav2//maps/LMs.yaml
[1.770s] -- Symlinking: /home/kaisar/warehouse_robot/install/nav2/share/nav2//maps/cafe_world_map.pgm
[1.789s] -- Symlinking: /home/kaisar/warehouse_robot/install/nav2/share/nav2//maps/cafe_world_map.yaml
[1.819s] -- Symlinking: /home/kaisar/warehouse_robot/install/nav2/share/nav2//maps/graph_edges_lengths.yaml
[1.845s] -- Symlinking: /home/kaisar/warehouse_robot/install/nav2/share/nav2//maps/graphs.yaml
[1.866s] -- Symlinking: /home/kaisar/warehouse_robot/install/nav2/share/nav2//rviz/check_joint.rviz
[1.909s] -- Symlinking: /home/kaisar/warehouse_robot/install/nav2/share/nav2//rviz/multi_nav2_default_view.rviz
[1.944s] -- Symlinking: /home/kaisar/warehouse_robot/install/nav2/share/nav2//rviz/nav2_default_view.rviz
[1.985s] -- Symlinking: /home/kaisar/warehouse_robot/install/nav2/share/nav2//rviz/rviz_ns.rviz
[2.058s] -- Symlinking: /home/kaisar/warehouse_robot/install/nav2/share/nav2//models/Apriltag36_11_00000/materials/textures/tag36_11_00000.png
[2.099s] -- Symlinking: /home/kaisar/warehouse_robot/install/nav2/share/nav2//models/Apriltag36_11_00000/meshes/tag36_11_00000.dae
[2.141s] -- Symlinking: /home/kaisar/warehouse_robot/install/nav2/share/nav2//models/Apriltag36_11_00000/model.config
[2.170s] -- Symlinking: /home/kaisar/warehouse_robot/install/nav2/share/nav2//models/Apriltag36_11_00000/model.sdf
[2.212s] -- Symlinking: /home/kaisar/warehouse_robot/install/nav2/share/nav2//models/aws_robomaker_residential_AirconditionerA_01/materials/textures/aws_AirconditionerA_01.png
[2.251s] -- Symlinking: /home/kaisar/warehouse_robot/install/nav2/share/nav2//models/aws_robomaker_residential_AirconditionerA_01/meshes/aws_AirconditionerA_01_collision.DAE
[2.299s] -- Symlinking: /home/kaisar/warehouse_robot/install/nav2/share/nav2//models/aws_robomaker_residential_AirconditionerA_01/meshes/aws_AirconditionerA_01_visual.DAE
[2.338s] -- Symlinking: /home/kaisar/warehouse_robot/install/nav2/share/nav2//models/aws_robomaker_residential_AirconditionerA_01/model.config
[2.374s] -- Symlinking: /home/kaisar/warehouse_robot/install/nav2/share/nav2//models/aws_robomaker_residential_AirconditionerA_01/model.sdf
[2.414s] -- Symlinking: /home/kaisar/warehouse_robot/install/nav2/share/nav2//models/aws_robomaker_residential_AirconditionerB_01/materials/textures/aws_AirconditionerB_01.png
[2.454s] -- Symlinking: /home/kaisar/warehouse_robot/install/nav2/share/nav2//models/aws_robomaker_residential_AirconditionerB_01/meshes/aws_AirconditionerB_01_collision.DAE
[2.492s] -- Symlinking: /home/kaisar/warehouse_robot/install/nav2/share/nav2//models/aws_robomaker_residential_AirconditionerB_01/meshes/aws_AirconditionerB_01_visual.DAE
[2.538s] -- Symlinking: /home/kaisar/warehouse_robot/install/nav2/share/nav2//models/aws_robomaker_residential_AirconditionerB_01/model.config
[2.577s] -- Symlinking: /home/kaisar/warehouse_robot/install/nav2/share/nav2//models/aws_robomaker_residential_AirconditionerB_01/model.sdf
[2.619s] -- Symlinking: /home/kaisar/warehouse_robot/install/nav2/share/nav2//models/aws_robomaker_residential_BalconyTable_01/materials/textures/aws_BalconyTable_01.png
[2.662s] -- Symlinking: /home/kaisar/warehouse_robot/install/nav2/share/nav2//models/aws_robomaker_residential_BalconyTable_01/meshes/aws_BalconyTable_01_collision.DAE
[2.701s] -- Symlinking: /home/kaisar/warehouse_robot/install/nav2/share/nav2//models/aws_robomaker_residential_BalconyTable_01/meshes/aws_BalconyTable_01_visual.DAE
[2.746s] -- Symlinking: /home/kaisar/warehouse_robot/install/nav2/share/nav2//models/aws_robomaker_residential_BalconyTable_01/model.config
[2.785s] -- Symlinking: /home/kaisar/warehouse_robot/install/nav2/share/nav2//models/aws_robomaker_residential_BalconyTable_01/model.sdf
[2.824s] -- Symlinking: /home/kaisar/warehouse_robot/install/nav2/share/nav2//models/aws_robomaker_residential_Ball_01/materials/textures/aws_Ball_01.png
[2.870s] -- Symlinking: /home/kaisar/warehouse_robot/install/nav2/share/nav2//models/aws_robomaker_residential_Ball_01/meshes/aws_Ball_01_collision.DAE
[2.919s] -- Symlinking: /home/kaisar/warehouse_robot/install/nav2/share/nav2//models/aws_robomaker_residential_Ball_01/meshes/aws_Ball_01_visual.DAE
[2.965s] -- Symlinking: /home/kaisar/warehouse_robot/install/nav2/share/nav2//models/aws_robomaker_residential_Ball_01/model.config
[3.005s] -- Symlinking: /home/kaisar/warehouse_robot/install/nav2/share/nav2//models/aws_robomaker_residential_Ball_01/model.sdf
[3.047s] -- Symlinking: /home/kaisar/warehouse_robot/install/nav2/share/nav2//models/aws_robomaker_residential_Bed_01/materials/textures/aws_BedA_01.png
[3.084s] -- Symlinking: /home/kaisar/warehouse_robot/install/nav2/share/nav2//models/aws_robomaker_residential_Bed_01/materials/textures/aws_BedB_01.png
[3.124s] -- Symlinking: /home/kaisar/warehouse_robot/install/nav2/share/nav2//models/aws_robomaker_residential_Bed_01/materials/textures/aws_BedC_01.png
[3.165s] -- Symlinking: /home/kaisar/warehouse_robot/install/nav2/share/nav2//models/aws_robomaker_residential_Bed_01/materials/textures/aws_Bed_01.png
[3.203s] -- Symlinking: /home/kaisar/warehouse_robot/install/nav2/share/nav2//models/aws_robomaker_residential_Bed_01/meshes/aws_Bed_01_collision.DAE
[3.240s] -- Symlinking: /home/kaisar/warehouse_robot/install/nav2/share/nav2//models/aws_robomaker_residential_Bed_01/meshes/aws_Bed_01_visual.DAE
[3.284s] -- Symlinking: /home/kaisar/warehouse_robot/install/nav2/share/nav2//models/aws_robomaker_residential_Bed_01/model.config
[3.329s] -- Symlinking: /home/kaisar/warehouse_robot/install/nav2/share/nav2//models/aws_robomaker_residential_Bed_01/model.sdf
[3.367s] -- Symlinking: /home/kaisar/warehouse_robot/install/nav2/share/nav2//models/aws_robomaker_residential_Board_01/materials/textures/aws_Board_01.png
[3.403s] -- Symlinking: /home/kaisar/warehouse_robot/install/nav2/share/nav2//models/aws_robomaker_residential_Board_01/meshes/aws_Board_01_collision.DAE
[3.429s] -- Symlinking: /home/kaisar/warehouse_robot/install/nav2/share/nav2//models/aws_robomaker_residential_Board_01/meshes/aws_Board_01_visual.DAE
[3.447s] -- Symlinking: /home/kaisar/warehouse_robot/install/nav2/share/nav2//models/aws_robomaker_residential_Board_01/model.config
[3.479s] -- Symlinking: /home/kaisar/warehouse_robot/install/nav2/share/nav2//models/aws_robomaker_residential_Board_01/model.sdf
[3.527s] -- Symlinking: /home/kaisar/warehouse_robot/install/nav2/share/nav2//models/aws_robomaker_residential_Carpet_01/materials/textures/aws_Carpet_01.png
[3.553s] -- Symlinking: /home/kaisar/warehouse_robot/install/nav2/share/nav2//models/aws_robomaker_residential_Carpet_01/meshes/aws_Carpet_01_collision.DAE
[3.591s] -- Symlinking: /home/kaisar/warehouse_robot/install/nav2/share/nav2//models/aws_robomaker_residential_Carpet_01/meshes/aws_Carpet_01_visual.DAE
[3.628s] -- Symlinking: /home/kaisar/warehouse_robot/install/nav2/share/nav2//models/aws_robomaker_residential_Carpet_01/model.config
[3.658s] -- Symlinking: /home/kaisar/warehouse_robot/install/nav2/share/nav2//models/aws_robomaker_residential_Carpet_01/model.sdf
[3.691s] -- Symlinking: /home/kaisar/warehouse_robot/install/nav2/share/nav2//models/aws_robomaker_residential_ChairA_01/materials/textures/aws_ChairA_01.png
[3.730s] -- Symlinking: /home/kaisar/warehouse_robot/install/nav2/share/nav2//models/aws_robomaker_residential_ChairA_01/meshes/aws_ChairA_01_collision.DAE
[3.765s] -- Symlinking: /home/kaisar/warehouse_robot/install/nav2/share/nav2//models/aws_robomaker_residential_ChairA_01/meshes/aws_ChairA_01_visual.DAE
[3.801s] -- Symlinking: /home/kaisar/warehouse_robot/install/nav2/share/nav2//models/aws_robomaker_residential_ChairA_01/model.config
[3.839s] -- Symlinking: /home/kaisar/warehouse_robot/install/nav2/share/nav2//models/aws_robomaker_residential_ChairA_01/model.sdf
[3.878s] -- Symlinking: /home/kaisar/warehouse_robot/install/nav2/share/nav2//models/aws_robomaker_residential_ChairD_01/materials/textures/aws_ChairD_01.png
[3.916s] -- Symlinking: /home/kaisar/warehouse_robot/install/nav2/share/nav2//models/aws_robomaker_residential_ChairD_01/meshes/aws_ChairD_01_collision.DAE
[3.963s] -- Symlinking: /home/kaisar/warehouse_robot/install/nav2/share/nav2//models/aws_robomaker_residential_ChairD_01/meshes/aws_ChairD_01_visual.DAE
[4.002s] -- Symlinking: /home/kaisar/warehouse_robot/install/nav2/share/nav2//models/aws_robomaker_residential_ChairD_01/model.config
[4.044s] -- Symlinking: /home/kaisar/warehouse_robot/install/nav2/share/nav2//models/aws_robomaker_residential_ChairD_01/model.sdf
[4.067s] -- Symlinking: /home/kaisar/warehouse_robot/install/nav2/share/nav2//models/aws_robomaker_residential_Chandelier_01/materials/textures/aws_Chandelier_01.png
[4.089s] -- Symlinking: /home/kaisar/warehouse_robot/install/nav2/share/nav2//models/aws_robomaker_residential_Chandelier_01/meshes/aws_Chandelier_01.DAE
[4.111s] -- Symlinking: /home/kaisar/warehouse_robot/install/nav2/share/nav2//models/aws_robomaker_residential_Chandelier_01/meshes/aws_Chandelier_01_collision.DAE
[4.133s] -- Symlinking: /home/kaisar/warehouse_robot/install/nav2/share/nav2//models/aws_robomaker_residential_Chandelier_01/meshes/aws_Chandelier_01_visual.DAE
[4.180s] -- Symlinking: /home/kaisar/warehouse_robot/install/nav2/share/nav2//models/aws_robomaker_residential_Chandelier_01/model.config
[4.218s] -- Symlinking: /home/kaisar/warehouse_robot/install/nav2/share/nav2//models/aws_robomaker_residential_Chandelier_01/model.sdf
[4.261s] -- Symlinking: /home/kaisar/warehouse_robot/install/nav2/share/nav2//models/aws_robomaker_residential_CoffeeTable_01/materials/textures/aws_CoffeeTable_01.png
[4.300s] -- Symlinking: /home/kaisar/warehouse_robot/install/nav2/share/nav2//models/aws_robomaker_residential_CoffeeTable_01/meshes/aws_CoffeeTable_01_collision.DAE
[4.337s] -- Symlinking: /home/kaisar/warehouse_robot/install/nav2/share/nav2//models/aws_robomaker_residential_CoffeeTable_01/meshes/aws_CoffeeTable_01_visual.DAE
[4.378s] -- Symlinking: /home/kaisar/warehouse_robot/install/nav2/share/nav2//models/aws_robomaker_residential_CoffeeTable_01/model.config
[4.419s] -- Symlinking: /home/kaisar/warehouse_robot/install/nav2/share/nav2//models/aws_robomaker_residential_CoffeeTable_01/model.sdf
[4.460s] -- Symlinking: /home/kaisar/warehouse_robot/install/nav2/share/nav2//models/aws_robomaker_residential_CookingBench_01/materials/textures/aws_CookingBench_01.png
[4.490s] -- Symlinking: /home/kaisar/warehouse_robot/install/nav2/share/nav2//models/aws_robomaker_residential_CookingBench_01/meshes/aws_CookingBench_01.DAE
[4.510s] -- Symlinking: /home/kaisar/warehouse_robot/install/nav2/share/nav2//models/aws_robomaker_residential_CookingBench_01/meshes/aws_CookingBench_01_collision.DAE
[4.532s] -- Symlinking: /home/kaisar/warehouse_robot/install/nav2/share/nav2//models/aws_robomaker_residential_CookingBench_01/meshes/aws_CookingBench_01_visual.DAE
[4.555s] -- Symlinking: /home/kaisar/warehouse_robot/install/nav2/share/nav2//models/aws_robomaker_residential_CookingBench_01/model.config
[4.576s] -- Symlinking: /home/kaisar/warehouse_robot/install/nav2/share/nav2//models/aws_robomaker_residential_CookingBench_01/model.sdf
[4.617s] -- Symlinking: /home/kaisar/warehouse_robot/install/nav2/share/nav2//models/aws_robomaker_residential_Curtain_01/materials/textures/aws_Curtain_01.png
[4.657s] -- Symlinking: /home/kaisar/warehouse_robot/install/nav2/share/nav2//models/aws_robomaker_residential_Curtain_01/meshes/aws_Curtain_01_collision.DAE
[4.697s] -- Symlinking: /home/kaisar/warehouse_robot/install/nav2/share/nav2//models/aws_robomaker_residential_Curtain_01/meshes/aws_Curtain_01_visual.DAE
[4.737s] -- Symlinking: /home/kaisar/warehouse_robot/install/nav2/share/nav2//models/aws_robomaker_residential_Curtain_01/model.config
[4.779s] -- Symlinking: /home/kaisar/warehouse_robot/install/nav2/share/nav2//models/aws_robomaker_residential_Curtain_01/model.sdf
[4.801s] -- Symlinking: /home/kaisar/warehouse_robot/install/nav2/share/nav2//models/aws_robomaker_residential_DeskPortraitA_01/materials/textures/DeskPortraitA_01.jpg
[4.841s] -- Symlinking: /home/kaisar/warehouse_robot/install/nav2/share/nav2//models/aws_robomaker_residential_DeskPortraitA_01/materials/textures/aws_DeskPortraitA_01.png
[4.881s] -- Symlinking: /home/kaisar/warehouse_robot/install/nav2/share/nav2//models/aws_robomaker_residential_DeskPortraitA_01/materials/textures/aws_DeskPortraitA_02.png
[4.920s] -- Symlinking: /home/kaisar/warehouse_robot/install/nav2/share/nav2//models/aws_robomaker_residential_DeskPortraitA_01/meshes/aws_DeskPortraitA_01_collision.DAE
[4.943s] -- Symlinking: /home/kaisar/warehouse_robot/install/nav2/share/nav2//models/aws_robomaker_residential_DeskPortraitA_01/meshes/aws_DeskPortraitA_01_visual.DAE
[4.991s] -- Symlinking: /home/kaisar/warehouse_robot/install/nav2/share/nav2//models/aws_robomaker_residential_DeskPortraitA_01/model.config
[5.031s] -- Symlinking: /home/kaisar/warehouse_robot/install/nav2/share/nav2//models/aws_robomaker_residential_DeskPortraitA_01/model.sdf
[5.067s] -- Symlinking: /home/kaisar/warehouse_robot/install/nav2/share/nav2//models/aws_robomaker_residential_DeskPortraitA_02/materials/textures/DeskPortraitA_02.jpg
[5.091s] -- Symlinking: /home/kaisar/warehouse_robot/install/nav2/share/nav2//models/aws_robomaker_residential_DeskPortraitA_02/materials/textures/aws_DeskPortraitA_01.png
[5.111s] -- Symlinking: /home/kaisar/warehouse_robot/install/nav2/share/nav2//models/aws_robomaker_residential_DeskPortraitA_02/materials/textures/aws_DeskPortraitA_02.png
[5.140s] -- Symlinking: /home/kaisar/warehouse_robot/install/nav2/share/nav2//models/aws_robomaker_residential_DeskPortraitA_02/meshes/aws_DeskPortraitA_01_collision.DAE
[5.160s] -- Symlinking: /home/kaisar/warehouse_robot/install/nav2/share/nav2//models/aws_robomaker_residential_DeskPortraitA_02/meshes/aws_DeskPortraitA_01_visual.DAE
[5.190s] -- Symlinking: /home/kaisar/warehouse_robot/install/nav2/share/nav2//models/aws_robomaker_residential_DeskPortraitA_02/model.config
[5.238s] -- Symlinking: /home/kaisar/warehouse_robot/install/nav2/share/nav2//models/aws_robomaker_residential_DeskPortraitA_02/model.sdf
[5.258s] -- Symlinking: /home/kaisar/warehouse_robot/install/nav2/share/nav2//models/aws_robomaker_residential_DeskPortraitB_01/materials/textures/DeskPortraitB_01.jpg
[5.301s] -- Symlinking: /home/kaisar/warehouse_robot/install/nav2/share/nav2//models/aws_robomaker_residential_DeskPortraitB_01/materials/textures/aws_DeskPortraitB_01.png
[5.347s] -- Symlinking: /home/kaisar/warehouse_robot/install/nav2/share/nav2//models/aws_robomaker_residential_DeskPortraitB_01/materials/textures/aws_DeskPortraitB_02.png
[5.387s] -- Symlinking: /home/kaisar/warehouse_robot/install/nav2/share/nav2//models/aws_robomaker_residential_DeskPortraitB_01/meshes/aws_DeskPortraitB_01_collision.DAE
[5.430s] -- Symlinking: /home/kaisar/warehouse_robot/install/nav2/share/nav2//models/aws_robomaker_residential_DeskPortraitB_01/meshes/aws_DeskPortraitB_01_visual.DAE
[5.458s] -- Symlinking: /home/kaisar/warehouse_robot/install/nav2/share/nav2//models/aws_robomaker_residential_DeskPortraitB_01/model.config
[5.497s] -- Symlinking: /home/kaisar/warehouse_robot/install/nav2/share/nav2//models/aws_robomaker_residential_DeskPortraitB_01/model.sdf
[5.542s] -- Symlinking: /home/kaisar/warehouse_robot/install/nav2/share/nav2//models/aws_robomaker_residential_DeskPortraitB_02/materials/textures/DeskPortraitB_02.jpg
[5.586s] -- Symlinking: /home/kaisar/warehouse_robot/install/nav2/share/nav2//models/aws_robomaker_residential_DeskPortraitB_02/materials/textures/aws_DeskPortraitB_01.png
[5.625s] -- Symlinking: /home/kaisar/warehouse_robot/install/nav2/share/nav2//models/aws_robomaker_residential_DeskPortraitB_02/materials/textures/aws_DeskPortraitB_02.png
[5.663s] -- Symlinking: /home/kaisar/warehouse_robot/install/nav2/share/nav2//models/aws_robomaker_residential_DeskPortraitB_02/meshes/aws_DeskPortraitB_01_collision.DAE
[5.699s] -- Symlinking: /home/kaisar/warehouse_robot/install/nav2/share/nav2//models/aws_robomaker_residential_DeskPortraitB_02/meshes/aws_DeskPortraitB_01_visual.DAE
[5.726s] -- Symlinking: /home/kaisar/warehouse_robot/install/nav2/share/nav2//models/aws_robomaker_residential_DeskPortraitB_02/model.config
[5.752s] -- Symlinking: /home/kaisar/warehouse_robot/install/nav2/share/nav2//models/aws_robomaker_residential_DeskPortraitB_02/model.sdf
[5.773s] -- Symlinking: /home/kaisar/warehouse_robot/install/nav2/share/nav2//models/aws_robomaker_residential_DeskPortraitC_01/materials/textures/DeskPortraitC_01.jpg
[5.792s] -- Symlinking: /home/kaisar/warehouse_robot/install/nav2/share/nav2//models/aws_robomaker_residential_DeskPortraitC_01/materials/textures/aws_DeskPortraitC_01.png
[5.812s] -- Symlinking: /home/kaisar/warehouse_robot/install/nav2/share/nav2//models/aws_robomaker_residential_DeskPortraitC_01/materials/textures/aws_DeskPortraitC_02.png
[5.842s] -- Symlinking: /home/kaisar/warehouse_robot/install/nav2/share/nav2//models/aws_robomaker_residential_DeskPortraitC_01/meshes/aws_DeskPortraitC_01_collision.DAE
[5.874s] -- Symlinking: /home/kaisar/warehouse_robot/install/nav2/share/nav2//models/aws_robomaker_residential_DeskPortraitC_01/meshes/aws_DeskPortraitC_01_visual.DAE
[5.916s] -- Symlinking: /home/kaisar/warehouse_robot/install/nav2/share/nav2//models/aws_robomaker_residential_DeskPortraitC_01/model.config
[5.956s] -- Symlinking: /home/kaisar/warehouse_robot/install/nav2/share/nav2//models/aws_robomaker_residential_DeskPortraitC_01/model.sdf
[5.995s] -- Symlinking: /home/kaisar/warehouse_robot/install/nav2/share/nav2//models/aws_robomaker_residential_DeskPortraitC_02/materials/textures/DeskPortraitC_02.jpg
[6.018s] -- Symlinking: /home/kaisar/warehouse_robot/install/nav2/share/nav2//models/aws_robomaker_residential_DeskPortraitC_02/materials/textures/aws_DeskPortraitC_01.png
[6.048s] -- Symlinking: /home/kaisar/warehouse_robot/install/nav2/share/nav2//models/aws_robomaker_residential_DeskPortraitC_02/materials/textures/aws_DeskPortraitC_02.png
[6.076s] -- Symlinking: /home/kaisar/warehouse_robot/install/nav2/share/nav2//models/aws_robomaker_residential_DeskPortraitC_02/meshes/aws_DeskPortraitC_01_collision.DAE
[6.113s] -- Symlinking: /home/kaisar/warehouse_robot/install/nav2/share/nav2//models/aws_robomaker_residential_DeskPortraitC_02/meshes/aws_DeskPortraitC_01_visual.DAE
[6.145s] -- Symlinking: /home/kaisar/warehouse_robot/install/nav2/share/nav2//models/aws_robomaker_residential_DeskPortraitC_02/model.config
[6.166s] -- Symlinking: /home/kaisar/warehouse_robot/install/nav2/share/nav2//models/aws_robomaker_residential_DeskPortraitC_02/model.sdf
[6.186s] -- Symlinking: /home/kaisar/warehouse_robot/install/nav2/share/nav2//models/aws_robomaker_residential_DeskPortraitD_01/materials/textures/DeskPortraitD_01.jpg
[6.208s] -- Symlinking: /home/kaisar/warehouse_robot/install/nav2/share/nav2//models/aws_robomaker_residential_DeskPortraitD_01/materials/textures/aws_DeskPortraitD_01.png
[6.229s] -- Symlinking: /home/kaisar/warehouse_robot/install/nav2/share/nav2//models/aws_robomaker_residential_DeskPortraitD_01/materials/textures/aws_DeskPortraitD_02.png
[6.254s] -- Symlinking: /home/kaisar/warehouse_robot/install/nav2/share/nav2//models/aws_robomaker_residential_DeskPortraitD_01/meshes/aws_DeskPortraitD_01_collision.DAE
[6.274s] -- Symlinking: /home/kaisar/warehouse_robot/install/nav2/share/nav2//models/aws_robomaker_residential_DeskPortraitD_01/meshes/aws_DeskPortraitD_01_visual.DAE
[6.297s] -- Symlinking: /home/kaisar/warehouse_robot/install/nav2/share/nav2//models/aws_robomaker_residential_DeskPortraitD_01/model.config
[6.319s] -- Symlinking: /home/kaisar/warehouse_robot/install/nav2/share/nav2//models/aws_robomaker_residential_DeskPortraitD_01/model.sdf
[6.342s] -- Symlinking: /home/kaisar/warehouse_robot/install/nav2/share/nav2//models/aws_robomaker_residential_DeskPortraitD_02/materials/textures/DeskPortraitD_02.jpg
[6.367s] -- Symlinking: /home/kaisar/warehouse_robot/install/nav2/share/nav2//models/aws_robomaker_residential_DeskPortraitD_02/materials/textures/aws_DeskPortraitD_01.png
[6.393s] -- Symlinking: /home/kaisar/warehouse_robot/install/nav2/share/nav2//models/aws_robomaker_residential_DeskPortraitD_02/materials/textures/aws_DeskPortraitD_02.png
[6.430s] -- Symlinking: /home/kaisar/warehouse_robot/install/nav2/share/nav2//models/aws_robomaker_residential_DeskPortraitD_02/meshes/aws_DeskPortraitD_01_collision.DAE
[6.454s] -- Symlinking: /home/kaisar/warehouse_robot/install/nav2/share/nav2//models/aws_robomaker_residential_DeskPortraitD_02/meshes/aws_DeskPortraitD_01_visual.DAE
[6.475s] -- Symlinking: /home/kaisar/warehouse_robot/install/nav2/share/nav2//models/aws_robomaker_residential_DeskPortraitD_02/model.config
[6.495s] -- Symlinking: /home/kaisar/warehouse_robot/install/nav2/share/nav2//models/aws_robomaker_residential_DeskPortraitD_02/model.sdf
[6.515s] -- Symlinking: /home/kaisar/warehouse_robot/install/nav2/share/nav2//models/aws_robomaker_residential_DeskPortraitD_03/materials/textures/DeskPortraitD_03.jpg
[6.537s] -- Symlinking: /home/kaisar/warehouse_robot/install/nav2/share/nav2//models/aws_robomaker_residential_DeskPortraitD_03/materials/textures/aws_DeskPortraitD_01.png
[6.563s] -- Symlinking: /home/kaisar/warehouse_robot/install/nav2/share/nav2//models/aws_robomaker_residential_DeskPortraitD_03/materials/textures/aws_DeskPortraitD_02.png
[6.583s] -- Symlinking: /home/kaisar/warehouse_robot/install/nav2/share/nav2//models/aws_robomaker_residential_DeskPortraitD_03/meshes/aws_DeskPortraitD_01_collision.DAE
[6.603s] -- Symlinking: /home/kaisar/warehouse_robot/install/nav2/share/nav2//models/aws_robomaker_residential_DeskPortraitD_03/meshes/aws_DeskPortraitD_01_visual.DAE
[6.623s] -- Symlinking: /home/kaisar/warehouse_robot/install/nav2/share/nav2//models/aws_robomaker_residential_DeskPortraitD_03/model.config
[6.643s] -- Symlinking: /home/kaisar/warehouse_robot/install/nav2/share/nav2//models/aws_robomaker_residential_DeskPortraitD_03/model.sdf
[6.670s] -- Symlinking: /home/kaisar/warehouse_robot/install/nav2/share/nav2//models/aws_robomaker_residential_DeskPortraitD_04/materials/textures/DeskPortraitD_04.jpg
[6.688s] -- Symlinking: /home/kaisar/warehouse_robot/install/nav2/share/nav2//models/aws_robomaker_residential_DeskPortraitD_04/materials/textures/aws_DeskPortraitD_01.png
[6.707s] -- Symlinking: /home/kaisar/warehouse_robot/install/nav2/share/nav2//models/aws_robomaker_residential_DeskPortraitD_04/materials/textures/aws_DeskPortraitD_02.png
[6.727s] -- Symlinking: /home/kaisar/warehouse_robot/install/nav2/share/nav2//models/aws_robomaker_residential_DeskPortraitD_04/meshes/aws_DeskPortraitD_01_collision.DAE
[6.751s] -- Symlinking: /home/kaisar/warehouse_robot/install/nav2/share/nav2//models/aws_robomaker_residential_DeskPortraitD_04/meshes/aws_DeskPortraitD_01_visual.DAE
[6.772s] -- Symlinking: /home/kaisar/warehouse_robot/install/nav2/share/nav2//models/aws_robomaker_residential_DeskPortraitD_04/model.config
[6.794s] -- Symlinking: /home/kaisar/warehouse_robot/install/nav2/share/nav2//models/aws_robomaker_residential_DeskPortraitD_04/model.sdf
[6.816s] -- Symlinking: /home/kaisar/warehouse_robot/install/nav2/share/nav2//models/aws_robomaker_residential_Door_01/materials/textures/aws_Door_01.png
[6.840s] -- Symlinking: /home/kaisar/warehouse_robot/install/nav2/share/nav2//models/aws_robomaker_residential_Door_01/meshes/aws_Door_01_collision.DAE
[6.857s] -- Symlinking: /home/kaisar/warehouse_robot/install/nav2/share/nav2//models/aws_robomaker_residential_Door_01/meshes/aws_Door_01_visual.DAE
[6.874s] -- Symlinking: /home/kaisar/warehouse_robot/install/nav2/share/nav2//models/aws_robomaker_residential_Door_01/model.config
[6.892s] -- Symlinking: /home/kaisar/warehouse_robot/install/nav2/share/nav2//models/aws_robomaker_residential_Door_01/model.sdf
[6.912s] -- Symlinking: /home/kaisar/warehouse_robot/install/nav2/share/nav2//models/aws_robomaker_residential_Dumbbell_01/materials/textures/aws_Dumbbell_01.png
[6.932s] -- Symlinking: /home/kaisar/warehouse_robot/install/nav2/share/nav2//models/aws_robomaker_residential_Dumbbell_01/meshes/aws_Dumbbell_01_collision.DAE
[6.956s] -- Symlinking: /home/kaisar/warehouse_robot/install/nav2/share/nav2//models/aws_robomaker_residential_Dumbbell_01/meshes/aws_Dumbbell_01_visual.DAE
[6.979s] -- Symlinking: /home/kaisar/warehouse_robot/install/nav2/share/nav2//models/aws_robomaker_residential_Dumbbell_01/model.config
[6.996s] -- Symlinking: /home/kaisar/warehouse_robot/install/nav2/share/nav2//models/aws_robomaker_residential_Dumbbell_01/model.sdf
[7.016s] -- Symlinking: /home/kaisar/warehouse_robot/install/nav2/share/nav2//models/aws_robomaker_residential_FitnessEquipment_01/materials/textures/aws_FitnessEquipment_01.png
[7.036s] -- Symlinking: /home/kaisar/warehouse_robot/install/nav2/share/nav2//models/aws_robomaker_residential_FitnessEquipment_01/meshes/aws_FitnessEquipment_01_collision.DAE
[7.053s] -- Symlinking: /home/kaisar/warehouse_robot/install/nav2/share/nav2//models/aws_robomaker_residential_FitnessEquipment_01/meshes/aws_FitnessEquipment_01_visual.DAE
[7.070s] -- Symlinking: /home/kaisar/warehouse_robot/install/nav2/share/nav2//models/aws_robomaker_residential_FitnessEquipment_01/model.config
[7.084s] -- Symlinking: /home/kaisar/warehouse_robot/install/nav2/share/nav2//models/aws_robomaker_residential_FitnessEquipment_01/model.sdf
[7.098s] -- Symlinking: /home/kaisar/warehouse_robot/install/nav2/share/nav2//models/aws_robomaker_residential_FloorB_01/materials/textures/aws_FloorB_01.png
[7.115s] -- Symlinking: /home/kaisar/warehouse_robot/install/nav2/share/nav2//models/aws_robomaker_residential_FloorB_01/meshes/aws_FloorB_01_collision.DAE
[7.129s] -- Symlinking: /home/kaisar/warehouse_robot/install/nav2/share/nav2//models/aws_robomaker_residential_FloorB_01/meshes/aws_FloorB_01_visual.DAE
[7.143s] -- Symlinking: /home/kaisar/warehouse_robot/install/nav2/share/nav2//models/aws_robomaker_residential_FloorB_01/model.config
[7.158s] -- Symlinking: /home/kaisar/warehouse_robot/install/nav2/share/nav2//models/aws_robomaker_residential_FloorB_01/model.sdf
[7.172s] -- Symlinking: /home/kaisar/warehouse_robot/install/nav2/share/nav2//models/aws_robomaker_residential_FoldingDoor_01/materials/textures/aws_FoldingDoor_01.png
[7.186s] -- Symlinking: /home/kaisar/warehouse_robot/install/nav2/share/nav2//models/aws_robomaker_residential_FoldingDoor_01/meshes/aws_FoldingDoor_01_collision.DAE
[7.200s] -- Symlinking: /home/kaisar/warehouse_robot/install/nav2/share/nav2//models/aws_robomaker_residential_FoldingDoor_01/meshes/aws_FoldingDoor_01_visual.DAE
[7.214s] -- Symlinking: /home/kaisar/warehouse_robot/install/nav2/share/nav2//models/aws_robomaker_residential_FoldingDoor_01/model.config
[7.230s] -- Symlinking: /home/kaisar/warehouse_robot/install/nav2/share/nav2//models/aws_robomaker_residential_FoldingDoor_01/model.sdf
[7.244s] -- Symlinking: /home/kaisar/warehouse_robot/install/nav2/share/nav2//models/aws_robomaker_residential_FoldingDoor_02/materials/textures/aws_FoldingDoor_02.png
[7.259s] -- Symlinking: /home/kaisar/warehouse_robot/install/nav2/share/nav2//models/aws_robomaker_residential_FoldingDoor_02/meshes/aws_FoldingDoor_02_collision.DAE
[7.277s] -- Symlinking: /home/kaisar/warehouse_robot/install/nav2/share/nav2//models/aws_robomaker_residential_FoldingDoor_02/meshes/aws_FoldingDoor_02_visual.DAE
[7.292s] -- Symlinking: /home/kaisar/warehouse_robot/install/nav2/share/nav2//models/aws_robomaker_residential_FoldingDoor_02/model.config
[7.310s] -- Symlinking: /home/kaisar/warehouse_robot/install/nav2/share/nav2//models/aws_robomaker_residential_FoldingDoor_02/model.sdf
[7.327s] -- Symlinking: /home/kaisar/warehouse_robot/install/nav2/share/nav2//models/aws_robomaker_residential_Handle_01/materials/textures/aws_Handle_01.png
[7.348s] -- Symlinking: /home/kaisar/warehouse_robot/install/nav2/share/nav2//models/aws_robomaker_residential_Handle_01/meshes/aws_Handle_01_collision.DAE
[7.369s] -- Symlinking: /home/kaisar/warehouse_robot/install/nav2/share/nav2//models/aws_robomaker_residential_Handle_01/meshes/aws_Handle_01_visual.DAE
[7.387s] -- Symlinking: /home/kaisar/warehouse_robot/install/nav2/share/nav2//models/aws_robomaker_residential_Handle_01/model.config
[7.407s] -- Symlinking: /home/kaisar/warehouse_robot/install/nav2/share/nav2//models/aws_robomaker_residential_Handle_01/model.sdf
[7.426s] -- Symlinking: /home/kaisar/warehouse_robot/install/nav2/share/nav2//models/aws_robomaker_residential_HouseWallB_01/materials/textures/aws_HouseWallB_01.png
[7.445s] -- Symlinking: /home/kaisar/warehouse_robot/install/nav2/share/nav2//models/aws_robomaker_residential_HouseWallB_01/meshes/aws_HouseWallB_01_collision.DAE
[7.462s] -- Symlinking: /home/kaisar/warehouse_robot/install/nav2/share/nav2//models/aws_robomaker_residential_HouseWallB_01/meshes/aws_HouseWallB_01_visual.DAE
[7.479s] -- Symlinking: /home/kaisar/warehouse_robot/install/nav2/share/nav2//models/aws_robomaker_residential_HouseWallB_01/model.config
[7.497s] -- Symlinking: /home/kaisar/warehouse_robot/install/nav2/share/nav2//models/aws_robomaker_residential_HouseWallB_01/model.sdf
[7.514s] -- Symlinking: /home/kaisar/warehouse_robot/install/nav2/share/nav2//models/aws_robomaker_residential_KitchenCabinet_01/materials/textures/aws_KitchenCabinet_01.png
[7.531s] -- Symlinking: /home/kaisar/warehouse_robot/install/nav2/share/nav2//models/aws_robomaker_residential_KitchenCabinet_01/meshes/aws_KitchenCabinet_01_collision.DAE
[7.550s] -- Symlinking: /home/kaisar/warehouse_robot/install/nav2/share/nav2//models/aws_robomaker_residential_KitchenCabinet_01/meshes/aws_KitchenCabinet_01_visual.DAE
[7.566s] -- Symlinking: /home/kaisar/warehouse_robot/install/nav2/share/nav2//models/aws_robomaker_residential_KitchenCabinet_01/model.config
[7.585s] -- Symlinking: /home/kaisar/warehouse_robot/install/nav2/share/nav2//models/aws_robomaker_residential_KitchenCabinet_01/model.sdf
[7.598s] -- Symlinking: /home/kaisar/warehouse_robot/install/nav2/share/nav2//models/aws_robomaker_residential_KitchenTable_01/materials/textures/aws_KitchenTable_01.png
[7.613s] -- Symlinking: /home/kaisar/warehouse_robot/install/nav2/share/nav2//models/aws_robomaker_residential_KitchenTable_01/meshes/aws_KitchenTable_01_collision.DAE
[7.627s] -- Symlinking: /home/kaisar/warehouse_robot/install/nav2/share/nav2//models/aws_robomaker_residential_KitchenTable_01/meshes/aws_KitchenTable_01_visual.DAE
[7.645s] -- Symlinking: /home/kaisar/warehouse_robot/install/nav2/share/nav2//models/aws_robomaker_residential_KitchenTable_01/model.config
[7.662s] -- Symlinking: /home/kaisar/warehouse_robot/install/nav2/share/nav2//models/aws_robomaker_residential_KitchenTable_01/model.sdf
[7.680s] -- Symlinking: /home/kaisar/warehouse_robot/install/nav2/share/nav2//models/aws_robomaker_residential_KitchenUtensils_01/materials/textures/aws_KitchenUtensils_01.png
[7.698s] -- Symlinking: /home/kaisar/warehouse_robot/install/nav2/share/nav2//models/aws_robomaker_residential_KitchenUtensils_01/meshes/aws_KitchenUtensils_01_collision.DAE
[7.717s] -- Symlinking: /home/kaisar/warehouse_robot/install/nav2/share/nav2//models/aws_robomaker_residential_KitchenUtensils_01/meshes/aws_KitchenUtensils_01_visual.DAE
[7.738s] -- Symlinking: /home/kaisar/warehouse_robot/install/nav2/share/nav2//models/aws_robomaker_residential_KitchenUtensils_01/model.config
[7.755s] -- Symlinking: /home/kaisar/warehouse_robot/install/nav2/share/nav2//models/aws_robomaker_residential_KitchenUtensils_01/model.sdf
[7.773s] -- Symlinking: /home/kaisar/warehouse_robot/install/nav2/share/nav2//models/aws_robomaker_residential_LightC_01/materials/textures/aws_LightC_01.png
[7.789s] -- Symlinking: /home/kaisar/warehouse_robot/install/nav2/share/nav2//models/aws_robomaker_residential_LightC_01/meshes/aws_LightC_01_collision.DAE
[7.806s] -- Symlinking: /home/kaisar/warehouse_robot/install/nav2/share/nav2//models/aws_robomaker_residential_LightC_01/meshes/aws_LightC_01_visual.DAE
[7.823s] -- Symlinking: /home/kaisar/warehouse_robot/install/nav2/share/nav2//models/aws_robomaker_residential_LightC_01/model.config
[7.839s] -- Symlinking: /home/kaisar/warehouse_robot/install/nav2/share/nav2//models/aws_robomaker_residential_LightC_01/model.sdf
[7.853s] -- Symlinking: /home/kaisar/warehouse_robot/install/nav2/share/nav2//models/aws_robomaker_residential_NightStand_01/materials/textures/aws_NightStand_01.png
[7.865s] -- Symlinking: /home/kaisar/warehouse_robot/install/nav2/share/nav2//models/aws_robomaker_residential_NightStand_01/meshes/aws_NightStand_01_collision.DAE
[7.877s] -- Symlinking: /home/kaisar/warehouse_robot/install/nav2/share/nav2//models/aws_robomaker_residential_NightStand_01/meshes/aws_NightStand_01_visual.DAE
[7.889s] -- Symlinking: /home/kaisar/warehouse_robot/install/nav2/share/nav2//models/aws_robomaker_residential_NightStand_01/model.config
[7.901s] -- Symlinking: /home/kaisar/warehouse_robot/install/nav2/share/nav2//models/aws_robomaker_residential_NightStand_01/model.sdf
[7.913s] -- Symlinking: /home/kaisar/warehouse_robot/install/nav2/share/nav2//models/aws_robomaker_residential_Pillow_01/materials/textures/aws_Pillow_01.png
[7.924s] -- Symlinking: /home/kaisar/warehouse_robot/install/nav2/share/nav2//models/aws_robomaker_residential_Pillow_01/meshes/aws_Pillow_01_collision.DAE
[7.936s] -- Symlinking: /home/kaisar/warehouse_robot/install/nav2/share/nav2//models/aws_robomaker_residential_Pillow_01/meshes/aws_Pillow_01_visual.DAE
[7.949s] -- Symlinking: /home/kaisar/warehouse_robot/install/nav2/share/nav2//models/aws_robomaker_residential_Pillow_01/model.config
[7.960s] -- Symlinking: /home/kaisar/warehouse_robot/install/nav2/share/nav2//models/aws_robomaker_residential_Pillow_01/model.sdf
[7.972s] -- Symlinking: /home/kaisar/warehouse_robot/install/nav2/share/nav2//models/aws_robomaker_residential_PortraitA_01/materials/textures/PortraitA_01.jpg
[7.984s] -- Symlinking: /home/kaisar/warehouse_robot/install/nav2/share/nav2//models/aws_robomaker_residential_PortraitA_01/materials/textures/aws_PortraitA_01.png
[7.996s] -- Symlinking: /home/kaisar/warehouse_robot/install/nav2/share/nav2//models/aws_robomaker_residential_PortraitA_01/materials/textures/aws_PortraitA_02.png
[8.008s] -- Symlinking: /home/kaisar/warehouse_robot/install/nav2/share/nav2//models/aws_robomaker_residential_PortraitA_01/meshes/aws_PortraitA_01_collision.DAE
[8.023s] -- Symlinking: /home/kaisar/warehouse_robot/install/nav2/share/nav2//models/aws_robomaker_residential_PortraitA_01/meshes/aws_PortraitA_01_visual.DAE
[8.041s] -- Symlinking: /home/kaisar/warehouse_robot/install/nav2/share/nav2//models/aws_robomaker_residential_PortraitA_01/model.config
[8.058s] -- Symlinking: /home/kaisar/warehouse_robot/install/nav2/share/nav2//models/aws_robomaker_residential_PortraitA_01/model.sdf
[8.074s] -- Symlinking: /home/kaisar/warehouse_robot/install/nav2/share/nav2//models/aws_robomaker_residential_PortraitA_02/materials/textures/PortraitA_02.jpg
[8.085s] -- Symlinking: /home/kaisar/warehouse_robot/install/nav2/share/nav2//models/aws_robomaker_residential_PortraitA_02/materials/textures/aws_PortraitA_01.png
[8.097s] -- Symlinking: /home/kaisar/warehouse_robot/install/nav2/share/nav2//models/aws_robomaker_residential_PortraitA_02/materials/textures/aws_PortraitA_02.png
[8.114s] -- Symlinking: /home/kaisar/warehouse_robot/install/nav2/share/nav2//models/aws_robomaker_residential_PortraitA_02/meshes/aws_PortraitA_01_collision.DAE
[8.127s] -- Symlinking: /home/kaisar/warehouse_robot/install/nav2/share/nav2//models/aws_robomaker_residential_PortraitA_02/meshes/aws_PortraitA_01_visual.DAE
[8.141s] -- Symlinking: /home/kaisar/warehouse_robot/install/nav2/share/nav2//models/aws_robomaker_residential_PortraitA_02/model.config
[8.155s] -- Symlinking: /home/kaisar/warehouse_robot/install/nav2/share/nav2//models/aws_robomaker_residential_PortraitA_02/model.sdf
[8.167s] -- Symlinking: /home/kaisar/warehouse_robot/install/nav2/share/nav2//models/aws_robomaker_residential_PortraitB_01/materials/textures/PortraitB_01.jpg
[8.178s] -- Symlinking: /home/kaisar/warehouse_robot/install/nav2/share/nav2//models/aws_robomaker_residential_PortraitB_01/materials/textures/aws_PortraitB_01.png
[8.190s] -- Symlinking: /home/kaisar/warehouse_robot/install/nav2/share/nav2//models/aws_robomaker_residential_PortraitB_01/materials/textures/aws_PortraitB_02.png
[8.201s] -- Symlinking: /home/kaisar/warehouse_robot/install/nav2/share/nav2//models/aws_robomaker_residential_PortraitB_01/meshes/aws_PortraitB_01_collision.DAE
[8.213s] -- Symlinking: /home/kaisar/warehouse_robot/install/nav2/share/nav2//models/aws_robomaker_residential_PortraitB_01/meshes/aws_PortraitB_01_visual.DAE
[8.224s] -- Symlinking: /home/kaisar/warehouse_robot/install/nav2/share/nav2//models/aws_robomaker_residential_PortraitB_01/model.config
[8.236s] -- Symlinking: /home/kaisar/warehouse_robot/install/nav2/share/nav2//models/aws_robomaker_residential_PortraitB_01/model.sdf
[8.250s] -- Symlinking: /home/kaisar/warehouse_robot/install/nav2/share/nav2//models/aws_robomaker_residential_PortraitB_02/materials/textures/PortraitB_02.jpg
[8.264s] -- Symlinking: /home/kaisar/warehouse_robot/install/nav2/share/nav2//models/aws_robomaker_residential_PortraitB_02/materials/textures/aws_PortraitB_01.png
[8.278s] -- Symlinking: /home/kaisar/warehouse_robot/install/nav2/share/nav2//models/aws_robomaker_residential_PortraitB_02/materials/textures/aws_PortraitB_02.png
[8.293s] -- Symlinking: /home/kaisar/warehouse_robot/install/nav2/share/nav2//models/aws_robomaker_residential_PortraitB_02/meshes/aws_PortraitB_01_collision.DAE
[8.307s] -- Symlinking: /home/kaisar/warehouse_robot/install/nav2/share/nav2//models/aws_robomaker_residential_PortraitB_02/meshes/aws_PortraitB_01_visual.DAE
[8.321s] -- Symlinking: /home/kaisar/warehouse_robot/install/nav2/share/nav2//models/aws_robomaker_residential_PortraitB_02/model.config
[8.337s] -- Symlinking: /home/kaisar/warehouse_robot/install/nav2/share/nav2//models/aws_robomaker_residential_PortraitB_02/model.sdf
[8.351s] -- Symlinking: /home/kaisar/warehouse_robot/install/nav2/share/nav2//models/aws_robomaker_residential_PortraitB_03/materials/textures/PortraitB_03.jpg
[8.366s] -- Symlinking: /home/kaisar/warehouse_robot/install/nav2/share/nav2//models/aws_robomaker_residential_PortraitB_03/materials/textures/aws_PortraitB_01.png
[8.379s] -- Symlinking: /home/kaisar/warehouse_robot/install/nav2/share/nav2//models/aws_robomaker_residential_PortraitB_03/materials/textures/aws_PortraitB_02.png
[8.392s] -- Symlinking: /home/kaisar/warehouse_robot/install/nav2/share/nav2//models/aws_robomaker_residential_PortraitB_03/meshes/aws_PortraitB_01_collision.DAE
[8.405s] -- Symlinking: /home/kaisar/warehouse_robot/install/nav2/share/nav2//models/aws_robomaker_residential_PortraitB_03/meshes/aws_PortraitB_01_visual.DAE
[8.420s] -- Symlinking: /home/kaisar/warehouse_robot/install/nav2/share/nav2//models/aws_robomaker_residential_PortraitB_03/model.config
[8.434s] -- Symlinking: /home/kaisar/warehouse_robot/install/nav2/share/nav2//models/aws_robomaker_residential_PortraitB_03/model.sdf
[8.449s] -- Symlinking: /home/kaisar/warehouse_robot/install/nav2/share/nav2//models/aws_robomaker_residential_PortraitC_01/materials/textures/PortraitC_01.jpg
[8.465s] -- Symlinking: /home/kaisar/warehouse_robot/install/nav2/share/nav2//models/aws_robomaker_residential_PortraitC_01/materials/textures/aws_PortraitC_01.png
[8.483s] -- Symlinking: /home/kaisar/warehouse_robot/install/nav2/share/nav2//models/aws_robomaker_residential_PortraitC_01/materials/textures/aws_PortraitC_02.png
[8.504s] -- Symlinking: /home/kaisar/warehouse_robot/install/nav2/share/nav2//models/aws_robomaker_residential_PortraitC_01/meshes/aws_PortraitC_01_collision.DAE
[8.535s] -- Symlinking: /home/kaisar/warehouse_robot/install/nav2/share/nav2//models/aws_robomaker_residential_PortraitC_01/meshes/aws_PortraitC_01_visual.DAE
[8.583s] -- Symlinking: /home/kaisar/warehouse_robot/install/nav2/share/nav2//models/aws_robomaker_residential_PortraitC_01/model.config
[8.600s] -- Symlinking: /home/kaisar/warehouse_robot/install/nav2/share/nav2//models/aws_robomaker_residential_PortraitC_01/model.sdf
[8.634s] -- Symlinking: /home/kaisar/warehouse_robot/install/nav2/share/nav2//models/aws_robomaker_residential_PortraitD_01/materials/textures/PortraitD_01.jpg
[8.674s] -- Symlinking: /home/kaisar/warehouse_robot/install/nav2/share/nav2//models/aws_robomaker_residential_PortraitD_01/materials/textures/aws_PortraitD_01.png
[8.706s] -- Symlinking: /home/kaisar/warehouse_robot/install/nav2/share/nav2//models/aws_robomaker_residential_PortraitD_01/materials/textures/aws_PortraitD_02.png
[8.743s] -- Symlinking: /home/kaisar/warehouse_robot/install/nav2/share/nav2//models/aws_robomaker_residential_PortraitD_01/meshes/aws_PortraitD_01_collision.DAE
[8.788s] -- Symlinking: /home/kaisar/warehouse_robot/install/nav2/share/nav2//models/aws_robomaker_residential_PortraitD_01/meshes/aws_PortraitD_01_visual.DAE
[8.836s] -- Symlinking: /home/kaisar/warehouse_robot/install/nav2/share/nav2//models/aws_robomaker_residential_PortraitD_01/model.config
[8.886s] -- Symlinking: /home/kaisar/warehouse_robot/install/nav2/share/nav2//models/aws_robomaker_residential_PortraitD_01/model.sdf
[8.940s] -- Symlinking: /home/kaisar/warehouse_robot/install/nav2/share/nav2//models/aws_robomaker_residential_PortraitD_02/materials/textures/PortraitD_02.jpg
[8.985s] -- Symlinking: /home/kaisar/warehouse_robot/install/nav2/share/nav2//models/aws_robomaker_residential_PortraitD_02/materials/textures/aws_PortraitD_01.png
[9.032s] -- Symlinking: /home/kaisar/warehouse_robot/install/nav2/share/nav2//models/aws_robomaker_residential_PortraitD_02/materials/textures/aws_PortraitD_02.png
[9.065s] -- Symlinking: /home/kaisar/warehouse_robot/install/nav2/share/nav2//models/aws_robomaker_residential_PortraitD_02/meshes/aws_PortraitD_01_collision.DAE
[9.115s] -- Symlinking: /home/kaisar/warehouse_robot/install/nav2/share/nav2//models/aws_robomaker_residential_PortraitD_02/meshes/aws_PortraitD_01_visual.DAE
[9.173s] -- Symlinking: /home/kaisar/warehouse_robot/install/nav2/share/nav2//models/aws_robomaker_residential_PortraitD_02/model.config
[9.214s] -- Symlinking: /home/kaisar/warehouse_robot/install/nav2/share/nav2//models/aws_robomaker_residential_PortraitD_02/model.sdf
[9.263s] -- Symlinking: /home/kaisar/warehouse_robot/install/nav2/share/nav2//models/aws_robomaker_residential_PortraitE_01/materials/textures/PortraitE_01.jpg
[9.302s] -- Symlinking: /home/kaisar/warehouse_robot/install/nav2/share/nav2//models/aws_robomaker_residential_PortraitE_01/materials/textures/aws_PortraitE_01.png
[9.331s] -- Symlinking: /home/kaisar/warehouse_robot/install/nav2/share/nav2//models/aws_robomaker_residential_PortraitE_01/materials/textures/aws_PortraitE_02.png
[9.380s] -- Symlinking: /home/kaisar/warehouse_robot/install/nav2/share/nav2//models/aws_robomaker_residential_PortraitE_01/meshes/aws_PortraitE_01_collision.DAE
[9.426s] -- Symlinking: /home/kaisar/warehouse_robot/install/nav2/share/nav2//models/aws_robomaker_residential_PortraitE_01/meshes/aws_PortraitE_01_visual.DAE
[9.465s] -- Symlinking: /home/kaisar/warehouse_robot/install/nav2/share/nav2//models/aws_robomaker_residential_PortraitE_01/model.config
[9.511s] -- Symlinking: /home/kaisar/warehouse_robot/install/nav2/share/nav2//models/aws_robomaker_residential_PortraitE_01/model.sdf
[9.551s] -- Symlinking: /home/kaisar/warehouse_robot/install/nav2/share/nav2//models/aws_robomaker_residential_PortraitE_02/materials/textures/PortraitE_02.jpg
[9.594s] -- Symlinking: /home/kaisar/warehouse_robot/install/nav2/share/nav2//models/aws_robomaker_residential_PortraitE_02/materials/textures/aws_PortraitE_01.png
[9.633s] -- Symlinking: /home/kaisar/warehouse_robot/install/nav2/share/nav2//models/aws_robomaker_residential_PortraitE_02/materials/textures/aws_PortraitE_02.png
[9.677s] -- Symlinking: /home/kaisar/warehouse_robot/install/nav2/share/nav2//models/aws_robomaker_residential_PortraitE_02/meshes/aws_PortraitE_01_collision.DAE
[9.701s] -- Symlinking: /home/kaisar/warehouse_robot/install/nav2/share/nav2//models/aws_robomaker_residential_PortraitE_02/meshes/aws_PortraitE_01_visual.DAE
[9.729s] -- Symlinking: /home/kaisar/warehouse_robot/install/nav2/share/nav2//models/aws_robomaker_residential_PortraitE_02/model.config
[9.774s] -- Symlinking: /home/kaisar/warehouse_robot/install/nav2/share/nav2//models/aws_robomaker_residential_PortraitE_02/model.sdf
[9.818s] -- Symlinking: /home/kaisar/warehouse_robot/install/nav2/share/nav2//models/aws_robomaker_residential_Quilt_01/materials/textures/aws_Quilt_01.png
[9.870s] -- Symlinking: /home/kaisar/warehouse_robot/install/nav2/share/nav2//models/aws_robomaker_residential_Quilt_01/meshes/aws_Quilt_01_collision.DAE
[9.911s] -- Symlinking: /home/kaisar/warehouse_robot/install/nav2/share/nav2//models/aws_robomaker_residential_Quilt_01/meshes/aws_Quilt_01_visual.DAE
[9.950s] -- Symlinking: /home/kaisar/warehouse_robot/install/nav2/share/nav2//models/aws_robomaker_residential_Quilt_01/model.config
[9.995s] -- Symlinking: /home/kaisar/warehouse_robot/install/nav2/share/nav2//models/aws_robomaker_residential_Quilt_01/model.sdf
[10.038s] -- Symlinking: /home/kaisar/warehouse_robot/install/nav2/share/nav2//models/aws_robomaker_residential_Rangehood_01/materials/textures/aws_Rangehood_01.png
[10.079s] -- Symlinking: /home/kaisar/warehouse_robot/install/nav2/share/nav2//models/aws_robomaker_residential_Rangehood_01/meshes/aws_Rangehood_01_collision.DAE
[10.113s] -- Symlinking: /home/kaisar/warehouse_robot/install/nav2/share/nav2//models/aws_robomaker_residential_Rangehood_01/meshes/aws_Rangehood_01_visual.DAE
[10.131s] -- Symlinking: /home/kaisar/warehouse_robot/install/nav2/share/nav2//models/aws_robomaker_residential_Rangehood_01/model.config
[10.152s] -- Symlinking: /home/kaisar/warehouse_robot/install/nav2/share/nav2//models/aws_robomaker_residential_Rangehood_01/model.sdf
[10.180s] -- Symlinking: /home/kaisar/warehouse_robot/install/nav2/share/nav2//models/aws_robomaker_residential_ReadingDesk_01/materials/textures/aws_ReadingDesk_01.png
[10.205s] -- Symlinking: /home/kaisar/warehouse_robot/install/nav2/share/nav2//models/aws_robomaker_residential_ReadingDesk_01/meshes/aws_ReadingDesk_01_collision.DAE
[10.232s] -- Symlinking: /home/kaisar/warehouse_robot/install/nav2/share/nav2//models/aws_robomaker_residential_ReadingDesk_01/meshes/aws_ReadingDesk_01_visual.DAE
[10.267s] -- Symlinking: /home/kaisar/warehouse_robot/install/nav2/share/nav2//models/aws_robomaker_residential_ReadingDesk_01/model.config
[10.291s] -- Symlinking: /home/kaisar/warehouse_robot/install/nav2/share/nav2//models/aws_robomaker_residential_ReadingDesk_01/model.sdf
[10.325s] -- Symlinking: /home/kaisar/warehouse_robot/install/nav2/share/nav2//models/aws_robomaker_residential_Refrigerator_01/materials/textures/aws_Refrigerator_01.png
[10.354s] -- Symlinking: /home/kaisar/warehouse_robot/install/nav2/share/nav2//models/aws_robomaker_residential_Refrigerator_01/materials/textures/aws_Refrigerator_02.png
[10.372s] -- Symlinking: /home/kaisar/warehouse_robot/install/nav2/share/nav2//models/aws_robomaker_residential_Refrigerator_01/meshes/aws_Refrigerator_01.DAE
[10.396s] -- Symlinking: /home/kaisar/warehouse_robot/install/nav2/share/nav2//models/aws_robomaker_residential_Refrigerator_01/meshes/aws_Refrigerator_01_collision.DAE
[10.424s] -- Symlinking: /home/kaisar/warehouse_robot/install/nav2/share/nav2//models/aws_robomaker_residential_Refrigerator_01/meshes/aws_Refrigerator_01_visual.DAE
[10.441s] -- Symlinking: /home/kaisar/warehouse_robot/install/nav2/share/nav2//models/aws_robomaker_residential_Refrigerator_01/model.config
[10.477s] -- Symlinking: /home/kaisar/warehouse_robot/install/nav2/share/nav2//models/aws_robomaker_residential_Refrigerator_01/model.sdf
[10.528s] -- Symlinking: /home/kaisar/warehouse_robot/install/nav2/share/nav2//models/aws_robomaker_residential_RoomCeiling_01/materials/textures/aws_RoomCeiling_01.png
[10.554s] -- Symlinking: /home/kaisar/warehouse_robot/install/nav2/share/nav2//models/aws_robomaker_residential_RoomCeiling_01/meshes/aws_RoomCeiling_01_collision.DAE
[10.583s] -- Symlinking: /home/kaisar/warehouse_robot/install/nav2/share/nav2//models/aws_robomaker_residential_RoomCeiling_01/meshes/aws_RoomCeiling_01_visual.DAE
[10.624s] -- Symlinking: /home/kaisar/warehouse_robot/install/nav2/share/nav2//models/aws_robomaker_residential_RoomCeiling_01/model.config
[10.670s] -- Symlinking: /home/kaisar/warehouse_robot/install/nav2/share/nav2//models/aws_robomaker_residential_RoomCeiling_01/model.sdf
[10.716s] -- Symlinking: /home/kaisar/warehouse_robot/install/nav2/share/nav2//models/aws_robomaker_residential_RoomWall_01/materials/textures/aws_RoomWall_01.png
[10.753s] -- Symlinking: /home/kaisar/warehouse_robot/install/nav2/share/nav2//models/aws_robomaker_residential_RoomWall_01/meshes/aws_RoomWall_01_collision.DAE
[10.783s] -- Symlinking: /home/kaisar/warehouse_robot/install/nav2/share/nav2//models/aws_robomaker_residential_RoomWall_01/meshes/aws_RoomWall_01_visual.DAE
[10.803s] -- Symlinking: /home/kaisar/warehouse_robot/install/nav2/share/nav2//models/aws_robomaker_residential_RoomWall_01/model.config
[10.827s] -- Symlinking: /home/kaisar/warehouse_robot/install/nav2/share/nav2//models/aws_robomaker_residential_RoomWall_01/model.sdf
[10.853s] -- Symlinking: /home/kaisar/warehouse_robot/install/nav2/share/nav2//models/aws_robomaker_residential_RoomWindow_01/materials/textures/aws_RoomWindow_01.png
[10.889s] -- Symlinking: /home/kaisar/warehouse_robot/install/nav2/share/nav2//models/aws_robomaker_residential_RoomWindow_01/meshes/aws_RoomWindow_01_collision.DAE
[10.922s] -- Symlinking: /home/kaisar/warehouse_robot/install/nav2/share/nav2//models/aws_robomaker_residential_RoomWindow_01/meshes/aws_RoomWindow_01_visual.DAE
[10.952s] -- Symlinking: /home/kaisar/warehouse_robot/install/nav2/share/nav2//models/aws_robomaker_residential_RoomWindow_01/model.config
[11.026s] -- Symlinking: /home/kaisar/warehouse_robot/install/nav2/share/nav2//models/aws_robomaker_residential_RoomWindow_01/model.sdf
[11.065s] -- Symlinking: /home/kaisar/warehouse_robot/install/nav2/share/nav2//models/aws_robomaker_residential_SeasoningBox_01/materials/textures/aws_SeasoningBox_01.png
[11.100s] -- Symlinking: /home/kaisar/warehouse_robot/install/nav2/share/nav2//models/aws_robomaker_residential_SeasoningBox_01/meshes/aws_SeasoningBox_01_collision.DAE
[11.125s] -- Symlinking: /home/kaisar/warehouse_robot/install/nav2/share/nav2//models/aws_robomaker_residential_SeasoningBox_01/meshes/aws_SeasoningBox_01_visual.DAE
[11.146s] -- Symlinking: /home/kaisar/warehouse_robot/install/nav2/share/nav2//models/aws_robomaker_residential_SeasoningBox_01/model.config
[11.167s] -- Symlinking: /home/kaisar/warehouse_robot/install/nav2/share/nav2//models/aws_robomaker_residential_SeasoningBox_01/model.sdf
[11.186s] -- Symlinking: /home/kaisar/warehouse_robot/install/nav2/share/nav2//models/aws_robomaker_residential_SecurityCamera_01/materials/textures/aws_SecurityCamera_01.png
[11.206s] -- Symlinking: /home/kaisar/warehouse_robot/install/nav2/share/nav2//models/aws_robomaker_residential_SecurityCamera_01/meshes/aws_SecurityCamera_01_collision.DAE
[11.225s] -- Symlinking: /home/kaisar/warehouse_robot/install/nav2/share/nav2//models/aws_robomaker_residential_SecurityCamera_01/meshes/aws_SecurityCamera_01_visual.DAE
[11.242s] -- Symlinking: /home/kaisar/warehouse_robot/install/nav2/share/nav2//models/aws_robomaker_residential_SecurityCamera_01/model.config
[11.262s] -- Symlinking: /home/kaisar/warehouse_robot/install/nav2/share/nav2//models/aws_robomaker_residential_SecurityCamera_01/model.sdf
[11.276s] -- Symlinking: /home/kaisar/warehouse_robot/install/nav2/share/nav2//models/aws_robomaker_residential_ShoeRack_01/materials/textures/aws_ShoeRack_01.png
[11.291s] -- Symlinking: /home/kaisar/warehouse_robot/install/nav2/share/nav2//models/aws_robomaker_residential_ShoeRack_01/meshes/aws_ShoeRack_01_collision.DAE
[11.303s] -- Symlinking: /home/kaisar/warehouse_robot/install/nav2/share/nav2//models/aws_robomaker_residential_ShoeRack_01/meshes/aws_ShoeRack_01_visual.DAE
[11.315s] -- Symlinking: /home/kaisar/warehouse_robot/install/nav2/share/nav2//models/aws_robomaker_residential_ShoeRack_01/model.config
[11.326s] -- Symlinking: /home/kaisar/warehouse_robot/install/nav2/share/nav2//models/aws_robomaker_residential_ShoeRack_01/model.sdf
[11.338s] -- Symlinking: /home/kaisar/warehouse_robot/install/nav2/share/nav2//models/aws_robomaker_residential_SofaB_01/materials/textures/aws_SofaB_01.png
[11.350s] -- Symlinking: /home/kaisar/warehouse_robot/install/nav2/share/nav2//models/aws_robomaker_residential_SofaB_01/meshes/aws_SofaB_01_collision.DAE
[11.361s] -- Symlinking: /home/kaisar/warehouse_robot/install/nav2/share/nav2//models/aws_robomaker_residential_SofaB_01/meshes/aws_SofaB_01_visual.DAE
[11.374s] -- Symlinking: /home/kaisar/warehouse_robot/install/nav2/share/nav2//models/aws_robomaker_residential_SofaB_01/model.config
[11.386s] -- Symlinking: /home/kaisar/warehouse_robot/install/nav2/share/nav2//models/aws_robomaker_residential_SofaB_01/model.sdf
[11.397s] -- Symlinking: /home/kaisar/warehouse_robot/install/nav2/share/nav2//models/aws_robomaker_residential_SofaC_01/materials/textures/aws_SofaC_01.png
[11.409s] -- Symlinking: /home/kaisar/warehouse_robot/install/nav2/share/nav2//models/aws_robomaker_residential_SofaC_01/meshes/aws_SofaC_01_collision.DAE
[11.420s] -- Symlinking: /home/kaisar/warehouse_robot/install/nav2/share/nav2//models/aws_robomaker_residential_SofaC_01/meshes/aws_SofaC_01_visual.DAE
[11.432s] -- Symlinking: /home/kaisar/warehouse_robot/install/nav2/share/nav2//models/aws_robomaker_residential_SofaC_01/model.config
[11.443s] -- Symlinking: /home/kaisar/warehouse_robot/install/nav2/share/nav2//models/aws_robomaker_residential_SofaC_01/model.sdf
[11.454s] -- Symlinking: /home/kaisar/warehouse_robot/install/nav2/share/nav2//models/aws_robomaker_residential_Sofa_01/materials/textures/aws_Sofa_01.png
[11.466s] -- Symlinking: /home/kaisar/warehouse_robot/install/nav2/share/nav2//models/aws_robomaker_residential_Sofa_01/meshes/aws_Sofa_01.DAE
[11.478s] -- Symlinking: /home/kaisar/warehouse_robot/install/nav2/share/nav2//models/aws_robomaker_residential_Sofa_01/meshes/aws_Sofa_01_collision.DAE
[11.489s] -- Symlinking: /home/kaisar/warehouse_robot/install/nav2/share/nav2//models/aws_robomaker_residential_Sofa_01/meshes/aws_Sofa_01_visual.DAE
[11.501s] -- Symlinking: /home/kaisar/warehouse_robot/install/nav2/share/nav2//models/aws_robomaker_residential_Sofa_01/model.config
[11.512s] -- Symlinking: /home/kaisar/warehouse_robot/install/nav2/share/nav2//models/aws_robomaker_residential_Sofa_01/model.sdf
[11.524s] -- Symlinking: /home/kaisar/warehouse_robot/install/nav2/share/nav2//models/aws_robomaker_residential_TVCabinet_01/materials/textures/aws_TVCabinet_01.png
[11.535s] -- Symlinking: /home/kaisar/warehouse_robot/install/nav2/share/nav2//models/aws_robomaker_residential_TVCabinet_01/meshes/aws_TVCabinet_01_collision.DAE
[11.546s] -- Symlinking: /home/kaisar/warehouse_robot/install/nav2/share/nav2//models/aws_robomaker_residential_TVCabinet_01/meshes/aws_TVCabinet_01_visual.DAE
[11.558s] -- Symlinking: /home/kaisar/warehouse_robot/install/nav2/share/nav2//models/aws_robomaker_residential_TVCabinet_01/model.config
[11.570s] -- Symlinking: /home/kaisar/warehouse_robot/install/nav2/share/nav2//models/aws_robomaker_residential_TVCabinet_01/model.sdf
[11.582s] -- Symlinking: /home/kaisar/warehouse_robot/install/nav2/share/nav2//models/aws_robomaker_residential_TV_01/materials/textures/aws_TV_01.png
[11.594s] -- Symlinking: /home/kaisar/warehouse_robot/install/nav2/share/nav2//models/aws_robomaker_residential_TV_01/meshes/aws_TV_01_collision.DAE
[11.606s] -- Symlinking: /home/kaisar/warehouse_robot/install/nav2/share/nav2//models/aws_robomaker_residential_TV_01/meshes/aws_TV_01_visual.DAE
[11.619s] -- Symlinking: /home/kaisar/warehouse_robot/install/nav2/share/nav2//models/aws_robomaker_residential_TV_01/model.config
[11.631s] -- Symlinking: /home/kaisar/warehouse_robot/install/nav2/share/nav2//models/aws_robomaker_residential_TV_01/model.sdf
[11.643s] -- Symlinking: /home/kaisar/warehouse_robot/install/nav2/share/nav2//models/aws_robomaker_residential_TV_02/materials/textures/aws_TV_01.png
[11.655s] -- Symlinking: /home/kaisar/warehouse_robot/install/nav2/share/nav2//models/aws_robomaker_residential_TV_02/meshes/aws_TV_01_collision.DAE
[11.667s] -- Symlinking: /home/kaisar/warehouse_robot/install/nav2/share/nav2//models/aws_robomaker_residential_TV_02/meshes/aws_TV_01_visual.DAE
[11.679s] -- Symlinking: /home/kaisar/warehouse_robot/install/nav2/share/nav2//models/aws_robomaker_residential_TV_02/model.config
[11.690s] -- Symlinking: /home/kaisar/warehouse_robot/install/nav2/share/nav2//models/aws_robomaker_residential_TV_02/model.sdf
[11.702s] -- Symlinking: /home/kaisar/warehouse_robot/install/nav2/share/nav2//models/aws_robomaker_residential_Tablet_01/.DS_Store
[11.714s] -- Symlinking: /home/kaisar/warehouse_robot/install/nav2/share/nav2//models/aws_robomaker_residential_Tablet_01/materials/.DS_Store
[11.726s] -- Symlinking: /home/kaisar/warehouse_robot/install/nav2/share/nav2//models/aws_robomaker_residential_Tablet_01/materials/textures/aws_Tablet_01_nologo.png
[11.738s] -- Symlinking: /home/kaisar/warehouse_robot/install/nav2/share/nav2//models/aws_robomaker_residential_Tablet_01/meshes/aws_Tablet_01_collision.DAE
[11.750s] -- Symlinking: /home/kaisar/warehouse_robot/install/nav2/share/nav2//models/aws_robomaker_residential_Tablet_01/meshes/aws_Tablet_01_visual.DAE
[11.766s] -- Symlinking: /home/kaisar/warehouse_robot/install/nav2/share/nav2//models/aws_robomaker_residential_Tablet_01/model.config
[11.780s] -- Symlinking: /home/kaisar/warehouse_robot/install/nav2/share/nav2//models/aws_robomaker_residential_Tablet_01/model.sdf
[11.792s] -- Symlinking: /home/kaisar/warehouse_robot/install/nav2/share/nav2//models/aws_robomaker_residential_Tableware_01/materials/textures/aws_Tableware_01.png
[11.805s] -- Symlinking: /home/kaisar/warehouse_robot/install/nav2/share/nav2//models/aws_robomaker_residential_Tableware_01/meshes/aws_Tableware_01_collision.DAE
[11.817s] -- Symlinking: /home/kaisar/warehouse_robot/install/nav2/share/nav2//models/aws_robomaker_residential_Tableware_01/meshes/aws_Tableware_01_visual.DAE
[11.828s] -- Symlinking: /home/kaisar/warehouse_robot/install/nav2/share/nav2//models/aws_robomaker_residential_Tableware_01/model.config
[11.840s] -- Symlinking: /home/kaisar/warehouse_robot/install/nav2/share/nav2//models/aws_robomaker_residential_Tableware_01/model.sdf
[11.852s] -- Symlinking: /home/kaisar/warehouse_robot/install/nav2/share/nav2//models/aws_robomaker_residential_Trash_01/materials/textures/aws_Trash_01.png
[11.864s] -- Symlinking: /home/kaisar/warehouse_robot/install/nav2/share/nav2//models/aws_robomaker_residential_Trash_01/meshes/aws_Trash_01_collision.DAE
[11.876s] -- Symlinking: /home/kaisar/warehouse_robot/install/nav2/share/nav2//models/aws_robomaker_residential_Trash_01/meshes/aws_Trash_01_visual.DAE
[11.888s] -- Symlinking: /home/kaisar/warehouse_robot/install/nav2/share/nav2//models/aws_robomaker_residential_Trash_01/model.config
[11.900s] -- Symlinking: /home/kaisar/warehouse_robot/install/nav2/share/nav2//models/aws_robomaker_residential_Trash_01/model.sdf
[11.912s] -- Symlinking: /home/kaisar/warehouse_robot/install/nav2/share/nav2//models/aws_robomaker_residential_Vase_01/materials/textures/aws_Vase_01.png
[11.924s] -- Symlinking: /home/kaisar/warehouse_robot/install/nav2/share/nav2//models/aws_robomaker_residential_Vase_01/meshes/aws_Vase_01_collision.DAE
[11.936s] -- Symlinking: /home/kaisar/warehouse_robot/install/nav2/share/nav2//models/aws_robomaker_residential_Vase_01/meshes/aws_Vase_01_visual.DAE
[11.948s] -- Symlinking: /home/kaisar/warehouse_robot/install/nav2/share/nav2//models/aws_robomaker_residential_Vase_01/model.config
[11.961s] -- Symlinking: /home/kaisar/warehouse_robot/install/nav2/share/nav2//models/aws_robomaker_residential_Vase_01/model.sdf
[11.974s] -- Symlinking: /home/kaisar/warehouse_robot/install/nav2/share/nav2//models/aws_robomaker_residential_Wardrobe_01/materials/textures/aws_Wardrobe_01.png
[11.985s] -- Symlinking: /home/kaisar/warehouse_robot/install/nav2/share/nav2//models/aws_robomaker_residential_Wardrobe_01/meshes/aws_Wardrobe_01_collision.DAE
[11.996s] -- Symlinking: /home/kaisar/warehouse_robot/install/nav2/share/nav2//models/aws_robomaker_residential_Wardrobe_01/meshes/aws_Wardrobe_01_visual.DAE
[12.008s] -- Symlinking: /home/kaisar/warehouse_robot/install/nav2/share/nav2//models/aws_robomaker_residential_Wardrobe_01/model.config
[12.019s] -- Symlinking: /home/kaisar/warehouse_robot/install/nav2/share/nav2//models/aws_robomaker_residential_Wardrobe_01/model.sdf
[12.030s] -- Symlinking: /home/kaisar/warehouse_robot/install/nav2/share/nav2//models/aws_robomaker_warehouse_Bucket_01/.DS_Store
[12.042s] -- Symlinking: /home/kaisar/warehouse_robot/install/nav2/share/nav2//models/aws_robomaker_warehouse_Bucket_01/materials/.DS_Store
[12.054s] -- Symlinking: /home/kaisar/warehouse_robot/install/nav2/share/nav2//models/aws_robomaker_warehouse_Bucket_01/materials/textures/aws_robomaker_warehouse_Bucket_01.png
[12.066s] -- Symlinking: /home/kaisar/warehouse_robot/install/nav2/share/nav2//models/aws_robomaker_warehouse_Bucket_01/meshes/aws_robomaker_warehouse_Bucket_01_collision.DAE
[12.079s] -- Symlinking: /home/kaisar/warehouse_robot/install/nav2/share/nav2//models/aws_robomaker_warehouse_Bucket_01/meshes/aws_robomaker_warehouse_Bucket_01_visual.DAE
[12.091s] -- Symlinking: /home/kaisar/warehouse_robot/install/nav2/share/nav2//models/aws_robomaker_warehouse_Bucket_01/model.config
[12.102s] -- Symlinking: /home/kaisar/warehouse_robot/install/nav2/share/nav2//models/aws_robomaker_warehouse_Bucket_01/model.sdf
[12.114s] -- Symlinking: /home/kaisar/warehouse_robot/install/nav2/share/nav2//models/aws_robomaker_warehouse_ClutteringA_01/.DS_Store
[12.126s] -- Symlinking: /home/kaisar/warehouse_robot/install/nav2/share/nav2//models/aws_robomaker_warehouse_ClutteringA_01/materials/.DS_Store
[12.139s] -- Symlinking: /home/kaisar/warehouse_robot/install/nav2/share/nav2//models/aws_robomaker_warehouse_ClutteringA_01/materials/textures/.DS_Store
[12.151s] -- Symlinking: /home/kaisar/warehouse_robot/install/nav2/share/nav2//models/aws_robomaker_warehouse_ClutteringA_01/materials/textures/aws_robomaker_warehouse_ClutteringA_01.png
[12.163s] -- Symlinking: /home/kaisar/warehouse_robot/install/nav2/share/nav2//models/aws_robomaker_warehouse_ClutteringA_01/materials/textures/aws_robomaker_warehouse_ClutteringA_02.png
[12.175s] -- Symlinking: /home/kaisar/warehouse_robot/install/nav2/share/nav2//models/aws_robomaker_warehouse_ClutteringA_01/materials/textures/aws_robomaker_warehouse_ClutteringA_03.png
[12.187s] -- Symlinking: /home/kaisar/warehouse_robot/install/nav2/share/nav2//models/aws_robomaker_warehouse_ClutteringA_01/meshes/aws_robomaker_warehouse_ClutteringA_01_collision.DAE
[12.199s] -- Symlinking: /home/kaisar/warehouse_robot/install/nav2/share/nav2//models/aws_robomaker_warehouse_ClutteringA_01/meshes/aws_robomaker_warehouse_ClutteringA_01_visual.DAE
[12.215s] -- Symlinking: /home/kaisar/warehouse_robot/install/nav2/share/nav2//models/aws_robomaker_warehouse_ClutteringA_01/model.config
[12.228s] -- Symlinking: /home/kaisar/warehouse_robot/install/nav2/share/nav2//models/aws_robomaker_warehouse_ClutteringA_01/model.sdf
[12.240s] -- Symlinking: /home/kaisar/warehouse_robot/install/nav2/share/nav2//models/aws_robomaker_warehouse_ClutteringC_01/materials/textures/aws_robomaker_warehouse_ClutteringC_01.png
[12.253s] -- Symlinking: /home/kaisar/warehouse_robot/install/nav2/share/nav2//models/aws_robomaker_warehouse_ClutteringC_01/materials/textures/aws_robomaker_warehouse_ClutteringC_02.png
[12.264s] -- Symlinking: /home/kaisar/warehouse_robot/install/nav2/share/nav2//models/aws_robomaker_warehouse_ClutteringC_01/meshes/aws_robomaker_warehouse_ClutteringC_01_collision.DAE
[12.276s] -- Symlinking: /home/kaisar/warehouse_robot/install/nav2/share/nav2//models/aws_robomaker_warehouse_ClutteringC_01/meshes/aws_robomaker_warehouse_ClutteringC_01_visual.DAE
[12.288s] -- Symlinking: /home/kaisar/warehouse_robot/install/nav2/share/nav2//models/aws_robomaker_warehouse_ClutteringC_01/model.config
[12.298s] -- Symlinking: /home/kaisar/warehouse_robot/install/nav2/share/nav2//models/aws_robomaker_warehouse_ClutteringC_01/model.sdf
[12.310s] -- Symlinking: /home/kaisar/warehouse_robot/install/nav2/share/nav2//models/aws_robomaker_warehouse_ClutteringD_01/materials/textures/aws_robomaker_warehouse_ClutteringD_01.png
[12.321s] -- Symlinking: /home/kaisar/warehouse_robot/install/nav2/share/nav2//models/aws_robomaker_warehouse_ClutteringD_01/materials/textures/aws_robomaker_warehouse_ClutteringD_02.png
[12.332s] -- Symlinking: /home/kaisar/warehouse_robot/install/nav2/share/nav2//models/aws_robomaker_warehouse_ClutteringD_01/meshes/aws_robomaker_warehouse_ClutteringD_01_collision.DAE
[12.343s] -- Symlinking: /home/kaisar/warehouse_robot/install/nav2/share/nav2//models/aws_robomaker_warehouse_ClutteringD_01/meshes/aws_robomaker_warehouse_ClutteringD_01_visual.DAE
[12.354s] -- Symlinking: /home/kaisar/warehouse_robot/install/nav2/share/nav2//models/aws_robomaker_warehouse_ClutteringD_01/model.config
[12.365s] -- Symlinking: /home/kaisar/warehouse_robot/install/nav2/share/nav2//models/aws_robomaker_warehouse_ClutteringD_01/model.sdf
[12.377s] -- Symlinking: /home/kaisar/warehouse_robot/install/nav2/share/nav2//models/aws_robomaker_warehouse_DeskC_01/materials/.DS_Store
[12.388s] -- Symlinking: /home/kaisar/warehouse_robot/install/nav2/share/nav2//models/aws_robomaker_warehouse_DeskC_01/materials/textures/aws_robomaker_warehouse_DeskC_01.png
[12.399s] -- Symlinking: /home/kaisar/warehouse_robot/install/nav2/share/nav2//models/aws_robomaker_warehouse_DeskC_01/materials/textures/aws_robomaker_warehouse_DeskC_02.png
[12.411s] -- Symlinking: /home/kaisar/warehouse_robot/install/nav2/share/nav2//models/aws_robomaker_warehouse_DeskC_01/materials/textures/aws_robomaker_warehouse_DeskC_03.png
[12.422s] -- Symlinking: /home/kaisar/warehouse_robot/install/nav2/share/nav2//models/aws_robomaker_warehouse_DeskC_01/materials/textures/aws_robomaker_warehouse_DeskC_03.psd
[12.433s] -- Symlinking: /home/kaisar/warehouse_robot/install/nav2/share/nav2//models/aws_robomaker_warehouse_DeskC_01/materials/textures/aws_robomaker_warehouse_DeskC_04.png
[12.445s] -- Symlinking: /home/kaisar/warehouse_robot/install/nav2/share/nav2//models/aws_robomaker_warehouse_DeskC_01/meshes/aws_robomaker_warehouse_DeskC_01_collision.DAE
[12.456s] -- Symlinking: /home/kaisar/warehouse_robot/install/nav2/share/nav2//models/aws_robomaker_warehouse_DeskC_01/meshes/aws_robomaker_warehouse_DeskC_01_visual.DAE
[12.468s] -- Symlinking: /home/kaisar/warehouse_robot/install/nav2/share/nav2//models/aws_robomaker_warehouse_DeskC_01/model.config
[12.479s] -- Symlinking: /home/kaisar/warehouse_robot/install/nav2/share/nav2//models/aws_robomaker_warehouse_DeskC_01/model.sdf
[12.490s] -- Symlinking: /home/kaisar/warehouse_robot/install/nav2/share/nav2//models/aws_robomaker_warehouse_GroundB_01/materials/textures/aws_robomaker_warehouse_GroundB_01.png
[12.501s] -- Symlinking: /home/kaisar/warehouse_robot/install/nav2/share/nav2//models/aws_robomaker_warehouse_GroundB_01/materials/textures/aws_robomaker_warehouse_GroundB_02.png
[12.520s] -- Symlinking: /home/kaisar/warehouse_robot/install/nav2/share/nav2//models/aws_robomaker_warehouse_GroundB_01/meshes/aws_robomaker_warehouse_GroundB_01_collision.DAE
[12.531s] -- Symlinking: /home/kaisar/warehouse_robot/install/nav2/share/nav2//models/aws_robomaker_warehouse_GroundB_01/meshes/aws_robomaker_warehouse_GroundB_01_visual.DAE
[12.542s] -- Symlinking: /home/kaisar/warehouse_robot/install/nav2/share/nav2//models/aws_robomaker_warehouse_GroundB_01/model.config
[12.553s] -- Symlinking: /home/kaisar/warehouse_robot/install/nav2/share/nav2//models/aws_robomaker_warehouse_GroundB_01/model.sdf
[12.564s] -- Symlinking: /home/kaisar/warehouse_robot/install/nav2/share/nav2//models/aws_robomaker_warehouse_Lamp_01/materials/textures/aws_robomaker_warehouse_Lamp_01.png
[12.576s] -- Symlinking: /home/kaisar/warehouse_robot/install/nav2/share/nav2//models/aws_robomaker_warehouse_Lamp_01/meshes/aws_robomaker_warehouse_Lamp_01_collision.DAE
[12.586s] -- Symlinking: /home/kaisar/warehouse_robot/install/nav2/share/nav2//models/aws_robomaker_warehouse_Lamp_01/meshes/aws_robomaker_warehouse_Lamp_01_visual.DAE
[12.598s] -- Symlinking: /home/kaisar/warehouse_robot/install/nav2/share/nav2//models/aws_robomaker_warehouse_Lamp_01/model.config
[12.609s] -- Symlinking: /home/kaisar/warehouse_robot/install/nav2/share/nav2//models/aws_robomaker_warehouse_Lamp_01/model.sdf
[12.620s] -- Symlinking: /home/kaisar/warehouse_robot/install/nav2/share/nav2//models/aws_robomaker_warehouse_PalletJackB_01/.DS_Store
[12.631s] -- Symlinking: /home/kaisar/warehouse_robot/install/nav2/share/nav2//models/aws_robomaker_warehouse_PalletJackB_01/materials/.DS_Store
[12.642s] -- Symlinking: /home/kaisar/warehouse_robot/install/nav2/share/nav2//models/aws_robomaker_warehouse_PalletJackB_01/materials/textures/aws_robomaker_warehouse_PalletJackB_01.png
[12.653s] -- Symlinking: /home/kaisar/warehouse_robot/install/nav2/share/nav2//models/aws_robomaker_warehouse_PalletJackB_01/materials/textures/aws_robomaker_warehouse_PalletJackB_02.png
[12.665s] -- Symlinking: /home/kaisar/warehouse_robot/install/nav2/share/nav2//models/aws_robomaker_warehouse_PalletJackB_01/meshes/aws_robomaker_warehouse_PalletJackB_01_collision.DAE
[12.676s] -- Symlinking: /home/kaisar/warehouse_robot/install/nav2/share/nav2//models/aws_robomaker_warehouse_PalletJackB_01/meshes/aws_robomaker_warehouse_PalletJackB_01_visual.DAE
[12.687s] -- Symlinking: /home/kaisar/warehouse_robot/install/nav2/share/nav2//models/aws_robomaker_warehouse_PalletJackB_01/model.config
[12.698s] -- Symlinking: /home/kaisar/warehouse_robot/install/nav2/share/nav2//models/aws_robomaker_warehouse_PalletJackB_01/model.sdf
[12.709s] -- Symlinking: /home/kaisar/warehouse_robot/install/nav2/share/nav2//models/aws_robomaker_warehouse_RoofB_01/materials/textures/aws_robomaker_warehouse_RoofB_01.png
[12.721s] -- Symlinking: /home/kaisar/warehouse_robot/install/nav2/share/nav2//models/aws_robomaker_warehouse_RoofB_01/meshes/aws_robomaker_warehouse_RoofB_01_collision.DAE
[12.732s] -- Symlinking: /home/kaisar/warehouse_robot/install/nav2/share/nav2//models/aws_robomaker_warehouse_RoofB_01/meshes/aws_robomaker_warehouse_RoofB_01_visual.DAE
[12.743s] -- Symlinking: /home/kaisar/warehouse_robot/install/nav2/share/nav2//models/aws_robomaker_warehouse_RoofB_01/model.config
[12.755s] -- Symlinking: /home/kaisar/warehouse_robot/install/nav2/share/nav2//models/aws_robomaker_warehouse_RoofB_01/model.sdf
[12.766s] -- Symlinking: /home/kaisar/warehouse_robot/install/nav2/share/nav2//models/aws_robomaker_warehouse_ShelfD_01/materials/textures/aws_robomaker_warehouse_ShelfD_01.png
[12.778s] -- Symlinking: /home/kaisar/warehouse_robot/install/nav2/share/nav2//models/aws_robomaker_warehouse_ShelfD_01/materials/textures/aws_robomaker_warehouse_ShelfD_02.png
[12.789s] -- Symlinking: /home/kaisar/warehouse_robot/install/nav2/share/nav2//models/aws_robomaker_warehouse_ShelfD_01/materials/textures/aws_robomaker_warehouse_ShelfD_03.png
[12.800s] -- Symlinking: /home/kaisar/warehouse_robot/install/nav2/share/nav2//models/aws_robomaker_warehouse_ShelfD_01/materials/textures/aws_robomaker_warehouse_ShelfD_04.png
[12.811s] -- Symlinking: /home/kaisar/warehouse_robot/install/nav2/share/nav2//models/aws_robomaker_warehouse_ShelfD_01/meshes/aws_robomaker_warehouse_ShelfD_01_collision.DAE
[12.823s] -- Symlinking: /home/kaisar/warehouse_robot/install/nav2/share/nav2//models/aws_robomaker_warehouse_ShelfD_01/meshes/aws_robomaker_warehouse_ShelfD_01_visual.DAE
[12.835s] -- Symlinking: /home/kaisar/warehouse_robot/install/nav2/share/nav2//models/aws_robomaker_warehouse_ShelfD_01/model.config
[12.846s] -- Symlinking: /home/kaisar/warehouse_robot/install/nav2/share/nav2//models/aws_robomaker_warehouse_ShelfD_01/model.sdf
[12.857s] -- Symlinking: /home/kaisar/warehouse_robot/install/nav2/share/nav2//models/aws_robomaker_warehouse_ShelfE_01/.DS_Store
[12.869s] -- Symlinking: /home/kaisar/warehouse_robot/install/nav2/share/nav2//models/aws_robomaker_warehouse_ShelfE_01/materials/.DS_Store
[12.880s] -- Symlinking: /home/kaisar/warehouse_robot/install/nav2/share/nav2//models/aws_robomaker_warehouse_ShelfE_01/materials/textures/aws_robomaker_warehouse_ShelfE_01.png
[12.891s] -- Symlinking: /home/kaisar/warehouse_robot/install/nav2/share/nav2//models/aws_robomaker_warehouse_ShelfE_01/materials/textures/aws_robomaker_warehouse_ShelfE_02.png
[12.903s] -- Symlinking: /home/kaisar/warehouse_robot/install/nav2/share/nav2//models/aws_robomaker_warehouse_ShelfE_01/materials/textures/aws_robomaker_warehouse_ShelfE_03.png
[12.914s] -- Symlinking: /home/kaisar/warehouse_robot/install/nav2/share/nav2//models/aws_robomaker_warehouse_ShelfE_01/materials/textures/aws_robomaker_warehouse_ShelfE_04.png
[12.925s] -- Symlinking: /home/kaisar/warehouse_robot/install/nav2/share/nav2//models/aws_robomaker_warehouse_ShelfE_01/meshes/aws_robomaker_warehouse_ShelfE_01_collision.DAE
[12.937s] -- Symlinking: /home/kaisar/warehouse_robot/install/nav2/share/nav2//models/aws_robomaker_warehouse_ShelfE_01/meshes/aws_robomaker_warehouse_ShelfE_01_visual.DAE
[12.948s] -- Symlinking: /home/kaisar/warehouse_robot/install/nav2/share/nav2//models/aws_robomaker_warehouse_ShelfE_01/model.config
[12.960s] -- Symlinking: /home/kaisar/warehouse_robot/install/nav2/share/nav2//models/aws_robomaker_warehouse_ShelfE_01/model.sdf
[12.971s] -- Symlinking: /home/kaisar/warehouse_robot/install/nav2/share/nav2//models/aws_robomaker_warehouse_ShelfF_01/materials/textures/aws_robomaker_warehouse_ShelfF_01.png
[12.983s] -- Symlinking: /home/kaisar/warehouse_robot/install/nav2/share/nav2//models/aws_robomaker_warehouse_ShelfF_01/materials/textures/aws_robomaker_warehouse_ShelfF_02.png
[12.994s] -- Symlinking: /home/kaisar/warehouse_robot/install/nav2/share/nav2//models/aws_robomaker_warehouse_ShelfF_01/materials/textures/aws_robomaker_warehouse_ShelfF_03.png
[13.006s] -- Symlinking: /home/kaisar/warehouse_robot/install/nav2/share/nav2//models/aws_robomaker_warehouse_ShelfF_01/meshes/aws_robomaker_warehouse_ShelfF_01_collision.DAE
[13.017s] -- Symlinking: /home/kaisar/warehouse_robot/install/nav2/share/nav2//models/aws_robomaker_warehouse_ShelfF_01/meshes/aws_robomaker_warehouse_ShelfF_01_visual.DAE
[13.028s] -- Symlinking: /home/kaisar/warehouse_robot/install/nav2/share/nav2//models/aws_robomaker_warehouse_ShelfF_01/model.config
[13.039s] -- Symlinking: /home/kaisar/warehouse_robot/install/nav2/share/nav2//models/aws_robomaker_warehouse_ShelfF_01/model.sdf
[13.050s] -- Symlinking: /home/kaisar/warehouse_robot/install/nav2/share/nav2//models/aws_robomaker_warehouse_TrashCanC_01/materials/textures/aws_robomaker_warehouse_TrashCanC_01.png
[13.062s] -- Symlinking: /home/kaisar/warehouse_robot/install/nav2/share/nav2//models/aws_robomaker_warehouse_TrashCanC_01/meshes/aws_robomaker_warehouse_TrashCanC_01_collision.DAE
[13.073s] -- Symlinking: /home/kaisar/warehouse_robot/install/nav2/share/nav2//models/aws_robomaker_warehouse_TrashCanC_01/meshes/aws_robomaker_warehouse_TrashCanC_01_visual.DAE
[13.084s] -- Symlinking: /home/kaisar/warehouse_robot/install/nav2/share/nav2//models/aws_robomaker_warehouse_TrashCanC_01/model.config
[13.095s] -- Symlinking: /home/kaisar/warehouse_robot/install/nav2/share/nav2//models/aws_robomaker_warehouse_TrashCanC_01/model.sdf
[13.106s] -- Symlinking: /home/kaisar/warehouse_robot/install/nav2/share/nav2//models/aws_robomaker_warehouse_WallB_01/materials/textures/aws_robomaker_warehouse_WallB_01.png
[13.117s] -- Symlinking: /home/kaisar/warehouse_robot/install/nav2/share/nav2//models/aws_robomaker_warehouse_WallB_01/meshes/aws_robomaker_warehouse_WallB_01_collision.DAE
[13.128s] -- Symlinking: /home/kaisar/warehouse_robot/install/nav2/share/nav2//models/aws_robomaker_warehouse_WallB_01/meshes/aws_robomaker_warehouse_WallB_01_visual.DAE
[13.139s] -- Symlinking: /home/kaisar/warehouse_robot/install/nav2/share/nav2//models/aws_robomaker_warehouse_WallB_01/model.config
[13.150s] -- Symlinking: /home/kaisar/warehouse_robot/install/nav2/share/nav2//models/aws_robomaker_warehouse_WallB_01/model.sdf
[13.161s] -- Symlinking: /home/kaisar/warehouse_robot/install/nav2/share/nav2//models/brown_table/model.config
[13.173s] -- Symlinking: /home/kaisar/warehouse_robot/install/nav2/share/nav2//models/brown_table/model.sdf
[13.184s] -- Symlinking: /home/kaisar/warehouse_robot/install/nav2/share/nav2//models/cafe/materials/textures/__auto_10.jpg
[13.195s] -- Symlinking: /home/kaisar/warehouse_robot/install/nav2/share/nav2//models/cafe/materials/textures/__auto_2.jpg
[13.207s] -- Symlinking: /home/kaisar/warehouse_robot/install/nav2/share/nav2//models/cafe/materials/textures/__auto_21.jpg
[13.219s] -- Symlinking: /home/kaisar/warehouse_robot/install/nav2/share/nav2//models/cafe/materials/textures/__auto_22.jpg
[13.230s] -- Symlinking: /home/kaisar/warehouse_robot/install/nav2/share/nav2//models/cafe/materials/textures/__auto_23.jpg
[13.242s] -- Symlinking: /home/kaisar/warehouse_robot/install/nav2/share/nav2//models/cafe/materials/textures/__auto_24.jpg
[13.253s] -- Symlinking: /home/kaisar/warehouse_robot/install/nav2/share/nav2//models/cafe/materials/textures/__auto_25.jpg
[13.264s] -- Symlinking: /home/kaisar/warehouse_robot/install/nav2/share/nav2//models/cafe/materials/textures/__auto_26.jpg
[13.276s] -- Symlinking: /home/kaisar/warehouse_robot/install/nav2/share/nav2//models/cafe/materials/textures/__auto_28.jpg
[13.287s] -- Symlinking: /home/kaisar/warehouse_robot/install/nav2/share/nav2//models/cafe/materials/textures/__auto_29.jpg
[13.298s] -- Symlinking: /home/kaisar/warehouse_robot/install/nav2/share/nav2//models/cafe/materials/textures/__auto_30.jpg
[13.310s] -- Symlinking: /home/kaisar/warehouse_robot/install/nav2/share/nav2//models/cafe/materials/textures/__auto_31.jpg
[13.322s] -- Symlinking: /home/kaisar/warehouse_robot/install/nav2/share/nav2//models/cafe/materials/textures/__auto_34.jpg
[13.334s] -- Symlinking: /home/kaisar/warehouse_robot/install/nav2/share/nav2//models/cafe/materials/textures/__auto_35.jpg
[13.345s] -- Symlinking: /home/kaisar/warehouse_robot/install/nav2/share/nav2//models/cafe/materials/textures/__auto_37.jpg
[13.357s] -- Symlinking: /home/kaisar/warehouse_robot/install/nav2/share/nav2//models/cafe/meshes/cafe.dae
[13.369s] -- Symlinking: /home/kaisar/warehouse_robot/install/nav2/share/nav2//models/cafe/model.config
[13.381s] -- Symlinking: /home/kaisar/warehouse_robot/install/nav2/share/nav2//models/cafe/model.sdf
[13.392s] -- Symlinking: /home/kaisar/warehouse_robot/install/nav2/share/nav2//models/cafe_counter/materials/textures/cafe_counter.png
[13.403s] -- Symlinking: /home/kaisar/warehouse_robot/install/nav2/share/nav2//models/cafe_counter/meshes/cafe_counter.mtl
[13.415s] -- Symlinking: /home/kaisar/warehouse_robot/install/nav2/share/nav2//models/cafe_counter/meshes/cafe_counter.obj
[13.426s] -- Symlinking: /home/kaisar/warehouse_robot/install/nav2/share/nav2//models/cafe_counter/meshes/counter_no_sink.obj
[13.437s] -- Symlinking: /home/kaisar/warehouse_robot/install/nav2/share/nav2//models/cafe_counter/meshes/counter_sink.obj
[13.448s] -- Symlinking: /home/kaisar/warehouse_robot/install/nav2/share/nav2//models/cafe_counter/model.config
[13.460s] -- Symlinking: /home/kaisar/warehouse_robot/install/nav2/share/nav2//models/cafe_counter/model.sdf
[13.473s] -- Symlinking: /home/kaisar/warehouse_robot/install/nav2/share/nav2//models/cafe_table/materials/textures/Maple.jpg
[13.485s] -- Symlinking: /home/kaisar/warehouse_robot/install/nav2/share/nav2//models/cafe_table/materials/textures/Wood_Floor_Dark.jpg
[13.496s] -- Symlinking: /home/kaisar/warehouse_robot/install/nav2/share/nav2//models/cafe_table/meshes/cafe_table.dae
[13.508s] -- Symlinking: /home/kaisar/warehouse_robot/install/nav2/share/nav2//models/cafe_table/model-1_4.sdf
[13.519s] -- Symlinking: /home/kaisar/warehouse_robot/install/nav2/share/nav2//models/cafe_table/model.config
[13.530s] -- Symlinking: /home/kaisar/warehouse_robot/install/nav2/share/nav2//models/cafe_table/model.sdf
[13.541s] -- Symlinking: /home/kaisar/warehouse_robot/install/nav2/share/nav2//models/cardboard_box/materials/textures/cardboard_box.png
[13.553s] -- Symlinking: /home/kaisar/warehouse_robot/install/nav2/share/nav2//models/cardboard_box/meshes/cardboard_box.dae
[13.565s] -- Symlinking: /home/kaisar/warehouse_robot/install/nav2/share/nav2//models/cardboard_box/meshes/cardboard_box.png
[13.577s] -- Symlinking: /home/kaisar/warehouse_robot/install/nav2/share/nav2//models/cardboard_box/model.config
[13.589s] -- Symlinking: /home/kaisar/warehouse_robot/install/nav2/share/nav2//models/cardboard_box/model.sdf
[13.600s] -- Symlinking: /home/kaisar/warehouse_robot/install/nav2/share/nav2//models/cheezit_big_original/meshes/cheez_tex_0.jpg
[13.612s] -- Symlinking: /home/kaisar/warehouse_robot/install/nav2/share/nav2//models/cheezit_big_original/meshes/cheezit_big_original.dae
[13.623s] -- Symlinking: /home/kaisar/warehouse_robot/install/nav2/share/nav2//models/cheezit_big_original/model.config
[13.634s] -- Symlinking: /home/kaisar/warehouse_robot/install/nav2/share/nav2//models/cheezit_big_original/model.sdf
[13.646s] -- Symlinking: /home/kaisar/warehouse_robot/install/nav2/share/nav2//models/christman_L1/meshes/blue_linoleum.png
[13.657s] -- Symlinking: /home/kaisar/warehouse_robot/install/nav2/share/nav2//models/christman_L1/meshes/concrete2.png
[13.669s] -- Symlinking: /home/kaisar/warehouse_robot/install/nav2/share/nav2//models/christman_L1/meshes/default.png
[13.681s] -- Symlinking: /home/kaisar/warehouse_robot/install/nav2/share/nav2//models/christman_L1/meshes/floor_1.mtl
[13.694s] -- Symlinking: /home/kaisar/warehouse_robot/install/nav2/share/nav2//models/christman_L1/meshes/floor_1.obj
[13.705s] -- Symlinking: /home/kaisar/warehouse_robot/install/nav2/share/nav2//models/christman_L1/meshes/model.material
[13.717s] -- Symlinking: /home/kaisar/warehouse_robot/install/nav2/share/nav2//models/christman_L1/meshes/wall_1.mtl
[13.728s] -- Symlinking: /home/kaisar/warehouse_robot/install/nav2/share/nav2//models/christman_L1/meshes/wall_1.obj
[13.742s] -- Symlinking: /home/kaisar/warehouse_robot/install/nav2/share/nav2//models/christman_L1/meshes/wall_white.png
[13.752s] -- Symlinking: /home/kaisar/warehouse_robot/install/nav2/share/nav2//models/christman_L1/model.config
[13.763s] -- Symlinking: /home/kaisar/warehouse_robot/install/nav2/share/nav2//models/christman_L1/model.sdf
[13.776s] -- Symlinking: /home/kaisar/warehouse_robot/install/nav2/share/nav2//models/coke_can/materials/textures/coke_can.png
[13.787s] -- Symlinking: /home/kaisar/warehouse_robot/install/nav2/share/nav2//models/coke_can/meshes/coke_can.dae
[13.799s] -- Symlinking: /home/kaisar/warehouse_robot/install/nav2/share/nav2//models/coke_can/model-1_2.sdf
[13.810s] -- Symlinking: /home/kaisar/warehouse_robot/install/nav2/share/nav2//models/coke_can/model-1_3.sdf
[13.822s] -- Symlinking: /home/kaisar/warehouse_robot/install/nav2/share/nav2//models/coke_can/model-1_4.sdf
[13.833s] -- Symlinking: /home/kaisar/warehouse_robot/install/nav2/share/nav2//models/coke_can/model.config
[13.845s] -- Symlinking: /home/kaisar/warehouse_robot/install/nav2/share/nav2//models/coke_can/model.sdf
[13.856s] -- Symlinking: /home/kaisar/warehouse_robot/install/nav2/share/nav2//models/ground_plane/model-1_2.sdf
[13.869s] -- Symlinking: /home/kaisar/warehouse_robot/install/nav2/share/nav2//models/ground_plane/model-1_3.sdf
[13.882s] -- Symlinking: /home/kaisar/warehouse_robot/install/nav2/share/nav2//models/ground_plane/model-1_4.sdf
[13.894s] -- Symlinking: /home/kaisar/warehouse_robot/install/nav2/share/nav2//models/ground_plane/model.config
[13.905s] -- Symlinking: /home/kaisar/warehouse_robot/install/nav2/share/nav2//models/ground_plane/model.sdf
[13.917s] -- Symlinking: /home/kaisar/warehouse_robot/install/nav2/share/nav2//models/hotel_L1/meshes/blue_linoleum.png
[13.928s] -- Symlinking: /home/kaisar/warehouse_robot/install/nav2/share/nav2//models/hotel_L1/meshes/default.png
[13.939s] -- Symlinking: /home/kaisar/warehouse_robot/install/nav2/share/nav2//models/hotel_L1/meshes/floor_1.mtl
[13.951s] -- Symlinking: /home/kaisar/warehouse_robot/install/nav2/share/nav2//models/hotel_L1/meshes/floor_1.obj
[13.962s] -- Symlinking: /home/kaisar/warehouse_robot/install/nav2/share/nav2//models/hotel_L1/meshes/model.material
[13.975s] -- Symlinking: /home/kaisar/warehouse_robot/install/nav2/share/nav2//models/hotel_L1/meshes/wall_1.mtl
[13.987s] -- Symlinking: /home/kaisar/warehouse_robot/install/nav2/share/nav2//models/hotel_L1/meshes/wall_1.obj
[13.998s] -- Symlinking: /home/kaisar/warehouse_robot/install/nav2/share/nav2//models/hotel_L1/model.config
[14.010s] -- Symlinking: /home/kaisar/warehouse_robot/install/nav2/share/nav2//models/hotel_L1/model.sdf
[14.022s] -- Symlinking: /home/kaisar/warehouse_robot/install/nav2/share/nav2//models/mustard/materials/scripts/mustard.material
[14.034s] -- Symlinking: /home/kaisar/warehouse_robot/install/nav2/share/nav2//models/mustard/materials/textures/optimized_tsdf_texture_mapped_mesh.png
[14.046s] -- Symlinking: /home/kaisar/warehouse_robot/install/nav2/share/nav2//models/mustard/meshes/mustard.dae
[14.058s] -- Symlinking: /home/kaisar/warehouse_robot/install/nav2/share/nav2//models/mustard/meshes/texture_map.png
[14.070s] -- Symlinking: /home/kaisar/warehouse_robot/install/nav2/share/nav2//models/mustard/model.config
[14.084s] -- Symlinking: /home/kaisar/warehouse_robot/install/nav2/share/nav2//models/mustard/model.sdf
[14.096s] -- Symlinking: /home/kaisar/warehouse_robot/install/nav2/share/nav2//models/red_cylinder/model.config
[14.109s] -- Symlinking: /home/kaisar/warehouse_robot/install/nav2/share/nav2//models/red_cylinder/model.sdf
[14.122s] -- Symlinking: /home/kaisar/warehouse_robot/install/nav2/share/nav2//models/sun/model-1_2.sdf
[14.135s] -- Symlinking: /home/kaisar/warehouse_robot/install/nav2/share/nav2//models/sun/model-1_3.sdf
[14.148s] -- Symlinking: /home/kaisar/warehouse_robot/install/nav2/share/nav2//models/sun/model-1_4.sdf
[14.160s] -- Symlinking: /home/kaisar/warehouse_robot/install/nav2/share/nav2//models/sun/model.config
[14.173s] -- Symlinking: /home/kaisar/warehouse_robot/install/nav2/share/nav2//models/sun/model.sdf
[14.189s] -- Symlinking: /home/kaisar/warehouse_robot/install/nav2/share/ament_index/resource_index/package_run_dependencies/nav2
[14.202s] -- Symlinking: /home/kaisar/warehouse_robot/install/nav2/share/ament_index/resource_index/parent_prefix_path/nav2
[14.216s] -- Symlinking: /home/kaisar/warehouse_robot/install/nav2/share/nav2/environment/ament_prefix_path.sh
[14.229s] -- Symlinking: /home/kaisar/warehouse_robot/install/nav2/share/nav2/environment/ament_prefix_path.dsv
[14.241s] -- Symlinking: /home/kaisar/warehouse_robot/install/nav2/share/nav2/environment/path.sh
[14.254s] -- Symlinking: /home/kaisar/warehouse_robot/install/nav2/share/nav2/environment/path.dsv
[14.266s] -- Symlinking: /home/kaisar/warehouse_robot/install/nav2/share/nav2/local_setup.bash
[14.280s] -- Symlinking: /home/kaisar/warehouse_robot/install/nav2/share/nav2/local_setup.sh
[14.293s] -- Symlinking: /home/kaisar/warehouse_robot/install/nav2/share/nav2/local_setup.zsh
[14.305s] -- Symlinking: /home/kaisar/warehouse_robot/install/nav2/share/nav2/local_setup.dsv
[14.318s] -- Symlinking: /home/kaisar/warehouse_robot/install/nav2/share/nav2/package.dsv
[14.330s] -- Symlinking: /home/kaisar/warehouse_robot/install/nav2/share/ament_index/resource_index/packages/nav2
[14.343s] -- Symlinking: /home/kaisar/warehouse_robot/install/nav2/share/nav2/cmake/nav2Config.cmake
[14.355s] -- Symlinking: /home/kaisar/warehouse_robot/install/nav2/share/nav2/cmake/nav2Config-version.cmake
[14.368s] -- Symlinking: /home/kaisar/warehouse_robot/install/nav2/share/nav2/package.xml
[14.385s] Invoked command in '/home/kaisar/warehouse_robot/build/nav2' returned '0': CMAKE_PREFIX_PATH=/home/kaisar/warehouse_robot/robot/install/trp1_description:/home/kaisar/warehouse_robot/robot/install/stage_ros2:/opt/ros/jazzy:/home/kaisar/warehouse_robot/robot/install/stage:/home/kaisar/warehouse_robot/robot/install/robot_msgs:/home/kaisar/warehouse_robot/robot/install/nav2:/opt/ros/jazzy/opt/gz_sim_vendor:/opt/ros/jazzy/opt/gz_sensors_vendor:/opt/ros/jazzy/opt/gz_physics_vendor:/opt/ros/jazzy/opt/sdformat_vendor:/opt/ros/jazzy/opt/gz_gui_vendor:/opt/ros/jazzy/opt/gz_transport_vendor:/opt/ros/jazzy/opt/gz_rendering_vendor:/opt/ros/jazzy/opt/gz_plugin_vendor:/opt/ros/jazzy/opt/gz_fuel_tools_vendor:/opt/ros/jazzy/opt/gz_msgs_vendor:/opt/ros/jazzy/opt/gz_common_vendor:/opt/ros/jazzy/opt/gz_math_vendor:/opt/ros/jazzy/opt/gz_utils_vendor:/opt/ros/jazzy/opt/gz_tools_vendor:/opt/ros/jazzy/opt/gz_ogre_next_vendor:/opt/ros/jazzy/opt/gz_dartsim_vendor:/opt/ros/jazzy/opt/gz_cmake_vendor DEBUGINFOD_URLS=https://debuginfod.ubuntu.com /usr/bin/cmake --install /home/kaisar/warehouse_robot/build/nav2
