[0.013s] Invoking command in '/home/kaisar/warehouse_robot/robot/build/stage_ros2': CMAKE_PREFIX_PATH=/opt/ros/jazzy:/home/kaisar/warehouse_robot/robot/install/stage:/home/kaisar/warehouse_robot/robot/install/robot_msgs:/home/kaisar/warehouse_robot/robot/install/trp1_description:/home/kaisar/warehouse_robot/robot/install/stage_ros2:/home/kaisar/warehouse_robot/robot/install/nav2:/opt/ros/jazzy/opt/gz_sim_vendor:/opt/ros/jazzy/opt/gz_sensors_vendor:/opt/ros/jazzy/opt/gz_physics_vendor:/opt/ros/jazzy/opt/sdformat_vendor:/opt/ros/jazzy/opt/gz_gui_vendor:/opt/ros/jazzy/opt/gz_transport_vendor:/opt/ros/jazzy/opt/gz_rendering_vendor:/opt/ros/jazzy/opt/gz_plugin_vendor:/opt/ros/jazzy/opt/gz_fuel_tools_vendor:/opt/ros/jazzy/opt/gz_msgs_vendor:/opt/ros/jazzy/opt/gz_common_vendor:/opt/ros/jazzy/opt/gz_math_vendor:/opt/ros/jazzy/opt/gz_utils_vendor:/opt/ros/jazzy/opt/gz_tools_vendor:/opt/ros/jazzy/opt/gz_ogre_next_vendor:/opt/ros/jazzy/opt/gz_dartsim_vendor:/opt/ros/jazzy/opt/gz_cmake_vendor DEBUGINFOD_URLS=https://debuginfod.ubuntu.com LD_LIBRARY_PATH=/home/kaisar/warehouse_robot/robot/install/stage/lib:/home/kaisar/warehouse_robot/robot/install/robot_msgs/lib:/home/kaisar/warehouse_robot/robot/install/stage_ros2/lib:/opt/ros/jazzy/opt/gz_sim_vendor/lib:/opt/ros/jazzy/opt/gz_sensors_vendor/lib:/opt/ros/jazzy/opt/gz_physics_vendor/lib:/opt/ros/jazzy/opt/sdformat_vendor/lib:/opt/ros/jazzy/opt/rviz_ogre_vendor/lib:/opt/ros/jazzy/lib/x86_64-linux-gnu:/opt/ros/jazzy/opt/gz_gui_vendor/lib:/opt/ros/jazzy/opt/gz_transport_vendor/lib:/opt/ros/jazzy/opt/gz_rendering_vendor/lib:/opt/ros/jazzy/opt/gz_plugin_vendor/lib:/opt/ros/jazzy/opt/gz_fuel_tools_vendor/lib:/opt/ros/jazzy/opt/gz_msgs_vendor/lib:/opt/ros/jazzy/opt/gz_common_vendor/lib:/opt/ros/jazzy/opt/gz_math_vendor/lib:/opt/ros/jazzy/opt/gz_utils_vendor/lib:/opt/ros/jazzy/opt/gz_tools_vendor/lib:/opt/ros/jazzy/opt/gz_ogre_next_vendor/lib:/opt/ros/jazzy/opt/gz_dartsim_vendor/lib:/opt/ros/jazzy/opt/gz_cmake_vendor/lib:/opt/ros/jazzy/lib /usr/bin/cmake /home/kaisar/warehouse_robot/robot/ws/src/stage_ros2 -DAMENT_CMAKE_SYMLINK_INSTALL=1 -DCMAKE_INSTALL_PREFIX=/home/kaisar/warehouse_robot/robot/install/stage_ros2
[0.073s] -- The C compiler identification is GNU 13.3.0
[0.136s] -- The CXX compiler identification is GNU 13.3.0
[0.155s] -- Detecting C compiler ABI info
[0.256s] -- Detecting C compiler ABI info - done
[0.266s] -- Check for working C compiler: /usr/bin/cc - skipped
[0.266s] -- Detecting C compile features
[0.267s] -- Detecting C compile features - done
[0.278s] -- Detecting CXX compiler ABI info
[0.395s] -- Detecting CXX compiler ABI info - done
[0.404s] -- Check for working CXX compiler: /usr/bin/c++ - skipped
[0.405s] -- Detecting CXX compile features
[0.405s] -- Detecting CXX compile features - done
[0.408s] -- Found ament_cmake: 2.5.6 (/opt/ros/jazzy/share/ament_cmake/cmake)
[0.591s] -- Found Python3: /usr/bin/python3 (found version "3.12.3") found components: Interpreter 
[0.668s] -- Override CMake install command with custom implementation using symlinks instead of copying resources
[0.708s] -- Found rclcpp: 28.1.18 (/opt/ros/jazzy/share/rclcpp/cmake)
[0.757s] -- Found rosidl_generator_c: 4.6.7 (/opt/ros/jazzy/share/rosidl_generator_c/cmake)
[0.773s] -- Found rosidl_generator_cpp: 4.6.7 (/opt/ros/jazzy/share/rosidl_generator_cpp/cmake)
[0.791s] -- Using all available rosidl_typesupport_c: rosidl_typesupport_fastrtps_c;rosidl_typesupport_introspection_c
[0.812s] -- Using all available rosidl_typesupport_cpp: rosidl_typesupport_fastrtps_cpp;rosidl_typesupport_introspection_cpp
[0.898s] -- Found rmw_implementation_cmake: 7.3.3 (/opt/ros/jazzy/share/rmw_implementation_cmake/cmake)
[0.902s] -- Found rmw_fastrtps_cpp: 8.4.3 (/opt/ros/jazzy/share/rmw_fastrtps_cpp/cmake)
[1.012s] -- Found OpenSSL: /usr/lib/x86_64-linux-gnu/libcrypto.so (found version "3.0.13")  
[1.035s] -- Found FastRTPS: /opt/ros/jazzy/include (Required is at least version "2.13") 
[1.062s] -- Using RMW implementation 'rmw_fastrtps_cpp' as default
[1.145s] -- Found rclcpp_components: 28.1.18 (/opt/ros/jazzy/share/rclcpp_components/cmake)
[1.191s] -- Found sensor_msgs: 5.3.7 (/opt/ros/jazzy/share/sensor_msgs/cmake)
[1.258s] -- Found nav_msgs: 5.3.7 (/opt/ros/jazzy/share/nav_msgs/cmake)
[1.291s] -- Found tf2_ros: 0.36.20 (/opt/ros/jazzy/share/tf2_ros/cmake)
[1.397s] -- Found tf2_geometry_msgs: 0.36.20 (/opt/ros/jazzy/share/tf2_geometry_msgs/cmake)
[1.421s] -- Found eigen3_cmake_module: 0.3.0 (/opt/ros/jazzy/share/eigen3_cmake_module/cmake)
[1.422s] -- Found Eigen3: TRUE (found version "3.4.0") 
[1.422s] -- Ensuring Eigen3 include directory is part of orocos-kdl CMake target
[1.427s] -- Found std_srvs: 5.3.7 (/opt/ros/jazzy/share/std_srvs/cmake)
[1.452s] -- Found ament_lint_auto: 0.17.5 (/opt/ros/jazzy/share/ament_lint_auto/cmake)
[1.575s] -- Added test 'cppcheck' to perform static code analysis on C / C++ code
[1.575s] -- Configured cppcheck include dirs: /home/kaisar/warehouse_robot/robot/ws/src/stage_ros2/./include;$<BUILD_INTERFACE:/home/kaisar/warehouse_robot/robot/ws/src/stage_ros2/include>
[1.575s] -- Configured cppcheck exclude dirs and/or files: 
[1.577s] -- Added test 'flake8' to check Python code syntax and style conventions
[1.577s] -- Configured 'flake8' exclude dirs and/or files: 
[1.578s] -- Added test 'lint_cmake' to check CMake code style
[1.579s] -- Added test 'pep257' to check Python code against some of the docstring style conventions in PEP 257
[1.584s] -- Added test 'uncrustify' to check C / C++ code style
[1.584s] -- Configured uncrustify additional arguments: 
[1.585s] -- Added test 'xmllint' to check XML markup files
[1.590s] -- Added test 'clang_format' to check C / C++ code style
[1.591s] -- Added test 'pycodestyle' to check Python code against some of the style conventions in PEP 8
[1.593s] -- Configuring done (1.6s)
[1.620s] -- Generating done (0.0s)
[1.629s] -- Build files have been written to: /home/kaisar/warehouse_robot/robot/build/stage_ros2
[1.641s] Invoked command in '/home/kaisar/warehouse_robot/robot/build/stage_ros2' returned '0': CMAKE_PREFIX_PATH=/opt/ros/jazzy:/home/kaisar/warehouse_robot/robot/install/stage:/home/kaisar/warehouse_robot/robot/install/robot_msgs:/home/kaisar/warehouse_robot/robot/install/trp1_description:/home/kaisar/warehouse_robot/robot/install/stage_ros2:/home/kaisar/warehouse_robot/robot/install/nav2:/opt/ros/jazzy/opt/gz_sim_vendor:/opt/ros/jazzy/opt/gz_sensors_vendor:/opt/ros/jazzy/opt/gz_physics_vendor:/opt/ros/jazzy/opt/sdformat_vendor:/opt/ros/jazzy/opt/gz_gui_vendor:/opt/ros/jazzy/opt/gz_transport_vendor:/opt/ros/jazzy/opt/gz_rendering_vendor:/opt/ros/jazzy/opt/gz_plugin_vendor:/opt/ros/jazzy/opt/gz_fuel_tools_vendor:/opt/ros/jazzy/opt/gz_msgs_vendor:/opt/ros/jazzy/opt/gz_common_vendor:/opt/ros/jazzy/opt/gz_math_vendor:/opt/ros/jazzy/opt/gz_utils_vendor:/opt/ros/jazzy/opt/gz_tools_vendor:/opt/ros/jazzy/opt/gz_ogre_next_vendor:/opt/ros/jazzy/opt/gz_dartsim_vendor:/opt/ros/jazzy/opt/gz_cmake_vendor DEBUGINFOD_URLS=https://debuginfod.ubuntu.com LD_LIBRARY_PATH=/home/kaisar/warehouse_robot/robot/install/stage/lib:/home/kaisar/warehouse_robot/robot/install/robot_msgs/lib:/home/kaisar/warehouse_robot/robot/install/stage_ros2/lib:/opt/ros/jazzy/opt/gz_sim_vendor/lib:/opt/ros/jazzy/opt/gz_sensors_vendor/lib:/opt/ros/jazzy/opt/gz_physics_vendor/lib:/opt/ros/jazzy/opt/sdformat_vendor/lib:/opt/ros/jazzy/opt/rviz_ogre_vendor/lib:/opt/ros/jazzy/lib/x86_64-linux-gnu:/opt/ros/jazzy/opt/gz_gui_vendor/lib:/opt/ros/jazzy/opt/gz_transport_vendor/lib:/opt/ros/jazzy/opt/gz_rendering_vendor/lib:/opt/ros/jazzy/opt/gz_plugin_vendor/lib:/opt/ros/jazzy/opt/gz_fuel_tools_vendor/lib:/opt/ros/jazzy/opt/gz_msgs_vendor/lib:/opt/ros/jazzy/opt/gz_common_vendor/lib:/opt/ros/jazzy/opt/gz_math_vendor/lib:/opt/ros/jazzy/opt/gz_utils_vendor/lib:/opt/ros/jazzy/opt/gz_tools_vendor/lib:/opt/ros/jazzy/opt/gz_ogre_next_vendor/lib:/opt/ros/jazzy/opt/gz_dartsim_vendor/lib:/opt/ros/jazzy/opt/gz_cmake_vendor/lib:/opt/ros/jazzy/lib /usr/bin/cmake /home/kaisar/warehouse_robot/robot/ws/src/stage_ros2 -DAMENT_CMAKE_SYMLINK_INSTALL=1 -DCMAKE_INSTALL_PREFIX=/home/kaisar/warehouse_robot/robot/install/stage_ros2
[1.642s] Invoking command in '/home/kaisar/warehouse_robot/robot/build/stage_ros2': CMAKE_PREFIX_PATH=/opt/ros/jazzy:/home/kaisar/warehouse_robot/robot/install/stage:/home/kaisar/warehouse_robot/robot/install/robot_msgs:/home/kaisar/warehouse_robot/robot/install/trp1_description:/home/kaisar/warehouse_robot/robot/install/stage_ros2:/home/kaisar/warehouse_robot/robot/install/nav2:/opt/ros/jazzy/opt/gz_sim_vendor:/opt/ros/jazzy/opt/gz_sensors_vendor:/opt/ros/jazzy/opt/gz_physics_vendor:/opt/ros/jazzy/opt/sdformat_vendor:/opt/ros/jazzy/opt/gz_gui_vendor:/opt/ros/jazzy/opt/gz_transport_vendor:/opt/ros/jazzy/opt/gz_rendering_vendor:/opt/ros/jazzy/opt/gz_plugin_vendor:/opt/ros/jazzy/opt/gz_fuel_tools_vendor:/opt/ros/jazzy/opt/gz_msgs_vendor:/opt/ros/jazzy/opt/gz_common_vendor:/opt/ros/jazzy/opt/gz_math_vendor:/opt/ros/jazzy/opt/gz_utils_vendor:/opt/ros/jazzy/opt/gz_tools_vendor:/opt/ros/jazzy/opt/gz_ogre_next_vendor:/opt/ros/jazzy/opt/gz_dartsim_vendor:/opt/ros/jazzy/opt/gz_cmake_vendor DEBUGINFOD_URLS=https://debuginfod.ubuntu.com LD_LIBRARY_PATH=/home/kaisar/warehouse_robot/robot/install/stage/lib:/home/kaisar/warehouse_robot/robot/install/robot_msgs/lib:/home/kaisar/warehouse_robot/robot/install/stage_ros2/lib:/opt/ros/jazzy/opt/gz_sim_vendor/lib:/opt/ros/jazzy/opt/gz_sensors_vendor/lib:/opt/ros/jazzy/opt/gz_physics_vendor/lib:/opt/ros/jazzy/opt/sdformat_vendor/lib:/opt/ros/jazzy/opt/rviz_ogre_vendor/lib:/opt/ros/jazzy/lib/x86_64-linux-gnu:/opt/ros/jazzy/opt/gz_gui_vendor/lib:/opt/ros/jazzy/opt/gz_transport_vendor/lib:/opt/ros/jazzy/opt/gz_rendering_vendor/lib:/opt/ros/jazzy/opt/gz_plugin_vendor/lib:/opt/ros/jazzy/opt/gz_fuel_tools_vendor/lib:/opt/ros/jazzy/opt/gz_msgs_vendor/lib:/opt/ros/jazzy/opt/gz_common_vendor/lib:/opt/ros/jazzy/opt/gz_math_vendor/lib:/opt/ros/jazzy/opt/gz_utils_vendor/lib:/opt/ros/jazzy/opt/gz_tools_vendor/lib:/opt/ros/jazzy/opt/gz_ogre_next_vendor/lib:/opt/ros/jazzy/opt/gz_dartsim_vendor/lib:/opt/ros/jazzy/opt/gz_cmake_vendor/lib:/opt/ros/jazzy/lib /usr/bin/cmake --build /home/kaisar/warehouse_robot/robot/build/stage_ros2 -- -j12 -l12
[1.672s] -- Found ament_cmake: 2.5.6 (/opt/ros/jazzy/share/ament_cmake/cmake)
[1.887s] -- Override CMake install command with custom implementation using symlinks instead of copying resources
[1.894s] -- Found rclcpp: 28.1.18 (/opt/ros/jazzy/share/rclcpp/cmake)
[1.923s] -- Found rosidl_generator_c: 4.6.7 (/opt/ros/jazzy/share/rosidl_generator_c/cmake)
[1.932s] -- Found rosidl_generator_cpp: 4.6.7 (/opt/ros/jazzy/share/rosidl_generator_cpp/cmake)
[1.943s] -- Using all available rosidl_typesupport_c: rosidl_typesupport_fastrtps_c;rosidl_typesupport_introspection_c
[1.957s] -- Using all available rosidl_typesupport_cpp: rosidl_typesupport_fastrtps_cpp;rosidl_typesupport_introspection_cpp
[2.018s] -- Found rmw_implementation_cmake: 7.3.3 (/opt/ros/jazzy/share/rmw_implementation_cmake/cmake)
[2.020s] -- Found rmw_fastrtps_cpp: 8.4.3 (/opt/ros/jazzy/share/rmw_fastrtps_cpp/cmake)
[2.089s] -- Using RMW implementation 'rmw_fastrtps_cpp' as default
[2.154s] -- Found rclcpp_components: 28.1.18 (/opt/ros/jazzy/share/rclcpp_components/cmake)
[2.181s] -- Found sensor_msgs: 5.3.7 (/opt/ros/jazzy/share/sensor_msgs/cmake)
[2.238s] -- Found nav_msgs: 5.3.7 (/opt/ros/jazzy/share/nav_msgs/cmake)
[2.265s] -- Found tf2_ros: 0.36.20 (/opt/ros/jazzy/share/tf2_ros/cmake)
[2.350s] -- Found tf2_geometry_msgs: 0.36.20 (/opt/ros/jazzy/share/tf2_geometry_msgs/cmake)
[2.354s] -- Found eigen3_cmake_module: 0.3.0 (/opt/ros/jazzy/share/eigen3_cmake_module/cmake)
[2.355s] -- Ensuring Eigen3 include directory is part of orocos-kdl CMake target
[2.357s] -- Found std_srvs: 5.3.7 (/opt/ros/jazzy/share/std_srvs/cmake)
[2.379s] -- Found ament_lint_auto: 0.17.5 (/opt/ros/jazzy/share/ament_lint_auto/cmake)
[2.478s] -- Added test 'cppcheck' to perform static code analysis on C / C++ code
[2.479s] -- Configured cppcheck include dirs: /home/kaisar/warehouse_robot/robot/ws/src/stage_ros2/./include;$<BUILD_INTERFACE:/home/kaisar/warehouse_robot/robot/ws/src/stage_ros2/include>
[2.479s] -- Configured cppcheck exclude dirs and/or files: 
[2.479s] -- Added test 'flake8' to check Python code syntax and style conventions
[2.480s] -- Configured 'flake8' exclude dirs and/or files: 
[2.481s] -- Added test 'lint_cmake' to check CMake code style
[2.482s] -- Added test 'pep257' to check Python code against some of the docstring style conventions in PEP 257
[2.486s] -- Added test 'uncrustify' to check C / C++ code style
[2.486s] -- Configured uncrustify additional arguments: 
[2.487s] -- Added test 'xmllint' to check XML markup files
[2.491s] -- Added test 'clang_format' to check C / C++ code style
[2.492s] -- Added test 'pycodestyle' to check Python code against some of the style conventions in PEP 8
[2.493s] -- Configuring done (0.8s)
[2.518s] -- Generating done (0.0s)
[2.525s] -- Build files have been written to: /home/kaisar/warehouse_robot/robot/build/stage_ros2
[2.563s] gmake[2]: Warning: File '/home/kaisar/warehouse_robot/robot/ws/src/stage_ros2/src/camera.cpp' has modification time 587 s in the future
[2.573s] [ 28%] [32mBuilding CXX object CMakeFiles/stage_node.dir/src/ranger.cpp.o[0m
[2.573s] [ 28%] [32mBuilding CXX object CMakeFiles/stage_node.dir/src/camera.cpp.o[0m
[2.574s] [ 57%] [32mBuilding CXX object CMakeFiles/stage_node.dir/src/vehicle.cpp.o[0m
[2.575s] [ 57%] [32mBuilding CXX object CMakeFiles/stage_node.dir/src/stage_node.cpp.o[0m
[14.426s] [ 71%] [32m[1mLinking CXX shared library libstage_node.so[0m
[15.374s] gmake[2]: warning:  Clock skew detected.  Your build may be incomplete.
[15.384s] [ 71%] Built target stage_node
[15.410s] [ 85%] [32mBuilding CXX object CMakeFiles/stage_ros2.dir/src/main.cpp.o[0m
[20.357s] [100%] [32m[1mLinking CXX executable stage_ros2[0m
[21.077s] [100%] Built target stage_ros2
[21.092s] Invoked command in '/home/kaisar/warehouse_robot/robot/build/stage_ros2' returned '0': CMAKE_PREFIX_PATH=/opt/ros/jazzy:/home/kaisar/warehouse_robot/robot/install/stage:/home/kaisar/warehouse_robot/robot/install/robot_msgs:/home/kaisar/warehouse_robot/robot/install/trp1_description:/home/kaisar/warehouse_robot/robot/install/stage_ros2:/home/kaisar/warehouse_robot/robot/install/nav2:/opt/ros/jazzy/opt/gz_sim_vendor:/opt/ros/jazzy/opt/gz_sensors_vendor:/opt/ros/jazzy/opt/gz_physics_vendor:/opt/ros/jazzy/opt/sdformat_vendor:/opt/ros/jazzy/opt/gz_gui_vendor:/opt/ros/jazzy/opt/gz_transport_vendor:/opt/ros/jazzy/opt/gz_rendering_vendor:/opt/ros/jazzy/opt/gz_plugin_vendor:/opt/ros/jazzy/opt/gz_fuel_tools_vendor:/opt/ros/jazzy/opt/gz_msgs_vendor:/opt/ros/jazzy/opt/gz_common_vendor:/opt/ros/jazzy/opt/gz_math_vendor:/opt/ros/jazzy/opt/gz_utils_vendor:/opt/ros/jazzy/opt/gz_tools_vendor:/opt/ros/jazzy/opt/gz_ogre_next_vendor:/opt/ros/jazzy/opt/gz_dartsim_vendor:/opt/ros/jazzy/opt/gz_cmake_vendor DEBUGINFOD_URLS=https://debuginfod.ubuntu.com LD_LIBRARY_PATH=/home/kaisar/warehouse_robot/robot/install/stage/lib:/home/kaisar/warehouse_robot/robot/install/robot_msgs/lib:/home/kaisar/warehouse_robot/robot/install/stage_ros2/lib:/opt/ros/jazzy/opt/gz_sim_vendor/lib:/opt/ros/jazzy/opt/gz_sensors_vendor/lib:/opt/ros/jazzy/opt/gz_physics_vendor/lib:/opt/ros/jazzy/opt/sdformat_vendor/lib:/opt/ros/jazzy/opt/rviz_ogre_vendor/lib:/opt/ros/jazzy/lib/x86_64-linux-gnu:/opt/ros/jazzy/opt/gz_gui_vendor/lib:/opt/ros/jazzy/opt/gz_transport_vendor/lib:/opt/ros/jazzy/opt/gz_rendering_vendor/lib:/opt/ros/jazzy/opt/gz_plugin_vendor/lib:/opt/ros/jazzy/opt/gz_fuel_tools_vendor/lib:/opt/ros/jazzy/opt/gz_msgs_vendor/lib:/opt/ros/jazzy/opt/gz_common_vendor/lib:/opt/ros/jazzy/opt/gz_math_vendor/lib:/opt/ros/jazzy/opt/gz_utils_vendor/lib:/opt/ros/jazzy/opt/gz_tools_vendor/lib:/opt/ros/jazzy/opt/gz_ogre_next_vendor/lib:/opt/ros/jazzy/opt/gz_dartsim_vendor/lib:/opt/ros/jazzy/opt/gz_cmake_vendor/lib:/opt/ros/jazzy/lib /usr/bin/cmake --build /home/kaisar/warehouse_robot/robot/build/stage_ros2 -- -j12 -l12
[21.093s] Invoking command in '/home/kaisar/warehouse_robot/robot/build/stage_ros2': CMAKE_PREFIX_PATH=/opt/ros/jazzy:/home/kaisar/warehouse_robot/robot/install/stage:/home/kaisar/warehouse_robot/robot/install/robot_msgs:/home/kaisar/warehouse_robot/robot/install/trp1_description:/home/kaisar/warehouse_robot/robot/install/stage_ros2:/home/kaisar/warehouse_robot/robot/install/nav2:/opt/ros/jazzy/opt/gz_sim_vendor:/opt/ros/jazzy/opt/gz_sensors_vendor:/opt/ros/jazzy/opt/gz_physics_vendor:/opt/ros/jazzy/opt/sdformat_vendor:/opt/ros/jazzy/opt/gz_gui_vendor:/opt/ros/jazzy/opt/gz_transport_vendor:/opt/ros/jazzy/opt/gz_rendering_vendor:/opt/ros/jazzy/opt/gz_plugin_vendor:/opt/ros/jazzy/opt/gz_fuel_tools_vendor:/opt/ros/jazzy/opt/gz_msgs_vendor:/opt/ros/jazzy/opt/gz_common_vendor:/opt/ros/jazzy/opt/gz_math_vendor:/opt/ros/jazzy/opt/gz_utils_vendor:/opt/ros/jazzy/opt/gz_tools_vendor:/opt/ros/jazzy/opt/gz_ogre_next_vendor:/opt/ros/jazzy/opt/gz_dartsim_vendor:/opt/ros/jazzy/opt/gz_cmake_vendor DEBUGINFOD_URLS=https://debuginfod.ubuntu.com LD_LIBRARY_PATH=/home/kaisar/warehouse_robot/robot/install/stage/lib:/home/kaisar/warehouse_robot/robot/install/robot_msgs/lib:/home/kaisar/warehouse_robot/robot/install/stage_ros2/lib:/opt/ros/jazzy/opt/gz_sim_vendor/lib:/opt/ros/jazzy/opt/gz_sensors_vendor/lib:/opt/ros/jazzy/opt/gz_physics_vendor/lib:/opt/ros/jazzy/opt/sdformat_vendor/lib:/opt/ros/jazzy/opt/rviz_ogre_vendor/lib:/opt/ros/jazzy/lib/x86_64-linux-gnu:/opt/ros/jazzy/opt/gz_gui_vendor/lib:/opt/ros/jazzy/opt/gz_transport_vendor/lib:/opt/ros/jazzy/opt/gz_rendering_vendor/lib:/opt/ros/jazzy/opt/gz_plugin_vendor/lib:/opt/ros/jazzy/opt/gz_fuel_tools_vendor/lib:/opt/ros/jazzy/opt/gz_msgs_vendor/lib:/opt/ros/jazzy/opt/gz_common_vendor/lib:/opt/ros/jazzy/opt/gz_math_vendor/lib:/opt/ros/jazzy/opt/gz_utils_vendor/lib:/opt/ros/jazzy/opt/gz_tools_vendor/lib:/opt/ros/jazzy/opt/gz_ogre_next_vendor/lib:/opt/ros/jazzy/opt/gz_dartsim_vendor/lib:/opt/ros/jazzy/opt/gz_cmake_vendor/lib:/opt/ros/jazzy/lib /usr/bin/cmake --install /home/kaisar/warehouse_robot/robot/build/stage_ros2
[21.102s] -- Install configuration: ""
[21.103s] -- Execute custom install script
[21.103s] -- Symlinking: /home/kaisar/warehouse_robot/robot/install/stage_ros2/share/stage_ros2/environment/library_path.sh
[21.114s] -- Symlinking: /home/kaisar/warehouse_robot/robot/install/stage_ros2/share/stage_ros2/environment/library_path.dsv
[21.125s] -- Symlinking: /home/kaisar/warehouse_robot/robot/install/stage_ros2/share/stage_ros2//launch/__pycache__/stage.launch.cpython-312.pyc
[21.136s] -- Symlinking: /home/kaisar/warehouse_robot/robot/install/stage_ros2/share/stage_ros2//launch/demo.launch.py
[21.147s] -- Symlinking: /home/kaisar/warehouse_robot/robot/install/stage_ros2/share/stage_ros2//launch/f710.launch.py
[21.158s] -- Symlinking: /home/kaisar/warehouse_robot/robot/install/stage_ros2/share/stage_ros2//launch/rviz.launch.py
[21.169s] -- Symlinking: /home/kaisar/warehouse_robot/robot/install/stage_ros2/share/stage_ros2//launch/rviz_ns.launch.py
[21.180s] -- Symlinking: /home/kaisar/warehouse_robot/robot/install/stage_ros2/share/stage_ros2//launch/stage.launch.py
[21.192s] -- Symlinking: /home/kaisar/warehouse_robot/robot/install/stage_ros2/share/stage_ros2//world/22.05.26_smap.world
[21.203s] -- Symlinking: /home/kaisar/warehouse_robot/robot/install/stage_ros2/share/stage_ros2//world/bitmaps/22.05.26_smap.pgm
[21.214s] -- Symlinking: /home/kaisar/warehouse_robot/robot/install/stage_ros2/share/stage_ros2//world/bitmaps/cave.png
[21.225s] -- Symlinking: /home/kaisar/warehouse_robot/robot/install/stage_ros2/share/stage_ros2//world/bitmaps/hallway.pgm
[21.235s] -- Symlinking: /home/kaisar/warehouse_robot/robot/install/stage_ros2/share/stage_ros2//world/bitmaps/hallway.png
[21.246s] -- Symlinking: /home/kaisar/warehouse_robot/robot/install/stage_ros2/share/stage_ros2//world/bitmaps/id19_map.pgm
[21.257s] -- Symlinking: /home/kaisar/warehouse_robot/robot/install/stage_ros2/share/stage_ros2//world/bitmaps/line.png
[21.268s] -- Symlinking: /home/kaisar/warehouse_robot/robot/install/stage_ros2/share/stage_ros2//world/bitmaps/straden.png
[21.279s] -- Symlinking: /home/kaisar/warehouse_robot/robot/install/stage_ros2/share/stage_ros2//world/bitmaps/us_office.pgm
[21.291s] -- Symlinking: /home/kaisar/warehouse_robot/robot/install/stage_ros2/share/stage_ros2//world/bitmaps/warehouse008.pgm
[21.302s] -- Symlinking: /home/kaisar/warehouse_robot/robot/install/stage_ros2/share/stage_ros2//world/bitmaps/warehouse032.pgm
[21.313s] -- Symlinking: /home/kaisar/warehouse_robot/robot/install/stage_ros2/share/stage_ros2//world/bitmaps/warehouse200.pgm
[21.324s] -- Symlinking: /home/kaisar/warehouse_robot/robot/install/stage_ros2/share/stage_ros2//world/bitmaps/willow-full.pgm
[21.334s] -- Symlinking: /home/kaisar/warehouse_robot/robot/install/stage_ros2/share/stage_ros2//world/cave.world
[21.345s] -- Symlinking: /home/kaisar/warehouse_robot/robot/install/stage_ros2/share/stage_ros2//world/cave_multi.world
[21.356s] -- Symlinking: /home/kaisar/warehouse_robot/robot/install/stage_ros2/share/stage_ros2//world/cave_seven_robots.world
[21.367s] -- Symlinking: /home/kaisar/warehouse_robot/robot/install/stage_ros2/share/stage_ros2//world/cave_three_robots.world
[21.378s] -- Symlinking: /home/kaisar/warehouse_robot/robot/install/stage_ros2/share/stage_ros2//world/hallway.world
[21.390s] -- Symlinking: /home/kaisar/warehouse_robot/robot/install/stage_ros2/share/stage_ros2//world/id19_map.world
[21.402s] -- Symlinking: /home/kaisar/warehouse_robot/robot/install/stage_ros2/share/stage_ros2//world/include/pioneer2dx.inc
[21.413s] -- Symlinking: /home/kaisar/warehouse_robot/robot/install/stage_ros2/share/stage_ros2//world/include/robots.inc
[21.425s] -- Symlinking: /home/kaisar/warehouse_robot/robot/install/stage_ros2/share/stage_ros2//world/include/trp1.inc
[21.436s] -- Symlinking: /home/kaisar/warehouse_robot/robot/install/stage_ros2/share/stage_ros2//world/lines.world
[21.447s] -- Symlinking: /home/kaisar/warehouse_robot/robot/install/stage_ros2/share/stage_ros2//world/straden.world
[21.458s] -- Symlinking: /home/kaisar/warehouse_robot/robot/install/stage_ros2/share/stage_ros2//world/trp1.inc
[21.469s] -- Symlinking: /home/kaisar/warehouse_robot/robot/install/stage_ros2/share/stage_ros2//world/us_office.world
[21.480s] -- Symlinking: /home/kaisar/warehouse_robot/robot/install/stage_ros2/share/stage_ros2//world/willow-four-erratics-multisensor.world
[21.493s] -- Symlinking: /home/kaisar/warehouse_robot/robot/install/stage_ros2/share/stage_ros2//config/rviz/cave.rviz
[21.504s] -- Symlinking: /home/kaisar/warehouse_robot/robot/install/stage_ros2/share/stage_ros2//config/rviz/cave_seven_robots.rviz
[21.515s] -- Symlinking: /home/kaisar/warehouse_robot/robot/install/stage_ros2/share/stage_ros2//config/rviz/cave_three_robots.rviz
[21.533s] -- Symlinking: /home/kaisar/warehouse_robot/robot/install/stage_ros2/share/stage_ros2//config/rviz/lines.rviz
[21.544s] -- Symlinking: /home/kaisar/warehouse_robot/robot/install/stage_ros2/share/stage_ros2//config/rviz/robot0.rviz
[21.555s] -- Symlinking: /home/kaisar/warehouse_robot/robot/install/stage_ros2/share/stage_ros2//config/rviz/robot_ns.rviz
[21.566s] -- Symlinking: /home/kaisar/warehouse_robot/robot/install/stage_ros2/share/stage_ros2//config/rviz/robot_ns_depth.rviz
[21.577s] -- Symlinking: /home/kaisar/warehouse_robot/robot/install/stage_ros2/share/stage_ros2//config/teleop_twist_joy/f710.config.yaml
[21.588s] -- Symlinking: /home/kaisar/warehouse_robot/robot/install/stage_ros2/lib/libstage_node.so
[21.601s] -- Symlinking: /home/kaisar/warehouse_robot/robot/install/stage_ros2/lib/stage_ros2/stage_ros2
[21.613s] -- Symlinking: /home/kaisar/warehouse_robot/robot/install/stage_ros2/share/ament_index/resource_index/package_run_dependencies/stage_ros2
[21.624s] -- Symlinking: /home/kaisar/warehouse_robot/robot/install/stage_ros2/share/ament_index/resource_index/parent_prefix_path/stage_ros2
[21.635s] -- Symlinking: /home/kaisar/warehouse_robot/robot/install/stage_ros2/share/stage_ros2/environment/ament_prefix_path.sh
[21.646s] -- Symlinking: /home/kaisar/warehouse_robot/robot/install/stage_ros2/share/stage_ros2/environment/ament_prefix_path.dsv
[21.658s] -- Symlinking: /home/kaisar/warehouse_robot/robot/install/stage_ros2/share/stage_ros2/environment/path.sh
[21.669s] -- Symlinking: /home/kaisar/warehouse_robot/robot/install/stage_ros2/share/stage_ros2/environment/path.dsv
[21.681s] -- Symlinking: /home/kaisar/warehouse_robot/robot/install/stage_ros2/share/stage_ros2/local_setup.bash
[21.693s] -- Symlinking: /home/kaisar/warehouse_robot/robot/install/stage_ros2/share/stage_ros2/local_setup.sh
[21.704s] -- Symlinking: /home/kaisar/warehouse_robot/robot/install/stage_ros2/share/stage_ros2/local_setup.zsh
[21.715s] -- Symlinking: /home/kaisar/warehouse_robot/robot/install/stage_ros2/share/stage_ros2/local_setup.dsv
[21.726s] -- Symlinking: /home/kaisar/warehouse_robot/robot/install/stage_ros2/share/stage_ros2/package.dsv
[21.737s] -- Symlinking: /home/kaisar/warehouse_robot/robot/install/stage_ros2/share/ament_index/resource_index/packages/stage_ros2
[21.749s] -- Symlinking: /home/kaisar/warehouse_robot/robot/install/stage_ros2/share/stage_ros2/cmake/stage_ros2Config.cmake
[21.760s] -- Symlinking: /home/kaisar/warehouse_robot/robot/install/stage_ros2/share/stage_ros2/cmake/stage_ros2Config-version.cmake
[21.771s] -- Symlinking: /home/kaisar/warehouse_robot/robot/install/stage_ros2/share/stage_ros2/package.xml
[21.786s] Invoked command in '/home/kaisar/warehouse_robot/robot/build/stage_ros2' returned '0': CMAKE_PREFIX_PATH=/opt/ros/jazzy:/home/kaisar/warehouse_robot/robot/install/stage:/home/kaisar/warehouse_robot/robot/install/robot_msgs:/home/kaisar/warehouse_robot/robot/install/trp1_description:/home/kaisar/warehouse_robot/robot/install/stage_ros2:/home/kaisar/warehouse_robot/robot/install/nav2:/opt/ros/jazzy/opt/gz_sim_vendor:/opt/ros/jazzy/opt/gz_sensors_vendor:/opt/ros/jazzy/opt/gz_physics_vendor:/opt/ros/jazzy/opt/sdformat_vendor:/opt/ros/jazzy/opt/gz_gui_vendor:/opt/ros/jazzy/opt/gz_transport_vendor:/opt/ros/jazzy/opt/gz_rendering_vendor:/opt/ros/jazzy/opt/gz_plugin_vendor:/opt/ros/jazzy/opt/gz_fuel_tools_vendor:/opt/ros/jazzy/opt/gz_msgs_vendor:/opt/ros/jazzy/opt/gz_common_vendor:/opt/ros/jazzy/opt/gz_math_vendor:/opt/ros/jazzy/opt/gz_utils_vendor:/opt/ros/jazzy/opt/gz_tools_vendor:/opt/ros/jazzy/opt/gz_ogre_next_vendor:/opt/ros/jazzy/opt/gz_dartsim_vendor:/opt/ros/jazzy/opt/gz_cmake_vendor DEBUGINFOD_URLS=https://debuginfod.ubuntu.com LD_LIBRARY_PATH=/home/kaisar/warehouse_robot/robot/install/stage/lib:/home/kaisar/warehouse_robot/robot/install/robot_msgs/lib:/home/kaisar/warehouse_robot/robot/install/stage_ros2/lib:/opt/ros/jazzy/opt/gz_sim_vendor/lib:/opt/ros/jazzy/opt/gz_sensors_vendor/lib:/opt/ros/jazzy/opt/gz_physics_vendor/lib:/opt/ros/jazzy/opt/sdformat_vendor/lib:/opt/ros/jazzy/opt/rviz_ogre_vendor/lib:/opt/ros/jazzy/lib/x86_64-linux-gnu:/opt/ros/jazzy/opt/gz_gui_vendor/lib:/opt/ros/jazzy/opt/gz_transport_vendor/lib:/opt/ros/jazzy/opt/gz_rendering_vendor/lib:/opt/ros/jazzy/opt/gz_plugin_vendor/lib:/opt/ros/jazzy/opt/gz_fuel_tools_vendor/lib:/opt/ros/jazzy/opt/gz_msgs_vendor/lib:/opt/ros/jazzy/opt/gz_common_vendor/lib:/opt/ros/jazzy/opt/gz_math_vendor/lib:/opt/ros/jazzy/opt/gz_utils_vendor/lib:/opt/ros/jazzy/opt/gz_tools_vendor/lib:/opt/ros/jazzy/opt/gz_ogre_next_vendor/lib:/opt/ros/jazzy/opt/gz_dartsim_vendor/lib:/opt/ros/jazzy/opt/gz_cmake_vendor/lib:/opt/ros/jazzy/lib /usr/bin/cmake --install /home/kaisar/warehouse_robot/robot/build/stage_ros2
