[1.812s] Invoking command in '/home/kaisar/warehouse_robot/robot/ws/src/robot_map_manager': AMENT_PREFIX_PATH=/home/kaisar/warehouse_robot/robot/install/robot_planner:/home/kaisar/warehouse_robot/robot/install/robot_msgs:${AMENT_PREFIX_PATH} CMAKE_PREFIX_PATH=/home/kaisar/warehouse_robot/robot/install/robot_msgs:${CMAKE_PREFIX_PATH} DEBUGINFOD_URLS=https://debuginfod.ubuntu.com LD_LIBRARY_PATH=/home/kaisar/warehouse_robot/robot/install/robot_msgs/lib:${LD_LIBRARY_PATH} PYTHONPATH=/home/kaisar/warehouse_robot/robot/build/robot_map_manager/prefix_override:/usr/lib/python3/dist-packages/colcon_core/task/python/colcon_distutils_commands:/home/kaisar/warehouse_robot/robot/install/robot_map_manager/lib/python3.12/site-packages:/home/kaisar/warehouse_robot/robot/install/robot_planner/lib/python3.12/site-packages:/home/kaisar/warehouse_robot/robot/install/robot_msgs/lib/python3.12/site-packages:${PYTHONPATH} /usr/bin/python3 -W ignore:setup.py install is deprecated -W ignore:easy_install command is deprecated setup.py egg_info --egg-base ../../../build/robot_map_manager build --build-base /home/kaisar/warehouse_robot/robot/build/robot_map_manager/build install --record /home/kaisar/warehouse_robot/robot/build/robot_map_manager/install.log --single-version-externally-managed install_data
[2.210s] running egg_info
[2.210s] creating ../../../build/robot_map_manager/robot_map_manager.egg-info
[2.242s] writing ../../../build/robot_map_manager/robot_map_manager.egg-info/PKG-INFO
[2.242s] writing dependency_links to ../../../build/robot_map_manager/robot_map_manager.egg-info/dependency_links.txt
[2.243s] writing entry points to ../../../build/robot_map_manager/robot_map_manager.egg-info/entry_points.txt
[2.243s] writing requirements to ../../../build/robot_map_manager/robot_map_manager.egg-info/requires.txt
[2.243s] writing top-level names to ../../../build/robot_map_manager/robot_map_manager.egg-info/top_level.txt
[2.243s] writing manifest file '../../../build/robot_map_manager/robot_map_manager.egg-info/SOURCES.txt'
[2.308s] reading manifest file '../../../build/robot_map_manager/robot_map_manager.egg-info/SOURCES.txt'
[2.309s] writing manifest file '../../../build/robot_map_manager/robot_map_manager.egg-info/SOURCES.txt'
[2.309s] running build
[2.310s] running build_py
[2.310s] creating /home/kaisar/warehouse_robot/robot/build/robot_map_manager/build
[2.311s] creating /home/kaisar/warehouse_robot/robot/build/robot_map_manager/build/lib
[2.311s] creating /home/kaisar/warehouse_robot/robot/build/robot_map_manager/build/lib/robot_map_manager
[2.311s] copying robot_map_manager/node.py -> /home/kaisar/warehouse_robot/robot/build/robot_map_manager/build/lib/robot_map_manager
[2.311s] copying robot_map_manager/__init__.py -> /home/kaisar/warehouse_robot/robot/build/robot_map_manager/build/lib/robot_map_manager
[2.311s] running install
[2.317s] running install_lib
[2.349s] creating /home/kaisar/warehouse_robot/robot/install/robot_map_manager/lib/python3.12/site-packages/robot_map_manager
[2.349s] copying /home/kaisar/warehouse_robot/robot/build/robot_map_manager/build/lib/robot_map_manager/node.py -> /home/kaisar/warehouse_robot/robot/install/robot_map_manager/lib/python3.12/site-packages/robot_map_manager
[2.349s] copying /home/kaisar/warehouse_robot/robot/build/robot_map_manager/build/lib/robot_map_manager/__init__.py -> /home/kaisar/warehouse_robot/robot/install/robot_map_manager/lib/python3.12/site-packages/robot_map_manager
[2.350s] byte-compiling /home/kaisar/warehouse_robot/robot/install/robot_map_manager/lib/python3.12/site-packages/robot_map_manager/node.py to node.cpython-312.pyc
[2.352s] byte-compiling /home/kaisar/warehouse_robot/robot/install/robot_map_manager/lib/python3.12/site-packages/robot_map_manager/__init__.py to __init__.cpython-312.pyc
[2.352s] running install_data
[2.353s] creating /home/kaisar/warehouse_robot/robot/install/robot_map_manager/share/ament_index
[2.353s] creating /home/kaisar/warehouse_robot/robot/install/robot_map_manager/share/ament_index/resource_index
[2.353s] creating /home/kaisar/warehouse_robot/robot/install/robot_map_manager/share/ament_index/resource_index/packages
[2.353s] copying resource/robot_map_manager -> /home/kaisar/warehouse_robot/robot/install/robot_map_manager/share/ament_index/resource_index/packages
[2.354s] copying package.xml -> /home/kaisar/warehouse_robot/robot/install/robot_map_manager/share/robot_map_manager
[2.354s] running install_egg_info
[2.386s] Copying ../../../build/robot_map_manager/robot_map_manager.egg-info to /home/kaisar/warehouse_robot/robot/install/robot_map_manager/lib/python3.12/site-packages/robot_map_manager-0.0.0-py3.12.egg-info
[2.387s] running install_scripts
[2.604s] Installing map_manager_node script to /home/kaisar/warehouse_robot/robot/install/robot_map_manager/lib/robot_map_manager
[2.604s] writing list of installed files to '/home/kaisar/warehouse_robot/robot/build/robot_map_manager/install.log'
[2.665s] Invoked command in '/home/kaisar/warehouse_robot/robot/ws/src/robot_map_manager' returned '0': AMENT_PREFIX_PATH=/home/kaisar/warehouse_robot/robot/install/robot_planner:/home/kaisar/warehouse_robot/robot/install/robot_msgs:${AMENT_PREFIX_PATH} CMAKE_PREFIX_PATH=/home/kaisar/warehouse_robot/robot/install/robot_msgs:${CMAKE_PREFIX_PATH} DEBUGINFOD_URLS=https://debuginfod.ubuntu.com LD_LIBRARY_PATH=/home/kaisar/warehouse_robot/robot/install/robot_msgs/lib:${LD_LIBRARY_PATH} PYTHONPATH=/home/kaisar/warehouse_robot/robot/build/robot_map_manager/prefix_override:/usr/lib/python3/dist-packages/colcon_core/task/python/colcon_distutils_commands:/home/kaisar/warehouse_robot/robot/install/robot_map_manager/lib/python3.12/site-packages:/home/kaisar/warehouse_robot/robot/install/robot_planner/lib/python3.12/site-packages:/home/kaisar/warehouse_robot/robot/install/robot_msgs/lib/python3.12/site-packages:${PYTHONPATH} /usr/bin/python3 -W ignore:setup.py install is deprecated -W ignore:easy_install command is deprecated setup.py egg_info --egg-base ../../../build/robot_map_manager build --build-base /home/kaisar/warehouse_robot/robot/build/robot_map_manager/build install --record /home/kaisar/warehouse_robot/robot/build/robot_map_manager/install.log --single-version-externally-managed install_data
